 duidemo_d

 Timestamp is 5a2a0b20 (Fri Dec  8 11:46:40 2017)

 Preferred load address is 00400000

 Start         Length     Name                   Class
 0001:00000000 00004080H .text$di                CODE
 0001:00004080 000238e0H .text$mn                CODE
 0001:00027960 00003040H .text$x                 CODE
 0001:0002a9a0 000010c0H .text$yd                CODE
 0002:00000000 00000104H .CRT$XCA                DATA
 0002:00000104 00000104H .CRT$XCAA               DATA
 0002:00000208 00000114H .CRT$XCU                DATA
 0002:0000031c 00000104H .CRT$XCZ                DATA
 0002:00000420 00000104H .CRT$XIA                DATA
 0002:00000524 00000104H .CRT$XIAA               DATA
 0002:00000628 00000104H .CRT$XIAC               DATA
 0002:0000072c 00000104H .CRT$XIZ                DATA
 0002:00000830 00000104H .CRT$XPA                DATA
 0002:00000934 00000104H .CRT$XPZ                DATA
 0002:00000a38 00000104H .CRT$XTA                DATA
 0002:00000b3c 00000104H .CRT$XTZ                DATA
 0002:00000c40 00006e60H .rdata                  DATA
 0002:00007aa0 00001560H .rdata$r                DATA
 0002:00009000 00000304H .rdata$sxdata           DATA
 0002:00009304 00000174H .rdata$zzzdbg           DATA
 0002:00009478 00000104H .rtc$IAA                DATA
 0002:0000957c 00000130H .rtc$IMZ                DATA
 0002:000096ac 00000104H .rtc$IZZ                DATA
 0002:000097b0 00000104H .rtc$TAA                DATA
 0002:000098b4 00000130H .rtc$TMZ                DATA
 0002:000099e4 00000104H .rtc$TZZ                DATA
 0002:00009ae8 00001fbeH .xdata$x                DATA
 0002:0000baa6 00000000H .edata                  DATA
 0003:00000000 0000019cH .data                   DATA
 0003:0000019c 000008d4H .data$r                 DATA
 0003:00000a70 00001344H .bss                    DATA
 0004:00000000 00000c14H .idata$5                DATA
 0004:00000c14 000000c8H .idata$2                DATA
 0004:00000cdc 00000014H .idata$3                DATA
 0004:00000cf0 00000c14H .idata$4                DATA
 0004:00001904 000064efH .idata$6                DATA
 0005:00000000 00000104H .00cfg                  DATA
 0006:00000000 00000410H .rsrc$01                DATA
 0006:00000410 00349300H .rsrc$02                DATA

  Address         Publics by Value              Rva+Base       Lib:Object

 0000:00000000       ___hybrid_code_map         00000000     <absolute>
 0000:00000000       ___guard_iat_table         00000000     <absolute>
 0000:00000000       ___guard_iat_count         00000000     <absolute>
 0000:00000000       ___guard_fids_table        00000000     <absolute>
 0000:00000000       ___guard_fids_count        00000000     <absolute>
 0000:00000000       ___guard_longjmp_table     00000000     <absolute>
 0000:00000000       ___guard_longjmp_count     00000000     <absolute>
 0000:00000000       ___hybrid_auxiliary_iat    00000000     <absolute>
 0000:00000000       ___dynamic_value_reloc_table 00000000     <absolute>
 0000:00000000       ___hybrid_code_map_count   00000000     <absolute>
 0000:00000000       ___enclave_config          00000000     <absolute>
 0000:0000006b       ___safe_se_handler_count   0000006b     <absolute>
 0000:00000100       ___guard_flags             00000100     <absolute>
 0000:00000000       ___ImageBase               00400000     <linker-defined>
 0001:00004080       ?CreateControl@CCircleProgressUI@@SAPAVCControlUI@DuiLib@@XZ 00405080 f   ControlEx.obj
 0001:00004120       ?CreateControl@CMyComboUI@@SAPAVCControlUI@DuiLib@@XZ 00405120 f   ControlEx.obj
 0001:000041c0       ?CreateControl@CChartViewUI@@SAPAVCControlUI@DuiLib@@XZ 004051c0 f   ControlEx.obj
 0001:00004260       ??0CChartViewUI@@QAE@XZ    00405260 f   ControlEx.obj
 0001:00004390       ??1CChartViewUI@@UAE@XZ    00405390 f   ControlEx.obj
 0001:00004410       ?Add@CChartViewUI@@QAE_NPB_WN@Z 00405410 f   ControlEx.obj
 0001:00004520       ?AddAt@CChartViewUI@@QAE_NPB_WNH@Z 00405520 f   ControlEx.obj
 0001:000046f0       ?SetAttribute@CChartViewUI@@UAEXPB_W0@Z 004056f0 f   ControlEx.obj
 0001:00004a30       ?DoPaint@CChartViewUI@@UAEXPAUHDC__@@ABUtagRECT@@@Z 00405a30 f   ControlEx.obj
 0001:00004b00       ?DoPaintPie@CChartViewUI@@UAEXPAUHDC__@@ABUtagRECT@@@Z 00405b00 f   ControlEx.obj
 0001:00005200       ?DoPaintHistogram@CChartViewUI@@UAEXPAUHDC__@@ABUtagRECT@@@Z 00406200 f   ControlEx.obj
 0001:000057c0       ?CreateControl@CWndUI@@SAPAVCControlUI@DuiLib@@XZ 004067c0 f   ControlEx.obj
 0001:00005e50       ??$?0$$V@?$_Compressed_pair@V?$allocator@UtagCHARTITEM@@@std@@V?$_Vector_val@U?$_Simple_types@UtagCHARTITEM@@@std@@@2@$00@std@@QAE@U_Zero_then_variadic_args_t@1@@Z 00406e50 f i ControlEx.obj
 0001:00005e90       ??$?0U?$integral_constant@_N$00@std@@@_Unused_parameter@std@@QAE@$$QAU?$integral_constant@_N$00@1@@Z 00406e90 f i ControlEx.obj
 0001:00005eb0       ??$?0UtagCHARTITEM@@@?$allocator@U_Container_proxy@std@@@std@@QAE@ABV?$allocator@UtagCHARTITEM@@@1@@Z 00406eb0 f i ControlEx.obj
 0001:00005ed0       ??$_Deallocate_plain@V?$allocator@U_Container_proxy@std@@@std@@$0A@@std@@YAXAAV?$allocator@U_Container_proxy@std@@@0@QAU_Container_proxy@0@@Z 00406ed0 f i ControlEx.obj
 0001:00005f00       ??$_Destroy_range1@V?$allocator@UtagCHARTITEM@@@std@@@std@@YAXPAUtagCHARTITEM@@0AAV?$allocator@UtagCHARTITEM@@@0@U?$integral_constant@_N$0A@@0@@Z 00406f00 f i ControlEx.obj
 0001:00005f50       ??$_Destroy_range@V?$allocator@UtagCHARTITEM@@@std@@@std@@YAXPAUtagCHARTITEM@@0AAV?$allocator@UtagCHARTITEM@@@0@@Z 00406f50 f i ControlEx.obj
 0001:00005f90       ??$_Emplace_back_with_unused_capacity@ABUtagCHARTITEM@@@?$vector@UtagCHARTITEM@@V?$allocator@UtagCHARTITEM@@@std@@@std@@AAEXABUtagCHARTITEM@@@Z 00406f90 f i ControlEx.obj
 0001:00006050       ??$_Min_value@I@std@@YAABIABI0@Z 00407050 f i ControlEx.obj
 0001:000060a0       ??$_Move_backward_unchecked1@PAUtagCHARTITEM@@PAU1@@std@@YAPAUtagCHARTITEM@@PAU1@00U_General_ptr_iterator_tag@0@@Z 004070a0 f i ControlEx.obj
 0001:00006100       ??$_Move_backward_unchecked@PAUtagCHARTITEM@@PAU1@@std@@YAPAUtagCHARTITEM@@PAU1@00@Z 00407100 f i ControlEx.obj
 0001:00006160       ??$_Ptr_copy_cat@UtagCHARTITEM@@U1@@std@@YA?AU_General_ptr_iterator_tag@0@ABQAUtagCHARTITEM@@0@Z 00407160 f i ControlEx.obj
 0001:00006180       ??$_Ptr_move_cat@UtagCHARTITEM@@U1@@std@@YA?AU_General_ptr_iterator_tag@0@ABQAUtagCHARTITEM@@0@Z 00407180 f i ControlEx.obj
 0001:000061a0       ??$_Rechecked@PAUtagCHARTITEM@@PAU1@@std@@YAAAPAUtagCHARTITEM@@AAPAU1@PAU1@@Z 004071a0 f i ControlEx.obj
 0001:000061c0       ??$_Unchecked@PAUtagCHARTITEM@@@std@@YAPAUtagCHARTITEM@@PAU1@@Z 004071c0 f i ControlEx.obj
 0001:000061d0       ??$_Unfancy@U_Container_proxy@std@@@std@@YAPAU_Container_proxy@0@PAU10@@Z 004071d0 f i ControlEx.obj
 0001:000061e0       ??$_Unfancy@UtagCHARTITEM@@@std@@YAPAUtagCHARTITEM@@PAU1@@Z 004071e0 f i ControlEx.obj
 0001:000061f0       ??$_Uninitialized_copy@PAUtagCHARTITEM@@PAU1@V?$allocator@UtagCHARTITEM@@@std@@@std@@YAPAUtagCHARTITEM@@PAU1@00AAV?$allocator@UtagCHARTITEM@@@0@@Z 004071f0 f i ControlEx.obj
 0001:00006320       ??$_Uninitialized_copy_al_unchecked@PAUtagCHARTITEM@@PAU1@V?$allocator@UtagCHARTITEM@@@std@@@std@@YAPAUtagCHARTITEM@@PAU1@00AAV?$allocator@UtagCHARTITEM@@@0@U_General_ptr_iterator_tag@0@U_Unused_parameter@0@@Z 00407320 f i ControlEx.obj
 0001:00006440       ??$_Uninitialized_move@PAUtagCHARTITEM@@PAU1@V?$allocator@UtagCHARTITEM@@@std@@@std@@YAPAUtagCHARTITEM@@PAU1@00AAV?$allocator@UtagCHARTITEM@@@0@@Z 00407440 f i ControlEx.obj
 0001:00006570       ??$_Uninitialized_move_al_unchecked@PAUtagCHARTITEM@@PAU1@V?$allocator@UtagCHARTITEM@@@std@@@std@@YAPAUtagCHARTITEM@@PAU1@00AAV?$allocator@UtagCHARTITEM@@@0@U_General_ptr_iterator_tag@0@U_Unused_parameter@0@@Z 00407570 f i ControlEx.obj
 0001:000066a0       ??$addressof@V?$_Vector_val@U?$_Simple_types@UtagCHARTITEM@@@std@@@std@@@std@@YAPAV?$_Vector_val@U?$_Simple_types@UtagCHARTITEM@@@std@@@0@AAV10@@Z 004076a0 f i ControlEx.obj
 0001:000066b0       ??$construct@U_Container_proxy@std@@U12@@?$_Default_allocator_traits@V?$allocator@U_Container_proxy@std@@@std@@@std@@SAXAAV?$allocator@U_Container_proxy@std@@@1@QAU_Container_proxy@1@$$QAU31@@Z 004076b0 f i ControlEx.obj
 0001:00006710       ??$construct@UtagCHARTITEM@@AAU1@@?$_Default_allocator_traits@V?$allocator@UtagCHARTITEM@@@std@@@std@@SAXAAV?$allocator@UtagCHARTITEM@@@1@QAUtagCHARTITEM@@AAU3@@Z 00407710 f i ControlEx.obj
 0001:000067c0       ??$construct@UtagCHARTITEM@@ABU1@@?$_Default_allocator_traits@V?$allocator@UtagCHARTITEM@@@std@@@std@@SAXAAV?$allocator@UtagCHARTITEM@@@1@QAUtagCHARTITEM@@ABU3@@Z 004077c0 f i ControlEx.obj
 0001:00006870       ??$construct@UtagCHARTITEM@@U1@@?$_Default_allocator_traits@V?$allocator@UtagCHARTITEM@@@std@@@std@@SAXAAV?$allocator@UtagCHARTITEM@@@1@QAUtagCHARTITEM@@$$QAU3@@Z 00407870 f i ControlEx.obj
 0001:00006920       ??$destroy@U_Container_proxy@std@@@?$_Default_allocator_traits@V?$allocator@U_Container_proxy@std@@@std@@@std@@SAXAAV?$allocator@U_Container_proxy@std@@@1@QAU_Container_proxy@1@@Z 00407920 f i ControlEx.obj
 0001:00006930       ??$destroy@UtagCHARTITEM@@@?$_Default_allocator_traits@V?$allocator@UtagCHARTITEM@@@std@@@std@@SAXAAV?$allocator@UtagCHARTITEM@@@1@QAUtagCHARTITEM@@@Z 00407930 f i ControlEx.obj
 0001:00006950       ??$emplace@ABUtagCHARTITEM@@@?$vector@UtagCHARTITEM@@V?$allocator@UtagCHARTITEM@@@std@@@std@@QAE?AV?$_Vector_iterator@V?$_Vector_val@U?$_Simple_types@UtagCHARTITEM@@@std@@@std@@@1@V?$_Vector_const_iterator@V?$_Vector_val@U?$_Simple_types@UtagCHARTITEM@@@std@@@std@@@1@ABUtagCHARTITEM@@@Z 00407950 f i ControlEx.obj
 0001:00006ee0       ??$emplace_back@ABUtagCHARTITEM@@@?$vector@UtagCHARTITEM@@V?$allocator@UtagCHARTITEM@@@std@@@std@@QAEXABUtagCHARTITEM@@@Z 00407ee0 f i ControlEx.obj
 0001:00007110       ??$forward@AAUtagCHARTITEM@@@std@@YAAAUtagCHARTITEM@@AAU1@@Z 00408110 f i ControlEx.obj
 0001:00007120       ??$forward@ABUtagCHARTITEM@@@std@@YAABUtagCHARTITEM@@ABU1@@Z 00408120 f i ControlEx.obj
 0001:00007130       ??$forward@U_Container_proxy@std@@@std@@YA$$QAU_Container_proxy@0@AAU10@@Z 00408130 f i ControlEx.obj
 0001:00007140       ??$forward@UtagCHARTITEM@@@std@@YA$$QAUtagCHARTITEM@@AAU1@@Z 00408140 f i ControlEx.obj
 0001:00007150       ??$move@AAUtagCHARTITEM@@@std@@YA$$QAUtagCHARTITEM@@AAU1@@Z 00408150 f i ControlEx.obj
 0001:00007160       ??0?$_Vector_alloc@U?$_Vec_base_types@UtagCHARTITEM@@V?$allocator@UtagCHARTITEM@@@std@@@std@@@std@@QAE@XZ 00408160 f i ControlEx.obj
 0001:00007200       ??0?$_Vector_const_iterator@V?$_Vector_val@U?$_Simple_types@UtagCHARTITEM@@@std@@@std@@@std@@QAE@$$QAV01@@Z 00408200 f i ControlEx.obj
 0001:00007250       ??0?$_Vector_const_iterator@V?$_Vector_val@U?$_Simple_types@UtagCHARTITEM@@@std@@@std@@@std@@QAE@ABV01@@Z 00408250 f i ControlEx.obj
 0001:000072a0       ??0?$_Vector_const_iterator@V?$_Vector_val@U?$_Simple_types@UtagCHARTITEM@@@std@@@std@@@std@@QAE@PAUtagCHARTITEM@@PBU_Container_base12@1@@Z 004082a0 f i ControlEx.obj
 0001:000072f0       ??0?$_Vector_iterator@V?$_Vector_val@U?$_Simple_types@UtagCHARTITEM@@@std@@@std@@@std@@QAE@ABV01@@Z 004082f0 f i ControlEx.obj
 0001:00007330       ??0?$_Vector_iterator@V?$_Vector_val@U?$_Simple_types@UtagCHARTITEM@@@std@@@std@@@std@@QAE@PAUtagCHARTITEM@@PBU_Container_base12@1@@Z 00408330 f i ControlEx.obj
 0001:00007370       ??0?$_Vector_val@U?$_Simple_types@UtagCHARTITEM@@@std@@@std@@QAE@XZ 00408370 f i ControlEx.obj
 0001:000073d0       ??0?$allocator@UtagCHARTITEM@@@std@@QAE@XZ 004083d0 f i ControlEx.obj
 0001:000073f0       ??0?$vector@UtagCHARTITEM@@V?$allocator@UtagCHARTITEM@@@std@@@std@@QAE@XZ 004083f0 f i ControlEx.obj
 0001:00007460       ??0Brush@Gdiplus@@IAE@PAVGpBrush@1@W4Status@1@@Z 00408460 f i ControlEx.obj
 0001:000074b0       ??0Brush@Gdiplus@@IAE@XZ   004084b0 f i ControlEx.obj
 0001:000074f0       ??0CCircleProgressUI@@QAE@XZ 004084f0 f i ControlEx.obj
 0001:00007540       ??0CMyComboUI@@QAE@XZ      00408540 f i ControlEx.obj
 0001:000075b0       ??0CWndUI@@QAE@XZ          004085b0 f i ControlEx.obj
 0001:00007600       ??0Color@Gdiplus@@QAE@EEEE@Z 00408600 f i ControlEx.obj
 0001:00007660       ??0Color@Gdiplus@@QAE@K@Z  00408660 f i ControlEx.obj
 0001:00007690       ??0Color@Gdiplus@@QAE@XZ   00408690 f i ControlEx.obj
 0001:000076c0       ??0Graphics@Gdiplus@@QAE@PAUHDC__@@@Z 004086c0 f i ControlEx.obj
 0001:00007770       ??0SolidBrush@Gdiplus@@QAE@ABVColor@1@@Z 00408770 f i ControlEx.obj
 0001:00007880       ??0_Container_base12@std@@QAE@XZ 00408880 f i ControlEx.obj
 0001:000078b0       ??0_Container_proxy@std@@QAE@XZ 004088b0 f i ControlEx.obj
 0001:000078f0       ??0_Iterator_base12@std@@QAE@ABU01@@Z 004088f0 f i ControlEx.obj
 0001:00007940       ??0_Iterator_base12@std@@QAE@XZ 00408940 f i ControlEx.obj
 0001:00007980       ??0tagCHARTITEM@@QAE@$$QAU0@@Z 00408980 f i ControlEx.obj
 0001:000079f0       ??0tagCHARTITEM@@QAE@ABU0@@Z 004089f0 f i ControlEx.obj
 0001:00007a60       ??0tagCHARTITEM@@QAE@XZ    00408a60 f i ControlEx.obj
 0001:00007aa0       ??1?$_Compressed_pair@V?$allocator@UtagCHARTITEM@@@std@@V?$_Vector_val@U?$_Simple_types@UtagCHARTITEM@@@std@@@2@$00@std@@QAE@XZ 00408aa0 f i ControlEx.obj
 0001:00007ad0       ??1?$_Vector_alloc@U?$_Vec_base_types@UtagCHARTITEM@@V?$allocator@UtagCHARTITEM@@@std@@@std@@@std@@QAE@XZ 00408ad0 f i ControlEx.obj
 0001:00007b40       ??1?$_Vector_const_iterator@V?$_Vector_val@U?$_Simple_types@UtagCHARTITEM@@@std@@@std@@@std@@QAE@XZ 00408b40 f i ControlEx.obj
 0001:00007b70       ??1?$_Vector_iterator@V?$_Vector_val@U?$_Simple_types@UtagCHARTITEM@@@std@@@std@@@std@@QAE@XZ 00408b70 f i ControlEx.obj
 0001:00007ba0       ??1?$_Vector_val@U?$_Simple_types@UtagCHARTITEM@@@std@@@std@@QAE@XZ 00408ba0 f i ControlEx.obj
 0001:00007bd0       ??1?$vector@UtagCHARTITEM@@V?$allocator@UtagCHARTITEM@@@std@@@std@@QAE@XZ 00408bd0 f i ControlEx.obj
 0001:00007c40       ??1Brush@Gdiplus@@UAE@XZ   00408c40 f i ControlEx.obj
 0001:00007c80       ??1CCircleProgressUI@@UAE@XZ 00408c80 f i ControlEx.obj
 0001:00007cc0       ??1CMyComboUI@@UAE@XZ      00408cc0 f i ControlEx.obj
 0001:00007d00       ??1CWndUI@@UAE@XZ          00408d00 f i ControlEx.obj
 0001:00007d40       ??1Graphics@Gdiplus@@QAE@XZ 00408d40 f i ControlEx.obj
 0001:00007d70       ??1SolidBrush@Gdiplus@@UAE@XZ 00408d70 f i ControlEx.obj
 0001:00007da0       ??1_Container_base12@std@@QAE@XZ 00408da0 f i ControlEx.obj
 0001:00007dd0       ??1_Iterator_base12@std@@QAE@XZ 00408dd0 f i ControlEx.obj
 0001:00007eb0       ??1tagCHARTITEM@@QAE@XZ    00408eb0 f i ControlEx.obj
 0001:00007ef0       ??2@YAPAXIPAX@Z            00408ef0 f i ControlEx.obj
 0001:00007f00       ??2GdiplusBase@Gdiplus@@SAPAXI@Z 00408f00 f i ControlEx.obj
 0001:00007f20       ??3@YAXPAX0@Z              00408f20 f i ControlEx.obj
 0001:00007f30       ??3GdiplusBase@Gdiplus@@SAXPAX@Z 00408f30 f i ControlEx.obj
 0001:00007f50       ??4_Iterator_base12@std@@QAEAAU01@ABU01@@Z 00408f50 f i ControlEx.obj
 0001:00008060       ??4tagCHARTITEM@@QAEAAU0@$$QAU0@@Z 00409060 f i ControlEx.obj
 0001:000080d0       ??A?$vector@UtagCHARTITEM@@V?$allocator@UtagCHARTITEM@@@std@@@std@@QAEAAUtagCHARTITEM@@I@Z 004090d0 f i ControlEx.obj
 0001:00008170       ??H?$_Vector_iterator@V?$_Vector_val@U?$_Simple_types@UtagCHARTITEM@@@std@@@std@@@std@@QBE?AV01@H@Z 00409170 f i ControlEx.obj
 0001:00008280       ??Y?$_Vector_const_iterator@V?$_Vector_val@U?$_Simple_types@UtagCHARTITEM@@@std@@@std@@@std@@QAEAAV01@H@Z 00409280 f i ControlEx.obj
 0001:00008370       ??Y?$_Vector_iterator@V?$_Vector_val@U?$_Simple_types@UtagCHARTITEM@@@std@@@std@@@std@@QAEAAV01@H@Z 00409370 f i ControlEx.obj
 0001:000083b0       ??_GBrush@Gdiplus@@UAEPAXI@Z 004093b0 f i ControlEx.obj
 0001:000083b0       ??_EBrush@Gdiplus@@UAEPAXI@Z 004093b0 f i ControlEx.obj
 0001:00008420       ??_GCChartViewUI@@UAEPAXI@Z 00409420 f i ControlEx.obj
 0001:00008420       ??_ECChartViewUI@@UAEPAXI@Z 00409420 f i ControlEx.obj
 0001:00008480       ??_ECCircleProgressUI@@UAEPAXI@Z 00409480 f i ControlEx.obj
 0001:00008480       ??_GCCircleProgressUI@@UAEPAXI@Z 00409480 f i ControlEx.obj
 0001:000084e0       ??_GCMyComboUI@@UAEPAXI@Z  004094e0 f i ControlEx.obj
 0001:000084e0       ??_ECMyComboUI@@UAEPAXI@Z  004094e0 f i ControlEx.obj
 0001:00008540       ??_ECWndUI@@UAEPAXI@Z      00409540 f i ControlEx.obj
 0001:00008540       ??_GCWndUI@@UAEPAXI@Z      00409540 f i ControlEx.obj
 0001:000085a0       ??_GSolidBrush@Gdiplus@@UAEPAXI@Z 004095a0 f i ControlEx.obj
 0001:000085a0       ??_ESolidBrush@Gdiplus@@UAEPAXI@Z 004095a0 f i ControlEx.obj
 0001:00008610       ??_GtagCHARTITEM@@QAEPAXI@Z 00409610 f i ControlEx.obj
 0001:00008670       ?AdjustPos@CWndUI@@QAEXXZ  00409670 f i ControlEx.obj
 0001:000088c0       ?Clone@Brush@Gdiplus@@UBEPAV12@XZ 004098c0 f i ControlEx.obj
 0001:00008a0c       ?DoEvent@CComboUI@DuiLib@@WGJI@AEXAAUtagTEventUI@2@@Z 00409a0c f i ControlEx.obj
 0001:00008a20       ?FillEllipse@Graphics@Gdiplus@@QAE?AW4Status@2@PBVBrush@2@HHHH@Z 00409a20 f i ControlEx.obj
 0001:00008a80       ?FillPie@Graphics@Gdiplus@@QAE?AW4Status@2@PBVBrush@2@HHHHMM@Z 00409a80 f i ControlEx.obj
 0001:00008b00       ?FillRectangle@Graphics@Gdiplus@@QAE?AW4Status@2@PBVBrush@2@HHHH@Z 00409b00 f i ControlEx.obj
 0001:00008b60       ?GetClass@CCircleProgressUI@@UBEPB_WXZ 00409b60 f i ControlEx.obj
 0001:00008b80       ?GetClass@CMyComboUI@@UBEPB_WXZ 00409b80 f i ControlEx.obj
 0001:00008ba0       ?GetClass@CWndUI@@UBEPB_WXZ 00409ba0 f i ControlEx.obj
 0001:00008bc0       ?GetValue@Color@Gdiplus@@QBEKXZ 00409bc0 f i ControlEx.obj
 0001:00008be0       ?MakeARGB@Color@Gdiplus@@SAKEEEE@Z 00409be0 f i ControlEx.obj
 0001:00008c10       ?PaintBkColor@CCircleProgressUI@@UAEXPAUHDC__@@@Z 00409c10 f i ControlEx.obj
 0001:00008de0       ?PaintBkColor@CMyComboUI@@UAEXPAUHDC__@@@Z 00409de0 f i ControlEx.obj
 0001:00008fb0       ?PaintForeColor@CCircleProgressUI@@UAEXPAUHDC__@@@Z 00409fb0 f i ControlEx.obj
 0001:00009280       ?PaintForeImage@CCircleProgressUI@@UAEXPAUHDC__@@@Z 0040a280 f i ControlEx.obj
 0001:000092a0       ?ReleaseHDC@Graphics@Gdiplus@@QAEXPAUHDC__@@@Z 0040a2a0 f i ControlEx.obj
 0001:000092f0       ?SetFromCOLORREF@Color@Gdiplus@@QAEXK@Z 0040a2f0 f i ControlEx.obj
 0001:00009360       ?SetInternVisible@CWndUI@@UAEX_N@Z 0040a360 f i ControlEx.obj
 0001:000093b0       ?SetNativeBrush@Brush@Gdiplus@@IAEXPAVGpBrush@2@@Z 0040a3b0 f i ControlEx.obj
 0001:000093e0       ?SetNativeGraphics@Graphics@Gdiplus@@IAEXPAVGpGraphics@2@@Z 0040a3e0 f i ControlEx.obj
 0001:00009410       ?SetPos@CWndUI@@UAEXUtagRECT@@_N@Z 0040a410 f i ControlEx.obj
 0001:00009490       ?SetSmoothingMode@Graphics@Gdiplus@@QAE?AW4Status@2@W4SmoothingMode@2@@Z 0040a490 f i ControlEx.obj
 0001:000094e0       ?SetStatus@Brush@Gdiplus@@IBE?AW4Status@2@W432@@Z 0040a4e0 f i ControlEx.obj
 0001:00009520       ?SetStatus@Graphics@Gdiplus@@IBE?AW4Status@2@W432@@Z 0040a520 f i ControlEx.obj
 0001:00009560       ?SetVisible@CWndUI@@UAEX_N@Z 0040a560 f i ControlEx.obj
 0001:000095b0       ?_Adopt@_Iterator_base12@std@@QAEXPBU_Container_base12@2@@Z 0040a5b0 f i ControlEx.obj
 0001:00009740       ?_Alloc_proxy@?$_Vector_alloc@U?$_Vec_base_types@UtagCHARTITEM@@V?$allocator@UtagCHARTITEM@@@std@@@std@@@std@@QAEXXZ 0040a740 f i ControlEx.obj
 0001:00009850       ?_Allocate@std@@YAPAXII_N@Z 0040a850 f i ControlEx.obj
 0001:00009a60       ?_Calculate_growth@?$vector@UtagCHARTITEM@@V?$allocator@UtagCHARTITEM@@@std@@@std@@ABEII@Z 0040aa60 f i ControlEx.obj
 0001:00009af0       ?_Change_array@?$vector@UtagCHARTITEM@@V?$allocator@UtagCHARTITEM@@@std@@@std@@AAEXQAUtagCHARTITEM@@II@Z 0040aaf0 f i ControlEx.obj
 0001:00009bd0       ?_Clrcont@_Iterator_base12@std@@QAEXXZ 0040abd0 f i ControlEx.obj
 0001:00009c00       ?_Deallocate@std@@YAXPAXII@Z 0040ac00 f i ControlEx.obj
 0001:00009d30       ?_Destroy@?$vector@UtagCHARTITEM@@V?$allocator@UtagCHARTITEM@@@std@@@std@@AAEXPAUtagCHARTITEM@@0@Z 0040ad30 f i ControlEx.obj
 0001:00009d80       ?_Free_proxy@?$_Vector_alloc@U?$_Vec_base_types@UtagCHARTITEM@@V?$allocator@UtagCHARTITEM@@@std@@@std@@@std@@QAEXXZ 0040ad80 f i ControlEx.obj
 0001:00009e70       ?_Get_data@?$_Vector_alloc@U?$_Vec_base_types@UtagCHARTITEM@@V?$allocator@UtagCHARTITEM@@@std@@@std@@@std@@QAEAAV?$_Vector_val@U?$_Simple_types@UtagCHARTITEM@@@std@@@2@XZ 0040ae70 f i ControlEx.obj
 0001:00009ea0       ?_Get_data@?$_Vector_alloc@U?$_Vec_base_types@UtagCHARTITEM@@V?$allocator@UtagCHARTITEM@@@std@@@std@@@std@@QBEABV?$_Vector_val@U?$_Simple_types@UtagCHARTITEM@@@std@@@2@XZ 0040aea0 f i ControlEx.obj
 0001:00009ed0       ?_Get_first@?$_Compressed_pair@V?$allocator@UtagCHARTITEM@@@std@@V?$_Vector_val@U?$_Simple_types@UtagCHARTITEM@@@std@@@2@$00@std@@QAEAAV?$allocator@UtagCHARTITEM@@@2@XZ 0040aed0 f i ControlEx.obj
 0001:00009ef0       ?_Get_first@?$_Compressed_pair@V?$allocator@UtagCHARTITEM@@@std@@V?$_Vector_val@U?$_Simple_types@UtagCHARTITEM@@@std@@@2@$00@std@@QBEABV?$allocator@UtagCHARTITEM@@@2@XZ 0040aef0 f i ControlEx.obj
 0001:00009f10       ?_Get_second@?$_Compressed_pair@V?$allocator@UtagCHARTITEM@@@std@@V?$_Vector_val@U?$_Simple_types@UtagCHARTITEM@@@std@@@2@$00@std@@QAEAAV?$_Vector_val@U?$_Simple_types@UtagCHARTITEM@@@std@@@2@XZ 0040af10 f i ControlEx.obj
 0001:00009f30       ?_Get_second@?$_Compressed_pair@V?$allocator@UtagCHARTITEM@@@std@@V?$_Vector_val@U?$_Simple_types@UtagCHARTITEM@@@std@@@2@$00@std@@QBEABV?$_Vector_val@U?$_Simple_types@UtagCHARTITEM@@@std@@@2@XZ 0040af30 f i ControlEx.obj
 0001:00009f50       ?_Getal@?$_Vector_alloc@U?$_Vec_base_types@UtagCHARTITEM@@V?$allocator@UtagCHARTITEM@@@std@@@std@@@std@@QAEAAV?$allocator@UtagCHARTITEM@@@2@XZ 0040af50 f i ControlEx.obj
 0001:00009f80       ?_Getal@?$_Vector_alloc@U?$_Vec_base_types@UtagCHARTITEM@@V?$allocator@UtagCHARTITEM@@@std@@@std@@@std@@QBEABV?$allocator@UtagCHARTITEM@@@2@XZ 0040af80 f i ControlEx.obj
 0001:00009fb0       ?_Getcont@_Iterator_base12@std@@QBEPBU_Container_base12@2@XZ 0040afb0 f i ControlEx.obj
 0001:0000a000       ?_Getpfirst@?$_Vector_alloc@U?$_Vec_base_types@UtagCHARTITEM@@V?$allocator@UtagCHARTITEM@@@std@@@std@@@std@@QBEPAPAU_Iterator_base12@2@XZ 0040b000 f i ControlEx.obj
 0001:0000a040       ?_Getpfirst@_Container_base12@std@@QBEPAPAU_Iterator_base12@2@XZ 0040b040 f i ControlEx.obj
 0001:0000a090       ?_Getpnext@_Iterator_base12@std@@QAEPAPAU12@XZ 0040b090 f i ControlEx.obj
 0001:0000a0b0       ?_Has_unused_capacity@?$vector@UtagCHARTITEM@@V?$allocator@UtagCHARTITEM@@@std@@@std@@ABE_NXZ 0040b0b0 f i ControlEx.obj
 0001:0000a120       ?_Myend@?$_Vector_alloc@U?$_Vec_base_types@UtagCHARTITEM@@V?$allocator@UtagCHARTITEM@@@std@@@std@@@std@@QAEAAPAUtagCHARTITEM@@XZ 0040b120 f i ControlEx.obj
 0001:0000a150       ?_Myend@?$_Vector_alloc@U?$_Vec_base_types@UtagCHARTITEM@@V?$allocator@UtagCHARTITEM@@@std@@@std@@@std@@QBEABQAUtagCHARTITEM@@XZ 0040b150 f i ControlEx.obj
 0001:0000a180       ?_Myfirst@?$_Vector_alloc@U?$_Vec_base_types@UtagCHARTITEM@@V?$allocator@UtagCHARTITEM@@@std@@@std@@@std@@QAEAAPAUtagCHARTITEM@@XZ 0040b180 f i ControlEx.obj
 0001:0000a1b0       ?_Myfirst@?$_Vector_alloc@U?$_Vec_base_types@UtagCHARTITEM@@V?$allocator@UtagCHARTITEM@@@std@@@std@@@std@@QBEABQAUtagCHARTITEM@@XZ 0040b1b0 f i ControlEx.obj
 0001:0000a1e0       ?_Mylast@?$_Vector_alloc@U?$_Vec_base_types@UtagCHARTITEM@@V?$allocator@UtagCHARTITEM@@@std@@@std@@@std@@QAEAAPAUtagCHARTITEM@@XZ 0040b1e0 f i ControlEx.obj
 0001:0000a210       ?_Mylast@?$_Vector_alloc@U?$_Vec_base_types@UtagCHARTITEM@@V?$allocator@UtagCHARTITEM@@@std@@@std@@@std@@QBEABQAUtagCHARTITEM@@XZ 0040b210 f i ControlEx.obj
 0001:0000a240       ?_Myproxy@?$_Vector_alloc@U?$_Vec_base_types@UtagCHARTITEM@@V?$allocator@UtagCHARTITEM@@@std@@@std@@@std@@QAEAAPAU_Container_proxy@2@XZ 0040b240 f i ControlEx.obj
 0001:0000a270       ?_Orphan_all@?$_Vector_alloc@U?$_Vec_base_types@UtagCHARTITEM@@V?$allocator@UtagCHARTITEM@@@std@@@std@@@std@@QAEXXZ 0040b270 f i ControlEx.obj
 0001:0000a2b0       ?_Orphan_all@_Container_base12@std@@QAEXXZ 0040b2b0 f i ControlEx.obj
 0001:0000a3e0       ?_Orphan_me@_Iterator_base12@std@@QAEXXZ 0040b3e0 f i ControlEx.obj
 0001:0000a500       ?_Orphan_range@?$vector@UtagCHARTITEM@@V?$allocator@UtagCHARTITEM@@@std@@@std@@ABEXPAUtagCHARTITEM@@0@Z 0040b500 f i ControlEx.obj
 0001:0000a660       ?_Tidy@?$vector@UtagCHARTITEM@@V?$allocator@UtagCHARTITEM@@@std@@@std@@AAEXXZ 0040b660 f i ControlEx.obj
 0001:0000a730       ?_Umove@?$vector@UtagCHARTITEM@@V?$allocator@UtagCHARTITEM@@@std@@@std@@AAEPAUtagCHARTITEM@@PAU3@00@Z 0040b730 f i ControlEx.obj
 0001:0000a780       ?_Umove_if_noexcept1@?$vector@UtagCHARTITEM@@V?$allocator@UtagCHARTITEM@@@std@@@std@@AAEXPAUtagCHARTITEM@@00U?$integral_constant@_N$0A@@2@@Z 0040b780 f i ControlEx.obj
 0001:0000a7d0       ?_Umove_if_noexcept@?$vector@UtagCHARTITEM@@V?$allocator@UtagCHARTITEM@@@std@@@std@@AAEXPAUtagCHARTITEM@@00@Z 0040b7d0 f i ControlEx.obj
 0001:0000a830       ?_Xlength@?$vector@UtagCHARTITEM@@V?$allocator@UtagCHARTITEM@@@std@@@std@@CAXXZ 0040b830 f i ControlEx.obj
 0001:0000a850       ?__empty_global_delete@@YAXPAX@Z 0040b850 f i ControlEx.obj
 0001:0000a860       ?__global_delete@@YAXPAXI@Z 0040b860 f i ControlEx.obj
 0001:0000a860       ?__empty_global_delete@@YAXPAXI@Z 0040b860 f i ControlEx.obj
 0001:0000a870       ?allocate@?$allocator@U_Container_proxy@std@@@std@@QAEPAU_Container_proxy@2@I@Z 0040b870 f i ControlEx.obj
 0001:0000a8b0       ?allocate@?$allocator@UtagCHARTITEM@@@std@@QAEPAUtagCHARTITEM@@I@Z 0040b8b0 f i ControlEx.obj
 0001:0000a8f0       ?begin@?$vector@UtagCHARTITEM@@V?$allocator@UtagCHARTITEM@@@std@@@std@@QAE?AV?$_Vector_iterator@V?$_Vector_val@U?$_Simple_types@UtagCHARTITEM@@@std@@@std@@@2@XZ 0040b8f0 f i ControlEx.obj
 0001:0000a980       ?capacity@?$vector@UtagCHARTITEM@@V?$allocator@UtagCHARTITEM@@@std@@@std@@QBEIXZ 0040b980 f i ControlEx.obj
 0001:0000a9d0       ?deallocate@?$_Default_allocator_traits@V?$allocator@U_Container_proxy@std@@@std@@@std@@SAXAAV?$allocator@U_Container_proxy@std@@@2@QAU_Container_proxy@2@I@Z 0040b9d0 f i ControlEx.obj
 0001:0000aa00       ?deallocate@?$allocator@UtagCHARTITEM@@@std@@QAEXQAUtagCHARTITEM@@I@Z 0040ba00 f i ControlEx.obj
 0001:0000aa40       ?insert@?$vector@UtagCHARTITEM@@V?$allocator@UtagCHARTITEM@@@std@@@std@@QAE?AV?$_Vector_iterator@V?$_Vector_val@U?$_Simple_types@UtagCHARTITEM@@@std@@@std@@@2@V?$_Vector_const_iterator@V?$_Vector_val@U?$_Simple_types@UtagCHARTITEM@@@std@@@std@@@2@ABUtagCHARTITEM@@@Z 0040ba40 f i ControlEx.obj
 0001:0000ab10       ?max@?$numeric_limits@H@std@@SAHXZ 0040bb10 f i ControlEx.obj
 0001:0000ab20       ?max_size@?$_Default_allocator_traits@V?$allocator@UtagCHARTITEM@@@std@@@std@@SAIABV?$allocator@UtagCHARTITEM@@@2@@Z 0040bb20 f i ControlEx.obj
 0001:0000ab30       ?max_size@?$vector@UtagCHARTITEM@@V?$allocator@UtagCHARTITEM@@@std@@@std@@QBEIXZ 0040bb30 f i ControlEx.obj
 0001:0000aba0       ?push_back@?$vector@UtagCHARTITEM@@V?$allocator@UtagCHARTITEM@@@std@@@std@@QAEXABUtagCHARTITEM@@@Z 0040bba0 f i ControlEx.obj
 0001:0000abe0       ?size@?$vector@UtagCHARTITEM@@V?$allocator@UtagCHARTITEM@@@std@@@std@@QBEIXZ 0040bbe0 f i ControlEx.obj
 0001:0000ac30       _WinMain@16                0040bc30 f   DuiDemo.obj
 0001:0000add0       ?InitResource@@YAXXZ       0040bdd0 f   DuiDemo.obj
 0001:0000b520       ??0CMainPage@@QAE@XZ       0040c520 f   MainWnd.obj
 0001:0000b570       ?SetPaintMagager@CMainPage@@QAEXPAVCPaintManagerUI@DuiLib@@@Z 0040c570 f   MainWnd.obj
 0001:0000b590       ?_GetBaseMessageMap@CMainPage@@KGPBUDUI_MSGMAP@DuiLib@@XZ 0040c590 f   MainWnd.obj
 0001:0000b5a0       ?GetMessageMap@CMainPage@@MBEPBUDUI_MSGMAP@DuiLib@@XZ 0040c5a0 f   MainWnd.obj
 0001:0000b5c0       ?OnClick@CMainPage@@MAEXAAUtagTNotifyUI@DuiLib@@@Z 0040c5c0 f   MainWnd.obj
 0001:0000b5e0       ?OnSelectChanged@CMainPage@@MAEXAAUtagTNotifyUI@DuiLib@@@Z 0040c5e0 f   MainWnd.obj
 0001:0000b600       ?OnItemClick@CMainPage@@MAEXAAUtagTNotifyUI@DuiLib@@@Z 0040c600 f   MainWnd.obj
 0001:0000b620       ??0CMainWnd@@QAE@XZ        0040c620 f   MainWnd.obj
 0001:0000b7c0       ??1CMainWnd@@UAE@XZ        0040c7c0 f   MainWnd.obj
 0001:0000b960       ?GetSkinFile@CMainWnd@@UAE?AVCDuiString@DuiLib@@XZ 0040c960 f   MainWnd.obj
 0001:0000b9c0       ?GetWindowClassName@CMainWnd@@UBEPB_WXZ 0040c9c0 f   MainWnd.obj
 0001:0000b9e0       ?GetClassStyle@CMainWnd@@UBEIXZ 0040c9e0 f   MainWnd.obj
 0001:0000ba00       ?InitWindow@CMainWnd@@UAEXXZ 0040ca00 f   MainWnd.obj
 0001:0000cd30       ?OnFinalMessage@CMainWnd@@UAEXPAUHWND__@@@Z 0040dd30 f   MainWnd.obj
 0001:0000cd70       ?CreateControl@CMainWnd@@UAEPAVCControlUI@DuiLib@@PB_W@Z 0040dd70 f   MainWnd.obj
 0001:0000ce30       ?Receive@CMainWnd@@UAEHUSkinChangedParam@@@Z 0040de30 f   MainWnd.obj
 0001:0000cf40       ?QueryControlText@CMainWnd@@UAEPB_WPB_W0@Z 0040df40 f   MainWnd.obj
 0001:0000d1b0       ?Notify@CMainWnd@@UAEXAAUtagTNotifyUI@DuiLib@@@Z 0040e1b0 f   MainWnd.obj
 0001:0000dcc0       ?OnLClick@CMainWnd@@QAEXPAVCControlUI@DuiLib@@@Z 0040ecc0 f   MainWnd.obj
 0001:0000e8e0       ?_GetBaseMessageMap@CMainWnd@@KGPBUDUI_MSGMAP@DuiLib@@XZ 0040f8e0 f   MainWnd.obj
 0001:0000e8f0       ?GetMessageMap@CMainWnd@@MBEPBUDUI_MSGMAP@DuiLib@@XZ 0040f8f0 f   MainWnd.obj
 0001:0000e910       ?OnGetMinMaxInfo@CMainWnd@@UAEJIIJAAH@Z 0040f910 f   MainWnd.obj
 0001:0000e930       ?OnDestroy@CMainWnd@@UAEJIIJAAH@Z 0040f930 f   MainWnd.obj
 0001:0000e990       ?HandleCustomMessage@CMainWnd@@UAEJIIJAAH@Z 0040f990 f   MainWnd.obj
 0001:0000f110       ?UpdateUI@CMainWnd@@UAGJXZ 00410110 f   MainWnd.obj
 0001:0000f120       ?GetHostInfo@CMainWnd@@UAGJPAVCWebBrowserUI@DuiLib@@PAU_DOCHOSTUIINFO@@@Z 00410120 f   MainWnd.obj
 0001:0000f150       ?ShowContextMenu@CMainWnd@@UAGJPAVCWebBrowserUI@DuiLib@@KPAUtagPOINT@@PAUIUnknown@@PAUIDispatch@@@Z 00410150 f   MainWnd.obj
 0001:00010070       ??$?0$$V@?$_Compressed_pair@V?$allocator@U?$_Tree_node@U?$pair@$$CBHPAV?$ObserverImplBase@HUSkinChangedParam@@@@@std@@PAX@std@@@std@@V?$_Tree_val@U?$_Tree_simple_types@U?$pair@$$CBHPAV?$ObserverImplBase@HUSkinChangedParam@@@@@std@@@std@@@2@$00@std@@QAE@U_Zero_then_variadic_args_t@1@@Z 00411070 f i MainWnd.obj
 0001:000100b0       ??$?0$$V@?$_Compressed_pair@V?$allocator@U?$_Tree_node@U?$pair@$$CBHPAV?$ReceiverImplBase@HUSkinChangedParam@@@@@std@@PAX@std@@@std@@V?$_Tree_val@U?$_Tree_simple_types@U?$pair@$$CBHPAV?$ReceiverImplBase@HUSkinChangedParam@@@@@std@@@std@@@2@$00@std@@QAE@U_Zero_then_variadic_args_t@1@@Z 004110b0 f i MainWnd.obj
 0001:000100f0       ??$?0AAV?$_Tree_iterator@V?$_Tree_val@U?$_Tree_simple_types@U?$pair@$$CBHPAV?$ObserverImplBase@HUSkinChangedParam@@@@@std@@@std@@@std@@@std@@_NX$0A@@?$pair@V?$_Tree_iterator@V?$_Tree_val@U?$_Tree_simple_types@U?$pair@$$CBHPAV?$ObserverImplBase@HUSkinChangedParam@@@@@std@@@std@@@std@@@std@@_N@std@@QAE@AAV?$_Tree_iterator@V?$_Tree_val@U?$_Tree_simple_types@U?$pair@$$CBHPAV?$ObserverImplBase@HUSkinChangedParam@@@@@std@@@std@@@std@@@1@$$QA_N@Z 004110f0 f i MainWnd.obj
 0001:00010150       ??$?0AAV?$_Tree_iterator@V?$_Tree_val@U?$_Tree_simple_types@U?$pair@$$CBHPAV?$ReceiverImplBase@HUSkinChangedParam@@@@@std@@@std@@@std@@@std@@_NX$0A@@?$pair@V?$_Tree_iterator@V?$_Tree_val@U?$_Tree_simple_types@U?$pair@$$CBHPAV?$ReceiverImplBase@HUSkinChangedParam@@@@@std@@@std@@@std@@@std@@_N@std@@QAE@AAV?$_Tree_iterator@V?$_Tree_val@U?$_Tree_simple_types@U?$pair@$$CBHPAV?$ReceiverImplBase@HUSkinChangedParam@@@@@std@@@std@@@std@@@1@$$QA_N@Z 00411150 f i MainWnd.obj
 0001:000101b0       ??$?0ABH$$Z$$V@?$pair@$$CBHPAV?$ObserverImplBase@HUSkinChangedParam@@@@@std@@QAE@Upiecewise_construct_t@1@V?$tuple@ABH@1@V?$tuple@$$V@1@@Z 004111b0 f i MainWnd.obj
 0001:00010210       ??$?0ABH$$Z$$V@?$pair@$$CBHPAV?$ReceiverImplBase@HUSkinChangedParam@@@@@std@@QAE@Upiecewise_construct_t@1@V?$tuple@ABH@1@V?$tuple@$$V@1@@Z 00411210 f i MainWnd.obj
 0001:00010270       ??$?0ABH$0A@@?$tuple@ABH@std@@QAE@ABH@Z 00411270 f i MainWnd.obj
 0001:000102c0       ??$?0ABH@?$_Tuple_val@ABH@std@@QAE@ABH@Z 004112c0 f i MainWnd.obj
 0001:00010300       ??$?0ABU?$less@H@std@@U_Zero_then_variadic_args_t@1@@?$_Compressed_pair@U?$less@H@std@@V?$_Compressed_pair@V?$allocator@U?$_Tree_node@U?$pair@$$CBHPAV?$ObserverImplBase@HUSkinChangedParam@@@@@std@@PAX@std@@@std@@V?$_Tree_val@U?$_Tree_simple_types@U?$pair@$$CBHPAV?$ObserverImplBase@HUSkinChangedParam@@@@@std@@@std@@@2@$00@2@$00@std@@QAE@U_One_then_variadic_args_t@1@ABU?$less@H@1@$$QAU_Zero_then_variadic_args_t@1@@Z 00411300 f i MainWnd.obj
 0001:00010360       ??$?0ABU?$less@H@std@@U_Zero_then_variadic_args_t@1@@?$_Compressed_pair@U?$less@H@std@@V?$_Compressed_pair@V?$allocator@U?$_Tree_node@U?$pair@$$CBHPAV?$ReceiverImplBase@HUSkinChangedParam@@@@@std@@PAX@std@@@std@@V?$_Tree_val@U?$_Tree_simple_types@U?$pair@$$CBHPAV?$ReceiverImplBase@HUSkinChangedParam@@@@@std@@@std@@@2@$00@2@$00@std@@QAE@U_One_then_variadic_args_t@1@ABU?$less@H@1@$$QAU_Zero_then_variadic_args_t@1@@Z 00411360 f i MainWnd.obj
 0001:000103c0       ??$?0U?$_Tree_node@U?$pair@$$CBHPAV?$ObserverImplBase@HUSkinChangedParam@@@@@std@@PAX@std@@@?$allocator@U_Container_proxy@std@@@std@@QAE@ABV?$allocator@U?$_Tree_node@U?$pair@$$CBHPAV?$ObserverImplBase@HUSkinChangedParam@@@@@std@@PAX@std@@@1@@Z 004113c0 f i MainWnd.obj
 0001:000103e0       ??$?0U?$_Tree_node@U?$pair@$$CBHPAV?$ReceiverImplBase@HUSkinChangedParam@@@@@std@@PAX@std@@@?$allocator@U_Container_proxy@std@@@std@@QAE@ABV?$allocator@U?$_Tree_node@U?$pair@$$CBHPAV?$ReceiverImplBase@HUSkinChangedParam@@@@@std@@PAX@std@@@1@@Z 004113e0 f i MainWnd.obj
 0001:00010400       ??$?0U_Exact_args_t@std@@$0A@@?$tuple@$$V@std@@QAE@U_Exact_args_t@1@@Z 00411400 f i MainWnd.obj
 0001:00010420       ??$?0U_Exact_args_t@std@@ABH$$V$0A@@?$tuple@ABH@std@@QAE@U_Exact_args_t@1@ABH@Z 00411420 f i MainWnd.obj
 0001:00010490       ??$?0V?$_Tree_iterator@V?$_Tree_val@U?$_Tree_simple_types@U?$pair@$$CBHPAV?$ObserverImplBase@HUSkinChangedParam@@@@@std@@@std@@@std@@@std@@_NX$0A@@?$pair@V?$_Tree_iterator@V?$_Tree_val@U?$_Tree_simple_types@U?$pair@$$CBHPAV?$ObserverImplBase@HUSkinChangedParam@@@@@std@@@std@@@std@@@std@@_N@std@@QAE@$$QAV?$_Tree_iterator@V?$_Tree_val@U?$_Tree_simple_types@U?$pair@$$CBHPAV?$ObserverImplBase@HUSkinChangedParam@@@@@std@@@std@@@std@@@1@$$QA_N@Z 00411490 f i MainWnd.obj
 0001:000104f0       ??$?0V?$_Tree_iterator@V?$_Tree_val@U?$_Tree_simple_types@U?$pair@$$CBHPAV?$ReceiverImplBase@HUSkinChangedParam@@@@@std@@@std@@@std@@@std@@_NX$0A@@?$pair@V?$_Tree_iterator@V?$_Tree_val@U?$_Tree_simple_types@U?$pair@$$CBHPAV?$ReceiverImplBase@HUSkinChangedParam@@@@@std@@@std@@@std@@@std@@_N@std@@QAE@$$QAV?$_Tree_iterator@V?$_Tree_val@U?$_Tree_simple_types@U?$pair@$$CBHPAV?$ReceiverImplBase@HUSkinChangedParam@@@@@std@@@std@@@std@@@1@$$QA_N@Z 004114f0 f i MainWnd.obj
 0001:00010550       ??$?0V?$tuple@ABH@std@@V?$tuple@$$V@1@$0A@$$Z$S@?$pair@$$CBHPAV?$ObserverImplBase@HUSkinChangedParam@@@@@std@@QAE@AAV?$tuple@ABH@1@AAV?$tuple@$$V@1@U?$integer_sequence@I$0A@@1@U?$integer_sequence@I$S@1@@Z 00411550 f i MainWnd.obj
 0001:000105b0       ??$?0V?$tuple@ABH@std@@V?$tuple@$$V@1@$0A@$$Z$S@?$pair@$$CBHPAV?$ReceiverImplBase@HUSkinChangedParam@@@@@std@@QAE@AAV?$tuple@ABH@1@AAV?$tuple@$$V@1@U?$integer_sequence@I$0A@@1@U?$integer_sequence@I$S@1@@Z 004115b0 f i MainWnd.obj
 0001:00010610       ??$_Buynode@ABUpiecewise_construct_t@std@@V?$tuple@ABH@2@V?$tuple@$$V@2@@?$_Tree_comp_alloc@V?$_Tmap_traits@HPAV?$ObserverImplBase@HUSkinChangedParam@@@@U?$less@H@std@@V?$allocator@U?$pair@$$CBHPAV?$ObserverImplBase@HUSkinChangedParam@@@@@std@@@3@$0A@@std@@@std@@QAEPAU?$_Tree_node@U?$pair@$$CBHPAV?$ObserverImplBase@HUSkinChangedParam@@@@@std@@PAX@1@ABUpiecewise_construct_t@1@$$QAV?$tuple@ABH@1@$$QAV?$tuple@$$V@1@@Z 00411610 f i MainWnd.obj
 0001:00010740       ??$_Buynode@ABUpiecewise_construct_t@std@@V?$tuple@ABH@2@V?$tuple@$$V@2@@?$_Tree_comp_alloc@V?$_Tmap_traits@HPAV?$ReceiverImplBase@HUSkinChangedParam@@@@U?$less@H@std@@V?$allocator@U?$pair@$$CBHPAV?$ReceiverImplBase@HUSkinChangedParam@@@@@std@@@3@$0A@@std@@@std@@QAEPAU?$_Tree_node@U?$pair@$$CBHPAV?$ReceiverImplBase@HUSkinChangedParam@@@@@std@@PAX@1@ABUpiecewise_construct_t@1@$$QAV?$tuple@ABH@1@$$QAV?$tuple@$$V@1@@Z 00411740 f i MainWnd.obj
 0001:00010870       ??$_Buynode_if_nil@AAU?$pair@$$CBHPAV?$ObserverImplBase@HUSkinChangedParam@@@@@std@@@?$_Tree@V?$_Tmap_traits@HPAV?$ObserverImplBase@HUSkinChangedParam@@@@U?$less@H@std@@V?$allocator@U?$pair@$$CBHPAV?$ObserverImplBase@HUSkinChangedParam@@@@@std@@@3@$0A@@std@@@std@@IAEPAU?$_Tree_node@U?$pair@$$CBHPAV?$ObserverImplBase@HUSkinChangedParam@@@@@std@@PAX@1@PAU21@AAU?$pair@$$CBHPAV?$ObserverImplBase@HUSkinChangedParam@@@@@1@@Z 00411870 f i MainWnd.obj
 0001:00010890       ??$_Buynode_if_nil@AAU?$pair@$$CBHPAV?$ReceiverImplBase@HUSkinChangedParam@@@@@std@@@?$_Tree@V?$_Tmap_traits@HPAV?$ReceiverImplBase@HUSkinChangedParam@@@@U?$less@H@std@@V?$allocator@U?$pair@$$CBHPAV?$ReceiverImplBase@HUSkinChangedParam@@@@@std@@@3@$0A@@std@@@std@@IAEPAU?$_Tree_node@U?$pair@$$CBHPAV?$ReceiverImplBase@HUSkinChangedParam@@@@@std@@PAX@1@PAU21@AAU?$pair@$$CBHPAV?$ReceiverImplBase@HUSkinChangedParam@@@@@1@@Z 00411890 f i MainWnd.obj
 0001:000108b0       ??$_Debug_lt_pred@AAU?$less@H@std@@ABHABH@std@@YA_NAAU?$less@H@0@ABH1PB_WI@Z 004118b0 f i MainWnd.obj
 0001:00010980       ??$_Debug_lt_pred@ABU?$less@H@std@@ABHABH@std@@YA_NABU?$less@H@0@ABH1PB_WI@Z 00411980 f i MainWnd.obj
 0001:00010a50       ??$_Insert_at@AAU?$pair@$$CBHPAV?$ObserverImplBase@HUSkinChangedParam@@@@@std@@PAU?$_Tree_node@U?$pair@$$CBHPAV?$ObserverImplBase@HUSkinChangedParam@@@@@std@@PAX@2@@?$_Tree@V?$_Tmap_traits@HPAV?$ObserverImplBase@HUSkinChangedParam@@@@U?$less@H@std@@V?$allocator@U?$pair@$$CBHPAV?$ObserverImplBase@HUSkinChangedParam@@@@@std@@@3@$0A@@std@@@std@@IAE?AV?$_Tree_iterator@V?$_Tree_val@U?$_Tree_simple_types@U?$pair@$$CBHPAV?$ObserverImplBase@HUSkinChangedParam@@@@@std@@@std@@@std@@@1@_NPAU?$_Tree_node@U?$pair@$$CBHPAV?$ObserverImplBase@HUSkinChangedParam@@@@@std@@PAX@1@AAU?$pair@$$CBHPAV?$ObserverImplBase@HUSkinChangedParam@@@@@1@1@Z 00411a50 f i MainWnd.obj
 0001:00010dc0       ??$_Insert_at@AAU?$pair@$$CBHPAV?$ReceiverImplBase@HUSkinChangedParam@@@@@std@@PAU?$_Tree_node@U?$pair@$$CBHPAV?$ReceiverImplBase@HUSkinChangedParam@@@@@std@@PAX@2@@?$_Tree@V?$_Tmap_traits@HPAV?$ReceiverImplBase@HUSkinChangedParam@@@@U?$less@H@std@@V?$allocator@U?$pair@$$CBHPAV?$ReceiverImplBase@HUSkinChangedParam@@@@@std@@@3@$0A@@std@@@std@@IAE?AV?$_Tree_iterator@V?$_Tree_val@U?$_Tree_simple_types@U?$pair@$$CBHPAV?$ReceiverImplBase@HUSkinChangedParam@@@@@std@@@std@@@std@@@1@_NPAU?$_Tree_node@U?$pair@$$CBHPAV?$ReceiverImplBase@HUSkinChangedParam@@@@@std@@PAX@1@AAU?$pair@$$CBHPAV?$ReceiverImplBase@HUSkinChangedParam@@@@@1@1@Z 00411dc0 f i MainWnd.obj
 0001:00011130       ??$_Insert_hint@AAU?$pair@$$CBHPAV?$ObserverImplBase@HUSkinChangedParam@@@@@std@@PAU?$_Tree_node@U?$pair@$$CBHPAV?$ObserverImplBase@HUSkinChangedParam@@@@@std@@PAX@2@@?$_Tree@V?$_Tmap_traits@HPAV?$ObserverImplBase@HUSkinChangedParam@@@@U?$less@H@std@@V?$allocator@U?$pair@$$CBHPAV?$ObserverImplBase@HUSkinChangedParam@@@@@std@@@3@$0A@@std@@@std@@IAE?AV?$_Tree_iterator@V?$_Tree_val@U?$_Tree_simple_types@U?$pair@$$CBHPAV?$ObserverImplBase@HUSkinChangedParam@@@@@std@@@std@@@std@@@1@V?$_Tree_const_iterator@V?$_Tree_val@U?$_Tree_simple_types@U?$pair@$$CBHPAV?$ObserverImplBase@HUSkinChangedParam@@@@@std@@@std@@@std@@@1@AAU?$pair@$$CBHPAV?$ObserverImplBase@HUSkinChangedParam@@@@@1@PAU?$_Tree_node@U?$pair@$$CBHPAV?$ObserverImplBase@HUSkinChangedParam@@@@@std@@PAX@1@@Z 00412130 f i MainWnd.obj
 0001:00012540       ??$_Insert_hint@AAU?$pair@$$CBHPAV?$ReceiverImplBase@HUSkinChangedParam@@@@@std@@PAU?$_Tree_node@U?$pair@$$CBHPAV?$ReceiverImplBase@HUSkinChangedParam@@@@@std@@PAX@2@@?$_Tree@V?$_Tmap_traits@HPAV?$ReceiverImplBase@HUSkinChangedParam@@@@U?$less@H@std@@V?$allocator@U?$pair@$$CBHPAV?$ReceiverImplBase@HUSkinChangedParam@@@@@std@@@3@$0A@@std@@@std@@IAE?AV?$_Tree_iterator@V?$_Tree_val@U?$_Tree_simple_types@U?$pair@$$CBHPAV?$ReceiverImplBase@HUSkinChangedParam@@@@@std@@@std@@@std@@@1@V?$_Tree_const_iterator@V?$_Tree_val@U?$_Tree_simple_types@U?$pair@$$CBHPAV?$ReceiverImplBase@HUSkinChangedParam@@@@@std@@@std@@@std@@@1@AAU?$pair@$$CBHPAV?$ReceiverImplBase@HUSkinChangedParam@@@@@1@PAU?$_Tree_node@U?$pair@$$CBHPAV?$ReceiverImplBase@HUSkinChangedParam@@@@@std@@PAX@1@@Z 00413540 f i MainWnd.obj
 0001:00013950       ??$_Insert_nohint@AAU?$pair@$$CBHPAV?$ObserverImplBase@HUSkinChangedParam@@@@@std@@PAU?$_Tree_node@U?$pair@$$CBHPAV?$ObserverImplBase@HUSkinChangedParam@@@@@std@@PAX@2@@?$_Tree@V?$_Tmap_traits@HPAV?$ObserverImplBase@HUSkinChangedParam@@@@U?$less@H@std@@V?$allocator@U?$pair@$$CBHPAV?$ObserverImplBase@HUSkinChangedParam@@@@@std@@@3@$0A@@std@@@std@@IAE?AU?$pair@V?$_Tree_iterator@V?$_Tree_val@U?$_Tree_simple_types@U?$pair@$$CBHPAV?$ObserverImplBase@HUSkinChangedParam@@@@@std@@@std@@@std@@@std@@_N@1@_NAAU?$pair@$$CBHPAV?$ObserverImplBase@HUSkinChangedParam@@@@@1@PAU?$_Tree_node@U?$pair@$$CBHPAV?$ObserverImplBase@HUSkinChangedParam@@@@@std@@PAX@1@@Z 00414950 f i MainWnd.obj
 0001:00013f10       ??$_Insert_nohint@AAU?$pair@$$CBHPAV?$ReceiverImplBase@HUSkinChangedParam@@@@@std@@PAU?$_Tree_node@U?$pair@$$CBHPAV?$ReceiverImplBase@HUSkinChangedParam@@@@@std@@PAX@2@@?$_Tree@V?$_Tmap_traits@HPAV?$ReceiverImplBase@HUSkinChangedParam@@@@U?$less@H@std@@V?$allocator@U?$pair@$$CBHPAV?$ReceiverImplBase@HUSkinChangedParam@@@@@std@@@3@$0A@@std@@@std@@IAE?AU?$pair@V?$_Tree_iterator@V?$_Tree_val@U?$_Tree_simple_types@U?$pair@$$CBHPAV?$ReceiverImplBase@HUSkinChangedParam@@@@@std@@@std@@@std@@@std@@_N@1@_NAAU?$pair@$$CBHPAV?$ReceiverImplBase@HUSkinChangedParam@@@@@1@PAU?$_Tree_node@U?$pair@$$CBHPAV?$ReceiverImplBase@HUSkinChangedParam@@@@@std@@PAX@1@@Z 00414f10 f i MainWnd.obj
 0001:000144d0       ??$_Kfn@$$CBHPAV?$ObserverImplBase@HUSkinChangedParam@@@@@?$_Tmap_traits@HPAV?$ObserverImplBase@HUSkinChangedParam@@@@U?$less@H@std@@V?$allocator@U?$pair@$$CBHPAV?$ObserverImplBase@HUSkinChangedParam@@@@@std@@@3@$0A@@std@@SAABHABU?$pair@$$CBHPAV?$ObserverImplBase@HUSkinChangedParam@@@@@1@@Z 004154d0 f i MainWnd.obj
 0001:000144e0       ??$_Kfn@$$CBHPAV?$ReceiverImplBase@HUSkinChangedParam@@@@@?$_Tmap_traits@HPAV?$ReceiverImplBase@HUSkinChangedParam@@@@U?$less@H@std@@V?$allocator@U?$pair@$$CBHPAV?$ReceiverImplBase@HUSkinChangedParam@@@@@std@@@3@$0A@@std@@SAABHABU?$pair@$$CBHPAV?$ReceiverImplBase@HUSkinChangedParam@@@@@1@@Z 004154e0 f i MainWnd.obj
 0001:000144f0       ??$_Lbound@H@?$_Tree@V?$_Tmap_traits@HPAV?$ObserverImplBase@HUSkinChangedParam@@@@U?$less@H@std@@V?$allocator@U?$pair@$$CBHPAV?$ObserverImplBase@HUSkinChangedParam@@@@@std@@@3@$0A@@std@@@std@@IBEPAU?$_Tree_node@U?$pair@$$CBHPAV?$ObserverImplBase@HUSkinChangedParam@@@@@std@@PAX@1@ABH@Z 004154f0 f i MainWnd.obj
 0001:000145b0       ??$_Lbound@H@?$_Tree@V?$_Tmap_traits@HPAV?$ReceiverImplBase@HUSkinChangedParam@@@@U?$less@H@std@@V?$allocator@U?$pair@$$CBHPAV?$ReceiverImplBase@HUSkinChangedParam@@@@@std@@@3@$0A@@std@@@std@@IBEPAU?$_Tree_node@U?$pair@$$CBHPAV?$ReceiverImplBase@HUSkinChangedParam@@@@@std@@PAX@1@ABH@Z 004155b0 f i MainWnd.obj
 0001:00014670       ??$_Try_emplace@ABH$$V@?$map@HPAV?$ObserverImplBase@HUSkinChangedParam@@@@U?$less@H@std@@V?$allocator@U?$pair@$$CBHPAV?$ObserverImplBase@HUSkinChangedParam@@@@@std@@@3@@std@@QAE?AU?$pair@V?$_Tree_iterator@V?$_Tree_val@U?$_Tree_simple_types@U?$pair@$$CBHPAV?$ObserverImplBase@HUSkinChangedParam@@@@@std@@@std@@@std@@@std@@_N@1@ABH@Z 00415670 f i MainWnd.obj
 0001:00014920       ??$_Try_emplace@ABH$$V@?$map@HPAV?$ReceiverImplBase@HUSkinChangedParam@@@@U?$less@H@std@@V?$allocator@U?$pair@$$CBHPAV?$ReceiverImplBase@HUSkinChangedParam@@@@@std@@@3@@std@@QAE?AU?$pair@V?$_Tree_iterator@V?$_Tree_val@U?$_Tree_simple_types@U?$pair@$$CBHPAV?$ReceiverImplBase@HUSkinChangedParam@@@@@std@@@std@@@std@@@std@@_N@1@ABH@Z 00415920 f i MainWnd.obj
 0001:00014bd0       ??$addressof@PAU?$_Tree_node@U?$pair@$$CBHPAV?$ObserverImplBase@HUSkinChangedParam@@@@@std@@PAX@std@@@std@@YAPAPAU?$_Tree_node@U?$pair@$$CBHPAV?$ObserverImplBase@HUSkinChangedParam@@@@@std@@PAX@0@AAPAU10@@Z 00415bd0 f i MainWnd.obj
 0001:00014be0       ??$addressof@PAU?$_Tree_node@U?$pair@$$CBHPAV?$ReceiverImplBase@HUSkinChangedParam@@@@@std@@PAX@std@@@std@@YAPAPAU?$_Tree_node@U?$pair@$$CBHPAV?$ReceiverImplBase@HUSkinChangedParam@@@@@std@@PAX@0@AAPAU10@@Z 00415be0 f i MainWnd.obj
 0001:00014bf0       ??$addressof@U?$pair@$$CBHPAV?$ObserverImplBase@HUSkinChangedParam@@@@@std@@@std@@YAPAU?$pair@$$CBHPAV?$ObserverImplBase@HUSkinChangedParam@@@@@0@AAU10@@Z 00415bf0 f i MainWnd.obj
 0001:00014c00       ??$addressof@U?$pair@$$CBHPAV?$ReceiverImplBase@HUSkinChangedParam@@@@@std@@@std@@YAPAU?$pair@$$CBHPAV?$ReceiverImplBase@HUSkinChangedParam@@@@@0@AAU10@@Z 00415c00 f i MainWnd.obj
 0001:00014c10       ??$addressof@V?$_Tree_val@U?$_Tree_simple_types@U?$pair@$$CBHPAV?$ObserverImplBase@HUSkinChangedParam@@@@@std@@@std@@@std@@@std@@YAPAV?$_Tree_val@U?$_Tree_simple_types@U?$pair@$$CBHPAV?$ObserverImplBase@HUSkinChangedParam@@@@@std@@@std@@@0@AAV10@@Z 00415c10 f i MainWnd.obj
 0001:00014c20       ??$addressof@V?$_Tree_val@U?$_Tree_simple_types@U?$pair@$$CBHPAV?$ReceiverImplBase@HUSkinChangedParam@@@@@std@@@std@@@std@@@std@@YAPAV?$_Tree_val@U?$_Tree_simple_types@U?$pair@$$CBHPAV?$ReceiverImplBase@HUSkinChangedParam@@@@@std@@@std@@@0@AAV10@@Z 00415c20 f i MainWnd.obj
 0001:00014c30       ??$construct@PAU?$_Tree_node@U?$pair@$$CBHPAV?$ObserverImplBase@HUSkinChangedParam@@@@@std@@PAX@std@@AAPAU12@@?$_Default_allocator_traits@V?$allocator@U?$_Tree_node@U?$pair@$$CBHPAV?$ObserverImplBase@HUSkinChangedParam@@@@@std@@PAX@std@@@std@@@std@@SAXAAV?$allocator@U?$_Tree_node@U?$pair@$$CBHPAV?$ObserverImplBase@HUSkinChangedParam@@@@@std@@PAX@std@@@1@QAPAU?$_Tree_node@U?$pair@$$CBHPAV?$ObserverImplBase@HUSkinChangedParam@@@@@std@@PAX@1@AAPAU31@@Z 00415c30 f i MainWnd.obj
 0001:00014c80       ??$construct@PAU?$_Tree_node@U?$pair@$$CBHPAV?$ReceiverImplBase@HUSkinChangedParam@@@@@std@@PAX@std@@AAPAU12@@?$_Default_allocator_traits@V?$allocator@U?$_Tree_node@U?$pair@$$CBHPAV?$ReceiverImplBase@HUSkinChangedParam@@@@@std@@PAX@std@@@std@@@std@@SAXAAV?$allocator@U?$_Tree_node@U?$pair@$$CBHPAV?$ReceiverImplBase@HUSkinChangedParam@@@@@std@@PAX@std@@@1@QAPAU?$_Tree_node@U?$pair@$$CBHPAV?$ReceiverImplBase@HUSkinChangedParam@@@@@std@@PAX@1@AAPAU31@@Z 00415c80 f i MainWnd.obj
 0001:00014cd0       ??$construct@U?$pair@$$CBHPAV?$ObserverImplBase@HUSkinChangedParam@@@@@std@@ABUpiecewise_construct_t@2@V?$tuple@ABH@2@V?$tuple@$$V@2@@?$_Default_allocator_traits@V?$allocator@U?$_Tree_node@U?$pair@$$CBHPAV?$ObserverImplBase@HUSkinChangedParam@@@@@std@@PAX@std@@@std@@@std@@SAXAAV?$allocator@U?$_Tree_node@U?$pair@$$CBHPAV?$ObserverImplBase@HUSkinChangedParam@@@@@std@@PAX@std@@@1@QAU?$pair@$$CBHPAV?$ObserverImplBase@HUSkinChangedParam@@@@@1@ABUpiecewise_construct_t@1@$$QAV?$tuple@ABH@1@$$QAV?$tuple@$$V@1@@Z 00415cd0 f i MainWnd.obj
 0001:00014dd0       ??$construct@U?$pair@$$CBHPAV?$ReceiverImplBase@HUSkinChangedParam@@@@@std@@ABUpiecewise_construct_t@2@V?$tuple@ABH@2@V?$tuple@$$V@2@@?$_Default_allocator_traits@V?$allocator@U?$_Tree_node@U?$pair@$$CBHPAV?$ReceiverImplBase@HUSkinChangedParam@@@@@std@@PAX@std@@@std@@@std@@SAXAAV?$allocator@U?$_Tree_node@U?$pair@$$CBHPAV?$ReceiverImplBase@HUSkinChangedParam@@@@@std@@PAX@std@@@1@QAU?$pair@$$CBHPAV?$ReceiverImplBase@HUSkinChangedParam@@@@@1@ABUpiecewise_construct_t@1@$$QAV?$tuple@ABH@1@$$QAV?$tuple@$$V@1@@Z 00415dd0 f i MainWnd.obj
 0001:00014ed0       ??$destroy@PAU?$_Tree_node@U?$pair@$$CBHPAV?$ObserverImplBase@HUSkinChangedParam@@@@@std@@PAX@std@@@?$_Default_allocator_traits@V?$allocator@U?$_Tree_node@U?$pair@$$CBHPAV?$ObserverImplBase@HUSkinChangedParam@@@@@std@@PAX@std@@@std@@@std@@SAXAAV?$allocator@U?$_Tree_node@U?$pair@$$CBHPAV?$ObserverImplBase@HUSkinChangedParam@@@@@std@@PAX@std@@@1@QAPAU?$_Tree_node@U?$pair@$$CBHPAV?$ObserverImplBase@HUSkinChangedParam@@@@@std@@PAX@1@@Z 00415ed0 f i MainWnd.obj
 0001:00014ee0       ??$destroy@PAU?$_Tree_node@U?$pair@$$CBHPAV?$ReceiverImplBase@HUSkinChangedParam@@@@@std@@PAX@std@@@?$_Default_allocator_traits@V?$allocator@U?$_Tree_node@U?$pair@$$CBHPAV?$ReceiverImplBase@HUSkinChangedParam@@@@@std@@PAX@std@@@std@@@std@@SAXAAV?$allocator@U?$_Tree_node@U?$pair@$$CBHPAV?$ReceiverImplBase@HUSkinChangedParam@@@@@std@@PAX@std@@@1@QAPAU?$_Tree_node@U?$pair@$$CBHPAV?$ReceiverImplBase@HUSkinChangedParam@@@@@std@@PAX@1@@Z 00415ee0 f i MainWnd.obj
 0001:00014ef0       ??$destroy@U?$pair@$$CBHPAV?$ObserverImplBase@HUSkinChangedParam@@@@@std@@@?$_Default_allocator_traits@V?$allocator@U?$_Tree_node@U?$pair@$$CBHPAV?$ObserverImplBase@HUSkinChangedParam@@@@@std@@PAX@std@@@std@@@std@@SAXAAV?$allocator@U?$_Tree_node@U?$pair@$$CBHPAV?$ObserverImplBase@HUSkinChangedParam@@@@@std@@PAX@std@@@1@QAU?$pair@$$CBHPAV?$ObserverImplBase@HUSkinChangedParam@@@@@1@@Z 00415ef0 f i MainWnd.obj
 0001:00014f00       ??$destroy@U?$pair@$$CBHPAV?$ReceiverImplBase@HUSkinChangedParam@@@@@std@@@?$_Default_allocator_traits@V?$allocator@U?$_Tree_node@U?$pair@$$CBHPAV?$ReceiverImplBase@HUSkinChangedParam@@@@@std@@PAX@std@@@std@@@std@@SAXAAV?$allocator@U?$_Tree_node@U?$pair@$$CBHPAV?$ReceiverImplBase@HUSkinChangedParam@@@@@std@@PAX@std@@@1@QAU?$pair@$$CBHPAV?$ReceiverImplBase@HUSkinChangedParam@@@@@1@@Z 00415f00 f i MainWnd.obj
 0001:00014f10       ??$emplace_hint@ABUpiecewise_construct_t@std@@V?$tuple@ABH@2@V?$tuple@$$V@2@@?$_Tree@V?$_Tmap_traits@HPAV?$ObserverImplBase@HUSkinChangedParam@@@@U?$less@H@std@@V?$allocator@U?$pair@$$CBHPAV?$ObserverImplBase@HUSkinChangedParam@@@@@std@@@3@$0A@@std@@@std@@QAE?AV?$_Tree_iterator@V?$_Tree_val@U?$_Tree_simple_types@U?$pair@$$CBHPAV?$ObserverImplBase@HUSkinChangedParam@@@@@std@@@std@@@std@@@1@V?$_Tree_const_iterator@V?$_Tree_val@U?$_Tree_simple_types@U?$pair@$$CBHPAV?$ObserverImplBase@HUSkinChangedParam@@@@@std@@@std@@@std@@@1@ABUpiecewise_construct_t@1@$$QAV?$tuple@ABH@1@$$QAV?$tuple@$$V@1@@Z 00415f10 f i MainWnd.obj
 0001:00015030       ??$emplace_hint@ABUpiecewise_construct_t@std@@V?$tuple@ABH@2@V?$tuple@$$V@2@@?$_Tree@V?$_Tmap_traits@HPAV?$ReceiverImplBase@HUSkinChangedParam@@@@U?$less@H@std@@V?$allocator@U?$pair@$$CBHPAV?$ReceiverImplBase@HUSkinChangedParam@@@@@std@@@3@$0A@@std@@@std@@QAE?AV?$_Tree_iterator@V?$_Tree_val@U?$_Tree_simple_types@U?$pair@$$CBHPAV?$ReceiverImplBase@HUSkinChangedParam@@@@@std@@@std@@@std@@@1@V?$_Tree_const_iterator@V?$_Tree_val@U?$_Tree_simple_types@U?$pair@$$CBHPAV?$ReceiverImplBase@HUSkinChangedParam@@@@@std@@@std@@@std@@@1@ABUpiecewise_construct_t@1@$$QAV?$tuple@ABH@1@$$QAV?$tuple@$$V@1@@Z 00416030 f i MainWnd.obj
 0001:00015150       ??$erase@V?$_Tree_iterator@V?$_Tree_val@U?$_Tree_simple_types@U?$pair@$$CBHPAV?$ReceiverImplBase@HUSkinChangedParam@@@@@std@@@std@@@std@@@std@@X@?$_Tree@V?$_Tmap_traits@HPAV?$ReceiverImplBase@HUSkinChangedParam@@@@U?$less@H@std@@V?$allocator@U?$pair@$$CBHPAV?$ReceiverImplBase@HUSkinChangedParam@@@@@std@@@3@$0A@@std@@@std@@QAE?AV?$_Tree_iterator@V?$_Tree_val@U?$_Tree_simple_types@U?$pair@$$CBHPAV?$ReceiverImplBase@HUSkinChangedParam@@@@@std@@@std@@@std@@@1@V21@@Z 00416150 f i MainWnd.obj
 0001:00015220       ??$forward@AAPAU?$_Tree_node@U?$pair@$$CBHPAV?$ObserverImplBase@HUSkinChangedParam@@@@@std@@PAX@std@@@std@@YAAAPAU?$_Tree_node@U?$pair@$$CBHPAV?$ObserverImplBase@HUSkinChangedParam@@@@@std@@PAX@0@AAPAU10@@Z 00416220 f i MainWnd.obj
 0001:00015230       ??$forward@AAPAU?$_Tree_node@U?$pair@$$CBHPAV?$ReceiverImplBase@HUSkinChangedParam@@@@@std@@PAX@std@@@std@@YAAAPAU?$_Tree_node@U?$pair@$$CBHPAV?$ReceiverImplBase@HUSkinChangedParam@@@@@std@@PAX@0@AAPAU10@@Z 00416230 f i MainWnd.obj
 0001:00015240       ??$forward@AAU?$pair@$$CBHPAV?$ObserverImplBase@HUSkinChangedParam@@@@@std@@@std@@YAAAU?$pair@$$CBHPAV?$ObserverImplBase@HUSkinChangedParam@@@@@0@AAU10@@Z 00416240 f i MainWnd.obj
 0001:00015250       ??$forward@AAU?$pair@$$CBHPAV?$ReceiverImplBase@HUSkinChangedParam@@@@@std@@@std@@YAAAU?$pair@$$CBHPAV?$ReceiverImplBase@HUSkinChangedParam@@@@@0@AAU10@@Z 00416250 f i MainWnd.obj
 0001:00015260       ??$forward@AAV?$_Tree_iterator@V?$_Tree_val@U?$_Tree_simple_types@U?$pair@$$CBHPAV?$ObserverImplBase@HUSkinChangedParam@@@@@std@@@std@@@std@@@std@@@std@@YAAAV?$_Tree_iterator@V?$_Tree_val@U?$_Tree_simple_types@U?$pair@$$CBHPAV?$ObserverImplBase@HUSkinChangedParam@@@@@std@@@std@@@std@@@0@AAV10@@Z 00416260 f i MainWnd.obj
 0001:00015270       ??$forward@AAV?$_Tree_iterator@V?$_Tree_val@U?$_Tree_simple_types@U?$pair@$$CBHPAV?$ReceiverImplBase@HUSkinChangedParam@@@@@std@@@std@@@std@@@std@@@std@@YAAAV?$_Tree_iterator@V?$_Tree_val@U?$_Tree_simple_types@U?$pair@$$CBHPAV?$ReceiverImplBase@HUSkinChangedParam@@@@@std@@@std@@@std@@@0@AAV10@@Z 00416270 f i MainWnd.obj
 0001:00015280       ??$forward@ABH@std@@YAABHABH@Z 00416280 f i MainWnd.obj
 0001:00015290       ??$forward@ABU?$less@H@std@@@std@@YAABU?$less@H@0@ABU10@@Z 00416290 f i MainWnd.obj
 0001:000152a0       ??$forward@ABUpiecewise_construct_t@std@@@std@@YAABUpiecewise_construct_t@0@ABU10@@Z 004162a0 f i MainWnd.obj
 0001:000152b0       ??$forward@U_Zero_then_variadic_args_t@std@@@std@@YA$$QAU_Zero_then_variadic_args_t@0@AAU10@@Z 004162b0 f i MainWnd.obj
 0001:000152c0       ??$forward@V?$_Tree_iterator@V?$_Tree_val@U?$_Tree_simple_types@U?$pair@$$CBHPAV?$ObserverImplBase@HUSkinChangedParam@@@@@std@@@std@@@std@@@std@@@std@@YA$$QAV?$_Tree_iterator@V?$_Tree_val@U?$_Tree_simple_types@U?$pair@$$CBHPAV?$ObserverImplBase@HUSkinChangedParam@@@@@std@@@std@@@std@@@0@AAV10@@Z 004162c0 f i MainWnd.obj
 0001:000152d0       ??$forward@V?$_Tree_iterator@V?$_Tree_val@U?$_Tree_simple_types@U?$pair@$$CBHPAV?$ReceiverImplBase@HUSkinChangedParam@@@@@std@@@std@@@std@@@std@@@std@@YA$$QAV?$_Tree_iterator@V?$_Tree_val@U?$_Tree_simple_types@U?$pair@$$CBHPAV?$ReceiverImplBase@HUSkinChangedParam@@@@@std@@@std@@@std@@@0@AAV10@@Z 004162d0 f i MainWnd.obj
 0001:000152e0       ??$forward@V?$tuple@$$V@std@@@std@@YA$$QAV?$tuple@$$V@0@AAV10@@Z 004162e0 f i MainWnd.obj
 0001:000152f0       ??$forward@V?$tuple@ABH@std@@@std@@YA$$QAV?$tuple@ABH@0@AAV10@@Z 004162f0 f i MainWnd.obj
 0001:00015300       ??$forward@_N@std@@YA$$QA_NAA_N@Z 00416300 f i MainWnd.obj
 0001:00015310       ??$forward_as_tuple@$$V@std@@YA?AV?$tuple@$$V@0@XZ 00416310 f i MainWnd.obj
 0001:00015330       ??$forward_as_tuple@ABH@std@@YA?AV?$tuple@ABH@0@ABH@Z 00416330 f i MainWnd.obj
 0001:000153a0       ??$get@$0A@ABH@std@@YAABH$$QAV?$tuple@ABH@0@@Z 004163a0 f i MainWnd.obj
 0001:000153c0       ??$move@AAD@std@@YA$$QADAAD@Z 004163c0 f i MainWnd.obj
 0001:000153d0       ??$move@AAV?$tuple@ABH@std@@@std@@YA$$QAV?$tuple@ABH@0@AAV10@@Z 004163d0 f i MainWnd.obj
 0001:000153e0       ??$swap@DX@std@@YAXAAD0@Z  004163e0 f i MainWnd.obj
 0001:00015490       ??$try_emplace@$$V@?$map@HPAV?$ObserverImplBase@HUSkinChangedParam@@@@U?$less@H@std@@V?$allocator@U?$pair@$$CBHPAV?$ObserverImplBase@HUSkinChangedParam@@@@@std@@@3@@std@@QAE?AU?$pair@V?$_Tree_iterator@V?$_Tree_val@U?$_Tree_simple_types@U?$pair@$$CBHPAV?$ObserverImplBase@HUSkinChangedParam@@@@@std@@@std@@@std@@@std@@_N@1@ABH@Z 00416490 f i MainWnd.obj
 0001:000154f0       ??$try_emplace@$$V@?$map@HPAV?$ReceiverImplBase@HUSkinChangedParam@@@@U?$less@H@std@@V?$allocator@U?$pair@$$CBHPAV?$ReceiverImplBase@HUSkinChangedParam@@@@@std@@@3@@std@@QAE?AU?$pair@V?$_Tree_iterator@V?$_Tree_val@U?$_Tree_simple_types@U?$pair@$$CBHPAV?$ReceiverImplBase@HUSkinChangedParam@@@@@std@@@std@@@std@@@std@@_N@1@ABH@Z 004164f0 f i MainWnd.obj
 0001:00015550       ??0?$ObserverImpl@HUSkinChangedParam@@@@QAE@XZ 00416550 f i MainWnd.obj
 0001:000155b0       ??0?$ObserverImplBase@HUSkinChangedParam@@@@QAE@XZ 004165b0 f i MainWnd.obj
 0001:000155e0       ??0?$ReceiverImpl@HUSkinChangedParam@@@@QAE@XZ 004165e0 f i MainWnd.obj
 0001:00015640       ??0?$ReceiverImplBase@HUSkinChangedParam@@@@QAE@XZ 00416640 f i MainWnd.obj
 0001:00015670       ??0?$_Tree@V?$_Tmap_traits@HPAV?$ObserverImplBase@HUSkinChangedParam@@@@U?$less@H@std@@V?$allocator@U?$pair@$$CBHPAV?$ObserverImplBase@HUSkinChangedParam@@@@@std@@@3@$0A@@std@@@std@@QAE@ABU?$less@H@1@@Z 00416670 f i MainWnd.obj
 0001:000156b0       ??0?$_Tree@V?$_Tmap_traits@HPAV?$ReceiverImplBase@HUSkinChangedParam@@@@U?$less@H@std@@V?$allocator@U?$pair@$$CBHPAV?$ReceiverImplBase@HUSkinChangedParam@@@@@std@@@3@$0A@@std@@@std@@QAE@ABU?$less@H@1@@Z 004166b0 f i MainWnd.obj
 0001:000156f0       ??0?$_Tree_comp_alloc@V?$_Tmap_traits@HPAV?$ObserverImplBase@HUSkinChangedParam@@@@U?$less@H@std@@V?$allocator@U?$pair@$$CBHPAV?$ObserverImplBase@HUSkinChangedParam@@@@@std@@@3@$0A@@std@@@std@@QAE@ABU?$less@H@1@@Z 004166f0 f i MainWnd.obj
 0001:00015790       ??0?$_Tree_comp_alloc@V?$_Tmap_traits@HPAV?$ReceiverImplBase@HUSkinChangedParam@@@@U?$less@H@std@@V?$allocator@U?$pair@$$CBHPAV?$ReceiverImplBase@HUSkinChangedParam@@@@@std@@@3@$0A@@std@@@std@@QAE@ABU?$less@H@1@@Z 00416790 f i MainWnd.obj
 0001:00015830       ??0?$_Tree_const_iterator@V?$_Tree_val@U?$_Tree_simple_types@U?$pair@$$CBHPAV?$ObserverImplBase@HUSkinChangedParam@@@@@std@@@std@@@std@@@std@@QAE@$$QAV01@@Z 00416830 f i MainWnd.obj
 0001:00015870       ??0?$_Tree_const_iterator@V?$_Tree_val@U?$_Tree_simple_types@U?$pair@$$CBHPAV?$ObserverImplBase@HUSkinChangedParam@@@@@std@@@std@@@std@@@std@@QAE@ABV01@@Z 00416870 f i MainWnd.obj
 0001:000158b0       ??0?$_Tree_const_iterator@V?$_Tree_val@U?$_Tree_simple_types@U?$pair@$$CBHPAV?$ObserverImplBase@HUSkinChangedParam@@@@@std@@@std@@@std@@@std@@QAE@PAU?$_Tree_node@U?$pair@$$CBHPAV?$ObserverImplBase@HUSkinChangedParam@@@@@std@@PAX@1@PBV?$_Tree_val@U?$_Tree_simple_types@U?$pair@$$CBHPAV?$ObserverImplBase@HUSkinChangedParam@@@@@std@@@std@@@1@@Z 004168b0 f i MainWnd.obj
 0001:000158f0       ??0?$_Tree_const_iterator@V?$_Tree_val@U?$_Tree_simple_types@U?$pair@$$CBHPAV?$ObserverImplBase@HUSkinChangedParam@@@@@std@@@std@@@std@@@std@@QAE@XZ 004168f0 f i MainWnd.obj
 0001:00015920       ??0?$_Tree_const_iterator@V?$_Tree_val@U?$_Tree_simple_types@U?$pair@$$CBHPAV?$ReceiverImplBase@HUSkinChangedParam@@@@@std@@@std@@@std@@@std@@QAE@$$QAV01@@Z 00416920 f i MainWnd.obj
 0001:00015960       ??0?$_Tree_const_iterator@V?$_Tree_val@U?$_Tree_simple_types@U?$pair@$$CBHPAV?$ReceiverImplBase@HUSkinChangedParam@@@@@std@@@std@@@std@@@std@@QAE@ABV01@@Z 00416960 f i MainWnd.obj
 0001:000159a0       ??0?$_Tree_const_iterator@V?$_Tree_val@U?$_Tree_simple_types@U?$pair@$$CBHPAV?$ReceiverImplBase@HUSkinChangedParam@@@@@std@@@std@@@std@@@std@@QAE@PAU?$_Tree_node@U?$pair@$$CBHPAV?$ReceiverImplBase@HUSkinChangedParam@@@@@std@@PAX@1@PBV?$_Tree_val@U?$_Tree_simple_types@U?$pair@$$CBHPAV?$ReceiverImplBase@HUSkinChangedParam@@@@@std@@@std@@@1@@Z 004169a0 f i MainWnd.obj
 0001:000159e0       ??0?$_Tree_const_iterator@V?$_Tree_val@U?$_Tree_simple_types@U?$pair@$$CBHPAV?$ReceiverImplBase@HUSkinChangedParam@@@@@std@@@std@@@std@@@std@@QAE@XZ 004169e0 f i MainWnd.obj
 0001:00015a10       ??0?$_Tree_iterator@V?$_Tree_val@U?$_Tree_simple_types@U?$pair@$$CBHPAV?$ObserverImplBase@HUSkinChangedParam@@@@@std@@@std@@@std@@@std@@QAE@$$QAV01@@Z 00416a10 f i MainWnd.obj
 0001:00015a50       ??0?$_Tree_iterator@V?$_Tree_val@U?$_Tree_simple_types@U?$pair@$$CBHPAV?$ObserverImplBase@HUSkinChangedParam@@@@@std@@@std@@@std@@@std@@QAE@ABV01@@Z 00416a50 f i MainWnd.obj
 0001:00015a90       ??0?$_Tree_iterator@V?$_Tree_val@U?$_Tree_simple_types@U?$pair@$$CBHPAV?$ObserverImplBase@HUSkinChangedParam@@@@@std@@@std@@@std@@@std@@QAE@PAU?$_Tree_node@U?$pair@$$CBHPAV?$ObserverImplBase@HUSkinChangedParam@@@@@std@@PAX@1@PBV?$_Tree_val@U?$_Tree_simple_types@U?$pair@$$CBHPAV?$ObserverImplBase@HUSkinChangedParam@@@@@std@@@std@@@1@@Z 00416a90 f i MainWnd.obj
 0001:00015ad0       ??0?$_Tree_iterator@V?$_Tree_val@U?$_Tree_simple_types@U?$pair@$$CBHPAV?$ReceiverImplBase@HUSkinChangedParam@@@@@std@@@std@@@std@@@std@@QAE@$$QAV01@@Z 00416ad0 f i MainWnd.obj
 0001:00015b10       ??0?$_Tree_iterator@V?$_Tree_val@U?$_Tree_simple_types@U?$pair@$$CBHPAV?$ReceiverImplBase@HUSkinChangedParam@@@@@std@@@std@@@std@@@std@@QAE@ABV01@@Z 00416b10 f i MainWnd.obj
 0001:00015b50       ??0?$_Tree_iterator@V?$_Tree_val@U?$_Tree_simple_types@U?$pair@$$CBHPAV?$ReceiverImplBase@HUSkinChangedParam@@@@@std@@@std@@@std@@@std@@QAE@PAU?$_Tree_node@U?$pair@$$CBHPAV?$ReceiverImplBase@HUSkinChangedParam@@@@@std@@PAX@1@PBV?$_Tree_val@U?$_Tree_simple_types@U?$pair@$$CBHPAV?$ReceiverImplBase@HUSkinChangedParam@@@@@std@@@std@@@1@@Z 00416b50 f i MainWnd.obj
 0001:00015b90       ??0?$_Tree_unchecked_const_iterator@V?$_Tree_val@U?$_Tree_simple_types@U?$pair@$$CBHPAV?$ObserverImplBase@HUSkinChangedParam@@@@@std@@@std@@@std@@U_Iterator_base12@2@@std@@QAE@$$QAV01@@Z 00416b90 f i MainWnd.obj
 0001:00015be0       ??0?$_Tree_unchecked_const_iterator@V?$_Tree_val@U?$_Tree_simple_types@U?$pair@$$CBHPAV?$ObserverImplBase@HUSkinChangedParam@@@@@std@@@std@@@std@@U_Iterator_base12@2@@std@@QAE@ABV01@@Z 00416be0 f i MainWnd.obj
 0001:00015c30       ??0?$_Tree_unchecked_const_iterator@V?$_Tree_val@U?$_Tree_simple_types@U?$pair@$$CBHPAV?$ObserverImplBase@HUSkinChangedParam@@@@@std@@@std@@@std@@U_Iterator_base12@2@@std@@QAE@PAU?$_Tree_node@U?$pair@$$CBHPAV?$ObserverImplBase@HUSkinChangedParam@@@@@std@@PAX@1@PBV?$_Tree_val@U?$_Tree_simple_types@U?$pair@$$CBHPAV?$ObserverImplBase@HUSkinChangedParam@@@@@std@@@std@@@1@@Z 00416c30 f i MainWnd.obj
 0001:00015c80       ??0?$_Tree_unchecked_const_iterator@V?$_Tree_val@U?$_Tree_simple_types@U?$pair@$$CBHPAV?$ObserverImplBase@HUSkinChangedParam@@@@@std@@@std@@@std@@U_Iterator_base12@2@@std@@QAE@XZ 00416c80 f i MainWnd.obj
 0001:00015cc0       ??0?$_Tree_unchecked_const_iterator@V?$_Tree_val@U?$_Tree_simple_types@U?$pair@$$CBHPAV?$ReceiverImplBase@HUSkinChangedParam@@@@@std@@@std@@@std@@U_Iterator_base12@2@@std@@QAE@$$QAV01@@Z 00416cc0 f i MainWnd.obj
 0001:00015d10       ??0?$_Tree_unchecked_const_iterator@V?$_Tree_val@U?$_Tree_simple_types@U?$pair@$$CBHPAV?$ReceiverImplBase@HUSkinChangedParam@@@@@std@@@std@@@std@@U_Iterator_base12@2@@std@@QAE@ABV01@@Z 00416d10 f i MainWnd.obj
 0001:00015d60       ??0?$_Tree_unchecked_const_iterator@V?$_Tree_val@U?$_Tree_simple_types@U?$pair@$$CBHPAV?$ReceiverImplBase@HUSkinChangedParam@@@@@std@@@std@@@std@@U_Iterator_base12@2@@std@@QAE@PAU?$_Tree_node@U?$pair@$$CBHPAV?$ReceiverImplBase@HUSkinChangedParam@@@@@std@@PAX@1@PBV?$_Tree_val@U?$_Tree_simple_types@U?$pair@$$CBHPAV?$ReceiverImplBase@HUSkinChangedParam@@@@@std@@@std@@@1@@Z 00416d60 f i MainWnd.obj
 0001:00015db0       ??0?$_Tree_unchecked_const_iterator@V?$_Tree_val@U?$_Tree_simple_types@U?$pair@$$CBHPAV?$ReceiverImplBase@HUSkinChangedParam@@@@@std@@@std@@@std@@U_Iterator_base12@2@@std@@QAE@XZ 00416db0 f i MainWnd.obj
 0001:00015df0       ??0?$_Tree_val@U?$_Tree_simple_types@U?$pair@$$CBHPAV?$ObserverImplBase@HUSkinChangedParam@@@@@std@@@std@@@std@@QAE@XZ 00416df0 f i MainWnd.obj
 0001:00015e40       ??0?$_Tree_val@U?$_Tree_simple_types@U?$pair@$$CBHPAV?$ReceiverImplBase@HUSkinChangedParam@@@@@std@@@std@@@std@@QAE@XZ 00416e40 f i MainWnd.obj
 0001:00015e90       ??0?$allocator@U?$_Tree_node@U?$pair@$$CBHPAV?$ObserverImplBase@HUSkinChangedParam@@@@@std@@PAX@std@@@std@@QAE@XZ 00416e90 f i MainWnd.obj
 0001:00015eb0       ??0?$allocator@U?$_Tree_node@U?$pair@$$CBHPAV?$ReceiverImplBase@HUSkinChangedParam@@@@@std@@PAX@std@@@std@@QAE@XZ 00416eb0 f i MainWnd.obj
 0001:00015ed0       ??0?$map@HPAV?$ObserverImplBase@HUSkinChangedParam@@@@U?$less@H@std@@V?$allocator@U?$pair@$$CBHPAV?$ObserverImplBase@HUSkinChangedParam@@@@@std@@@3@@std@@QAE@XZ 00416ed0 f i MainWnd.obj
 0001:00015f20       ??0?$map@HPAV?$ReceiverImplBase@HUSkinChangedParam@@@@U?$less@H@std@@V?$allocator@U?$pair@$$CBHPAV?$ReceiverImplBase@HUSkinChangedParam@@@@@std@@@3@@std@@QAE@XZ 00416f20 f i MainWnd.obj
 0001:00015f70       ??0?$tuple@$$V@std@@QAE@ABV01@@Z 00416f70 f i MainWnd.obj
 0001:00015f90       ??0?$tuple@$$V@std@@QAE@XZ 00416f90 f i MainWnd.obj
 0001:00015fb0       ??0?$tuple@ABH@std@@QAE@$$QAV01@@Z 00416fb0 f i MainWnd.obj
 0001:00016000       ??0CSkinFrame@@QAE@PAUHWND__@@PAVCControlUI@DuiLib@@@Z 00417000 f i MainWnd.obj
 0001:00016130       ??0CSkinManager@@AAE@XZ    00417130 f i MainWnd.obj
 0001:00016160       ??0CWebBrowserEventHandler@DuiLib@@QAE@XZ 00417160 f i MainWnd.obj
 0001:00016190       ??0Data_t@_bstr_t@@QAE@PB_W@Z 00417190 f i MainWnd.obj
 0001:00016210       ??0INotifyUI@DuiLib@@QAE@XZ 00417210 f i MainWnd.obj
 0001:00016240       ??0SkinChangedParam@@QAE@ABU0@@Z 00417240 f i MainWnd.obj
 0001:000162b0       ??0SkinChangedParam@@QAE@XZ 004172b0 f i MainWnd.obj
 0001:00016300       ??0_bstr_t@@QAE@PB_W@Z     00417300 f i MainWnd.obj
 0001:000163e0       ??1?$ObserverImpl@HUSkinChangedParam@@@@UAE@XZ 004173e0 f i MainWnd.obj
 0001:00016420       ??1?$ReceiverImpl@HUSkinChangedParam@@@@UAE@XZ 00417420 f i MainWnd.obj
 0001:00016460       ??1?$_Compressed_pair@U?$less@H@std@@V?$_Compressed_pair@V?$allocator@U?$_Tree_node@U?$pair@$$CBHPAV?$ObserverImplBase@HUSkinChangedParam@@@@@std@@PAX@std@@@std@@V?$_Tree_val@U?$_Tree_simple_types@U?$pair@$$CBHPAV?$ObserverImplBase@HUSkinChangedParam@@@@@std@@@std@@@2@$00@2@$00@std@@QAE@XZ 00417460 f i MainWnd.obj
 0001:00016490       ??1?$_Compressed_pair@U?$less@H@std@@V?$_Compressed_pair@V?$allocator@U?$_Tree_node@U?$pair@$$CBHPAV?$ReceiverImplBase@HUSkinChangedParam@@@@@std@@PAX@std@@@std@@V?$_Tree_val@U?$_Tree_simple_types@U?$pair@$$CBHPAV?$ReceiverImplBase@HUSkinChangedParam@@@@@std@@@std@@@2@$00@2@$00@std@@QAE@XZ 00417490 f i MainWnd.obj
 0001:000164c0       ??1?$_Compressed_pair@V?$allocator@U?$_Tree_node@U?$pair@$$CBHPAV?$ObserverImplBase@HUSkinChangedParam@@@@@std@@PAX@std@@@std@@V?$_Tree_val@U?$_Tree_simple_types@U?$pair@$$CBHPAV?$ObserverImplBase@HUSkinChangedParam@@@@@std@@@std@@@2@$00@std@@QAE@XZ 004174c0 f i MainWnd.obj
 0001:000164f0       ??1?$_Compressed_pair@V?$allocator@U?$_Tree_node@U?$pair@$$CBHPAV?$ReceiverImplBase@HUSkinChangedParam@@@@@std@@PAX@std@@@std@@V?$_Tree_val@U?$_Tree_simple_types@U?$pair@$$CBHPAV?$ReceiverImplBase@HUSkinChangedParam@@@@@std@@@std@@@2@$00@std@@QAE@XZ 004174f0 f i MainWnd.obj
 0001:00016520       ??1?$_Tree@V?$_Tmap_traits@HPAV?$ObserverImplBase@HUSkinChangedParam@@@@U?$less@H@std@@V?$allocator@U?$pair@$$CBHPAV?$ObserverImplBase@HUSkinChangedParam@@@@@std@@@3@$0A@@std@@@std@@QAE@XZ 00417520 f i MainWnd.obj
 0001:00016590       ??1?$_Tree@V?$_Tmap_traits@HPAV?$ReceiverImplBase@HUSkinChangedParam@@@@U?$less@H@std@@V?$allocator@U?$pair@$$CBHPAV?$ReceiverImplBase@HUSkinChangedParam@@@@@std@@@3@$0A@@std@@@std@@QAE@XZ 00417590 f i MainWnd.obj
 0001:00016600       ??1?$_Tree_comp_alloc@V?$_Tmap_traits@HPAV?$ObserverImplBase@HUSkinChangedParam@@@@U?$less@H@std@@V?$allocator@U?$pair@$$CBHPAV?$ObserverImplBase@HUSkinChangedParam@@@@@std@@@3@$0A@@std@@@std@@QAE@XZ 00417600 f i MainWnd.obj
 0001:00016690       ??1?$_Tree_comp_alloc@V?$_Tmap_traits@HPAV?$ReceiverImplBase@HUSkinChangedParam@@@@U?$less@H@std@@V?$allocator@U?$pair@$$CBHPAV?$ReceiverImplBase@HUSkinChangedParam@@@@@std@@@3@$0A@@std@@@std@@QAE@XZ 00417690 f i MainWnd.obj
 0001:00016720       ??1?$_Tree_const_iterator@V?$_Tree_val@U?$_Tree_simple_types@U?$pair@$$CBHPAV?$ObserverImplBase@HUSkinChangedParam@@@@@std@@@std@@@std@@@std@@QAE@XZ 00417720 f i MainWnd.obj
 0001:00016750       ??1?$_Tree_const_iterator@V?$_Tree_val@U?$_Tree_simple_types@U?$pair@$$CBHPAV?$ReceiverImplBase@HUSkinChangedParam@@@@@std@@@std@@@std@@@std@@QAE@XZ 00417750 f i MainWnd.obj
 0001:00016780       ??1?$_Tree_iterator@V?$_Tree_val@U?$_Tree_simple_types@U?$pair@$$CBHPAV?$ObserverImplBase@HUSkinChangedParam@@@@@std@@@std@@@std@@@std@@QAE@XZ 00417780 f i MainWnd.obj
 0001:000167b0       ??1?$_Tree_iterator@V?$_Tree_val@U?$_Tree_simple_types@U?$pair@$$CBHPAV?$ReceiverImplBase@HUSkinChangedParam@@@@@std@@@std@@@std@@@std@@QAE@XZ 004177b0 f i MainWnd.obj
 0001:000167e0       ??1?$_Tree_unchecked_const_iterator@V?$_Tree_val@U?$_Tree_simple_types@U?$pair@$$CBHPAV?$ObserverImplBase@HUSkinChangedParam@@@@@std@@@std@@@std@@U_Iterator_base12@2@@std@@QAE@XZ 004177e0 f i MainWnd.obj
 0001:00016810       ??1?$_Tree_unchecked_const_iterator@V?$_Tree_val@U?$_Tree_simple_types@U?$pair@$$CBHPAV?$ReceiverImplBase@HUSkinChangedParam@@@@@std@@@std@@@std@@U_Iterator_base12@2@@std@@QAE@XZ 00417810 f i MainWnd.obj
 0001:00016840       ??1?$_Tree_val@U?$_Tree_simple_types@U?$pair@$$CBHPAV?$ObserverImplBase@HUSkinChangedParam@@@@@std@@@std@@@std@@QAE@XZ 00417840 f i MainWnd.obj
 0001:00016870       ??1?$_Tree_val@U?$_Tree_simple_types@U?$pair@$$CBHPAV?$ReceiverImplBase@HUSkinChangedParam@@@@@std@@@std@@@std@@QAE@XZ 00417870 f i MainWnd.obj
 0001:000168a0       ??1?$map@HPAV?$ObserverImplBase@HUSkinChangedParam@@@@U?$less@H@std@@V?$allocator@U?$pair@$$CBHPAV?$ObserverImplBase@HUSkinChangedParam@@@@@std@@@3@@std@@QAE@XZ 004178a0 f i MainWnd.obj
 0001:000168d0       ??1?$map@HPAV?$ReceiverImplBase@HUSkinChangedParam@@@@U?$less@H@std@@V?$allocator@U?$pair@$$CBHPAV?$ReceiverImplBase@HUSkinChangedParam@@@@@std@@@3@@std@@QAE@XZ 004178d0 f i MainWnd.obj
 0001:00016900       ??1?$pair@V?$_Tree_iterator@V?$_Tree_val@U?$_Tree_simple_types@U?$pair@$$CBHPAV?$ObserverImplBase@HUSkinChangedParam@@@@@std@@@std@@@std@@@std@@_N@std@@QAE@XZ 00417900 f i MainWnd.obj
 0001:00016930       ??1?$pair@V?$_Tree_iterator@V?$_Tree_val@U?$_Tree_simple_types@U?$pair@$$CBHPAV?$ReceiverImplBase@HUSkinChangedParam@@@@@std@@@std@@@std@@@std@@_N@std@@QAE@XZ 00417930 f i MainWnd.obj
 0001:00016960       ??1CMainPage@@QAE@XZ       00417960 f i MainWnd.obj
 0001:000169a0       ??1CSkinFrame@@QAE@XZ      004179a0 f i MainWnd.obj
 0001:000169e0       ??1CWebBrowserEventHandler@DuiLib@@QAE@XZ 004179e0 f i MainWnd.obj
 0001:00016a10       ??1DUI_MSGMAP_ENTRY@DuiLib@@QAE@XZ 00417a10 f i MainWnd.obj
 0001:00016a70       ??1Data_t@_bstr_t@@AAE@XZ  00417a70 f i MainWnd.obj
 0001:00016aa0       ??1SkinChangedParam@@QAE@XZ 00417aa0 f i MainWnd.obj
 0001:00016ae0       ??1_bstr_t@@QAE@XZ         00417ae0 f i MainWnd.obj
 0001:00016b10       ??2Data_t@_bstr_t@@SAPAXI@Z 00417b10 f i MainWnd.obj
 0001:00016b30       ??4?$_Tree_const_iterator@V?$_Tree_val@U?$_Tree_simple_types@U?$pair@$$CBHPAV?$ObserverImplBase@HUSkinChangedParam@@@@@std@@@std@@@std@@@std@@QAEAAV01@ABV01@@Z 00417b30 f i MainWnd.obj
 0001:00016b70       ??4?$_Tree_const_iterator@V?$_Tree_val@U?$_Tree_simple_types@U?$pair@$$CBHPAV?$ReceiverImplBase@HUSkinChangedParam@@@@@std@@@std@@@std@@@std@@QAEAAV01@ABV01@@Z 00417b70 f i MainWnd.obj
 0001:00016bb0       ??4?$_Tree_unchecked_const_iterator@V?$_Tree_val@U?$_Tree_simple_types@U?$pair@$$CBHPAV?$ObserverImplBase@HUSkinChangedParam@@@@@std@@@std@@@std@@U_Iterator_base12@2@@std@@QAEAAV01@ABV01@@Z 00417bb0 f i MainWnd.obj
 0001:00016c00       ??4?$_Tree_unchecked_const_iterator@V?$_Tree_val@U?$_Tree_simple_types@U?$pair@$$CBHPAV?$ReceiverImplBase@HUSkinChangedParam@@@@@std@@@std@@@std@@U_Iterator_base12@2@@std@@QAEAAV01@ABV01@@Z 00417c00 f i MainWnd.obj
 0001:00016c50       ??8?$_Tree_const_iterator@V?$_Tree_val@U?$_Tree_simple_types@U?$pair@$$CBHPAV?$ObserverImplBase@HUSkinChangedParam@@@@@std@@@std@@@std@@@std@@QBE_NABV01@@Z 00417c50 f i MainWnd.obj
 0001:00016d20       ??8?$_Tree_const_iterator@V?$_Tree_val@U?$_Tree_simple_types@U?$pair@$$CBHPAV?$ReceiverImplBase@HUSkinChangedParam@@@@@std@@@std@@@std@@@std@@QBE_NABV01@@Z 00417d20 f i MainWnd.obj
 0001:00016df0       ??9?$_Tree_const_iterator@V?$_Tree_val@U?$_Tree_simple_types@U?$pair@$$CBHPAV?$ObserverImplBase@HUSkinChangedParam@@@@@std@@@std@@@std@@@std@@QBE_NABV01@@Z 00417df0 f i MainWnd.obj
 0001:00016e50       ??9?$_Tree_const_iterator@V?$_Tree_val@U?$_Tree_simple_types@U?$pair@$$CBHPAV?$ReceiverImplBase@HUSkinChangedParam@@@@@std@@@std@@@std@@@std@@QBE_NABV01@@Z 00417e50 f i MainWnd.obj
 0001:00016eb0       ??A?$map@HPAV?$ObserverImplBase@HUSkinChangedParam@@@@U?$less@H@std@@V?$allocator@U?$pair@$$CBHPAV?$ObserverImplBase@HUSkinChangedParam@@@@@std@@@3@@std@@QAEAAPAV?$ObserverImplBase@HUSkinChangedParam@@@@ABH@Z 00417eb0 f i MainWnd.obj
 0001:00016f80       ??A?$map@HPAV?$ReceiverImplBase@HUSkinChangedParam@@@@U?$less@H@std@@V?$allocator@U?$pair@$$CBHPAV?$ReceiverImplBase@HUSkinChangedParam@@@@@std@@@3@@std@@QAEAAPAV?$ReceiverImplBase@HUSkinChangedParam@@@@ABH@Z 00417f80 f i MainWnd.obj
 0001:00017050       ??B_bstr_t@@QBEPA_WXZ      00418050 f i MainWnd.obj
 0001:000170b0       ??C?$_Tree_iterator@V?$_Tree_val@U?$_Tree_simple_types@U?$pair@$$CBHPAV?$ObserverImplBase@HUSkinChangedParam@@@@@std@@@std@@@std@@@std@@QBEPAU?$pair@$$CBHPAV?$ObserverImplBase@HUSkinChangedParam@@@@@1@XZ 004180b0 f i MainWnd.obj
 0001:000170f0       ??C?$_Tree_iterator@V?$_Tree_val@U?$_Tree_simple_types@U?$pair@$$CBHPAV?$ReceiverImplBase@HUSkinChangedParam@@@@@std@@@std@@@std@@@std@@QBEPAU?$pair@$$CBHPAV?$ReceiverImplBase@HUSkinChangedParam@@@@@1@XZ 004180f0 f i MainWnd.obj
 0001:00017130       ??D?$_Tree_const_iterator@V?$_Tree_val@U?$_Tree_simple_types@U?$pair@$$CBHPAV?$ObserverImplBase@HUSkinChangedParam@@@@@std@@@std@@@std@@@std@@QBEABU?$pair@$$CBHPAV?$ObserverImplBase@HUSkinChangedParam@@@@@1@XZ 00418130 f i MainWnd.obj
 0001:000171f0       ??D?$_Tree_const_iterator@V?$_Tree_val@U?$_Tree_simple_types@U?$pair@$$CBHPAV?$ReceiverImplBase@HUSkinChangedParam@@@@@std@@@std@@@std@@@std@@QBEABU?$pair@$$CBHPAV?$ReceiverImplBase@HUSkinChangedParam@@@@@1@XZ 004181f0 f i MainWnd.obj
 0001:000172b0       ??D?$_Tree_iterator@V?$_Tree_val@U?$_Tree_simple_types@U?$pair@$$CBHPAV?$ObserverImplBase@HUSkinChangedParam@@@@@std@@@std@@@std@@@std@@QBEAAU?$pair@$$CBHPAV?$ObserverImplBase@HUSkinChangedParam@@@@@1@XZ 004182b0 f i MainWnd.obj
 0001:000172e0       ??D?$_Tree_iterator@V?$_Tree_val@U?$_Tree_simple_types@U?$pair@$$CBHPAV?$ReceiverImplBase@HUSkinChangedParam@@@@@std@@@std@@@std@@@std@@QBEAAU?$pair@$$CBHPAV?$ReceiverImplBase@HUSkinChangedParam@@@@@1@XZ 004182e0 f i MainWnd.obj
 0001:00017310       ??E?$_Tree_const_iterator@V?$_Tree_val@U?$_Tree_simple_types@U?$pair@$$CBHPAV?$ObserverImplBase@HUSkinChangedParam@@@@@std@@@std@@@std@@@std@@QAE?AV01@H@Z 00418310 f i MainWnd.obj
 0001:00017420       ??E?$_Tree_const_iterator@V?$_Tree_val@U?$_Tree_simple_types@U?$pair@$$CBHPAV?$ObserverImplBase@HUSkinChangedParam@@@@@std@@@std@@@std@@@std@@QAEAAV01@XZ 00418420 f i MainWnd.obj
 0001:000174d0       ??E?$_Tree_const_iterator@V?$_Tree_val@U?$_Tree_simple_types@U?$pair@$$CBHPAV?$ReceiverImplBase@HUSkinChangedParam@@@@@std@@@std@@@std@@@std@@QAE?AV01@H@Z 004184d0 f i MainWnd.obj
 0001:000175e0       ??E?$_Tree_const_iterator@V?$_Tree_val@U?$_Tree_simple_types@U?$pair@$$CBHPAV?$ReceiverImplBase@HUSkinChangedParam@@@@@std@@@std@@@std@@@std@@QAEAAV01@XZ 004185e0 f i MainWnd.obj
 0001:00017690       ??E?$_Tree_iterator@V?$_Tree_val@U?$_Tree_simple_types@U?$pair@$$CBHPAV?$ObserverImplBase@HUSkinChangedParam@@@@@std@@@std@@@std@@@std@@QAEAAV01@XZ 00418690 f i MainWnd.obj
 0001:000176c0       ??E?$_Tree_iterator@V?$_Tree_val@U?$_Tree_simple_types@U?$pair@$$CBHPAV?$ReceiverImplBase@HUSkinChangedParam@@@@@std@@@std@@@std@@@std@@QAEAAV01@XZ 004186c0 f i MainWnd.obj
 0001:000176f0       ??E?$_Tree_unchecked_const_iterator@V?$_Tree_val@U?$_Tree_simple_types@U?$pair@$$CBHPAV?$ObserverImplBase@HUSkinChangedParam@@@@@std@@@std@@@std@@U_Iterator_base12@2@@std@@QAEAAV01@XZ 004186f0 f i MainWnd.obj
 0001:000177c0       ??E?$_Tree_unchecked_const_iterator@V?$_Tree_val@U?$_Tree_simple_types@U?$pair@$$CBHPAV?$ReceiverImplBase@HUSkinChangedParam@@@@@std@@@std@@@std@@U_Iterator_base12@2@@std@@QAEAAV01@XZ 004187c0 f i MainWnd.obj
 0001:00017890       ??F?$_Tree_const_iterator@V?$_Tree_val@U?$_Tree_simple_types@U?$pair@$$CBHPAV?$ObserverImplBase@HUSkinChangedParam@@@@@std@@@std@@@std@@@std@@QAEAAV01@XZ 00418890 f i MainWnd.obj
 0001:000179a0       ??F?$_Tree_const_iterator@V?$_Tree_val@U?$_Tree_simple_types@U?$pair@$$CBHPAV?$ReceiverImplBase@HUSkinChangedParam@@@@@std@@@std@@@std@@@std@@QAEAAV01@XZ 004189a0 f i MainWnd.obj
 0001:00017ab0       ??F?$_Tree_iterator@V?$_Tree_val@U?$_Tree_simple_types@U?$pair@$$CBHPAV?$ObserverImplBase@HUSkinChangedParam@@@@@std@@@std@@@std@@@std@@QAEAAV01@XZ 00418ab0 f i MainWnd.obj
 0001:00017ae0       ??F?$_Tree_iterator@V?$_Tree_val@U?$_Tree_simple_types@U?$pair@$$CBHPAV?$ReceiverImplBase@HUSkinChangedParam@@@@@std@@@std@@@std@@@std@@QAEAAV01@XZ 00418ae0 f i MainWnd.obj
 0001:00017b10       ??F?$_Tree_unchecked_const_iterator@V?$_Tree_val@U?$_Tree_simple_types@U?$pair@$$CBHPAV?$ObserverImplBase@HUSkinChangedParam@@@@@std@@@std@@@std@@U_Iterator_base12@2@@std@@QAEAAV01@XZ 00418b10 f i MainWnd.obj
 0001:00017c00       ??F?$_Tree_unchecked_const_iterator@V?$_Tree_val@U?$_Tree_simple_types@U?$pair@$$CBHPAV?$ReceiverImplBase@HUSkinChangedParam@@@@@std@@@std@@@std@@U_Iterator_base12@2@@std@@QAEAAV01@XZ 00418c00 f i MainWnd.obj
 0001:00017cf0       ??R?$less@H@std@@QBE_NABH0@Z 00418cf0 f i MainWnd.obj
 0001:00017d3b       ??_9CMainPage@@$B3AE       00418d3b f i MainWnd.obj
 0001:00017d40       ??_9CMainPage@@$B7AE       00418d40 f i MainWnd.obj
 0001:00017d45       ??_9CMainPage@@$BM@AE      00418d45 f i MainWnd.obj
 0001:00017d4a       ??_ECMainWnd@@WEIA@AEPAXI@Z 00418d4a f i MainWnd.obj
 0001:00017d60       ??_E?$ObserverImpl@HUSkinChangedParam@@@@UAEPAXI@Z 00418d60 f i MainWnd.obj
 0001:00017d60       ??_G?$ObserverImpl@HUSkinChangedParam@@@@UAEPAXI@Z 00418d60 f i MainWnd.obj
 0001:00017db0       ??_G?$ReceiverImpl@HUSkinChangedParam@@@@UAEPAXI@Z 00418db0 f i MainWnd.obj
 0001:00017db0       ??_E?$ReceiverImpl@HUSkinChangedParam@@@@UAEPAXI@Z 00418db0 f i MainWnd.obj
 0001:00017e00       ??_ECButtonUI@DuiLib@@UAEPAXI@Z 00418e00 f i MainWnd.obj
 0001:00017e00       ??_GCButtonUI@DuiLib@@UAEPAXI@Z 00418e00 f i MainWnd.obj
 0001:00017e70       ??_GCComboUI@DuiLib@@UAEPAXI@Z 00418e70 f i MainWnd.obj
 0001:00017e70       ??_ECComboUI@DuiLib@@UAEPAXI@Z 00418e70 f i MainWnd.obj
 0001:00017ee0       ??_GCListContainerElementUI@DuiLib@@UAEPAXI@Z 00418ee0 f i MainWnd.obj
 0001:00017ee0       ??_ECListContainerElementUI@DuiLib@@UAEPAXI@Z 00418ee0 f i MainWnd.obj
 0001:00017f50       ??_ECListLabelElementUI@DuiLib@@UAEPAXI@Z 00418f50 f i MainWnd.obj
 0001:00017f50       ??_GCListLabelElementUI@DuiLib@@UAEPAXI@Z 00418f50 f i MainWnd.obj
 0001:00017fc0       ??_ECListTextElementUI@DuiLib@@UAEPAXI@Z 00418fc0 f i MainWnd.obj
 0001:00017fc0       ??_GCListTextElementUI@DuiLib@@UAEPAXI@Z 00418fc0 f i MainWnd.obj
 0001:00018030       ??_GCListTextExtElementUI@DuiLib@@UAEPAXI@Z 00419030 f i MainWnd.obj
 0001:00018030       ??_ECListTextExtElementUI@DuiLib@@UAEPAXI@Z 00419030 f i MainWnd.obj
 0001:000180a0       ??_ECMainWnd@@UAEPAXI@Z    004190a0 f i MainWnd.obj
 0001:000180a0       ??_GCMainWnd@@UAEPAXI@Z    004190a0 f i MainWnd.obj
 0001:00018100       ??_GCMenuElementUI@DuiLib@@UAEPAXI@Z 00419100 f i MainWnd.obj
 0001:00018100       ??_ECMenuElementUI@DuiLib@@UAEPAXI@Z 00419100 f i MainWnd.obj
 0001:00018170       ??_GCMenuWnd@DuiLib@@QAEPAXI@Z 00419170 f i MainWnd.obj
 0001:000181e0       ??_GCOptionUI@DuiLib@@UAEPAXI@Z 004191e0 f i MainWnd.obj
 0001:000181e0       ??_ECOptionUI@DuiLib@@UAEPAXI@Z 004191e0 f i MainWnd.obj
 0001:00018250       ??_GCSkinFrame@@QAEPAXI@Z  00419250 f i MainWnd.obj
 0001:000182b0       ??_ECTreeNodeUI@DuiLib@@UAEPAXI@Z 004192b0 f i MainWnd.obj
 0001:000182b0       ??_GCTreeNodeUI@DuiLib@@UAEPAXI@Z 004192b0 f i MainWnd.obj
 0001:00018320       ??_GData_t@_bstr_t@@AAEPAXI@Z 00419320 f i MainWnd.obj
 0001:00018370       ?AddObserver@?$ReceiverImpl@HUSkinChangedParam@@@@UAEXPAV?$ObserverImplBase@HUSkinChangedParam@@@@@Z 00419370 f i MainWnd.obj
 0001:000183d0       ?AddReceiver@?$ObserverImpl@HUSkinChangedParam@@@@UAEXPAV?$ReceiverImplBase@HUSkinChangedParam@@@@@Z 004193d0 f i MainWnd.obj
 0001:00018450       ?AddReceiver@CSkinManager@@QAEXPAV?$ReceiverImpl@HUSkinChangedParam@@@@@Z 00419450 f i MainWnd.obj
 0001:000184a0       ?BeforeNavigate2@CWebBrowserEventHandler@DuiLib@@UAEXPAVCWebBrowserUI@2@PAUIDispatch@@AAPAUtagVARIANT@@2222AAPAF@Z 004194a0 f i MainWnd.obj
 0001:000184c0       ?Broadcast@?$ObserverImpl@HUSkinChangedParam@@@@UAEHUSkinChangedParam@@@Z 004194c0 f i MainWnd.obj
 0001:00018650       ?Broadcast@CSkinManager@@QAEXUSkinChangedParam@@@Z 00419650 f i MainWnd.obj
[...]
 0004:000005a0       __imp_?EstimateSize@CListTextElementUI@DuiLib@@UAE?AUtagSIZE@@U3@@Z 0043b5a0     DuiLib_d:DuiLib_d.dll
 0004:000005a4       __imp_?EstimateSize@CListTextExtElementUI@DuiLib@@UAE?AUtagSIZE@@U3@@Z 0043b5a4     DuiLib_d:DuiLib_d.dll
 0004:000005a8       __imp_?EstimateSize@CMenuElementUI@DuiLib@@UAE?AUtagSIZE@@U3@@Z 0043b5a8     DuiLib_d:DuiLib_d.dll
 0004:000005ac       __imp_?GetClass@CButtonUI@DuiLib@@UBEPB_WXZ 0043b5ac     DuiLib_d:DuiLib_d.dll
 0004:000005b0       __imp_?GetClass@CComboUI@DuiLib@@UBEPB_WXZ 0043b5b0     DuiLib_d:DuiLib_d.dll
 0004:000005b4       __imp_?GetClass@CListContainerElementUI@DuiLib@@UBEPB_WXZ 0043b5b4     DuiLib_d:DuiLib_d.dll
 0004:000005b8       __imp_?GetClass@CListLabelElementUI@DuiLib@@UBEPB_WXZ 0043b5b8     DuiLib_d:DuiLib_d.dll
 0004:000005bc       __imp_?GetClass@CListTextElementUI@DuiLib@@UBEPB_WXZ 0043b5bc     DuiLib_d:DuiLib_d.dll
 0004:000005c0       __imp_?GetClass@CListTextExtElementUI@DuiLib@@UBEPB_WXZ 0043b5c0     DuiLib_d:DuiLib_d.dll
 0004:000005c4       __imp_?GetClass@CMenuElementUI@DuiLib@@UBEPB_WXZ 0043b5c4     DuiLib_d:DuiLib_d.dll
 0004:000005c8       __imp_?GetClass@COptionUI@DuiLib@@UBEPB_WXZ 0043b5c8     DuiLib_d:DuiLib_d.dll
 0004:000005cc       __imp_?GetClass@CTreeNodeUI@DuiLib@@UBEPB_WXZ 0043b5cc     DuiLib_d:DuiLib_d.dll
 0004:000005d0       __imp_?GetControlFlags@CButtonUI@DuiLib@@UBEIXZ 0043b5d0     DuiLib_d:DuiLib_d.dll
 0004:000005d4       __imp_?GetControlFlags@CListContainerElementUI@DuiLib@@UBEIXZ 0043b5d4     DuiLib_d:DuiLib_d.dll
 0004:000005d8       __imp_?GetControlFlags@CListElementUI@DuiLib@@UBEIXZ 0043b5d8     DuiLib_d:DuiLib_d.dll
 0004:000005dc       __imp_?GetControlFlags@CListTextElementUI@DuiLib@@UBEIXZ 0043b5dc     DuiLib_d:DuiLib_d.dll
 0004:000005e0       __imp_?GetControlFlags@CListTextExtElementUI@DuiLib@@UBEIXZ 0043b5e0     DuiLib_d:DuiLib_d.dll
 0004:000005e4       __imp_?GetDisabledImage@CButtonUI@DuiLib@@UAEPB_WXZ 0043b5e4     DuiLib_d:DuiLib_d.dll
 0004:000005e8       __imp_?GetFocusedImage@CButtonUI@DuiLib@@UAEPB_WXZ 0043b5e8     DuiLib_d:DuiLib_d.dll
 0004:000005ec       __imp_?GetHotForeImage@CButtonUI@DuiLib@@UAEPB_WXZ 0043b5ec     DuiLib_d:DuiLib_d.dll
 0004:000005f0       __imp_?GetHotImage@CButtonUI@DuiLib@@UAEPB_WXZ 0043b5f0     DuiLib_d:DuiLib_d.dll
 0004:000005f4       __imp_?GetInterface@CButtonUI@DuiLib@@UAEPAXPB_W@Z 0043b5f4     DuiLib_d:DuiLib_d.dll
 0004:000005f8       __imp_?GetInterface@CListContainerElementUI@DuiLib@@UAEPAXPB_W@Z 0043b5f8     DuiLib_d:DuiLib_d.dll
 0004:000005fc       __imp_?GetInterface@CListLabelElementUI@DuiLib@@UAEPAXPB_W@Z 0043b5fc     DuiLib_d:DuiLib_d.dll
 0004:00000600       __imp_?GetInterface@CListTextElementUI@DuiLib@@UAEPAXPB_W@Z 0043b600     DuiLib_d:DuiLib_d.dll
 0004:00000604       __imp_?GetInterface@CListTextExtElementUI@DuiLib@@UAEPAXPB_W@Z 0043b604     DuiLib_d:DuiLib_d.dll
 0004:00000608       __imp_?GetInterface@CMenuElementUI@DuiLib@@UAEPAXPB_W@Z 0043b608     DuiLib_d:DuiLib_d.dll
 0004:0000060c       __imp_?GetInterface@COptionUI@DuiLib@@UAEPAXPB_W@Z 0043b60c     DuiLib_d:DuiLib_d.dll
 0004:00000610       __imp_?GetInterface@CTreeNodeUI@DuiLib@@UAEPAXPB_W@Z 0043b610     DuiLib_d:DuiLib_d.dll
 0004:00000614       __imp_?GetManagerName@WindowImplBase@DuiLib@@MAEPB_WXZ 0043b614     DuiLib_d:DuiLib_d.dll
 0004:00000618       __imp_?GetNormalImage@CButtonUI@DuiLib@@UAEPB_WXZ 0043b618     DuiLib_d:DuiLib_d.dll
 0004:0000061c       __imp_?GetPushedImage@CButtonUI@DuiLib@@UAEPB_WXZ 0043b61c     DuiLib_d:DuiLib_d.dll
 0004:00000620       __imp_?GetSelectedStateImage@COptionUI@DuiLib@@UAEPB_WXZ 0043b620     DuiLib_d:DuiLib_d.dll
 0004:00000624       __imp_?GetSkinType@WindowImplBase@DuiLib@@MAE?AVCDuiString@2@XZ 0043b624     DuiLib_d:DuiLib_d.dll
 0004:00000628       __imp_?GetStateImage@CButtonUI@DuiLib@@UAEPB_WXZ 0043b628     DuiLib_d:DuiLib_d.dll
 0004:0000062c       __imp_?GetStyle@WindowImplBase@DuiLib@@UAEJXZ 0043b62c     DuiLib_d:DuiLib_d.dll
 0004:00000630       __imp_?GetSuperClassName@CWindowWnd@DuiLib@@MBEPB_WXZ 0043b630     DuiLib_d:DuiLib_d.dll
 0004:00000634       __imp_?HandleMessage@WindowImplBase@DuiLib@@UAEJIIJ@Z 0043b634     DuiLib_d:DuiLib_d.dll
 0004:00000638       __imp_?InitResource@WindowImplBase@DuiLib@@UAEXXZ 0043b638     DuiLib_d:DuiLib_d.dll
 0004:0000063c       __imp_?MessageHandler@WindowImplBase@DuiLib@@UAEJIIJAA_N@Z 0043b63c     DuiLib_d:DuiLib_d.dll
 0004:00000640       __imp_?Move@CContainerUI@DuiLib@@UAEXUtagSIZE@@_N@Z 0043b640     DuiLib_d:DuiLib_d.dll
 0004:00000644       __imp_?OnChar@WindowImplBase@DuiLib@@UAEJIIJAAH@Z 0043b644     DuiLib_d:DuiLib_d.dll
 0004:00000648       __imp_?OnClick@WindowImplBase@DuiLib@@MAEXAAUtagTNotifyUI@2@@Z 0043b648     DuiLib_d:DuiLib_d.dll
 0004:0000064c       __imp_?OnClose@WindowImplBase@DuiLib@@UAEJIIJAAH@Z 0043b64c     DuiLib_d:DuiLib_d.dll
 0004:00000650       __imp_?OnCreate@WindowImplBase@DuiLib@@UAEJIIJAAH@Z 0043b650     DuiLib_d:DuiLib_d.dll
 0004:00000654       __imp_?OnKeyDown@WindowImplBase@DuiLib@@UAEJIIJAAH@Z 0043b654     DuiLib_d:DuiLib_d.dll
 0004:00000658       __imp_?OnKillFocus@WindowImplBase@DuiLib@@UAEJIIJAAH@Z 0043b658     DuiLib_d:DuiLib_d.dll
 0004:0000065c       __imp_?OnLButtonDown@WindowImplBase@DuiLib@@UAEJIIJAAH@Z 0043b65c     DuiLib_d:DuiLib_d.dll
 0004:00000660       __imp_?OnLButtonUp@WindowImplBase@DuiLib@@UAEJIIJAAH@Z 0043b660     DuiLib_d:DuiLib_d.dll
 0004:00000664       __imp_?OnMouseHover@WindowImplBase@DuiLib@@UAEJIIJAAH@Z 0043b664     DuiLib_d:DuiLib_d.dll
 0004:00000668       __imp_?OnMouseMove@WindowImplBase@DuiLib@@UAEJIIJAAH@Z 0043b668     DuiLib_d:DuiLib_d.dll
 0004:0000066c       __imp_?OnMouseWheel@WindowImplBase@DuiLib@@UAEJIIJAAH@Z 0043b66c     DuiLib_d:DuiLib_d.dll
 0004:00000670       __imp_?OnNcActivate@WindowImplBase@DuiLib@@UAEJIIJAAH@Z 0043b670     DuiLib_d:DuiLib_d.dll
 0004:00000674       __imp_?OnNcCalcSize@WindowImplBase@DuiLib@@UAEJIIJAAH@Z 0043b674     DuiLib_d:DuiLib_d.dll
 0004:00000678       __imp_?OnNcHitTest@WindowImplBase@DuiLib@@UAEJIIJAAH@Z 0043b678     DuiLib_d:DuiLib_d.dll
 0004:0000067c       __imp_?OnNcPaint@WindowImplBase@DuiLib@@UAEJIIJAAH@Z 0043b67c     DuiLib_d:DuiLib_d.dll
 0004:00000680       __imp_?OnSetFocus@WindowImplBase@DuiLib@@UAEJIIJAAH@Z 0043b680     DuiLib_d:DuiLib_d.dll
 0004:00000684       __imp_?OnSize@WindowImplBase@DuiLib@@UAEJIIJAAH@Z 0043b684     DuiLib_d:DuiLib_d.dll
 0004:00000688       __imp_?OnSysCommand@WindowImplBase@DuiLib@@UAEJIIJAAH@Z 0043b688     DuiLib_d:DuiLib_d.dll
 0004:0000068c       __imp_?PaintBkColor@CButtonUI@DuiLib@@UAEXPAUHDC__@@@Z 0043b68c     DuiLib_d:DuiLib_d.dll
 0004:00000690       __imp_?PaintBkColor@COptionUI@DuiLib@@UAEXPAUHDC__@@@Z 0043b690     DuiLib_d:DuiLib_d.dll
 0004:00000694       __imp_?PaintForeImage@CButtonUI@DuiLib@@UAEXPAUHDC__@@@Z 0043b694     DuiLib_d:DuiLib_d.dll
 0004:00000698       __imp_?messageMap@WindowImplBase@DuiLib@@1UDUI_MSGMAP@2@B 0043b698     DuiLib_d:DuiLib_d.dll
 0004:0000069c       \177DuiLib_d_NULL_THUNK_DATA 0043b69c     DuiLib_d:DuiLib_d.dll
 0004:00000818       __imp__LocalFree@4         0043b818     kernel32:KERNEL32.dll
 0004:0000081c       __imp__GetLastError@0      0043b81c     kernel32:KERNEL32.dll
 0004:00000820       __imp__UnhandledExceptionFilter@4 0043b820     kernel32:KERNEL32.dll
 0004:00000824       __imp__SetUnhandledExceptionFilter@4 0043b824     kernel32:KERNEL32.dll
 0004:00000828       __imp__GetCurrentProcess@0 0043b828     kernel32:KERNEL32.dll
 0004:0000082c       __imp__TerminateProcess@8  0043b82c     kernel32:KERNEL32.dll
 0004:00000830       __imp__IsProcessorFeaturePresent@4 0043b830     kernel32:KERNEL32.dll
 0004:00000834       __imp__IsDebuggerPresent@0 0043b834     kernel32:KERNEL32.dll
 0004:00000838       __imp__RaiseException@16   0043b838     kernel32:KERNEL32.dll
 0004:0000083c       __imp__MultiByteToWideChar@24 0043b83c     kernel32:KERNEL32.dll
 0004:00000840       __imp__WideCharToMultiByte@32 0043b840     kernel32:KERNEL32.dll
 0004:00000844       __imp__GetStartupInfoW@4   0043b844     kernel32:KERNEL32.dll
 0004:00000848       __imp__GetModuleHandleW@4  0043b848     kernel32:KERNEL32.dll
 0004:0000084c       __imp__QueryPerformanceCounter@4 0043b84c     kernel32:KERNEL32.dll
 0004:00000850       __imp__GetCurrentProcessId@0 0043b850     kernel32:KERNEL32.dll
 0004:00000854       __imp__GetCurrentThreadId@0 0043b854     kernel32:KERNEL32.dll
 0004:00000858       __imp__GetSystemTimeAsFileTime@4 0043b858     kernel32:KERNEL32.dll
 0004:0000085c       __imp__InitializeSListHead@4 0043b85c     kernel32:KERNEL32.dll
 0004:00000860       __imp__HeapAlloc@12        0043b860     kernel32:KERNEL32.dll
 0004:00000864       __imp__HeapFree@12         0043b864     kernel32:KERNEL32.dll
 0004:00000868       __imp__GetProcessHeap@0    0043b868     kernel32:KERNEL32.dll
 0004:0000086c       __imp__VirtualQuery@12     0043b86c     kernel32:KERNEL32.dll
 0004:00000870       __imp__FreeLibrary@4       0043b870     kernel32:KERNEL32.dll
 0004:00000874       __imp__GetProcAddress@8    0043b874     kernel32:KERNEL32.dll
 0004:00000878       __imp__lstrlenW@4          0043b878     kernel32:KERNEL32.dll
 0004:0000087c       __imp__lstrcmpiW@8         0043b87c     kernel32:KERNEL32.dll
 0004:00000880       __imp__FindResourceW@12    0043b880     kernel32:KERNEL32.dll
 0004:00000884       __imp__SizeofResource@8    0043b884     kernel32:KERNEL32.dll
 0004:00000888       __imp__LockResource@4      0043b888     kernel32:KERNEL32.dll
 0004:0000088c       __imp__LoadResource@8      0043b88c     kernel32:KERNEL32.dll
 0004:00000890       __imp__FreeResource@4      0043b890     kernel32:KERNEL32.dll
 0004:00000894       \177KERNEL32_NULL_THUNK_DATA 0043b894     kernel32:KERNEL32.dll
 0004:000008d8       __imp_?_Xlength_error@std@@YAXPBD@Z 0043b8d8     msvcprtd:MSVCP140D.dll
 0004:000008dc       __imp_?_Xbad_alloc@std@@YAXXZ 0043b8dc     msvcprtd:MSVCP140D.dll
 0004:000008e0       __imp_?_Debug_message@std@@YAXPB_W0I@Z 0043b8e0     msvcprtd:MSVCP140D.dll
 0004:000008e4       __imp_??1_Lockit@std@@QAE@XZ 0043b8e4     msvcprtd:MSVCP140D.dll
 0004:000008e8       __imp_??0_Lockit@std@@QAE@H@Z 0043b8e8     msvcprtd:MSVCP140D.dll
 0004:000008ec       \177MSVCP140D_NULL_THUNK_DATA 0043b8ec     msvcprtd:MSVCP140D.dll
 0004:0000091c       __imp__VariantChangeType@16 0043b91c     oleaut32:OLEAUT32.dll
 0004:00000920       __imp__SetErrorInfo@8      0043b920     oleaut32:OLEAUT32.dll
 0004:00000924       __imp__SysAllocString@4    0043b924     oleaut32:OLEAUT32.dll
 0004:00000928       __imp__SysFreeString@4     0043b928     oleaut32:OLEAUT32.dll
 0004:0000092c       __imp__VariantClear@4      0043b92c     oleaut32:OLEAUT32.dll
 0004:00000930       __imp__VariantInit@4       0043b930     oleaut32:OLEAUT32.dll
 0004:00000934       __imp__GetErrorInfo@8      0043b934     oleaut32:OLEAUT32.dll
 0004:00000938       __imp__CreateErrorInfo@4   0043b938     oleaut32:OLEAUT32.dll
 0004:0000093c       \177OLEAUT32_NULL_THUNK_DATA 0043b93c     oleaut32:OLEAUT32.dll
 0004:0000096c       __imp__ShellExecuteW@24    0043b96c     shell32:SHELL32.dll
 0004:00000970       __imp__SHGetFolderPathW@20 0043b970     shell32:SHELL32.dll
 0004:00000974       \177SHELL32_NULL_THUNK_DATA 0043b974     shell32:SHELL32.dll
 0004:000009a0       __imp__IsZoomed@4          0043b9a0     user32:USER32.dll
 0004:000009a4       __imp__GetWindowLongW@8    0043b9a4     user32:USER32.dll
 0004:000009a8       __imp__ClientToScreen@8    0043b9a8     user32:USER32.dll
 0004:000009ac       __imp__GetCursorPos@4      0043b9ac     user32:USER32.dll
 0004:000009b0       __imp__MessageBoxW@16      0043b9b0     user32:USER32.dll
 0004:000009b4       __imp__InvalidateRect@12   0043b9b4     user32:USER32.dll
 0004:000009b8       __imp__IsIconic@4          0043b9b8     user32:USER32.dll
 0004:000009bc       __imp__IsWindowVisible@4   0043b9bc     user32:USER32.dll
 0004:000009c0       __imp__DestroyWindow@4     0043b9c0     user32:USER32.dll
 0004:000009c4       __imp__PostQuitMessage@4   0043b9c4     user32:USER32.dll
 0004:000009c8       __imp__OffsetRect@12       0043b9c8     user32:USER32.dll
 0004:000009cc       __imp__IntersectRect@12    0043b9cc     user32:USER32.dll
 0004:000009d0       __imp__GetWindowRect@8     0043b9d0     user32:USER32.dll
 0004:000009d4       __imp__SetWindowPos@28     0043b9d4     user32:USER32.dll
 0004:000009d8       __imp__ShowWindow@8        0043b9d8     user32:USER32.dll
 0004:000009dc       __imp__IsChild@8           0043b9dc     user32:USER32.dll
 0004:000009e0       __imp__IsWindow@4          0043b9e0     user32:USER32.dll
 0004:000009e4       __imp__SetWindowLongW@12   0043b9e4     user32:USER32.dll
 0004:000009e8       \177USER32_NULL_THUNK_DATA 0043b9e8     user32:USER32.dll
 0004:00000a20       __imp___CxxThrowException@8 0043ba20     vcruntimed:VCRUNTIME140D.dll
 0004:00000a24       __imp____vcrt_LoadLibraryExW 0043ba24     vcruntimed:VCRUNTIME140D.dll
 0004:00000a28       __imp____CxxFrameHandler3  0043ba28     vcruntimed:VCRUNTIME140D.dll
 0004:00000a2c       __imp___purecall           0043ba2c     vcruntimed:VCRUNTIME140D.dll
 0004:00000a30       __imp____vcrt_GetModuleHandleW 0043ba30     vcruntimed:VCRUNTIME140D.dll
 0004:00000a34       __imp____vcrt_GetModuleFileNameW 0043ba34     vcruntimed:VCRUNTIME140D.dll
 0004:00000a38       __imp____std_type_info_destroy_list 0043ba38     vcruntimed:VCRUNTIME140D.dll
 0004:00000a3c       __imp____std_exception_destroy 0043ba3c     vcruntimed:VCRUNTIME140D.dll
 0004:00000a40       __imp____std_exception_copy 0043ba40     vcruntimed:VCRUNTIME140D.dll
 0004:00000a44       __imp___except_handler4_common 0043ba44     vcruntimed:VCRUNTIME140D.dll
 0004:00000a48       __imp__memset              0043ba48     vcruntimed:VCRUNTIME140D.dll
 0004:00000a4c       \177VCRUNTIME140D_NULL_THUNK_DATA 0043ba4c     vcruntimed:VCRUNTIME140D.dll
 0004:00000a80       __imp__GdipAlloc@4         0043ba80     GdiPlus:gdiplus.dll
 0004:00000a84       __imp__GdipCreateSolidFill@8 0043ba84     GdiPlus:gdiplus.dll
 0004:00000a88       __imp__GdipCreateFromHDC@8 0043ba88     GdiPlus:gdiplus.dll
 0004:00000a8c       __imp__GdipFillPieI@32     0043ba8c     GdiPlus:gdiplus.dll
 0004:00000a90       __imp__GdipFillEllipseI@24 0043ba90     GdiPlus:gdiplus.dll
 0004:00000a94       __imp__GdipCloneBrush@8    0043ba94     GdiPlus:gdiplus.dll
 0004:00000a98       __imp__GdipFillRectangleI@24 0043ba98     GdiPlus:gdiplus.dll
 0004:00000a9c       __imp__GdipSetSmoothingMode@8 0043ba9c     GdiPlus:gdiplus.dll
 0004:00000aa0       __imp__GdipReleaseDC@8     0043baa0     GdiPlus:gdiplus.dll
 0004:00000aa4       __imp__GdipFree@4          0043baa4     GdiPlus:gdiplus.dll
 0004:00000aa8       __imp__GdipDeleteGraphics@4 0043baa8     GdiPlus:gdiplus.dll
 0004:00000aac       __imp__GdipDeleteBrush@4   0043baac     GdiPlus:gdiplus.dll
 0004:00000ab0       \177gdiplus_NULL_THUNK_DATA 0043bab0     GdiPlus:gdiplus.dll
 0004:00000ae4       __imp__CoUninitialize@0    0043bae4     ole32:ole32.dll
 0004:00000ae8       __imp__CoInitialize@4      0043bae8     ole32:ole32.dll
 0004:00000aec       __imp__OleUninitialize@0   0043baec     ole32:ole32.dll
 0004:00000af0       __imp__OleInitialize@4     0043baf0     ole32:ole32.dll
 0004:00000af4       \177ole32_NULL_THUNK_DATA  0043baf4     ole32:ole32.dll
 0004:00000b20       __imp___c_exit             0043bb20     ucrtd:ucrtbased.dll
 0004:00000b24       __imp___register_thread_local_exe_atexit_callback 0043bb24     ucrtd:ucrtbased.dll
 0004:00000b28       __imp___configthreadlocale 0043bb28     ucrtd:ucrtbased.dll
 0004:00000b2c       __imp___set_new_mode       0043bb2c     ucrtd:ucrtbased.dll
 0004:00000b30       __imp____p__commode        0043bb30     ucrtd:ucrtbased.dll
 0004:00000b34       __imp__strcpy_s            0043bb34     ucrtd:ucrtbased.dll
 0004:00000b38       __imp__strcat_s            0043bb38     ucrtd:ucrtbased.dll
 0004:00000b3c       __imp____stdio_common_vsprintf_s 0043bb3c     ucrtd:ucrtbased.dll
 0004:00000b40       __imp___controlfp_s        0043bb40     ucrtd:ucrtbased.dll
 0004:00000b44       __imp___wmakepath_s        0043bb44     ucrtd:ucrtbased.dll
 0004:00000b48       __imp___wsplitpath_s       0043bb48     ucrtd:ucrtbased.dll
 0004:00000b4c       __imp__wcscpy_s            0043bb4c     ucrtd:ucrtbased.dll
 0004:00000b50       __imp___set_fmode          0043bb50     ucrtd:ucrtbased.dll
 0004:00000b54       __imp___exit               0043bb54     ucrtd:ucrtbased.dll
 0004:00000b58       __imp__exit                0043bb58     ucrtd:ucrtbased.dll
 0004:00000b5c       __imp___initterm_e         0043bb5c     ucrtd:ucrtbased.dll
 0004:00000b60       __imp___initterm           0043bb60     ucrtd:ucrtbased.dll
 0004:00000b64       __imp____setusermatherr    0043bb64     ucrtd:ucrtbased.dll
 0004:00000b68       __imp___set_app_type       0043bb68     ucrtd:ucrtbased.dll
 0004:00000b6c       __imp___seh_filter_exe     0043bb6c     ucrtd:ucrtbased.dll
 0004:00000b70       __imp___cexit              0043bb70     ucrtd:ucrtbased.dll
 0004:00000b74       __imp___crt_at_quick_exit  0043bb74     ucrtd:ucrtbased.dll
 0004:00000b78       __imp___crt_atexit         0043bb78     ucrtd:ucrtbased.dll
 0004:00000b7c       __imp___register_onexit_function 0043bb7c     ucrtd:ucrtbased.dll
 0004:00000b80       __imp___initialize_onexit_table 0043bb80     ucrtd:ucrtbased.dll
 0004:00000b84       __imp___initialize_narrow_environment 0043bb84     ucrtd:ucrtbased.dll
 0004:00000b88       __imp___configure_narrow_argv 0043bb88     ucrtd:ucrtbased.dll
 0004:00000b8c       __imp___seh_filter_dll     0043bb8c     ucrtd:ucrtbased.dll
 0004:00000b90       __imp__terminate           0043bb90     ucrtd:ucrtbased.dll
 0004:00000b94       __imp___CrtDbgReport       0043bb94     ucrtd:ucrtbased.dll
 0004:00000b98       __imp___free_dbg           0043bb98     ucrtd:ucrtbased.dll
 0004:00000b9c       __imp__malloc              0043bb9c     ucrtd:ucrtbased.dll
 0004:00000ba0       __imp___callnewh           0043bba0     ucrtd:ucrtbased.dll
 0004:00000ba4       __imp__wcslen              0043bba4     ucrtd:ucrtbased.dll
 0004:00000ba8       __imp___wtoi               0043bba8     ucrtd:ucrtbased.dll
 0004:00000bac       __imp___wtof               0043bbac     ucrtd:ucrtbased.dll
 0004:00000bb0       __imp___CrtDbgReportW      0043bbb0     ucrtd:ucrtbased.dll
 0004:00000bb4       __imp__wcstol              0043bbb4     ucrtd:ucrtbased.dll
 0004:00000bb8       __imp__wcscmp              0043bbb8     ucrtd:ucrtbased.dll
 0004:00000bbc       __imp___invalid_parameter  0043bbbc     ucrtd:ucrtbased.dll
 0004:00000bc0       __imp___get_narrow_winmain_command_line 0043bbc0     ucrtd:ucrtbased.dll
 0004:00000bc4       __imp___execute_onexit_table 0043bbc4     ucrtd:ucrtbased.dll
 0004:00000bc8       \177ucrtbased_NULL_THUNK_DATA 0043bbc8     ucrtd:ucrtbased.dll
 0004:00000c14       __IMPORT_DESCRIPTOR_KERNEL32 0043bc14     kernel32:KERNEL32.dll
 0004:00000c28       __IMPORT_DESCRIPTOR_USER32 0043bc28     user32:USER32.dll
 0004:00000c3c       __IMPORT_DESCRIPTOR_SHELL32 0043bc3c     shell32:SHELL32.dll
 0004:00000c50       __IMPORT_DESCRIPTOR_ole32  0043bc50     ole32:ole32.dll
 0004:00000c64       __IMPORT_DESCRIPTOR_OLEAUT32 0043bc64     oleaut32:OLEAUT32.dll
 0004:00000c78       __IMPORT_DESCRIPTOR_DuiLib_d 0043bc78     DuiLib_d:DuiLib_d.dll
 0004:00000c8c       __IMPORT_DESCRIPTOR_MSVCP140D 0043bc8c     msvcprtd:MSVCP140D.dll
 0004:00000ca0       __IMPORT_DESCRIPTOR_gdiplus 0043bca0     GdiPlus:gdiplus.dll
 0004:00000cb4       __IMPORT_DESCRIPTOR_VCRUNTIME140D 0043bcb4     vcruntimed:VCRUNTIME140D.dll
 0004:00000cc8       __IMPORT_DESCRIPTOR_ucrtbased 0043bcc8     ucrtd:ucrtbased.dll
 0004:00000cdc       __NULL_IMPORT_DESCRIPTOR   0043bcdc     kernel32:KERNEL32.dll
 0005:00000000       ___guard_check_icall_fptr  00443000     MSVCRTD:guard_support.obj
