 duidemo

 Timestamp is 5a1e7b95 (Wed Nov 29 17:19:17 2017)

 Preferred load address is 00400000

 Start         Length     Name                   Class
 0001:00000000 00000640H .text$di                CODE
 0001:00000640 000520a0H .text$mn                CODE
 0001:000526e0 00000ec0H .text$x                 CODE
 0001:000535a0 0000007bH .text$yd                CODE
 0002:00000000 000008d0H .idata$5                DATA
 0002:000008d0 00000004H .00cfg                  DATA
 0002:000008d4 00000004H .CRT$XCA                DATA
 0002:000008d8 00000004H .CRT$XCAA               DATA
 0002:000008dc 00000010H .CRT$XCU                DATA
 0002:000008ec 00000004H .CRT$XCZ                DATA
 0002:000008f0 00000004H .CRT$XIA                DATA
 0002:000008f4 00000004H .CRT$XIAA               DATA
 0002:000008f8 00000004H .CRT$XIAC               DATA
 0002:000008fc 0000000cH .CRT$XIC                DATA
 0002:00000908 00000004H .CRT$XIZ                DATA
 0002:0000090c 00000004H .CRT$XPA                DATA
 0002:00000910 00000008H .CRT$XPX                DATA
 0002:00000918 00000004H .CRT$XPXA               DATA
 0002:0000091c 00000004H .CRT$XPZ                DATA
 0002:00000920 00000004H .CRT$XTA                DATA
 0002:00000924 0000000cH .CRT$XTZ                DATA
 0002:00000928 00000000H .gfids$y                DATA
 0002:00000930 0000a290H .rdata                  DATA
 0002:0000abc0 000014e0H .rdata$r                DATA
 0002:0000c0a0 00000104H .rdata$sxdata           DATA
 0002:0000c1a4 00000360H .rdata$zzzdbg           DATA
 0002:0000c504 00000004H .rtc$IAA                DATA
 0002:0000c508 00000004H .rtc$IZZ                DATA
 0002:0000c50c 00000004H .rtc$TAA                DATA
 0002:0000c510 00000008H .rtc$TZZ                DATA
 0002:0000c518 000019a4H .xdata$x                DATA
 0002:0000debc 00000000H .edata                  DATA
 0002:0000debc 0000008cH .idata$2                DATA
 0002:0000df48 00000014H .idata$3                DATA
 0002:0000df5c 000008d0H .idata$4                DATA
 0002:0000e82c 00005a8cH .idata$6                DATA
 0003:00000000 000007f0H .data                   DATA
 0003:000007f0 00000858H .data$r                 DATA
 0003:00001048 00001f18H .bss                    DATA
 0004:00000000 000002e0H .rsrc$01                DATA
 0004:000002e0 002bd180H .rsrc$02                DATA

  Address         Publics by Value              Rva+Base       Lib:Object

 0000:00000000       __except_list              00000000     <absolute>
 0000:00000000       ___enclave_config          00000000     <absolute>
 0000:00000000       ___guard_iat_count         00000000     <absolute>
 0000:00000000       ___guard_longjmp_count     00000000     <absolute>
 0000:00000000       ___hybrid_auxiliary_iat    00000000     <absolute>
 0000:00000000       ___hybrid_code_map_count   00000000     <absolute>
 0000:00000000       ___dynamic_value_reloc_table 00000000     <absolute>
 0000:00000000       ___guard_fids_table        00000000     <absolute>
 0000:00000000       ___guard_longjmp_table     00000000     <absolute>
 0000:00000000       ___guard_iat_table         00000000     <absolute>
 0000:00000000       ___guard_fids_count        00000000     <absolute>
 0000:00000000       ___hybrid_code_map         00000000     <absolute>
 0000:00000041       ___safe_se_handler_count   00000041     <absolute>
 0000:00000100       ___guard_flags             00000100     <absolute>
 0000:00000000       ___ImageBase               00400000     <linker-defined>
 0001:00000640       ??$_Destroy_range@V?$allocator@UtagCHARTITEM@@@std@@@std@@YAXPAUtagCHARTITEM@@0AAV?$allocator@UtagCHARTITEM@@@0@@Z 00401640 f i ControlEx.obj
 0001:00000690       ??$_Emplace_back_with_unused_capacity@ABUtagCHARTITEM@@@?$vector@UtagCHARTITEM@@V?$allocator@UtagCHARTITEM@@@std@@@std@@AAEXABUtagCHARTITEM@@@Z 00401690 f i ControlEx.obj
 0001:00000790       ??$_Move_backward_unchecked@PAUtagCHARTITEM@@PAU1@@std@@YAPAUtagCHARTITEM@@PAU1@00@Z 00401790 f i ControlEx.obj
 0001:00000810       ??$_Unfancy@UtagCHARTITEM@@@std@@YAPAUtagCHARTITEM@@PAU1@@Z 00401810 f i ControlEx.obj
 0001:00000820       ??$_Uninitialized_copy@PAUtagCHARTITEM@@PAU1@V?$allocator@UtagCHARTITEM@@@std@@@std@@YAPAUtagCHARTITEM@@PAU1@00AAV?$allocator@UtagCHARTITEM@@@0@@Z 00401820 f i ControlEx.obj
 0001:00000880       ??$_Uninitialized_copy_al_unchecked@PAUtagCHARTITEM@@PAU1@V?$allocator@UtagCHARTITEM@@@std@@@std@@YAPAUtagCHARTITEM@@PAU1@00AAV?$allocator@UtagCHARTITEM@@@0@U_General_ptr_iterator_tag@0@U_Unused_parameter@0@@Z 00401880 f i ControlEx.obj
 0001:00000970       ??$_Uninitialized_move@PAUtagCHARTITEM@@PAU1@V?$allocator@UtagCHARTITEM@@@std@@@std@@YAPAUtagCHARTITEM@@PAU1@00AAV?$allocator@UtagCHARTITEM@@@0@@Z 00401970 f i ControlEx.obj
 0001:000009d0       ??$_Uninitialized_move_al_unchecked@PAUtagCHARTITEM@@PAU1@V?$allocator@UtagCHARTITEM@@@std@@@std@@YAPAUtagCHARTITEM@@PAU1@00AAV?$allocator@UtagCHARTITEM@@@0@U_General_ptr_iterator_tag@0@U_Unused_parameter@0@@Z 004019d0 f i ControlEx.obj
 0001:00000ac0       ??$destroy@UtagCHARTITEM@@@?$_Default_allocator_traits@V?$allocator@UtagCHARTITEM@@@std@@@std@@SAXAAV?$allocator@UtagCHARTITEM@@@1@QAUtagCHARTITEM@@@Z 00401ac0 f i ControlEx.obj
 0001:00000af0       ??$emplace@ABUtagCHARTITEM@@@?$vector@UtagCHARTITEM@@V?$allocator@UtagCHARTITEM@@@std@@@std@@QAE?AV?$_Vector_iterator@V?$_Vector_val@U?$_Simple_types@UtagCHARTITEM@@@std@@@std@@@1@V?$_Vector_const_iterator@V?$_Vector_val@U?$_Simple_types@UtagCHARTITEM@@@std@@@std@@@1@ABUtagCHARTITEM@@@Z 00401af0 f i ControlEx.obj
 0001:00001390       ??$emplace_back@ABUtagCHARTITEM@@@?$vector@UtagCHARTITEM@@V?$allocator@UtagCHARTITEM@@@std@@@std@@QAEXABUtagCHARTITEM@@@Z 00402390 f i ControlEx.obj
 0001:000016d0       ??0CChartViewUI@@QAE@XZ    004026d0 f   ControlEx.obj
 0001:00001800       ??0SolidBrush@Gdiplus@@QAE@ABVColor@1@@Z 00402800 f i ControlEx.obj
 0001:00001870       ??1?$vector@UtagCHARTITEM@@V?$allocator@UtagCHARTITEM@@@std@@@std@@QAE@XZ 00402870 f i ControlEx.obj
 0001:000018b0       ??1CChartViewUI@@UAE@XZ    004028b0 f   ControlEx.obj
 0001:00001940       ??1Graphics@Gdiplus@@QAE@XZ 00402940 f i ControlEx.obj
 0001:00001960       ??1SolidBrush@Gdiplus@@UAE@XZ 00402960 f i ControlEx.obj
 0001:00001980       ??1tagCHARTITEM@@QAE@XZ    00402980 f i ControlEx.obj
 0001:000019a0       ??3@YAXPAX0@Z              004029a0 f i ControlEx.obj
 0001:000019b0       ??_EBrush@Gdiplus@@UAEPAXI@Z 004029b0 f i ControlEx.obj
 0001:000019b0       ??_GBrush@Gdiplus@@UAEPAXI@Z 004029b0 f i ControlEx.obj
 0001:00001a00       ??_GCChartViewUI@@UAEPAXI@Z 00402a00 f i ControlEx.obj
 0001:00001a00       ??_ECChartViewUI@@UAEPAXI@Z 00402a00 f i ControlEx.obj
 0001:00001a40       ??_ECCircleProgressUI@@UAEPAXI@Z 00402a40 f i ControlEx.obj
 0001:00001a40       ??_GCCircleProgressUI@@UAEPAXI@Z 00402a40 f i ControlEx.obj
 0001:00001a80       ??_GCMyComboUI@@UAEPAXI@Z  00402a80 f i ControlEx.obj
 0001:00001a80       ??_ECMyComboUI@@UAEPAXI@Z  00402a80 f i ControlEx.obj
 0001:00001ac0       ??_ECWndUI@@UAEPAXI@Z      00402ac0 f i ControlEx.obj
 0001:00001ac0       ??_GCWndUI@@UAEPAXI@Z      00402ac0 f i ControlEx.obj
 0001:00001b00       ??_GSolidBrush@Gdiplus@@UAEPAXI@Z 00402b00 f i ControlEx.obj
 0001:00001b00       ??_ESolidBrush@Gdiplus@@UAEPAXI@Z 00402b00 f i ControlEx.obj
 0001:00001b50       ?Add@CChartViewUI@@QAE_NPB_WN@Z 00402b50 f   ControlEx.obj
 0001:00001c10       ?AddAt@CChartViewUI@@QAE_NPB_WNH@Z 00402c10 f   ControlEx.obj
 0001:00001e20       ?AdjustPos@CWndUI@@QAEXXZ  00402e20 f i ControlEx.obj
 0001:00001f50       ?Clone@Brush@Gdiplus@@UBEPAV12@XZ 00402f50 f i ControlEx.obj
 0001:00001ff0       ?CreateControl@CChartViewUI@@SAPAVCControlUI@DuiLib@@XZ 00402ff0 f   ControlEx.obj
 0001:00002070       ?CreateControl@CCircleProgressUI@@SAPAVCControlUI@DuiLib@@XZ 00403070 f   ControlEx.obj
 0001:00002100       ?CreateControl@CMyComboUI@@SAPAVCControlUI@DuiLib@@XZ 00403100 f   ControlEx.obj
 0001:000021a0       ?CreateControl@CWndUI@@SAPAVCControlUI@DuiLib@@XZ 004031a0 f   ControlEx.obj
 0001:00002222       ?DoEvent@CComboUI@DuiLib@@WGJI@AEXAAUtagTEventUI@2@@Z 00403222 f i ControlEx.obj
 0001:00002230       ?DoPaint@CChartViewUI@@UAEXPAUHDC__@@ABUtagRECT@@@Z 00403230 f   ControlEx.obj
 0001:000022c0       ?DoPaintHistogram@CChartViewUI@@UAEXPAUHDC__@@ABUtagRECT@@@Z 004032c0 f   ControlEx.obj
 0001:00002840       ?DoPaintPie@CChartViewUI@@UAEXPAUHDC__@@ABUtagRECT@@@Z 00403840 f   ControlEx.obj
 0001:00003060       ?GetClass@CCircleProgressUI@@UBEPB_WXZ 00404060 f i ControlEx.obj
 0001:00003070       ?GetClass@CMyComboUI@@UBEPB_WXZ 00404070 f i ControlEx.obj
 0001:00003080       ?GetClass@CWndUI@@UBEPB_WXZ 00404080 f i ControlEx.obj
 0001:00003090       ?PaintBkColor@CCircleProgressUI@@UAEXPAUHDC__@@@Z 00404090 f i ControlEx.obj
 0001:000031e0       ?PaintBkColor@CMyComboUI@@UAEXPAUHDC__@@@Z 004041e0 f i ControlEx.obj
 0001:00003330       ?PaintForeColor@CCircleProgressUI@@UAEXPAUHDC__@@@Z 00404330 f i ControlEx.obj
 0001:00003550       ?PaintForeImage@CCircleProgressUI@@UAEXPAUHDC__@@@Z 00404550 f i ControlEx.obj
 0001:00003560       ?SetAttribute@CChartViewUI@@UAEXPB_W0@Z 00404560 f   ControlEx.obj
 0001:00003780       ?SetInternVisible@CWndUI@@UAEX_N@Z 00404780 f i ControlEx.obj
 0001:000037b0       ?SetPos@CWndUI@@UAEXUtagRECT@@_N@Z 004047b0 f i ControlEx.obj
 0001:000037f0       ?SetVisible@CWndUI@@UAEX_N@Z 004047f0 f i ControlEx.obj
 0001:00003820       ?_Allocate@std@@YAPAXII_N@Z 00404820 f i ControlEx.obj
 0001:000038e0       ?_Calculate_growth@?$vector@UtagCHARTITEM@@V?$allocator@UtagCHARTITEM@@@std@@@std@@ABEII@Z 004048e0 f i ControlEx.obj
 0001:00003980       ?_Change_array@?$vector@UtagCHARTITEM@@V?$allocator@UtagCHARTITEM@@@std@@@std@@AAEXQAUtagCHARTITEM@@II@Z 00404980 f i ControlEx.obj
 0001:00003b40       ?_Deallocate@std@@YAXPAXII@Z 00404b40 f i ControlEx.obj
 0001:00003bd0       ?_Destroy@?$vector@UtagCHARTITEM@@V?$allocator@UtagCHARTITEM@@@std@@@std@@AAEXPAUtagCHARTITEM@@0@Z 00404bd0 f i ControlEx.obj
 0001:00003c30       ?_Tidy@?$vector@UtagCHARTITEM@@V?$allocator@UtagCHARTITEM@@@std@@@std@@AAEXXZ 00404c30 f i ControlEx.obj
 0001:00003de0       ?_Xlength@?$vector@UtagCHARTITEM@@V?$allocator@UtagCHARTITEM@@@std@@@std@@CAXXZ 00404de0 f i ControlEx.obj
 0001:00003df0       ?__empty_global_delete@@YAXPAX@Z 00404df0 f i ControlEx.obj
 0001:00003e00       ?__empty_global_delete@@YAXPAXI@Z 00404e00 f i ControlEx.obj
 0001:00003e00       ?__global_delete@@YAXPAXI@Z 00404e00 f i ControlEx.obj
 0001:00003e10       ?capacity@?$vector@UtagCHARTITEM@@V?$allocator@UtagCHARTITEM@@@std@@@std@@QBEIXZ 00404e10 f i ControlEx.obj
 0001:00003e60       ?deallocate@?$allocator@UtagCHARTITEM@@@std@@QAEXQAUtagCHARTITEM@@I@Z 00404e60 f i ControlEx.obj
 0001:00003e90       ?max_size@?$vector@UtagCHARTITEM@@V?$allocator@UtagCHARTITEM@@@std@@@std@@QBEIXZ 00404e90 f i ControlEx.obj
 0001:00003ef0       ?size@?$vector@UtagCHARTITEM@@V?$allocator@UtagCHARTITEM@@@std@@@std@@QBEIXZ 00404ef0 f i ControlEx.obj
 0001:00003f40       ?InitResource@@YAXXZ       00404f40 f   DuiDemo.obj
 0001:000042f0       _WinMain@16                004052f0 f   DuiDemo.obj
 0001:00004400       ??$_Buynode@ABUpiecewise_construct_t@std@@V?$tuple@ABH@2@V?$tuple@$$V@2@@?$_Tree_comp_alloc@V?$_Tmap_traits@HPAV?$ObserverImplBase@HUSkinChangedParam@@@@U?$less@H@std@@V?$allocator@U?$pair@$$CBHPAV?$ObserverImplBase@HUSkinChangedParam@@@@@std@@@3@$0A@@std@@@std@@QAEPAU?$_Tree_node@U?$pair@$$CBHPAV?$ObserverImplBase@HUSkinChangedParam@@@@@std@@PAX@1@ABUpiecewise_construct_t@1@$$QAV?$tuple@ABH@1@$$QAV?$tuple@$$V@1@@Z 00405400 f i MainWnd.obj
 0001:00004530       ??$_Buynode@ABUpiecewise_construct_t@std@@V?$tuple@ABH@2@V?$tuple@$$V@2@@?$_Tree_comp_alloc@V?$_Tmap_traits@HPAV?$ReceiverImplBase@HUSkinChangedParam@@@@U?$less@H@std@@V?$allocator@U?$pair@$$CBHPAV?$ReceiverImplBase@HUSkinChangedParam@@@@@std@@@3@$0A@@std@@@std@@QAEPAU?$_Tree_node@U?$pair@$$CBHPAV?$ReceiverImplBase@HUSkinChangedParam@@@@@std@@PAX@1@ABUpiecewise_construct_t@1@$$QAV?$tuple@ABH@1@$$QAV?$tuple@$$V@1@@Z 00405530 f i MainWnd.obj
 0001:00004660       ??$_Insert_at@AAU?$pair@$$CBHPAV?$ObserverImplBase@HUSkinChangedParam@@@@@std@@PAU?$_Tree_node@U?$pair@$$CBHPAV?$ObserverImplBase@HUSkinChangedParam@@@@@std@@PAX@2@@?$_Tree@V?$_Tmap_traits@HPAV?$ObserverImplBase@HUSkinChangedParam@@@@U?$less@H@std@@V?$allocator@U?$pair@$$CBHPAV?$ObserverImplBase@HUSkinChangedParam@@@@@std@@@3@$0A@@std@@@std@@IAE?AV?$_Tree_iterator@V?$_Tree_val@U?$_Tree_simple_types@U?$pair@$$CBHPAV?$ObserverImplBase@HUSkinChangedParam@@@@@std@@@std@@@std@@@1@_NPAU?$_Tree_node@U?$pair@$$CBHPAV?$ObserverImplBase@HUSkinChangedParam@@@@@std@@PAX@1@AAU?$pair@$$CBHPAV?$ObserverImplBase@HUSkinChangedParam@@@@@1@1@Z 00405660 f i MainWnd.obj
 0001:00004a80       ??$_Insert_at@AAU?$pair@$$CBHPAV?$ReceiverImplBase@HUSkinChangedParam@@@@@std@@PAU?$_Tree_node@U?$pair@$$CBHPAV?$ReceiverImplBase@HUSkinChangedParam@@@@@std@@PAX@2@@?$_Tree@V?$_Tmap_traits@HPAV?$ReceiverImplBase@HUSkinChangedParam@@@@U?$less@H@std@@V?$allocator@U?$pair@$$CBHPAV?$ReceiverImplBase@HUSkinChangedParam@@@@@std@@@3@$0A@@std@@@std@@IAE?AV?$_Tree_iterator@V?$_Tree_val@U?$_Tree_simple_types@U?$pair@$$CBHPAV?$ReceiverImplBase@HUSkinChangedParam@@@@@std@@@std@@@std@@@1@_NPAU?$_Tree_node@U?$pair@$$CBHPAV?$ReceiverImplBase@HUSkinChangedParam@@@@@std@@PAX@1@AAU?$pair@$$CBHPAV?$ReceiverImplBase@HUSkinChangedParam@@@@@1@1@Z 00405a80 f i MainWnd.obj
 0001:00004ea0       ??$_Insert_hint@AAU?$pair@$$CBHPAV?$ObserverImplBase@HUSkinChangedParam@@@@@std@@PAU?$_Tree_node@U?$pair@$$CBHPAV?$ObserverImplBase@HUSkinChangedParam@@@@@std@@PAX@2@@?$_Tree@V?$_Tmap_traits@HPAV?$ObserverImplBase@HUSkinChangedParam@@@@U?$less@H@std@@V?$allocator@U?$pair@$$CBHPAV?$ObserverImplBase@HUSkinChangedParam@@@@@std@@@3@$0A@@std@@@std@@IAE?AV?$_Tree_iterator@V?$_Tree_val@U?$_Tree_simple_types@U?$pair@$$CBHPAV?$ObserverImplBase@HUSkinChangedParam@@@@@std@@@std@@@std@@@1@V?$_Tree_const_iterator@V?$_Tree_val@U?$_Tree_simple_types@U?$pair@$$CBHPAV?$ObserverImplBase@HUSkinChangedParam@@@@@std@@@std@@@std@@@1@AAU?$pair@$$CBHPAV?$ObserverImplBase@HUSkinChangedParam@@@@@1@PAU?$_Tree_node@U?$pair@$$CBHPAV?$ObserverImplBase@HUSkinChangedParam@@@@@std@@PAX@1@@Z 00405ea0 f i MainWnd.obj
 0001:00005920       ??$_Insert_hint@AAU?$pair@$$CBHPAV?$ReceiverImplBase@HUSkinChangedParam@@@@@std@@PAU?$_Tree_node@U?$pair@$$CBHPAV?$ReceiverImplBase@HUSkinChangedParam@@@@@std@@PAX@2@@?$_Tree@V?$_Tmap_traits@HPAV?$ReceiverImplBase@HUSkinChangedParam@@@@U?$less@H@std@@V?$allocator@U?$pair@$$CBHPAV?$ReceiverImplBase@HUSkinChangedParam@@@@@std@@@3@$0A@@std@@@std@@IAE?AV?$_Tree_iterator@V?$_Tree_val@U?$_Tree_simple_types@U?$pair@$$CBHPAV?$ReceiverImplBase@HUSkinChangedParam@@@@@std@@@std@@@std@@@1@V?$_Tree_const_iterator@V?$_Tree_val@U?$_Tree_simple_types@U?$pair@$$CBHPAV?$ReceiverImplBase@HUSkinChangedParam@@@@@std@@@std@@@std@@@1@AAU?$pair@$$CBHPAV?$ReceiverImplBase@HUSkinChangedParam@@@@@1@PAU?$_Tree_node@U?$pair@$$CBHPAV?$ReceiverImplBase@HUSkinChangedParam@@@@@std@@PAX@1@@Z 00406920 f i MainWnd.obj
 0001:000063a0       ??$_Insert_nohint@AAU?$pair@$$CBHPAV?$ObserverImplBase@HUSkinChangedParam@@@@@std@@PAU?$_Tree_node@U?$pair@$$CBHPAV?$ObserverImplBase@HUSkinChangedParam@@@@@std@@PAX@2@@?$_Tree@V?$_Tmap_traits@HPAV?$ObserverImplBase@HUSkinChangedParam@@@@U?$less@H@std@@V?$allocator@U?$pair@$$CBHPAV?$ObserverImplBase@HUSkinChangedParam@@@@@std@@@3@$0A@@std@@@std@@IAE?AU?$pair@V?$_Tree_iterator@V?$_Tree_val@U?$_Tree_simple_types@U?$pair@$$CBHPAV?$ObserverImplBase@HUSkinChangedParam@@@@@std@@@std@@@std@@@std@@_N@1@_NAAU?$pair@$$CBHPAV?$ObserverImplBase@HUSkinChangedParam@@@@@1@PAU?$_Tree_node@U?$pair@$$CBHPAV?$ObserverImplBase@HUSkinChangedParam@@@@@std@@PAX@1@@Z 004073a0 f i MainWnd.obj
 0001:00006790       ??$_Insert_nohint@AAU?$pair@$$CBHPAV?$ReceiverImplBase@HUSkinChangedParam@@@@@std@@PAU?$_Tree_node@U?$pair@$$CBHPAV?$ReceiverImplBase@HUSkinChangedParam@@@@@std@@PAX@2@@?$_Tree@V?$_Tmap_traits@HPAV?$ReceiverImplBase@HUSkinChangedParam@@@@U?$less@H@std@@V?$allocator@U?$pair@$$CBHPAV?$ReceiverImplBase@HUSkinChangedParam@@@@@std@@@3@$0A@@std@@@std@@IAE?AU?$pair@V?$_Tree_iterator@V?$_Tree_val@U?$_Tree_simple_types@U?$pair@$$CBHPAV?$ReceiverImplBase@HUSkinChangedParam@@@@@std@@@std@@@std@@@std@@_N@1@_NAAU?$pair@$$CBHPAV?$ReceiverImplBase@HUSkinChangedParam@@@@@1@PAU?$_Tree_node@U?$pair@$$CBHPAV?$ReceiverImplBase@HUSkinChangedParam@@@@@std@@PAX@1@@Z 00407790 f i MainWnd.obj
 0001:00006b80       ??$_Lbound@H@?$_Tree@V?$_Tmap_traits@HPAV?$ObserverImplBase@HUSkinChangedParam@@@@U?$less@H@std@@V?$allocator@U?$pair@$$CBHPAV?$ObserverImplBase@HUSkinChangedParam@@@@@std@@@3@$0A@@std@@@std@@IBEPAU?$_Tree_node@U?$pair@$$CBHPAV?$ObserverImplBase@HUSkinChangedParam@@@@@std@@PAX@1@ABH@Z 00407b80 f i MainWnd.obj
 0001:00006c30       ??$_Lbound@H@?$_Tree@V?$_Tmap_traits@HPAV?$ReceiverImplBase@HUSkinChangedParam@@@@U?$less@H@std@@V?$allocator@U?$pair@$$CBHPAV?$ReceiverImplBase@HUSkinChangedParam@@@@@std@@@3@$0A@@std@@@std@@IBEPAU?$_Tree_node@U?$pair@$$CBHPAV?$ReceiverImplBase@HUSkinChangedParam@@@@@std@@PAX@1@ABH@Z 00407c30 f i MainWnd.obj
 0001:00006ce0       ??$_Try_emplace@ABH$$V@?$map@HPAV?$ObserverImplBase@HUSkinChangedParam@@@@U?$less@H@std@@V?$allocator@U?$pair@$$CBHPAV?$ObserverImplBase@HUSkinChangedParam@@@@@std@@@3@@std@@QAE?AU?$pair@V?$_Tree_iterator@V?$_Tree_val@U?$_Tree_simple_types@U?$pair@$$CBHPAV?$ObserverImplBase@HUSkinChangedParam@@@@@std@@@std@@@std@@@std@@_N@1@ABH@Z 00407ce0 f i MainWnd.obj
 0001:00006e60       ??$_Try_emplace@ABH$$V@?$map@HPAV?$ReceiverImplBase@HUSkinChangedParam@@@@U?$less@H@std@@V?$allocator@U?$pair@$$CBHPAV?$ReceiverImplBase@HUSkinChangedParam@@@@@std@@@3@@std@@QAE?AU?$pair@V?$_Tree_iterator@V?$_Tree_val@U?$_Tree_simple_types@U?$pair@$$CBHPAV?$ReceiverImplBase@HUSkinChangedParam@@@@@std@@@std@@@std@@@std@@_N@1@ABH@Z 00407e60 f i MainWnd.obj
 0001:00006fe0       ??0?$_Tree_comp_alloc@V?$_Tmap_traits@HPAV?$ObserverImplBase@HUSkinChangedParam@@@@U?$less@H@std@@V?$allocator@U?$pair@$$CBHPAV?$ObserverImplBase@HUSkinChangedParam@@@@@std@@@3@$0A@@std@@@std@@QAE@ABU?$less@H@1@@Z 00407fe0 f i MainWnd.obj
 0001:00007050       ??0?$_Tree_comp_alloc@V?$_Tmap_traits@HPAV?$ReceiverImplBase@HUSkinChangedParam@@@@U?$less@H@std@@V?$allocator@U?$pair@$$CBHPAV?$ReceiverImplBase@HUSkinChangedParam@@@@@std@@@3@$0A@@std@@@std@@QAE@ABU?$less@H@1@@Z 00408050 f i MainWnd.obj
 0001:000070c0       ??0?$_Tree_unchecked_const_iterator@V?$_Tree_val@U?$_Tree_simple_types@U?$pair@$$CBHPAV?$ObserverImplBase@HUSkinChangedParam@@@@@std@@@std@@@std@@U_Iterator_base0@2@@std@@QAE@PAU?$_Tree_node@U?$pair@$$CBHPAV?$ObserverImplBase@HUSkinChangedParam@@@@@std@@PAX@1@PBV?$_Tree_val@U?$_Tree_simple_types@U?$pair@$$CBHPAV?$ObserverImplBase@HUSkinChangedParam@@@@@std@@@std@@@1@@Z 004080c0 f i MainWnd.obj
 0001:000070e0       ??0?$_Tree_unchecked_const_iterator@V?$_Tree_val@U?$_Tree_simple_types@U?$pair@$$CBHPAV?$ReceiverImplBase@HUSkinChangedParam@@@@@std@@@std@@@std@@U_Iterator_base0@2@@std@@QAE@PAU?$_Tree_node@U?$pair@$$CBHPAV?$ReceiverImplBase@HUSkinChangedParam@@@@@std@@PAX@1@PBV?$_Tree_val@U?$_Tree_simple_types@U?$pair@$$CBHPAV?$ReceiverImplBase@HUSkinChangedParam@@@@@std@@@std@@@1@@Z 004080e0 f i MainWnd.obj
 0001:00007100       ??0CMainPage@@QAE@XZ       00408100 f   MainWnd.obj
 0001:00007130       ??0CMainWnd@@QAE@XZ        00408130 f   MainWnd.obj
 0001:000072c0       ??0CSkinFrame@@QAE@PAUHWND__@@PAVCControlUI@DuiLib@@@Z 004082c0 f i MainWnd.obj
 0001:00007390       ??0CSkinManager@@AAE@XZ    00408390 f i MainWnd.obj
 0001:000073e0       ??0_bstr_t@@QAE@PB_W@Z     004083e0 f i MainWnd.obj
 0001:000074b0       ??1?$ReceiverImpl@HUSkinChangedParam@@@@UAE@XZ 004084b0 f i MainWnd.obj
 0001:000074d0       ??1?$_Tree@V?$_Tmap_traits@HPAV?$ObserverImplBase@HUSkinChangedParam@@@@U?$less@H@std@@V?$allocator@U?$pair@$$CBHPAV?$ObserverImplBase@HUSkinChangedParam@@@@@std@@@3@$0A@@std@@@std@@QAE@XZ 004084d0 f i MainWnd.obj
 0001:00007550       ??1?$_Tree@V?$_Tmap_traits@HPAV?$ReceiverImplBase@HUSkinChangedParam@@@@U?$less@H@std@@V?$allocator@U?$pair@$$CBHPAV?$ReceiverImplBase@HUSkinChangedParam@@@@@std@@@3@$0A@@std@@@std@@QAE@XZ 00408550 f i MainWnd.obj
 0001:000075d0       ??1CMainPage@@QAE@XZ       004085d0 f i MainWnd.obj
 0001:000075f0       ??1CMainWnd@@UAE@XZ        004085f0 f   MainWnd.obj
 0001:00007780       ??1CWebBrowserEventHandler@DuiLib@@QAE@XZ 00408780 f i MainWnd.obj
 0001:000077a0       ??1DUI_MSGMAP_ENTRY@DuiLib@@QAE@XZ 004087a0 f i MainWnd.obj
 0001:000077d0       ??1SkinChangedParam@@QAE@XZ 004087d0 f i MainWnd.obj
 0001:000077f0       ??1_bstr_t@@QAE@XZ         004087f0 f i MainWnd.obj
 0001:00007820       ??E?$_Tree_unchecked_const_iterator@V?$_Tree_val@U?$_Tree_simple_types@U?$pair@$$CBHPAV?$ObserverImplBase@HUSkinChangedParam@@@@@std@@@std@@@std@@U_Iterator_base0@2@@std@@QAEAAV01@XZ 00408820 f i MainWnd.obj
 0001:000078b0       ??E?$_Tree_unchecked_const_iterator@V?$_Tree_val@U?$_Tree_simple_types@U?$pair@$$CBHPAV?$ReceiverImplBase@HUSkinChangedParam@@@@@std@@@std@@@std@@U_Iterator_base0@2@@std@@QAEAAV01@XZ 004088b0 f i MainWnd.obj
 0001:00007940       ??F?$_Tree_unchecked_const_iterator@V?$_Tree_val@U?$_Tree_simple_types@U?$pair@$$CBHPAV?$ObserverImplBase@HUSkinChangedParam@@@@@std@@@std@@@std@@U_Iterator_base0@2@@std@@QAEAAV01@XZ 00408940 f i MainWnd.obj
 0001:000079f0       ??F?$_Tree_unchecked_const_iterator@V?$_Tree_val@U?$_Tree_simple_types@U?$pair@$$CBHPAV?$ReceiverImplBase@HUSkinChangedParam@@@@@std@@@std@@@std@@U_Iterator_base0@2@@std@@QAEAAV01@XZ 004089f0 f i MainWnd.obj
 0001:00007a9b       ??_9CMainPage@@$B3AE       00408a9b f i MainWnd.obj
 0001:00007aa0       ??_9CMainPage@@$B7AE       00408aa0 f i MainWnd.obj
 0001:00007aa5       ??_9CMainPage@@$BM@AE      00408aa5 f i MainWnd.obj
 0001:00007aaa       ??_ECMainWnd@@WEHM@AEPAXI@Z 00408aaa f i MainWnd.obj
 0001:00007ac0       ??_E?$ObserverImpl@HUSkinChangedParam@@@@UAEPAXI@Z 00408ac0 f i MainWnd.obj
 0001:00007ac0       ??_G?$ObserverImpl@HUSkinChangedParam@@@@UAEPAXI@Z 00408ac0 f i MainWnd.obj
 0001:00007b00       ??_G?$ReceiverImpl@HUSkinChangedParam@@@@UAEPAXI@Z 00408b00 f i MainWnd.obj
 0001:00007b00       ??_E?$ReceiverImpl@HUSkinChangedParam@@@@UAEPAXI@Z 00408b00 f i MainWnd.obj
 0001:00007b40       ??_ECButtonUI@DuiLib@@UAEPAXI@Z 00408b40 f i MainWnd.obj
 0001:00007b40       ??_GCButtonUI@DuiLib@@UAEPAXI@Z 00408b40 f i MainWnd.obj
 0001:00007b80       ??_ECComboUI@DuiLib@@UAEPAXI@Z 00408b80 f i MainWnd.obj
 0001:00007b80       ??_GCComboUI@DuiLib@@UAEPAXI@Z 00408b80 f i MainWnd.obj
 0001:00007bc0       ??_ECListContainerElementUI@DuiLib@@UAEPAXI@Z 00408bc0 f i MainWnd.obj
 0001:00007bc0       ??_GCListContainerElementUI@DuiLib@@UAEPAXI@Z 00408bc0 f i MainWnd.obj
 0001:00007c00       ??_GCListLabelElementUI@DuiLib@@UAEPAXI@Z 00408c00 f i MainWnd.obj
 0001:00007c00       ??_ECListLabelElementUI@DuiLib@@UAEPAXI@Z 00408c00 f i MainWnd.obj
 0001:00007c40       ??_GCListTextElementUI@DuiLib@@UAEPAXI@Z 00408c40 f i MainWnd.obj
 0001:00007c40       ??_ECListTextElementUI@DuiLib@@UAEPAXI@Z 00408c40 f i MainWnd.obj
 0001:00007c80       ??_ECListTextExtElementUI@DuiLib@@UAEPAXI@Z 00408c80 f i MainWnd.obj
 0001:00007c80       ??_GCListTextExtElementUI@DuiLib@@UAEPAXI@Z 00408c80 f i MainWnd.obj
 0001:00007cc0       ??_ECMainWnd@@UAEPAXI@Z    00408cc0 f i MainWnd.obj
 0001:00007cc0       ??_GCMainWnd@@UAEPAXI@Z    00408cc0 f i MainWnd.obj
 0001:00007d00       ??_GCMenuElementUI@DuiLib@@UAEPAXI@Z 00408d00 f i MainWnd.obj
 0001:00007d00       ??_ECMenuElementUI@DuiLib@@UAEPAXI@Z 00408d00 f i MainWnd.obj
 0001:00007d40       ??_GCOptionUI@DuiLib@@UAEPAXI@Z 00408d40 f i MainWnd.obj
 0001:00007d40       ??_ECOptionUI@DuiLib@@UAEPAXI@Z 00408d40 f i MainWnd.obj
 0001:00007d80       ??_GCTreeNodeUI@DuiLib@@UAEPAXI@Z 00408d80 f i MainWnd.obj
 0001:00007d80       ??_ECTreeNodeUI@DuiLib@@UAEPAXI@Z 00408d80 f i MainWnd.obj
 0001:00007dc0       ?AddObserver@?$ReceiverImpl@HUSkinChangedParam@@@@UAEXPAV?$ObserverImplBase@HUSkinChangedParam@@@@@Z 00408dc0 f i MainWnd.obj
 0001:00007e10       ?AddReceiver@?$ObserverImpl@HUSkinChangedParam@@@@UAEXPAV?$ReceiverImplBase@HUSkinChangedParam@@@@@Z 00408e10 f i MainWnd.obj
 0001:00007e80       ?BeforeNavigate2@CWebBrowserEventHandler@DuiLib@@UAEXPAVCWebBrowserUI@2@PAUIDispatch@@AAPAUtagVARIANT@@2222AAPAF@Z 00408e80 f i MainWnd.obj
 0001:00007e90       ?Broadcast@?$ObserverImpl@HUSkinChangedParam@@@@UAEHUSkinChangedParam@@@Z 00408e90 f i MainWnd.obj
 0001:00007ff0       ?Broadcast@CSkinManager@@QAEXUSkinChangedParam@@@Z 00408ff0 f i MainWnd.obj
 0001:00008080       ?CommandStateChange@CWebBrowserEventHandler@DuiLib@@UAEXPAVCWebBrowserUI@2@JF@Z 00409080 f i MainWnd.obj
 0001:00008090       ?CreateControl@CMainWnd@@UAEPAVCControlUI@DuiLib@@PB_W@Z 00409090 f   MainWnd.obj
 0001:00008130       ?DocumentComplete@CWebBrowserEventHandler@DuiLib@@UAEXPAVCWebBrowserUI@2@PAUIDispatch@@AAPAUtagVARIANT@@@Z 00409130 f i MainWnd.obj
 0001:00008140       ?Download@CWebBrowserEventHandler@DuiLib@@UAGJPAVCWebBrowserUI@2@PAUIMoniker@@PAUIBindCtx@@KJPAU_tagBINDINFO@@PB_W4I@Z 00409140 f i MainWnd.obj
 0001:00008150       ?EnableModeless@CWebBrowserEventHandler@DuiLib@@UAGJPAVCWebBrowserUI@2@H@Z 00409150 f i MainWnd.obj
 0001:00008160       ?FilterDataObject@CWebBrowserEventHandler@DuiLib@@UAGJPAVCWebBrowserUI@2@PAUIDataObject@@PAPAU4@@Z 00409160 f i MainWnd.obj
 0001:00008170       ?GetClassStyle@CMainWnd@@UBEIXZ 00409170 f   MainWnd.obj
 0001:00008180       ?GetClassStyle@CSkinFrame@@UBEIXZ 00409180 f i MainWnd.obj
 0001:00008190       ?GetDropTarget@CWebBrowserEventHandler@DuiLib@@UAGJPAVCWebBrowserUI@2@PAUIDropTarget@@PAPAU4@@Z 00409190 f i MainWnd.obj
 0001:000081a0       ?GetExternal@CWebBrowserEventHandler@DuiLib@@UAGJPAVCWebBrowserUI@2@PAPAUIDispatch@@@Z 004091a0 f i MainWnd.obj
 0001:000081b0       ?GetHostInfo@CMainWnd@@UAGJPAVCWebBrowserUI@DuiLib@@PAU_DOCHOSTUIINFO@@@Z 004091b0 f   MainWnd.obj
 0001:000081e0       ?GetHostInfo@CWebBrowserEventHandler@DuiLib@@UAGJPAVCWebBrowserUI@2@PAU_DOCHOSTUIINFO@@@Z 004091e0 f i MainWnd.obj
 0001:000081f0       ?GetMessageMap@CMainPage@@MBEPBUDUI_MSGMAP@DuiLib@@XZ 004091f0 f   MainWnd.obj
 0001:00008200       ?GetMessageMap@CMainWnd@@MBEPBUDUI_MSGMAP@DuiLib@@XZ 00409200 f   MainWnd.obj
 0001:00008210       ?GetOptionKeyPath@CWebBrowserEventHandler@DuiLib@@UAGJPAVCWebBrowserUI@2@PAPA_WK@Z 00409210 f i MainWnd.obj
 0001:00008220       ?GetSkinFile@CMainWnd@@UAE?AVCDuiString@DuiLib@@XZ 00409220 f   MainWnd.obj
 0001:00008260       ?GetSkinManager@CSkinManager@@SAPAV1@XZ 00409260 f i MainWnd.obj
 0001:000082f0       ?GetWindowClassName@CMainWnd@@UBEPB_WXZ 004092f0 f   MainWnd.obj
 0001:00008300       ?GetWindowClassName@CSkinFrame@@UBEPB_WXZ 00409300 f i MainWnd.obj
 0001:00008310       ?HandleCustomMessage@CMainWnd@@UAEJIIJAAH@Z 00409310 f   MainWnd.obj
 0001:00008930       ?HandleMessage@CSkinFrame@@UAEJIIJ@Z 00409930 f i MainWnd.obj
 0001:00008b10       ?HideUI@CWebBrowserEventHandler@DuiLib@@UAGJPAVCWebBrowserUI@2@@Z 00409b10 f i MainWnd.obj
 0001:00008b20       ?Init@CSkinFrame@@QAEXXZ   00409b20 f i MainWnd.obj
 0001:00008bf0       ?InitWindow@CMainWnd@@UAEXXZ 00409bf0 f   MainWnd.obj
 0001:00009cd0       ?MessageBoxW@CMsgWnd@@SAHPAUHWND__@@PB_W1@Z 0040acd0 f i MainWnd.obj
 0001:00009db0       ?NavigateComplete2@CWebBrowserEventHandler@DuiLib@@UAEXPAVCWebBrowserUI@2@PAUIDispatch@@AAPAUtagVARIANT@@@Z 0040adb0 f i MainWnd.obj
 0001:00009dc0       ?NavigateError@CWebBrowserEventHandler@DuiLib@@UAEXPAVCWebBrowserUI@2@PAUIDispatch@@AAPAUtagVARIANT@@22AAPAF@Z 0040adc0 f i MainWnd.obj
 0001:00009dd0       ?NewWindow3@CWebBrowserEventHandler@DuiLib@@UAEXPAVCWebBrowserUI@2@PAPAUIDispatch@@AAPAFKPA_W3@Z 0040add0 f i MainWnd.obj
 0001:00009de0       ?Notify@?$ObserverImpl@HUSkinChangedParam@@@@UAEHUSkinChangedParam@@@Z 0040ade0 f i MainWnd.obj
 0001:00009f40       ?Notify@CMainWnd@@UAEXAAUtagTNotifyUI@DuiLib@@@Z 0040af40 f   MainWnd.obj
 0001:0000a850       ?Notify@CSkinFrame@@UAEXAAUtagTNotifyUI@DuiLib@@@Z 0040b850 f i MainWnd.obj
 0001:0000a890       ?OnClick@CMainPage@@MAEXAAUtagTNotifyUI@DuiLib@@@Z 0040b890 f   MainWnd.obj
 0001:0000a8a0       ?OnCreate@CSkinFrame@@QAEJIIJAAH@Z 0040b8a0 f i MainWnd.obj
 0001:0000aa30       ?OnDestroy@CMainWnd@@UAEJIIJAAH@Z 0040ba30 f   MainWnd.obj
 0001:0000aa60       ?OnDocWindowActivate@CWebBrowserEventHandler@DuiLib@@UAGJPAVCWebBrowserUI@2@H@Z 0040ba60 f i MainWnd.obj
 0001:0000aa70       ?OnFinalMessage@CMainWnd@@UAEXPAUHWND__@@@Z 0040ba70 f   MainWnd.obj
 0001:0000aa90       ?OnFinalMessage@CSkinFrame@@UAEXPAUHWND__@@@Z 0040ba90 f i MainWnd.obj
 0001:0000aaf0       ?OnFrameWindowActivate@CWebBrowserEventHandler@DuiLib@@UAGJPAVCWebBrowserUI@2@H@Z 0040baf0 f i MainWnd.obj
 0001:0000ab00       ?OnGetMinMaxInfo@CMainWnd@@UAEJIIJAAH@Z 0040bb00 f   MainWnd.obj
 0001:0000ab10       ?OnItemClick@CMainPage@@MAEXAAUtagTNotifyUI@DuiLib@@@Z 0040bb10 f   MainWnd.obj
 0001:0000ab20       ?OnLClick@CMainWnd@@QAEXPAVCControlUI@DuiLib@@@Z 0040bb20 f   MainWnd.obj
 0001:0000b4a0       ?OnLClick@CSkinFrame@@QAEXPAVCControlUI@DuiLib@@@Z 0040c4a0 f i MainWnd.obj
 0001:0000b720       ?OnSelectChanged@CMainPage@@MAEXAAUtagTNotifyUI@DuiLib@@@Z 0040c720 f   MainWnd.obj
 0001:0000b730       ?ProgressChange@CWebBrowserEventHandler@DuiLib@@UAEXPAVCWebBrowserUI@2@JJ@Z 0040c730 f i MainWnd.obj
 0001:0000b740       ?QueryControlText@CMainWnd@@UAEPB_WPB_W0@Z 0040c740 f   MainWnd.obj
 0001:0000b8e0       ?Receive@?$ReceiverImpl@HUSkinChangedParam@@@@UAEHUSkinChangedParam@@@Z 0040c8e0 f i MainWnd.obj
 0001:0000b910       ?Receive@CMainWnd@@UAEHUSkinChangedParam@@@Z 0040c910 f   MainWnd.obj
 0001:0000b9d0       ?Release@Data_t@_bstr_t@@QAEKXZ 0040c9d0 f i MainWnd.obj
 0001:0000ba40       ?RemoveObserver@?$ReceiverImpl@HUSkinChangedParam@@@@UAEXXZ 0040ca40 f i MainWnd.obj
 0001:0000bae0       ?RemoveReceiver@?$ObserverImpl@HUSkinChangedParam@@@@UAEXPAV?$ReceiverImplBase@HUSkinChangedParam@@@@@Z 0040cae0 f i MainWnd.obj
 0001:0000bba0       ?ResizeBorder@CWebBrowserEventHandler@DuiLib@@UAGJPAVCWebBrowserUI@2@PBUtagRECT@@PAUIOleInPlaceUIWindow@@H@Z 0040cba0 f i MainWnd.obj
 0001:0000bbb0       ?Respond@?$ReceiverImpl@HUSkinChangedParam@@@@UAEHUSkinChangedParam@@PAV?$ObserverImplBase@HUSkinChangedParam@@@@@Z 0040cbb0 f i MainWnd.obj
 0001:0000bbe0       ?SetPaintMagager@CMainPage@@QAEXPAVCPaintManagerUI@DuiLib@@@Z 0040cbe0 f   MainWnd.obj
 0001:0000bc00       ?ShowContextMenu@CMainWnd@@UAGJPAVCWebBrowserUI@DuiLib@@KPAUtagPOINT@@PAUIUnknown@@PAUIDispatch@@@Z 0040cc00 f   MainWnd.obj
 0001:0000bc10       ?ShowContextMenu@CWebBrowserEventHandler@DuiLib@@UAGJPAVCWebBrowserUI@2@KPAUtagPOINT@@PAUIUnknown@@PAUIDispatch@@@Z 0040cc10 f i MainWnd.obj
 0001:0000bc20       ?ShowUI@CWebBrowserEventHandler@DuiLib@@UAGJPAVCWebBrowserUI@2@KPAUIOleInPlaceActiveObject@@PAUIOleCommandTarget@@PAUIOleInPlaceFrame@@PAUIOleInPlaceUIWindow@@@Z 0040cc20 f i MainWnd.obj
 0001:0000bc30       ?TitleChange@CWebBrowserEventHandler@DuiLib@@UAEXPAVCWebBrowserUI@2@PA_W@Z 0040cc30 f i MainWnd.obj
 0001:0000bc40       ?TranslateAcceleratorW@CWebBrowserEventHandler@DuiLib@@UAGJPAVCWebBrowserUI@2@PAUtagMSG@@PBU_GUID@@K@Z 0040cc40 f i MainWnd.obj
 0001:0000bc50       ?TranslateUrl@CWebBrowserEventHandler@DuiLib@@UAGJPAVCWebBrowserUI@2@KPA_WPAPA_W@Z 0040cc50 f i MainWnd.obj
 0001:0000bc60       ?UpdateUI@CMainWnd@@UAGJXZ 0040cc60 f   MainWnd.obj
 0001:0000bc70       ?UpdateUI@CWebBrowserEventHandler@DuiLib@@UAGJPAVCWebBrowserUI@2@@Z 0040cc70 f i MainWnd.obj
 0001:0000bc80       ?_Buyheadnode@?$_Tree_comp_alloc@V?$_Tmap_traits@HPAV?$ObserverImplBase@HUSkinChangedParam@@@@U?$less@H@std@@V?$allocator@U?$pair@$$CBHPAV?$ObserverImplBase@HUSkinChangedParam@@@@@std@@@3@$0A@@std@@@std@@QAEPAU?$_Tree_node@U?$pair@$$CBHPAV?$ObserverImplBase@HUSkinChangedParam@@@@@std@@PAX@2@XZ 0040cc80 f i MainWnd.obj
 0001:0000bda0       ?_Buyheadnode@?$_Tree_comp_alloc@V?$_Tmap_traits@HPAV?$ReceiverImplBase@HUSkinChangedParam@@@@U?$less@H@std@@V?$allocator@U?$pair@$$CBHPAV?$ReceiverImplBase@HUSkinChangedParam@@@@@std@@@3@$0A@@std@@@std@@QAEPAU?$_Tree_node@U?$pair@$$CBHPAV?$ReceiverImplBase@HUSkinChangedParam@@@@@std@@PAX@2@XZ 0040cda0 f i MainWnd.obj
 0001:0000bec0       ?_Buynode0@?$_Tree_comp_alloc@V?$_Tmap_traits@HPAV?$ObserverImplBase@HUSkinChangedParam@@@@U?$less@H@std@@V?$allocator@U?$pair@$$CBHPAV?$ObserverImplBase@HUSkinChangedParam@@@@@std@@@3@$0A@@std@@@std@@QAEPAU?$_Tree_node@U?$pair@$$CBHPAV?$ObserverImplBase@HUSkinChangedParam@@@@@std@@PAX@2@XZ 0040cec0 f i MainWnd.obj
 0001:0000c000       ?_Buynode0@?$_Tree_comp_alloc@V?$_Tmap_traits@HPAV?$ReceiverImplBase@HUSkinChangedParam@@@@U?$less@H@std@@V?$allocator@U?$pair@$$CBHPAV?$ReceiverImplBase@HUSkinChangedParam@@@@@std@@@3@$0A@@std@@@std@@QAEPAU?$_Tree_node@U?$pair@$$CBHPAV?$ReceiverImplBase@HUSkinChangedParam@@@@@std@@PAX@2@XZ 0040d000 f i MainWnd.obj
 0001:0000c140       ?_Destroy_if_not_nil@?$_Tree@V?$_Tmap_traits@HPAV?$ObserverImplBase@HUSkinChangedParam@@@@U?$less@H@std@@V?$allocator@U?$pair@$$CBHPAV?$ObserverImplBase@HUSkinChangedParam@@@@@std@@@3@$0A@@std@@@std@@IAEXPAU?$_Tree_node@U?$pair@$$CBHPAV?$ObserverImplBase@HUSkinChangedParam@@@@@std@@PAX@2@@Z 0040d140 f i MainWnd.obj
 0001:0000c180       ?_Destroy_if_not_nil@?$_Tree@V?$_Tmap_traits@HPAV?$ReceiverImplBase@HUSkinChangedParam@@@@U?$less@H@std@@V?$allocator@U?$pair@$$CBHPAV?$ReceiverImplBase@HUSkinChangedParam@@@@@std@@@3@$0A@@std@@@std@@IAEXPAU?$_Tree_node@U?$pair@$$CBHPAV?$ReceiverImplBase@HUSkinChangedParam@@@@@std@@PAX@2@@Z 0040d180 f i MainWnd.obj
 0001:0000c1c0       ?_Erase@?$_Tree@V?$_Tmap_traits@HPAV?$ObserverImplBase@HUSkinChangedParam@@@@U?$less@H@std@@V?$allocator@U?$pair@$$CBHPAV?$ObserverImplBase@HUSkinChangedParam@@@@@std@@@3@$0A@@std@@@std@@IAEXPAU?$_Tree_node@U?$pair@$$CBHPAV?$ObserverImplBase@HUSkinChangedParam@@@@@std@@PAX@2@@Z 0040d1c0 f i MainWnd.obj
 0001:0000c230       ?_Erase@?$_Tree@V?$_Tmap_traits@HPAV?$ReceiverImplBase@HUSkinChangedParam@@@@U?$less@H@std@@V?$allocator@U?$pair@$$CBHPAV?$ReceiverImplBase@HUSkinChangedParam@@@@@std@@@3@$0A@@std@@@std@@IAEXPAU?$_Tree_node@U?$pair@$$CBHPAV?$ReceiverImplBase@HUSkinChangedParam@@@@@std@@PAX@2@@Z 0040d230 f i MainWnd.obj
 0001:0000c2a0       ?_Free@Data_t@_bstr_t@@AAEXXZ 0040d2a0 f i MainWnd.obj
 0001:0000c300       ?_Freeheadnode@?$_Tree_comp_alloc@V?$_Tmap_traits@HPAV?$ObserverImplBase@HUSkinChangedParam@@@@U?$less@H@std@@V?$allocator@U?$pair@$$CBHPAV?$ObserverImplBase@HUSkinChangedParam@@@@@std@@@3@$0A@@std@@@std@@QAEXPAU?$_Tree_node@U?$pair@$$CBHPAV?$ObserverImplBase@HUSkinChangedParam@@@@@std@@PAX@2@@Z 0040d300 f i MainWnd.obj
 0001:0000c350       ?_Freeheadnode@?$_Tree_comp_alloc@V?$_Tmap_traits@HPAV?$ReceiverImplBase@HUSkinChangedParam@@@@U?$less@H@std@@V?$allocator@U?$pair@$$CBHPAV?$ReceiverImplBase@HUSkinChangedParam@@@@@std@@@3@$0A@@std@@@std@@QAEXPAU?$_Tree_node@U?$pair@$$CBHPAV?$ReceiverImplBase@HUSkinChangedParam@@@@@std@@PAX@2@@Z 0040d350 f i MainWnd.obj
 0001:0000c3a0       ?_Freenode0@?$_Tree_comp_alloc@V?$_Tmap_traits@HPAV?$ObserverImplBase@HUSkinChangedParam@@@@U?$less@H@std@@V?$allocator@U?$pair@$$CBHPAV?$ObserverImplBase@HUSkinChangedParam@@@@@std@@@3@$0A@@std@@@std@@QAEXPAU?$_Tree_node@U?$pair@$$CBHPAV?$ObserverImplBase@HUSkinChangedParam@@@@@std@@PAX@2@@Z 0040d3a0 f i MainWnd.obj
 0001:0000c3f0       ?_Freenode0@?$_Tree_comp_alloc@V?$_Tmap_traits@HPAV?$ReceiverImplBase@HUSkinChangedParam@@@@U?$less@H@std@@V?$allocator@U?$pair@$$CBHPAV?$ReceiverImplBase@HUSkinChangedParam@@@@@std@@@3@$0A@@std@@@std@@QAEXPAU?$_Tree_node@U?$pair@$$CBHPAV?$ReceiverImplBase@HUSkinChangedParam@@@@@std@@PAX@2@@Z 0040d3f0 f i MainWnd.obj
 0001:0000c440       ?_GetBaseMessageMap@CMainPage@@KGPBUDUI_MSGMAP@DuiLib@@XZ 0040d440 f   MainWnd.obj
 0001:0000c450       ?_GetBaseMessageMap@CMainWnd@@KGPBUDUI_MSGMAP@DuiLib@@XZ 0040d450 f   MainWnd.obj
 0001:0000c460       ?_Lrotate@?$_Tree@V?$_Tmap_traits@HPAV?$ObserverImplBase@HUSkinChangedParam@@@@U?$less@H@std@@V?$allocator@U?$pair@$$CBHPAV?$ObserverImplBase@HUSkinChangedParam@@@@@std@@@3@$0A@@std@@@std@@IAEXPAU?$_Tree_node@U?$pair@$$CBHPAV?$ObserverImplBase@HUSkinChangedParam@@@@@std@@PAX@2@@Z 0040d460 f i MainWnd.obj
 0001:0000c530       ?_Lrotate@?$_Tree@V?$_Tmap_traits@HPAV?$ReceiverImplBase@HUSkinChangedParam@@@@U?$less@H@std@@V?$allocator@U?$pair@$$CBHPAV?$ReceiverImplBase@HUSkinChangedParam@@@@@std@@@3@$0A@@std@@@std@@IAEXPAU?$_Tree_node@U?$pair@$$CBHPAV?$ReceiverImplBase@HUSkinChangedParam@@@@@std@@PAX@2@@Z 0040d530 f i MainWnd.obj
 0001:0000c600       ?_Rrotate@?$_Tree@V?$_Tmap_traits@HPAV?$ObserverImplBase@HUSkinChangedParam@@@@U?$less@H@std@@V?$allocator@U?$pair@$$CBHPAV?$ObserverImplBase@HUSkinChangedParam@@@@@std@@@3@$0A@@std@@@std@@IAEXPAU?$_Tree_node@U?$pair@$$CBHPAV?$ObserverImplBase@HUSkinChangedParam@@@@@std@@PAX@2@@Z 0040d600 f i MainWnd.obj
 0001:0000c6d0       ?_Rrotate@?$_Tree@V?$_Tmap_traits@HPAV?$ReceiverImplBase@HUSkinChangedParam@@@@U?$less@H@std@@V?$allocator@U?$pair@$$CBHPAV?$ReceiverImplBase@HUSkinChangedParam@@@@@std@@@3@$0A@@std@@@std@@IAEXPAU?$_Tree_node@U?$pair@$$CBHPAV?$ReceiverImplBase@HUSkinChangedParam@@@@@std@@PAX@2@@Z 0040d6d0 f i MainWnd.obj
 0001:0000c7a0       ?_Tidy@?$_Tree@V?$_Tmap_traits@HPAV?$ObserverImplBase@HUSkinChangedParam@@@@U?$less@H@std@@V?$allocator@U?$pair@$$CBHPAV?$ObserverImplBase@HUSkinChangedParam@@@@@std@@@3@$0A@@std@@@std@@IAEXXZ 0040d7a0 f i MainWnd.obj
 0001:0000c7f0       ?_Tidy@?$_Tree@V?$_Tmap_traits@HPAV?$ReceiverImplBase@HUSkinChangedParam@@@@U?$less@H@std@@V?$allocator@U?$pair@$$CBHPAV?$ReceiverImplBase@HUSkinChangedParam@@@@@std@@@3@$0A@@std@@@std@@IAEXXZ 0040d7f0 f i MainWnd.obj
 0001:0000c840       ?begin@?$_Tree@V?$_Tmap_traits@HPAV?$ObserverImplBase@HUSkinChangedParam@@@@U?$less@H@std@@V?$allocator@U?$pair@$$CBHPAV?$ObserverImplBase@HUSkinChangedParam@@@@@std@@@3@$0A@@std@@@std@@QAE?AV?$_Tree_iterator@V?$_Tree_val@U?$_Tree_simple_types@U?$pair@$$CBHPAV?$ObserverImplBase@HUSkinChangedParam@@@@@std@@@std@@@std@@@2@XZ 0040d840 f i MainWnd.obj
 0001:0000c8a0       ?begin@?$_Tree@V?$_Tmap_traits@HPAV?$ReceiverImplBase@HUSkinChangedParam@@@@U?$less@H@std@@V?$allocator@U?$pair@$$CBHPAV?$ReceiverImplBase@HUSkinChangedParam@@@@@std@@@3@$0A@@std@@@std@@QAE?AV?$_Tree_iterator@V?$_Tree_val@U?$_Tree_simple_types@U?$pair@$$CBHPAV?$ReceiverImplBase@HUSkinChangedParam@@@@@std@@@std@@@std@@@2@XZ 0040d8a0 f i MainWnd.obj
 0001:0000c900       ?clear@?$_Tree@V?$_Tmap_traits@HPAV?$ObserverImplBase@HUSkinChangedParam@@@@U?$less@H@std@@V?$allocator@U?$pair@$$CBHPAV?$ObserverImplBase@HUSkinChangedParam@@@@@std@@@3@$0A@@std@@@std@@QAEXXZ 0040d900 f i MainWnd.obj
 0001:0000ca60       ?clear@?$_Tree@V?$_Tmap_traits@HPAV?$ReceiverImplBase@HUSkinChangedParam@@@@U?$less@H@std@@V?$allocator@U?$pair@$$CBHPAV?$ReceiverImplBase@HUSkinChangedParam@@@@@std@@@3@$0A@@std@@@std@@QAEXXZ 0040da60 f i MainWnd.obj
 0001:0000cbc0       ?deallocate@?$allocator@U?$_Tree_node@U?$pair@$$CBHPAV?$ObserverImplBase@HUSkinChangedParam@@@@@std@@PAX@std@@@std@@QAEXQAU?$_Tree_node@U?$pair@$$CBHPAV?$ObserverImplBase@HUSkinChangedParam@@@@@std@@PAX@2@I@Z 0040dbc0 f i MainWnd.obj
 0001:0000cbe0       ?deallocate@?$allocator@U?$_Tree_node@U?$pair@$$CBHPAV?$ReceiverImplBase@HUSkinChangedParam@@@@@std@@PAX@std@@@std@@QAEXQAU?$_Tree_node@U?$pair@$$CBHPAV?$ReceiverImplBase@HUSkinChangedParam@@@@@std@@PAX@2@I@Z 0040dbe0 f i MainWnd.obj
 0001:0000cc00       ?end@?$_Tree@V?$_Tmap_traits@HPAV?$ObserverImplBase@HUSkinChangedParam@@@@U?$less@H@std@@V?$allocator@U?$pair@$$CBHPAV?$ObserverImplBase@HUSkinChangedParam@@@@@std@@@3@$0A@@std@@@std@@QAE?AV?$_Tree_iterator@V?$_Tree_val@U?$_Tree_simple_types@U?$pair@$$CBHPAV?$ObserverImplBase@HUSkinChangedParam@@@@@std@@@std@@@std@@@2@XZ 0040dc00 f i MainWnd.obj
 0001:0000cc60       ?end@?$_Tree@V?$_Tmap_traits@HPAV?$ReceiverImplBase@HUSkinChangedParam@@@@U?$less@H@std@@V?$allocator@U?$pair@$$CBHPAV?$ReceiverImplBase@HUSkinChangedParam@@@@@std@@@3@$0A@@std@@@std@@QAE?AV?$_Tree_iterator@V?$_Tree_val@U?$_Tree_simple_types@U?$pair@$$CBHPAV?$ReceiverImplBase@HUSkinChangedParam@@@@@std@@@std@@@std@@@2@XZ 0040dc60 f i MainWnd.obj
 0001:0000ccc0       ?erase@?$_Tree@V?$_Tmap_traits@HPAV?$ObserverImplBase@HUSkinChangedParam@@@@U?$less@H@std@@V?$allocator@U?$pair@$$CBHPAV?$ObserverImplBase@HUSkinChangedParam@@@@@std@@@3@$0A@@std@@@std@@QAE?AV?$_Tree_iterator@V?$_Tree_val@U?$_Tree_simple_types@U?$pair@$$CBHPAV?$ObserverImplBase@HUSkinChangedParam@@@@@std@@@std@@@std@@@2@V?$_Tree_const_iterator@V?$_Tree_val@U?$_Tree_simple_types@U?$pair@$$CBHPAV?$ObserverImplBase@HUSkinChangedParam@@@@@std@@@std@@@std@@@2@0@Z 0040dcc0 f i MainWnd.obj
 0001:0000cde0       ?erase@?$_Tree@V?$_Tmap_traits@HPAV?$ObserverImplBase@HUSkinChangedParam@@@@U?$less@H@std@@V?$allocator@U?$pair@$$CBHPAV?$ObserverImplBase@HUSkinChangedParam@@@@@std@@@3@$0A@@std@@@std@@QAE?AV?$_Tree_iterator@V?$_Tree_val@U?$_Tree_simple_types@U?$pair@$$CBHPAV?$ObserverImplBase@HUSkinChangedParam@@@@@std@@@std@@@std@@@2@V?$_Tree_const_iterator@V?$_Tree_val@U?$_Tree_simple_types@U?$pair@$$CBHPAV?$ObserverImplBase@HUSkinChangedParam@@@@@std@@@std@@@std@@@2@@Z 0040dde0 f i MainWnd.obj
 0001:0000d490       ?erase@?$_Tree@V?$_Tmap_traits@HPAV?$ReceiverImplBase@HUSkinChangedParam@@@@U?$less@H@std@@V?$allocator@U?$pair@$$CBHPAV?$ReceiverImplBase@HUSkinChangedParam@@@@@std@@@3@$0A@@std@@@std@@QAE?AV?$_Tree_iterator@V?$_Tree_val@U?$_Tree_simple_types@U?$pair@$$CBHPAV?$ReceiverImplBase@HUSkinChangedParam@@@@@std@@@std@@@std@@@2@V?$_Tree_const_iterator@V?$_Tree_val@U?$_Tree_simple_types@U?$pair@$$CBHPAV?$ReceiverImplBase@HUSkinChangedParam@@@@@std@@@std@@@std@@@2@0@Z 0040e490 f i MainWnd.obj
 0001:0000d5b0       ?erase@?$_Tree@V?$_Tmap_traits@HPAV?$ReceiverImplBase@HUSkinChangedParam@@@@U?$less@H@std@@V?$allocator@U?$pair@$$CBHPAV?$ReceiverImplBase@HUSkinChangedParam@@@@@std@@@3@$0A@@std@@@std@@QAE?AV?$_Tree_iterator@V?$_Tree_val@U?$_Tree_simple_types@U?$pair@$$CBHPAV?$ReceiverImplBase@HUSkinChangedParam@@@@@std@@@std@@@std@@@2@V?$_Tree_const_iterator@V?$_Tree_val@U?$_Tree_simple_types@U?$pair@$$CBHPAV?$ReceiverImplBase@HUSkinChangedParam@@@@@std@@@std@@@std@@@2@@Z 0040e5b0 f i MainWnd.obj
 0001:0000dc60       ?lower_bound@?$_Tree@V?$_Tmap_traits@HPAV?$ObserverImplBase@HUSkinChangedParam@@@@U?$less@H@std@@V?$allocator@U?$pair@$$CBHPAV?$ObserverImplBase@HUSkinChangedParam@@@@@std@@@3@$0A@@std@@@std@@QAE?AV?$_Tree_iterator@V?$_Tree_val@U?$_Tree_simple_types@U?$pair@$$CBHPAV?$ObserverImplBase@HUSkinChangedParam@@@@@std@@@std@@@std@@@2@ABH@Z 0040ec60 f i MainWnd.obj
 0001:0000dcb0       ?lower_bound@?$_Tree@V?$_Tmap_traits@HPAV?$ReceiverImplBase@HUSkinChangedParam@@@@U?$less@H@std@@V?$allocator@U?$pair@$$CBHPAV?$ReceiverImplBase@HUSkinChangedParam@@@@@std@@@3@$0A@@std@@@std@@QAE?AV?$_Tree_iterator@V?$_Tree_val@U?$_Tree_simple_types@U?$pair@$$CBHPAV?$ReceiverImplBase@HUSkinChangedParam@@@@@std@@@std@@@std@@@2@ABH@Z 0040ecb0 f i MainWnd.obj
 0001:0000dd00       ??0CMsgWnd@@QAE@XZ         0040ed00 f   MsgWnd.obj
 0001:0000dd60       ??1CMsgWnd@@UAE@XZ         0040ed60 f   MsgWnd.obj
 0001:0000ddaf       ??_9CMsgWnd@@$BCA@AE       0040edaf f i MsgWnd.obj
 0001:0000ddc0       ??_GCMsgWnd@@UAEPAXI@Z     0040edc0 f i MsgWnd.obj
 0001:0000ddc0       ??_ECMsgWnd@@UAEPAXI@Z     0040edc0 f i MsgWnd.obj
 0001:0000de00       ?GetMessageMap@CMsgWnd@@MBEPBUDUI_MSGMAP@DuiLib@@XZ 0040ee00 f   MsgWnd.obj
 0001:0000de10       ?GetSkinFile@CMsgWnd@@UAE?AVCDuiString@DuiLib@@XZ 0040ee10 f   MsgWnd.obj
 0001:0000de50       ?GetWindowClassName@CMsgWnd@@UBEPB_WXZ 0040ee50 f   MsgWnd.obj
 0001:0000de60       ?HandleCustomMessage@CMsgWnd@@MAEJIIJAAH@Z 0040ee60 f   MsgWnd.obj
 0001:0000de80       ?InitWindow@CMsgWnd@@UAEXXZ 0040ee80 f   MsgWnd.obj
 0001:0000deb0       ?Notify@CMsgWnd@@UAEXAAUtagTNotifyUI@DuiLib@@@Z 0040eeb0 f   MsgWnd.obj
 0001:0000ded0       ?OnClick@CMsgWnd@@MAEXAAUtagTNotifyUI@DuiLib@@@Z 0040eed0 f   MsgWnd.obj
 0001:0000e0f0       ?OnFinalMessage@CMsgWnd@@UAEXPAUHWND__@@@Z 0040f0f0 f   MsgWnd.obj
 0001:0000e140       ?OnSysCommand@CMsgWnd@@MAEJIIJAAH@Z 0040f140 f   MsgWnd.obj
 0001:0000e160       ?SetMsg@CMsgWnd@@QAEXPB_W@Z 0040f160 f   MsgWnd.obj
 0001:0000e1b0       ?SetTitle@CMsgWnd@@QAEXPB_W@Z 0040f1b0 f   MsgWnd.obj
 0001:0000e200       ?_GetBaseMessageMap@CMsgWnd@@KGPBUDUI_MSGMAP@DuiLib@@XZ 0040f200 f   MsgWnd.obj
 0001:0000e210       ??0CPopWnd@@QAE@XZ         0040f210 f   PopWnd.obj
 0001:0000e270       ??1CPopWnd@@UAE@XZ         0040f270 f   PopWnd.obj
 0001:0000e2bf       ??_9CPopWnd@@$BCA@AE       0040f2bf f i PopWnd.obj
 0001:0000e2c4       ??_9CPopWnd@@$BII@AE       0040f2c4 f i PopWnd.obj
 0001:0000e2cc       ??_9CPopWnd@@$BIM@AE       0040f2cc f i PopWnd.obj
 0001:0000e2e0       ??_GCPopWnd@@UAEPAXI@Z     0040f2e0 f i PopWnd.obj
 0001:0000e2e0       ??_ECPopWnd@@UAEPAXI@Z     0040f2e0 f i PopWnd.obj
 0001:0000e320       ?GetMessageMap@CPopWnd@@MBEPBUDUI_MSGMAP@DuiLib@@XZ 0040f320 f   PopWnd.obj
 0001:0000e330       ?GetSkinFile@CPopWnd@@UAE?AVCDuiString@DuiLib@@XZ 0040f330 f   PopWnd.obj
 0001:0000e370       ?GetWindowClassName@CPopWnd@@UBEPB_WXZ 0040f370 f   PopWnd.obj
 0001:0000e380       ?HandleCustomMessage@CPopWnd@@MAEJIIJAAH@Z 0040f380 f   PopWnd.obj
 0001:0000e3a0       ?InitWindow@CPopWnd@@UAEXXZ 0040f3a0 f   PopWnd.obj
 0001:0000e430       ?MessageHandler@CPopWnd@@MAEJIIJAA_N@Z 0040f430 f i PopWnd.obj
 0001:0000e480       ?Notify@CPopWnd@@UAEXAAUtagTNotifyUI@DuiLib@@@Z 0040f480 f   PopWnd.obj
 0001:0000e4a0       ?OnClick@CPopWnd@@MAEXAAUtagTNotifyUI@DuiLib@@@Z 0040f4a0 f   PopWnd.obj
 0001:0000e6a0       ?OnFinalMessage@CPopWnd@@UAEXPAUHWND__@@@Z 0040f6a0 f   PopWnd.obj
 0001:0000e6f0       ?OnItemSelect@CPopWnd@@MAEXAAUtagTNotifyUI@DuiLib@@@Z 0040f6f0 f   PopWnd.obj
 0001:0000e790       ?OnSelectChanged@CPopWnd@@MAEXAAUtagTNotifyUI@DuiLib@@@Z 0040f790 f   PopWnd.obj
 0001:0000e830       ?OnSysCommand@CPopWnd@@MAEJIIJAAH@Z 0040f830 f   PopWnd.obj
 0001:0000e960       ?_GetBaseMessageMap@CPopWnd@@KGPBUDUI_MSGMAP@DuiLib@@XZ 0040f960 f   PopWnd.obj
 0001:0000e96a       _FreeResource@4            0040f96a f   kernel32:KERNEL32.dll
 0001:0000e970       _LoadResource@8            0040f970 f   kernel32:KERNEL32.dll
 0001:0000e976       _LockResource@4            0040f976 f   kernel32:KERNEL32.dll
 0001:0000e97c       _SizeofResource@8          0040f97c f   kernel32:KERNEL32.dll
 0001:0000e982       _FindResourceW@12          0040f982 f   kernel32:KERNEL32.dll
 0001:0000e988       _lstrcmpiW@8               0040f988 f   kernel32:KERNEL32.dll
 0001:0000e98e       _lstrlenW@4                0040f98e f   kernel32:KERNEL32.dll
 0001:0000e994       _IsWindow@4                0040f994 f   user32:USER32.dll
 0001:0000e99a       _IsChild@8                 0040f99a f   user32:USER32.dll
 0001:0000e9a0       _ShowWindow@8              0040f9a0 f   user32:USER32.dll
 0001:0000e9a6       _SetWindowPos@28           0040f9a6 f   user32:USER32.dll
 0001:0000e9ac       _GetWindowRect@8           0040f9ac f   user32:USER32.dll
 0001:0000e9b2       _IntersectRect@12          0040f9b2 f   user32:USER32.dll
 0001:0000e9b8       _OffsetRect@12             0040f9b8 f   user32:USER32.dll
 0001:0000e9be       _PostQuitMessage@4         0040f9be f   user32:USER32.dll
 0001:0000e9c4       _DestroyWindow@4           0040f9c4 f   user32:USER32.dll
 0001:0000e9ca       _IsWindowVisible@4         0040f9ca f   user32:USER32.dll
 0001:0000e9d0       _IsIconic@4                0040f9d0 f   user32:USER32.dll
 0001:0000e9d6       _InvalidateRect@12         0040f9d6 f   user32:USER32.dll
 0001:0000e9dc       _MessageBoxW@16            0040f9dc f   user32:USER32.dll
 0001:0000e9e2       _GetCursorPos@4            0040f9e2 f   user32:USER32.dll
 0001:0000e9e8       _ClientToScreen@8          0040f9e8 f   user32:USER32.dll
 0001:0000e9ee       _GetWindowLongW@8          0040f9ee f   user32:USER32.dll
 0001:0000e9f4       _SetWindowLongW@12         0040f9f4 f   user32:USER32.dll
 0001:0000e9fa       _IsZoomed@4                0040f9fa f   user32:USER32.dll
 0001:0000ea00       _SHGetFolderPathW@20       0040fa00 f   shell32:SHELL32.dll
 0001:0000ea06       _ShellExecuteW@24          0040fa06 f   shell32:SHELL32.dll
 0001:0000ea0c       _OleInitialize@4           0040fa0c f   ole32:ole32.dll
 0001:0000ea12       _OleUninitialize@0         0040fa12 f   ole32:ole32.dll
 0001:0000ea18       _CoUninitialize@0          0040fa18 f   ole32:ole32.dll
 0001:0000ea1e       _CoInitialize@4            0040fa1e f   ole32:ole32.dll
 0001:0000ea24       _SysAllocString@4          0040fa24 f   oleaut32:OLEAUT32.dll
 0001:0000ea2a       _SysFreeString@4           0040fa2a f   oleaut32:OLEAUT32.dll
 0001:0000ea30       ??0CDuiString@DuiLib@@QAE@XZ 0040fa30 f   DuiLib:DuiLib.dll
 0001:0000ea36       ??0CDuiString@DuiLib@@QAE@ABV01@@Z 0040fa36 f   DuiLib:DuiLib.dll
 0001:0000ea3c       ??0CDuiString@DuiLib@@QAE@PB_WH@Z 0040fa3c f   DuiLib:DuiLib.dll
 0001:0000ea42       ??1CDuiString@DuiLib@@QAE@XZ 0040fa42 f   DuiLib:DuiLib.dll
 0001:0000ea48       ?Empty@CDuiString@DuiLib@@QAEXXZ 0040fa48 f   DuiLib:DuiLib.dll
 0001:0000ea4e       ?IsEmpty@CDuiString@DuiLib@@QBE_NXZ 0040fa4e f   DuiLib:DuiLib.dll
 0001:0000ea54       ??BCDuiString@DuiLib@@QBEPB_WXZ 0040fa54 f   DuiLib:DuiLib.dll
 0001:0000ea5a       ??4CDuiString@DuiLib@@QAEABV01@ABV01@@Z 0040fa5a f   DuiLib:DuiLib.dll
 0001:0000ea60       ??4CDuiString@DuiLib@@QAEABV01@PB_W@Z 0040fa60 f   DuiLib:DuiLib.dll
 0001:0000ea66       ?GetPaintWindow@CPaintManagerUI@DuiLib@@QBEPAUHWND__@@XZ 0040fa66 f   DuiLib:DuiLib.dll
 0001:0000ea6c       ??0CControlUI@DuiLib@@QAE@XZ 0040fa6c f   DuiLib:DuiLib.dll
 0001:0000ea72       ??1CControlUI@DuiLib@@UAE@XZ 0040fa72 f   DuiLib:DuiLib.dll
 0001:0000ea78       ?SetPos@CControlUI@DuiLib@@UAEXUtagRECT@@_N@Z 0040fa78 f   DuiLib:DuiLib.dll
 0001:0000ea7e       ?SetVisible@CControlUI@DuiLib@@UAEX_N@Z 0040fa7e f   DuiLib:DuiLib.dll
 0001:0000ea84       ?SetInternVisible@CControlUI@DuiLib@@UAEX_N@Z 0040fa84 f   DuiLib:DuiLib.dll
 0001:0000ea8a       ?SetAttribute@CControlUI@DuiLib@@UAEXPB_W0@Z 0040fa8a f   DuiLib:DuiLib.dll
 0001:0000ea90       ?DoPaint@CControlUI@DuiLib@@UAEXPAUHDC__@@ABUtagRECT@@@Z 0040fa90 f   DuiLib:DuiLib.dll
 0001:0000ea96       ?DrawImageString@CRenderEngine@DuiLib@@SA_NPAUHDC__@@PAVCPaintManagerUI@2@ABUtagRECT@@2PB_W3PAUHINSTANCE__@@@Z 0040fa96 f   DuiLib:DuiLib.dll
 0001:0000ea9c       ?DrawTextW@CRenderEngine@DuiLib@@SAXPAUHDC__@@PAVCPaintManagerUI@2@AAUtagRECT@@PB_WKHI@Z 0040fa9c f   DuiLib:DuiLib.dll
 0001:0000eaa2       ?DrawHtmlText@CRenderEngine@DuiLib@@SAXPAUHDC__@@PAVCPaintManagerUI@2@AAUtagRECT@@PB_WKPAU5@PAVCDuiString@2@AAHI@Z 0040faa2 f   DuiLib:DuiLib.dll
 0001:0000eaa8       ??0CComboUI@DuiLib@@QAE@XZ 0040faa8 f   DuiLib:DuiLib.dll
 0001:0000eaae       ?DoEvent@CComboUI@DuiLib@@UAEXAAUtagTEventUI@2@@Z 0040faae f   DuiLib:DuiLib.dll
 0001:0000eab4       ??1CComboUI@DuiLib@@UAE@XZ 0040fab4 f   DuiLib:DuiLib.dll
 0001:0000eaba       ??0CProgressUI@DuiLib@@QAE@XZ 0040faba f   DuiLib:DuiLib.dll
 0001:0000eac0       ??1CProgressUI@DuiLib@@UAE@XZ 0040fac0 f   DuiLib:DuiLib.dll
 0001:0000eac6       ?Activate@CComboUI@DuiLib@@UAE_NXZ 0040fac6 f   DuiLib:DuiLib.dll
 0001:0000eacc       ?Activate@CControlUI@DuiLib@@UAE_NXZ 0040facc f   DuiLib:DuiLib.dll
 0001:0000ead2       ?Add@CComboUI@DuiLib@@UAE_NPAVCControlUI@2@@Z 0040fad2 f   DuiLib:DuiLib.dll
 0001:0000ead8       ?AddAt@CComboUI@DuiLib@@UAE_NPAVCControlUI@2@H@Z 0040fad8 f   DuiLib:DuiLib.dll
 0001:0000eade       ?DoEvent@CControlUI@DuiLib@@UAEXAAUtagTEventUI@2@@Z 0040fade f   DuiLib:DuiLib.dll
 0001:0000eae4       ?DoEvent@CLabelUI@DuiLib@@UAEXAAUtagTEventUI@2@@Z 0040fae4 f   DuiLib:DuiLib.dll
 0001:0000eaea       ?DoInit@CComboUI@DuiLib@@UAEXXZ 0040faea f   DuiLib:DuiLib.dll
 0001:0000eaf0       ?DoInit@CControlUI@DuiLib@@UAEXXZ 0040faf0 f   DuiLib:DuiLib.dll
 0001:0000eaf6       ?DoPaint@CComboUI@DuiLib@@UAEXPAUHDC__@@ABUtagRECT@@@Z 0040faf6 f   DuiLib:DuiLib.dll
 0001:0000eafc       ?DoPostPaint@CControlUI@DuiLib@@UAEXPAUHDC__@@ABUtagRECT@@@Z 0040fafc f   DuiLib:DuiLib.dll
 0001:0000eb02       ?EnableScrollBar@CContainerUI@DuiLib@@UAEX_N0@Z 0040fb02 f   DuiLib:DuiLib.dll
 0001:0000eb08       ?EndDown@CContainerUI@DuiLib@@UAEXXZ 0040fb08 f   DuiLib:DuiLib.dll
 0001:0000eb0e       ?EndRight@CContainerUI@DuiLib@@UAEXXZ 0040fb0e f   DuiLib:DuiLib.dll
 0001:0000eb14       ?EstimateSize@CComboUI@DuiLib@@UAE?AUtagSIZE@@U3@@Z 0040fb14 f   DuiLib:DuiLib.dll
 0001:0000eb1a       ?EstimateSize@CControlUI@DuiLib@@UAE?AUtagSIZE@@U3@@Z 0040fb1a f   DuiLib:DuiLib.dll
 0001:0000eb20       ?EstimateSize@CLabelUI@DuiLib@@UAE?AUtagSIZE@@U3@@Z 0040fb20 f   DuiLib:DuiLib.dll
 0001:0000eb26       ?Event@CControlUI@DuiLib@@UAEXAAUtagTEventUI@2@@Z 0040fb26 f   DuiLib:DuiLib.dll
 0001:0000eb2c       ?FindControl@CContainerUI@DuiLib@@UAEPAVCControlUI@2@P6GPAV32@PAV32@PAX@Z1I@Z 0040fb2c f   DuiLib:DuiLib.dll
 0001:0000eb32       ?FindControl@CControlUI@DuiLib@@UAEPAV12@P6GPAV12@PAV12@PAX@Z1I@Z 0040fb32 f   DuiLib:DuiLib.dll
 0001:0000eb38       ?FindSelectable@CContainerUI@DuiLib@@UBEHH_N@Z 0040fb38 f   DuiLib:DuiLib.dll
 0001:0000eb3e       ?GetAutoCalcWidth@CLabelUI@DuiLib@@UBE_NXZ 0040fb3e f   DuiLib:DuiLib.dll
 0001:0000eb44       ?GetChildAlign@CContainerUI@DuiLib@@UBEIXZ 0040fb44 f   DuiLib:DuiLib.dll
 0001:0000eb4a       ?GetChildPadding@CContainerUI@DuiLib@@UBEHXZ 0040fb4a f   DuiLib:DuiLib.dll
 0001:0000eb50       ?GetChildVAlign@CContainerUI@DuiLib@@UBEIXZ 0040fb50 f   DuiLib:DuiLib.dll
 0001:0000eb56       ?GetClass@CControlUI@DuiLib@@UBEPB_WXZ 0040fb56 f   DuiLib:DuiLib.dll
 0001:0000eb5c       ?GetClientPos@CContainerUI@DuiLib@@UBE?AUtagRECT@@XZ 0040fb5c f   DuiLib:DuiLib.dll
 0001:0000eb62       ?GetClientPos@CControlUI@DuiLib@@UBE?AUtagRECT@@XZ 0040fb62 f   DuiLib:DuiLib.dll
 0001:0000eb68       ?GetControlFlags@CComboUI@DuiLib@@UBEIXZ 0040fb68 f   DuiLib:DuiLib.dll
 0001:0000eb6e       ?GetControlFlags@CControlUI@DuiLib@@UBEIXZ 0040fb6e f   DuiLib:DuiLib.dll
 0001:0000eb74       ?GetControlFlags@CLabelUI@DuiLib@@UBEIXZ 0040fb74 f   DuiLib:DuiLib.dll
 0001:0000eb7a       ?GetCount@CContainerUI@DuiLib@@UBEHXZ 0040fb7a f   DuiLib:DuiLib.dll
 0001:0000eb80       ?GetCurSel@CComboUI@DuiLib@@UBEHXZ 0040fb80 f   DuiLib:DuiLib.dll
 0001:0000eb86       ?GetCursor@CControlUI@DuiLib@@UAEGXZ 0040fb86 f   DuiLib:DuiLib.dll
 0001:0000eb8c       ?GetFixedHeight@CControlUI@DuiLib@@UBEHXZ 0040fb8c f   DuiLib:DuiLib.dll
 0001:0000eb92       ?GetFixedWidth@CControlUI@DuiLib@@UBEHXZ 0040fb92 f   DuiLib:DuiLib.dll
 0001:0000eb98       ?GetFixedXY@CControlUI@DuiLib@@UBE?AUtagSIZE@@XZ 0040fb98 f   DuiLib:DuiLib.dll
 0001:0000eb9e       ?GetFloatAlign@CControlUI@DuiLib@@UBEIXZ 0040fb9e f   DuiLib:DuiLib.dll
 0001:0000eba4       ?GetFloatPercent@CControlUI@DuiLib@@UBE?AUtagTPercentInfo@2@XZ 0040fba4 f   DuiLib:DuiLib.dll
 0001:0000ebaa       ?GetHeight@CControlUI@DuiLib@@UBEHXZ 0040fbaa f   DuiLib:DuiLib.dll
 0001:0000ebb0       ?GetHorizontalScrollBar@CContainerUI@DuiLib@@UBEPAVCScrollBarUI@2@XZ 0040fbb0 f   DuiLib:DuiLib.dll
 0001:0000ebb6       ?GetInset@CContainerUI@DuiLib@@UBE?AUtagRECT@@XZ 0040fbb6 f   DuiLib:DuiLib.dll
 0001:0000ebbc       ?GetInterface@CComboUI@DuiLib@@UAEPAXPB_W@Z 0040fbbc f   DuiLib:DuiLib.dll
 0001:0000ebc2       ?GetInterface@CControlUI@DuiLib@@UAEPAXPB_W@Z 0040fbc2 f   DuiLib:DuiLib.dll
 0001:0000ebc8       ?GetInterface@CProgressUI@DuiLib@@UAEPAXPB_W@Z 0040fbc8 f   DuiLib:DuiLib.dll
 0001:0000ebce       ?GetItemAt@CContainerUI@DuiLib@@UBEPAVCControlUI@2@H@Z 0040fbce f   DuiLib:DuiLib.dll
 0001:0000ebd4       ?GetItemIndex@CContainerUI@DuiLib@@UBEHPAVCControlUI@2@@Z 0040fbd4 f   DuiLib:DuiLib.dll
 0001:0000ebda       ?GetListInfo@CComboUI@DuiLib@@UAEPAUtagTListInfoUI@2@XZ 0040fbda f   DuiLib:DuiLib.dll
 0001:0000ebe0       ?GetListType@CComboUI@DuiLib@@UAEIXZ 0040fbe0 f   DuiLib:DuiLib.dll
 0001:0000ebe6       ?GetManager@CControlUI@DuiLib@@UBEPAVCPaintManagerUI@2@XZ 0040fbe6 f   DuiLib:DuiLib.dll
 0001:0000ebec       ?GetMaxHeight@CControlUI@DuiLib@@UBEHXZ 0040fbec f   DuiLib:DuiLib.dll
 0001:0000ebf2       ?GetMaxWidth@CControlUI@DuiLib@@UBEHXZ 0040fbf2 f   DuiLib:DuiLib.dll
 0001:0000ebf8       ?GetMinHeight@CControlUI@DuiLib@@UBEHXZ 0040fbf8 f   DuiLib:DuiLib.dll
 0001:0000ebfe       ?GetMinWidth@CControlUI@DuiLib@@UBEHXZ 0040fbfe f   DuiLib:DuiLib.dll
 0001:0000ec04       ?GetName@CControlUI@DuiLib@@UBE?AVCDuiString@2@XZ 0040fc04 f   DuiLib:DuiLib.dll
 0001:0000ec0a       ?GetPadding@CControlUI@DuiLib@@UBE?AUtagRECT@@XZ 0040fc0a f   DuiLib:DuiLib.dll
 0001:0000ec10       ?GetParent@CControlUI@DuiLib@@UBEPAV12@XZ 0040fc10 f   DuiLib:DuiLib.dll
 0001:0000ec16       ?GetPos@CControlUI@DuiLib@@UBEABUtagRECT@@XZ 0040fc16 f   DuiLib:DuiLib.dll
 0001:0000ec1c       ?GetRelativePos@CControlUI@DuiLib@@UBE?AUtagRECT@@XZ 0040fc1c f   DuiLib:DuiLib.dll
 0001:0000ec22       ?GetScrollPos@CContainerUI@DuiLib@@UBE?AUtagSIZE@@XZ 0040fc22 f   DuiLib:DuiLib.dll
 0001:0000ec28       ?GetScrollRange@CContainerUI@DuiLib@@UBE?AUtagSIZE@@XZ 0040fc28 f   DuiLib:DuiLib.dll
 0001:0000ec2e       ?GetScrollStepSize@CContainerUI@DuiLib@@UBEHXZ 0040fc2e f   DuiLib:DuiLib.dll
 0001:0000ec34       ?GetShortcut@CControlUI@DuiLib@@UBE_WXZ 0040fc34 f   DuiLib:DuiLib.dll
 0001:0000ec3a       ?GetTag@CControlUI@DuiLib@@UBEIXZ 0040fc3a f   DuiLib:DuiLib.dll
 0001:0000ec40       ?GetText@CComboUI@DuiLib@@UBE?AVCDuiString@2@XZ 0040fc40 f   DuiLib:DuiLib.dll
 0001:0000ec46       ?GetText@CControlUI@DuiLib@@UBE?AVCDuiString@2@XZ 0040fc46 f   DuiLib:DuiLib.dll
 0001:0000ec4c       ?GetToolTip@CControlUI@DuiLib@@UBE?AVCDuiString@2@XZ 0040fc4c f   DuiLib:DuiLib.dll
 0001:0000ec52       ?GetToolTipWidth@CControlUI@DuiLib@@UAEHXZ 0040fc52 f   DuiLib:DuiLib.dll
 0001:0000ec58       ?GetUserData@CControlUI@DuiLib@@UAEABVCDuiString@2@XZ 0040fc58 f   DuiLib:DuiLib.dll
 0001:0000ec5e       ?GetVerticalScrollBar@CContainerUI@DuiLib@@UBEPAVCScrollBarUI@2@XZ 0040fc5e f   DuiLib:DuiLib.dll
 0001:0000ec64       ?GetWidth@CControlUI@DuiLib@@UBEHXZ 0040fc64 f   DuiLib:DuiLib.dll
 0001:0000ec6a       ?GetX@CControlUI@DuiLib@@UBEHXZ 0040fc6a f   DuiLib:DuiLib.dll
 0001:0000ec70       ?GetY@CControlUI@DuiLib@@UBEHXZ 0040fc70 f   DuiLib:DuiLib.dll
 0001:0000ec76       ?HomeLeft@CContainerUI@DuiLib@@UAEXXZ 0040fc76 f   DuiLib:DuiLib.dll
 0001:0000ec7c       ?HomeUp@CContainerUI@DuiLib@@UAEXXZ 0040fc7c f   DuiLib:DuiLib.dll
 0001:0000ec82       ?Init@CControlUI@DuiLib@@UAEXXZ 0040fc82 f   DuiLib:DuiLib.dll
 0001:0000ec88       ?IsAutoDestroy@CContainerUI@DuiLib@@UBE_NXZ 0040fc88 f   DuiLib:DuiLib.dll
 0001:0000ec8e       ?IsContextMenuUsed@CControlUI@DuiLib@@UBE_NXZ 0040fc8e f   DuiLib:DuiLib.dll
 0001:0000ec94       ?IsDelayedDestroy@CContainerUI@DuiLib@@UBE_NXZ 0040fc94 f   DuiLib:DuiLib.dll
 0001:0000ec9a       ?IsDragEnabled@CControlUI@DuiLib@@UBE_NXZ 0040fc9a f   DuiLib:DuiLib.dll
 0001:0000eca0       ?IsDropEnabled@CControlUI@DuiLib@@UBE_NXZ 0040fca0 f   DuiLib:DuiLib.dll
 0001:0000eca6       ?IsEnabled@CControlUI@DuiLib@@UBE_NXZ 0040fca6 f   DuiLib:DuiLib.dll
 0001:0000ecac       ?IsFloat@CControlUI@DuiLib@@UBE_NXZ 0040fcac f   DuiLib:DuiLib.dll
 0001:0000ecb2       ?IsFocused@CControlUI@DuiLib@@UBE_NXZ 0040fcb2 f   DuiLib:DuiLib.dll
 0001:0000ecb8       ?IsKeyboardEnabled@CControlUI@DuiLib@@UBE_NXZ 0040fcb8 f   DuiLib:DuiLib.dll
 0001:0000ecbe       ?IsMouseChildEnabled@CContainerUI@DuiLib@@UBE_NXZ 0040fcbe f   DuiLib:DuiLib.dll
 0001:0000ecc4       ?IsMouseEnabled@CControlUI@DuiLib@@UBE_NXZ 0040fcc4 f   DuiLib:DuiLib.dll
 0001:0000ecca       ?IsResourceText@CControlUI@DuiLib@@UBE_NXZ 0040fcca f   DuiLib:DuiLib.dll
 0001:0000ecd0       ?IsVisible@CControlUI@DuiLib@@UBE_NXZ 0040fcd0 f   DuiLib:DuiLib.dll
 0001:0000ecd6       ?LineDown@CContainerUI@DuiLib@@UAEXXZ 0040fcd6 f   DuiLib:DuiLib.dll
 0001:0000ecdc       ?LineLeft@CContainerUI@DuiLib@@UAEXXZ 0040fcdc f   DuiLib:DuiLib.dll
 0001:0000ece2       ?LineRight@CContainerUI@DuiLib@@UAEXXZ 0040fce2 f   DuiLib:DuiLib.dll
 0001:0000ece8       ?LineUp@CContainerUI@DuiLib@@UAEXXZ 0040fce8 f   DuiLib:DuiLib.dll
 0001:0000ecee       ?Move@CComboUI@DuiLib@@UAEXUtagSIZE@@_N@Z 0040fcee f   DuiLib:DuiLib.dll
 0001:0000ecf4       ?Move@CControlUI@DuiLib@@UAEXUtagSIZE@@_N@Z 0040fcf4 f   DuiLib:DuiLib.dll
 0001:0000ecfa       ?PageDown@CContainerUI@DuiLib@@UAEXXZ 0040fcfa f   DuiLib:DuiLib.dll
 0001:0000ed00       ?PageLeft@CContainerUI@DuiLib@@UAEXXZ 0040fd00 f   DuiLib:DuiLib.dll
 0001:0000ed06       ?PageRight@CContainerUI@DuiLib@@UAEXXZ 0040fd06 f   DuiLib:DuiLib.dll
 0001:0000ed0c       ?PageUp@CContainerUI@DuiLib@@UAEXXZ 0040fd0c f   DuiLib:DuiLib.dll
 0001:0000ed12       ?PaintBkColor@CControlUI@DuiLib@@UAEXPAUHDC__@@@Z 0040fd12 f   DuiLib:DuiLib.dll
 0001:0000ed18       ?PaintBkImage@CControlUI@DuiLib@@UAEXPAUHDC__@@@Z 0040fd18 f   DuiLib:DuiLib.dll
 0001:0000ed1e       ?PaintBorder@CControlUI@DuiLib@@UAEXPAUHDC__@@@Z 0040fd1e f   DuiLib:DuiLib.dll
 0001:0000ed24       ?PaintForeColor@CControlUI@DuiLib@@UAEXPAUHDC__@@@Z 0040fd24 f   DuiLib:DuiLib.dll
 0001:0000ed2a       ?PaintForeImage@CControlUI@DuiLib@@UAEXPAUHDC__@@@Z 0040fd2a f   DuiLib:DuiLib.dll
 0001:0000ed30       ?PaintStatusImage@CComboUI@DuiLib@@UAEXPAUHDC__@@@Z 0040fd30 f   DuiLib:DuiLib.dll
 0001:0000ed36       ?PaintStatusImage@CControlUI@DuiLib@@UAEXPAUHDC__@@@Z 0040fd36 f   DuiLib:DuiLib.dll
 0001:0000ed3c       ?PaintText@CComboUI@DuiLib@@UAEXPAUHDC__@@@Z 0040fd3c f   DuiLib:DuiLib.dll
 0001:0000ed42       ?PaintText@CControlUI@DuiLib@@UAEXPAUHDC__@@@Z 0040fd42 f   DuiLib:DuiLib.dll
 0001:0000ed48       ?PaintText@CLabelUI@DuiLib@@UAEXPAUHDC__@@@Z 0040fd48 f   DuiLib:DuiLib.dll
 0001:0000ed4e       ?ProcessScrollBar@CContainerUI@DuiLib@@MAEXUtagRECT@@HH@Z 0040fd4e f   DuiLib:DuiLib.dll
 0001:0000ed54       ?Remove@CComboUI@DuiLib@@UAE_NPAVCControlUI@2@@Z 0040fd54 f   DuiLib:DuiLib.dll
 0001:0000ed5a       ?RemoveAll@CComboUI@DuiLib@@UAEXXZ 0040fd5a f   DuiLib:DuiLib.dll
 0001:0000ed60       ?RemoveAt@CComboUI@DuiLib@@UAE_NH@Z 0040fd60 f   DuiLib:DuiLib.dll
 0001:0000ed66       ?SelectItem@CComboUI@DuiLib@@UAE_NH_N@Z 0040fd66 f   DuiLib:DuiLib.dll
 0001:0000ed6c       ?SelectMultiItem@CComboUI@DuiLib@@UAE_NH_N@Z 0040fd6c f   DuiLib:DuiLib.dll
 0001:0000ed72       ?SetAttribute@CComboUI@DuiLib@@UAEXPB_W0@Z 0040fd72 f   DuiLib:DuiLib.dll
 0001:0000ed78       ?SetAttribute@CProgressUI@DuiLib@@UAEXPB_W0@Z 0040fd78 f   DuiLib:DuiLib.dll
 0001:0000ed7e       ?SetAutoCalcWidth@CLabelUI@DuiLib@@UAEX_N@Z 0040fd7e f   DuiLib:DuiLib.dll
 0001:0000ed84       ?SetAutoDestroy@CContainerUI@DuiLib@@UAEX_N@Z 0040fd84 f   DuiLib:DuiLib.dll
 0001:0000ed8a       ?SetChildAlign@CContainerUI@DuiLib@@UAEXI@Z 0040fd8a f   DuiLib:DuiLib.dll
 0001:0000ed90       ?SetChildPadding@CContainerUI@DuiLib@@UAEXH@Z 0040fd90 f   DuiLib:DuiLib.dll
 0001:0000ed96       ?SetChildVAlign@CContainerUI@DuiLib@@UAEXI@Z 0040fd96 f   DuiLib:DuiLib.dll
 0001:0000ed9c       ?SetContextMenuUsed@CControlUI@DuiLib@@UAEX_N@Z 0040fd9c f   DuiLib:DuiLib.dll
 0001:0000eda2       ?SetCursor@CControlUI@DuiLib@@UAEXG@Z 0040fda2 f   DuiLib:DuiLib.dll
 0001:0000eda8       ?SetDelayedDestroy@CContainerUI@DuiLib@@UAEX_N@Z 0040fda8 f   DuiLib:DuiLib.dll
 0001:0000edae       ?SetDragEnable@CControlUI@DuiLib@@UAEX_N@Z 0040fdae f   DuiLib:DuiLib.dll
 0001:0000edb4       ?SetDropEnable@CControlUI@DuiLib@@UAEX_N@Z 0040fdb4 f   DuiLib:DuiLib.dll
 0001:0000edba       ?SetEnabled@CComboUI@DuiLib@@UAEX_N@Z 0040fdba f   DuiLib:DuiLib.dll
 0001:0000edc0       ?SetEnabled@CControlUI@DuiLib@@UAEX_N@Z 0040fdc0 f   DuiLib:DuiLib.dll
 0001:0000edc6       ?SetFixedHeight@CControlUI@DuiLib@@UAEXH@Z 0040fdc6 f   DuiLib:DuiLib.dll
 0001:0000edcc       ?SetFixedWidth@CControlUI@DuiLib@@UAEXH@Z 0040fdcc f   DuiLib:DuiLib.dll
 0001:0000edd2       ?SetFixedXY@CControlUI@DuiLib@@UAEXUtagSIZE@@@Z 0040fdd2 f   DuiLib:DuiLib.dll
 0001:0000edd8       ?SetFloat@CControlUI@DuiLib@@UAEX_N@Z 0040fdd8 f   DuiLib:DuiLib.dll
 0001:0000edde       ?SetFloatAlign@CControlUI@DuiLib@@UAEXI@Z 0040fdde f   DuiLib:DuiLib.dll
 0001:0000ede4       ?SetFloatPercent@CControlUI@DuiLib@@UAEXUtagTPercentInfo@2@@Z 0040fde4 f   DuiLib:DuiLib.dll
 0001:0000edea       ?SetFloatPos@CContainerUI@DuiLib@@MAEXH@Z 0040fdea f   DuiLib:DuiLib.dll
 0001:0000edf0       ?SetFocus@CControlUI@DuiLib@@UAEXXZ 0040fdf0 f   DuiLib:DuiLib.dll
 0001:0000edf6       ?SetInset@CContainerUI@DuiLib@@UAEXUtagRECT@@@Z 0040fdf6 f   DuiLib:DuiLib.dll
 0001:0000edfc       ?SetInternVisible@CContainerUI@DuiLib@@UAEX_N@Z 0040fdfc f   DuiLib:DuiLib.dll
 0001:0000ee02       ?SetItemIndex@CComboUI@DuiLib@@UAE_NPAVCControlUI@2@H@Z 0040fe02 f   DuiLib:DuiLib.dll
 0001:0000ee08       ?SetKeyboardEnabled@CControlUI@DuiLib@@UAEX_N@Z 0040fe08 f   DuiLib:DuiLib.dll
 0001:0000ee0e       ?SetManager@CContainerUI@DuiLib@@UAEXPAVCPaintManagerUI@2@PAVCControlUI@2@_N@Z 0040fe0e f   DuiLib:DuiLib.dll
 0001:0000ee14       ?SetManager@CControlUI@DuiLib@@UAEXPAVCPaintManagerUI@2@PAV12@_N@Z 0040fe14 f   DuiLib:DuiLib.dll
 0001:0000ee1a       ?SetMaxHeight@CControlUI@DuiLib@@UAEXH@Z 0040fe1a f   DuiLib:DuiLib.dll
 0001:0000ee20       ?SetMaxWidth@CControlUI@DuiLib@@UAEXH@Z 0040fe20 f   DuiLib:DuiLib.dll
 0001:0000ee26       ?SetMinHeight@CControlUI@DuiLib@@UAEXH@Z 0040fe26 f   DuiLib:DuiLib.dll
 0001:0000ee2c       ?SetMinWidth@CControlUI@DuiLib@@UAEXH@Z 0040fe2c f   DuiLib:DuiLib.dll
 0001:0000ee32       ?SetMouseChildEnabled@CContainerUI@DuiLib@@UAEX_N@Z 0040fe32 f   DuiLib:DuiLib.dll
 0001:0000ee38       ?SetMouseEnabled@CContainerUI@DuiLib@@UAEX_N@Z 0040fe38 f   DuiLib:DuiLib.dll
 0001:0000ee3e       ?SetMouseEnabled@CControlUI@DuiLib@@UAEX_N@Z 0040fe3e f   DuiLib:DuiLib.dll
 0001:0000ee44       ?SetName@CControlUI@DuiLib@@UAEXPB_W@Z 0040fe44 f   DuiLib:DuiLib.dll
 0001:0000ee4a       ?SetPadding@CControlUI@DuiLib@@UAEXUtagRECT@@@Z 0040fe4a f   DuiLib:DuiLib.dll
 0001:0000ee50       ?SetPos@CComboUI@DuiLib@@UAEXUtagRECT@@_N@Z 0040fe50 f   DuiLib:DuiLib.dll
 0001:0000ee56       ?SetResourceText@CControlUI@DuiLib@@UAEX_N@Z 0040fe56 f   DuiLib:DuiLib.dll
 0001:0000ee5c       ?SetScrollPos@CContainerUI@DuiLib@@UAEXUtagSIZE@@_N@Z 0040fe5c f   DuiLib:DuiLib.dll
 0001:0000ee62       ?SetScrollStepSize@CContainerUI@DuiLib@@UAEXH@Z 0040fe62 f   DuiLib:DuiLib.dll
 0001:0000ee68       ?SetShortcut@CControlUI@DuiLib@@UAEX_W@Z 0040fe68 f   DuiLib:DuiLib.dll
 0001:0000ee6e       ?SetTag@CControlUI@DuiLib@@UAEXI@Z 0040fe6e f   DuiLib:DuiLib.dll
 0001:0000ee74       ?SetText@CControlUI@DuiLib@@UAEXPB_W@Z 0040fe74 f   DuiLib:DuiLib.dll
 0001:0000ee7a       ?SetText@CLabelUI@DuiLib@@UAEXPB_W@Z 0040fe7a f   DuiLib:DuiLib.dll
 0001:0000ee80       ?SetToolTip@CControlUI@DuiLib@@UAEXPB_W@Z 0040fe80 f   DuiLib:DuiLib.dll
 0001:0000ee86       ?SetToolTipWidth@CControlUI@DuiLib@@UAEXH@Z 0040fe86 f   DuiLib:DuiLib.dll
 0001:0000ee8c       ?SetUserData@CControlUI@DuiLib@@UAEXPB_W@Z 0040fe8c f   DuiLib:DuiLib.dll
 0001:0000ee92       ?SetVisible@CContainerUI@DuiLib@@UAEX_N@Z 0040fe92 f   DuiLib:DuiLib.dll
 0001:0000ee98       ?UnSelectItem@CComboUI@DuiLib@@UAE_NH_N@Z 0040fe98 f   DuiLib:DuiLib.dll
 0001:0000ee9e       ?UpdateText@CProgressUI@DuiLib@@UAEXXZ 0040fe9e f   DuiLib:DuiLib.dll
 0001:0000eea4       ??0STRINGorID@DuiLib@@QAE@PB_W@Z 0040fea4 f   DuiLib:DuiLib.dll
 0001:0000eeaa       ?GetData@CDuiString@DuiLib@@QBEPB_WXZ 0040feaa f   DuiLib:DuiLib.dll
 0001:0000eeb0       ??YCDuiString@DuiLib@@QAEABV01@PB_W@Z 0040feb0 f   DuiLib:DuiLib.dll
 0001:0000eeb6       ?GetInstance@CResourceManager@DuiLib@@SAPAV12@XZ 0040feb6 f   DuiLib:DuiLib.dll
 0001:0000eebc       ?Release@CResourceManager@DuiLib@@QAEXXZ 0040febc f   DuiLib:DuiLib.dll
 0001:0000eec2       ?LoadResource@CResourceManager@DuiLib@@QAEHVSTRINGorID@2@PB_W@Z 0040fec2 f   DuiLib:DuiLib.dll
 0001:0000eec8       ?GetInstancePath@CPaintManagerUI@DuiLib@@SA?AVCDuiString@2@XZ 0040fec8 f   DuiLib:DuiLib.dll
 0001:0000eece       ?GetResourceDll@CPaintManagerUI@DuiLib@@SAPAUHINSTANCE__@@XZ 0040fece f   DuiLib:DuiLib.dll
 0001:0000eed4       ?SetInstance@CPaintManagerUI@DuiLib@@SAXPAUHINSTANCE__@@@Z 0040fed4 f   DuiLib:DuiLib.dll
 0001:0000eeda       ?SetResourcePath@CPaintManagerUI@DuiLib@@SAXPB_W@Z 0040feda f   DuiLib:DuiLib.dll
 0001:0000eee0       ?SetResourceZip@CPaintManagerUI@DuiLib@@SAXPAXIPB_W@Z 0040fee0 f   DuiLib:DuiLib.dll
 0001:0000eee6       ?SetResourceZip@CPaintManagerUI@DuiLib@@SAXPB_W_N0@Z 0040fee6 f   DuiLib:DuiLib.dll
 0001:0000eeec       ?SetResourceType@CPaintManagerUI@DuiLib@@SAXH@Z 0040feec f   DuiLib:DuiLib.dll
 0001:0000eef2       ?GetResourceType@CPaintManagerUI@DuiLib@@SAHXZ 0040fef2 f   DuiLib:DuiLib.dll
 0001:0000eef8       ?MessageLoop@CPaintManagerUI@DuiLib@@SAXXZ 0040fef8 f   DuiLib:DuiLib.dll
 0001:0000eefe       ?Create@CWindowWnd@DuiLib@@QAEPAUHWND__@@PAU3@PB_WKKHHHHPAUHMENU__@@@Z 0040fefe f   DuiLib:DuiLib.dll
 0001:0000ef04       ?CenterWindow@CWindowWnd@DuiLib@@QAEXXZ 0040ff04 f   DuiLib:DuiLib.dll
 0001:0000ef0a       ?RegistControl@CControlFactory@DuiLib@@QAEXVCDuiString@2@P6APAVCControlUI@2@XZ@Z 0040ff0a f   DuiLib:DuiLib.dll
 0001:0000ef10       ?GetInstance@CControlFactory@DuiLib@@SAPAV12@XZ 0040ff10 f   DuiLib:DuiLib.dll
 0001:0000ef16       ??0CDuiPoint@DuiLib@@QAE@XZ 0040ff16 f   DuiLib:DuiLib.dll
 0001:0000ef1c       ??0CDuiSize@DuiLib@@QAE@HH@Z 0040ff1c f   DuiLib:DuiLib.dll
 0001:0000ef22       ??HCDuiString@DuiLib@@QBE?AV01@PB_W@Z 0040ff22 f   DuiLib:DuiLib.dll
 0001:0000ef28       ??8CDuiString@DuiLib@@QBE_NPB_W@Z 0040ff28 f   DuiLib:DuiLib.dll
 0001:0000ef2e       ?CompareNoCase@CDuiString@DuiLib@@QBEHPB_W@Z 0040ff2e f   DuiLib:DuiLib.dll
 0001:0000ef34       ?Format@CDuiString@DuiLib@@QAAHPB_WZZ 0040ff34 f   DuiLib:DuiLib.dll
 0001:0000ef3a       ??0CStdStringPtrMap@DuiLib@@QAE@H@Z 0040ff3a f   DuiLib:DuiLib.dll
 0001:0000ef40       ??1CStdStringPtrMap@DuiLib@@QAE@XZ 0040ff40 f   DuiLib:DuiLib.dll
 0001:0000ef46       ??0CTrayIcon@DuiLib@@QAE@XZ 0040ff46 f   DuiLib:DuiLib.dll
 0001:0000ef4c       ??1CTrayIcon@DuiLib@@QAE@XZ 0040ff4c f   DuiLib:DuiLib.dll
 0001:0000ef52       ?CreateTrayIcon@CTrayIcon@DuiLib@@QAEXPAUHWND__@@IPB_WI@Z 0040ff52 f   DuiLib:DuiLib.dll
 0001:0000ef58       ?DeleteTrayIcon@CTrayIcon@DuiLib@@QAEXXZ 0040ff58 f   DuiLib:DuiLib.dll
 0001:0000ef5e       ?SetLanguage@CResourceManager@DuiLib@@QAEXPB_W@Z 0040ff5e f   DuiLib:DuiLib.dll
 0001:0000ef64       ?GetLanguage@CResourceManager@DuiLib@@QAEPB_WXZ 0040ff64 f   DuiLib:DuiLib.dll
 0001:0000ef6a       ?LoadLanguage@CResourceManager@DuiLib@@QAEHPB_W@Z 0040ff6a f   DuiLib:DuiLib.dll
 0001:0000ef70       ?SetTextQueryInterface@CResourceManager@DuiLib@@QAEXPAVIQueryControlText@2@@Z 0040ff70 f   DuiLib:DuiLib.dll
 0001:0000ef76       ?ReloadText@CResourceManager@DuiLib@@QAEXXZ 0040ff76 f   DuiLib:DuiLib.dll
 0001:0000ef7c       ??0CPaintManagerUI@DuiLib@@QAE@XZ 0040ff7c f   DuiLib:DuiLib.dll
 0001:0000ef82       ??1CPaintManagerUI@DuiLib@@UAE@XZ 0040ff82 f   DuiLib:DuiLib.dll
 0001:0000ef88       ?Init@CPaintManagerUI@DuiLib@@QAEXPAUHWND__@@PB_W@Z 0040ff88 f   DuiLib:DuiLib.dll
 0001:0000ef8e       ?NeedUpdate@CPaintManagerUI@DuiLib@@QAEXXZ 0040ff8e f   DuiLib:DuiLib.dll
 0001:0000ef94       ?GetInitSize@CPaintManagerUI@DuiLib@@QAE?AUtagSIZE@@XZ 0040ff94 f   DuiLib:DuiLib.dll
 0001:0000ef9a       ?DeletePtr@CPaintManagerUI@DuiLib@@QAEXPAX@Z 0040ff9a f   DuiLib:DuiLib.dll
 0001:0000efa0       ?GetStyle@CPaintManagerUI@DuiLib@@QBEPB_WPB_W@Z 0040ffa0 f   DuiLib:DuiLib.dll
 0001:0000efa6       ?AttachDialog@CPaintManagerUI@DuiLib@@QAE_NPAVCControlUI@2@@Z 0040ffa6 f   DuiLib:DuiLib.dll
 0001:0000efac       ?AddNotifier@CPaintManagerUI@DuiLib@@QAE_NPAVINotifyUI@2@@Z 0040ffac f   DuiLib:DuiLib.dll
 0001:0000efb2       ?GetRoot@CPaintManagerUI@DuiLib@@QBEPAVCControlUI@2@XZ 0040ffb2 f   DuiLib:DuiLib.dll
 0001:0000efb8       ?FindControl@CPaintManagerUI@DuiLib@@QBEPAVCControlUI@2@PB_W@Z 0040ffb8 f   DuiLib:DuiLib.dll
 0001:0000efbe       ?ResetDPIAssets@CPaintManagerUI@DuiLib@@QAEXXZ 0040ffbe f   DuiLib:DuiLib.dll
 0001:0000efc4       ?SetDPI@CPaintManagerUI@DuiLib@@QAEXH@Z 0040ffc4 f   DuiLib:DuiLib.dll
 0001:0000efca       ?MessageHandler@CPaintManagerUI@DuiLib@@QAE_NIIJAAJ@Z 0040ffca f   DuiLib:DuiLib.dll
 0001:0000efd0       ?AddVirtualWnd@CNotifyPump@DuiLib@@QAE_NVCDuiString@2@PAV12@@Z 0040ffd0 f   DuiLib:DuiLib.dll
 0001:0000efd6       ?RemoveVirtualWnd@CNotifyPump@DuiLib@@QAE_NVCDuiString@2@@Z 0040ffd6 f   DuiLib:DuiLib.dll
 0001:0000efdc       ??0CNotifyPump@DuiLib@@QAE@XZ 0040ffdc f   DuiLib:DuiLib.dll
 0001:0000efe2       ??1CNotifyPump@DuiLib@@QAE@XZ 0040ffe2 f   DuiLib:DuiLib.dll
 0001:0000efe8       ??0CWindowWnd@DuiLib@@QAE@XZ 0040ffe8 f   DuiLib:DuiLib.dll
 0001:0000efee       ??BCWindowWnd@DuiLib@@QBEPAUHWND__@@XZ 0040ffee f   DuiLib:DuiLib.dll
 0001:0000eff4       ?ShowModal@CWindowWnd@DuiLib@@QAEIXZ 0040fff4 f   DuiLib:DuiLib.dll
 0001:0000effa       ?Close@CWindowWnd@DuiLib@@QAEXI@Z 0040fffa f   DuiLib:DuiLib.dll
 0001:0000f000       ?SetIcon@CWindowWnd@DuiLib@@QAEXI@Z 00410000 f   DuiLib:DuiLib.dll
 0001:0000f006       ?SendMessageW@CWindowWnd@DuiLib@@QAEJIIJ@Z 00410006 f   DuiLib:DuiLib.dll
 0001:0000f00c       ?HandleMessage@CWindowWnd@DuiLib@@MAEJIIJ@Z 0041000c f   DuiLib:DuiLib.dll
 0001:0000f012       ?GetBkColor@CControlUI@DuiLib@@QBEKXZ 00410012 f   DuiLib:DuiLib.dll
 0001:0000f018       ?SetBkColor@CControlUI@DuiLib@@QAEXK@Z 00410018 f   DuiLib:DuiLib.dll
 0001:0000f01e       ?SetBkImage@CControlUI@DuiLib@@QAEXPB_W@Z 0041001e f   DuiLib:DuiLib.dll
 0001:0000f024       ?NeedUpdate@CControlUI@DuiLib@@QAEXXZ 00410024 f   DuiLib:DuiLib.dll
 0001:0000f02a       ?NeedParentUpdate@CControlUI@DuiLib@@QAEXXZ 0041002a f   DuiLib:DuiLib.dll
 0001:0000f030       ?ApplyAttributeList@CControlUI@DuiLib@@QAEPAV12@PB_W@Z 00410030 f   DuiLib:DuiLib.dll
 0001:0000f036       ??0CDialogBuilder@DuiLib@@QAE@XZ 00410036 f   DuiLib:DuiLib.dll
 0001:0000f03c       ?Create@CDialogBuilder@DuiLib@@QAEPAVCControlUI@2@VSTRINGorID@2@PB_WPAVIDialogBuilderCallback@2@PAVCPaintManagerUI@2@PAV32@@Z 0041003c f   DuiLib:DuiLib.dll
 0001:0000f042       ??1CDialogBuilder@DuiLib@@QAE@XZ 00410042 f   DuiLib:DuiLib.dll
 0001:0000f048       ??0WindowImplBase@DuiLib@@QAE@XZ 00410048 f   DuiLib:DuiLib.dll
 0001:0000f04e       ??1WindowImplBase@DuiLib@@UAE@XZ 0041004e f   DuiLib:DuiLib.dll
 0001:0000f054       ?OnFinalMessage@WindowImplBase@DuiLib@@UAEXPAUHWND__@@@Z 00410054 f   DuiLib:DuiLib.dll
 0001:0000f05a       ?Notify@WindowImplBase@DuiLib@@UAEXAAUtagTNotifyUI@2@@Z 0041005a f   DuiLib:DuiLib.dll
 0001:0000f060       ??0CListLabelElementUI@DuiLib@@QAE@XZ 00410060 f   DuiLib:DuiLib.dll
 0001:0000f066       ??1CListLabelElementUI@DuiLib@@UAE@XZ 00410066 f   DuiLib:DuiLib.dll
 0001:0000f06c       ??0CListTextElementUI@DuiLib@@QAE@XZ 0041006c f   DuiLib:DuiLib.dll
 0001:0000f072       ??1CListTextElementUI@DuiLib@@UAE@XZ 00410072 f   DuiLib:DuiLib.dll
 0001:0000f078       ?SetText@CListTextElementUI@DuiLib@@QAEXHPB_W@Z 00410078 f   DuiLib:DuiLib.dll
 0001:0000f07e       ??0CListContainerElementUI@DuiLib@@QAE@XZ 0041007e f   DuiLib:DuiLib.dll
 0001:0000f084       ??1CListContainerElementUI@DuiLib@@UAE@XZ 00410084 f   DuiLib:DuiLib.dll
 0001:0000f08a       ?SetItemFont@CComboUI@DuiLib@@QAEXH@Z 0041008a f   DuiLib:DuiLib.dll
 0001:0000f090       ??0CTreeNodeUI@DuiLib@@QAE@PAV01@@Z 00410090 f   DuiLib:DuiLib.dll
 0001:0000f096       ??1CTreeNodeUI@DuiLib@@UAE@XZ 00410096 f   DuiLib:DuiLib.dll
 0001:0000f09c       ?SetItemText@CTreeNodeUI@DuiLib@@QAEXPB_W@Z 0041009c f   DuiLib:DuiLib.dll
 0001:0000f0a2       ??0CButtonUI@DuiLib@@QAE@XZ 004100a2 f   DuiLib:DuiLib.dll
 0001:0000f0a8       ??1CButtonUI@DuiLib@@UAE@XZ 004100a8 f   DuiLib:DuiLib.dll
 0001:0000f0ae       ??0COptionUI@DuiLib@@QAE@XZ 004100ae f   DuiLib:DuiLib.dll
 0001:0000f0b4       ??1COptionUI@DuiLib@@UAE@XZ 004100b4 f   DuiLib:DuiLib.dll
 0001:0000f0ba       ?GetValue@CProgressUI@DuiLib@@QBEHXZ 004100ba f   DuiLib:DuiLib.dll
 0001:0000f0c0       ?SetValue@CProgressUI@DuiLib@@QAEXH@Z 004100c0 f   DuiLib:DuiLib.dll
 0001:0000f0c6       ?GetControl@CActiveXUI@DuiLib@@QAEJU_GUID@@PAPAX@Z 004100c6 f   DuiLib:DuiLib.dll
 0001:0000f0cc       ?SetWebBrowserEventHandler@CWebBrowserUI@DuiLib@@QAEXPAVCWebBrowserEventHandler@2@@Z 004100cc f   DuiLib:DuiLib.dll
 0001:0000f0d2       ?NavigateUrl@CWebBrowserUI@DuiLib@@QAEXPB_W@Z 004100d2 f   DuiLib:DuiLib.dll
 0001:0000f0d8       ?GetGlobalContextMenuObserver@CMenuWnd@DuiLib@@SAAAVMenuObserverImpl@2@XZ 004100d8 f   DuiLib:DuiLib.dll
 0001:0000f0de       ?DestroyMenu@CMenuWnd@DuiLib@@SAXXZ 004100de f   DuiLib:DuiLib.dll
 0001:0000f0e4       ?SetMenuItemInfoW@CMenuWnd@DuiLib@@SAPAUMenuItemInfo@2@PB_W_N@Z 004100e4 f   DuiLib:DuiLib.dll
 0001:0000f0ea       ??0CMenuWnd@DuiLib@@QAE@XZ 004100ea f   DuiLib:DuiLib.dll
 0001:0000f0f0       ??1CMenuWnd@DuiLib@@QAE@XZ 004100f0 f   DuiLib:DuiLib.dll
 0001:0000f0f6       ?Init@CMenuWnd@DuiLib@@QAEXPAVCMenuElementUI@2@VSTRINGorID@2@UtagPOINT@@PAVCPaintManagerUI@2@PAVCStdStringPtrMap@2@K@Z 004100f6 f   DuiLib:DuiLib.dll
 0001:0000f0fc       ?GetMenuUI@CMenuWnd@DuiLib@@QAEPAVCMenuUI@2@XZ 004100fc f   DuiLib:DuiLib.dll
 0001:0000f102       ?ResizeMenu@CMenuWnd@DuiLib@@QAEXXZ 00410102 f   DuiLib:DuiLib.dll
 0001:0000f108       ??0CMenuElementUI@DuiLib@@QAE@XZ 00410108 f   DuiLib:DuiLib.dll
 0001:0000f10e       ??1CMenuElementUI@DuiLib@@UAE@XZ 0041010e f   DuiLib:DuiLib.dll
 0001:0000f114       ?SetIcon@CMenuElementUI@DuiLib@@QAEXPB_W@Z 00410114 f   DuiLib:DuiLib.dll
 0001:0000f11a       ?SetIconSize@CMenuElementUI@DuiLib@@QAEXJJ@Z 0041011a f   DuiLib:DuiLib.dll
 0001:0000f120       ?SetShowExplandIcon@CMenuElementUI@DuiLib@@QAEX_N@Z 00410120 f   DuiLib:DuiLib.dll
 0001:0000f126       ?BeginRoll@CRollTextUI@DuiLib@@QAEXHJJ@Z 00410126 f   DuiLib:DuiLib.dll
 0001:0000f12c       ?GetSelectColor@CColorPaletteUI@DuiLib@@QAEKXZ 0041012c f   DuiLib:DuiLib.dll
 0001:0000f132       ?SetSelectColor@CColorPaletteUI@DuiLib@@QAEXK@Z 00410132 f   DuiLib:DuiLib.dll
 0001:0000f138       ?InitListCtrl@CListExUI@DuiLib@@QAEXXZ 00410138 f   DuiLib:DuiLib.dll
 0001:0000f13e       ??0CListTextExtElementUI@DuiLib@@QAE@XZ 0041013e f   DuiLib:DuiLib.dll
 0001:0000f144       ??1CListTextExtElementUI@DuiLib@@UAE@XZ 00410144 f   DuiLib:DuiLib.dll
 0001:0000f14a       ?SetText@CListTextExtElementUI@DuiLib@@QAEXHPB_W@Z 0041014a f   DuiLib:DuiLib.dll
 0001:0000f150       ?Activate@CButtonUI@DuiLib@@UAE_NXZ 00410150 f   DuiLib:DuiLib.dll
 0001:0000f156       ?Activate@CListContainerElementUI@DuiLib@@UAE_NXZ 00410156 f   DuiLib:DuiLib.dll
 0001:0000f15c       ?Activate@CListElementUI@DuiLib@@UAE_NXZ 0041015c f   DuiLib:DuiLib.dll
 0001:0000f162       ?Activate@COptionUI@DuiLib@@UAE_NXZ 00410162 f   DuiLib:DuiLib.dll
 0001:0000f168       ?DoEvent@CButtonUI@DuiLib@@UAEXAAUtagTEventUI@2@@Z 00410168 f   DuiLib:DuiLib.dll
 0001:0000f16e       ?DoEvent@CListContainerElementUI@DuiLib@@UAEXAAUtagTEventUI@2@@Z 0041016e f   DuiLib:DuiLib.dll
 0001:0000f174       ?DoEvent@CListLabelElementUI@DuiLib@@UAEXAAUtagTEventUI@2@@Z 00410174 f   DuiLib:DuiLib.dll
 0001:0000f17a       ?DoEvent@CListTextElementUI@DuiLib@@UAEXAAUtagTEventUI@2@@Z 0041017a f   DuiLib:DuiLib.dll
 0001:0000f180       ?DoEvent@CListTextExtElementUI@DuiLib@@UAEXAAUtagTEventUI@2@@Z 00410180 f   DuiLib:DuiLib.dll
 0001:0000f186       ?DoEvent@CMenuElementUI@DuiLib@@UAEXAAUtagTEventUI@2@@Z 00410186 f   DuiLib:DuiLib.dll
 0001:0000f18c       ?DoEvent@CTreeNodeUI@DuiLib@@UAEXAAUtagTEventUI@2@@Z 0041018c f   DuiLib:DuiLib.dll
 0001:0000f192       ?DoPaint@CListContainerElementUI@DuiLib@@UAEXPAUHDC__@@ABUtagRECT@@@Z 00410192 f   DuiLib:DuiLib.dll
 0001:0000f198       ?DoPaint@CListLabelElementUI@DuiLib@@UAEXPAUHDC__@@ABUtagRECT@@@Z 00410198 f   DuiLib:DuiLib.dll
 0001:0000f19e       ?DoPaint@CListTextExtElementUI@DuiLib@@UAEXPAUHDC__@@ABUtagRECT@@@Z 0041019e f   DuiLib:DuiLib.dll
 0001:0000f1a4       ?DoPaint@CMenuElementUI@DuiLib@@UAEXPAUHDC__@@ABUtagRECT@@@Z 004101a4 f   DuiLib:DuiLib.dll
 0001:0000f1aa       ?DoPostPaint@CHorizontalLayoutUI@DuiLib@@UAEXPAUHDC__@@ABUtagRECT@@@Z 004101aa f   DuiLib:DuiLib.dll
[...]
 0002:0000d8b8       __sehtable$??$?RV<lambda_03b1d95aef87969028cfba75ccab2455>@@AAV<lambda_6e4b09c48022b2350581041d5f6b0c4c>@@V<lambda_22bdf7517842c4b3e53723af5aa32b9e>@@@?$__crt_seh_guarded_call@X@@QAEX$$QAV<lambda_03b1d95aef87969028cfba75ccab2455>@@AAV<lambda_6e4b09c48022b2350581041d5f6b0c4c>@@$$QAV<lambda_22bdf7517842c4b3e53723af5aa32b9e>@@@Z 004628b8     libucrt:exit.obj
 0002:0000d8d8       __sehtable$??$?RV<lambda_7ac4055421038abea736e08bd20712a4>@@AAV<lambda_a10e4b102d4a2c3aac6f4f48bbdf488f>@@V<lambda_1da61822885009acd1bf848af4f9644b>@@@?$__crt_seh_guarded_call@H@@QAEH$$QAV<lambda_7ac4055421038abea736e08bd20712a4>@@AAV<lambda_a10e4b102d4a2c3aac6f4f48bbdf488f>@@$$QAV<lambda_1da61822885009acd1bf848af4f9644b>@@@Z 004628d8     libucrt:onexit.obj
 0002:0000d8f8       __sehtable$??$?RV<lambda_69a2805e680e0e292e8ba93315fe43a8>@@AAV<lambda_f03950bc5685219e0bcd2087efbe011e>@@V<lambda_03fcd07e894ec930e3f35da366ca99d6>@@@?$__crt_seh_guarded_call@H@@QAEH$$QAV<lambda_69a2805e680e0e292e8ba93315fe43a8>@@AAV<lambda_f03950bc5685219e0bcd2087efbe011e>@@$$QAV<lambda_03fcd07e894ec930e3f35da366ca99d6>@@@Z 004628f8     libucrt:onexit.obj
 0002:0000d918       __sehtable$__setmode       00462918     libucrt:setmode.obj
 0002:0000d938       __sehtable$__free_locale   00462938     libucrt:wsetlocale.obj
 0002:0000d960       __sehtable$??$?RV<lambda_e5124f882df8998aaf41531e079ba474>@@AAV<lambda_3e16ef9562a7dcce91392c22ab16ea36>@@V<lambda_e25ca0880e6ef98be67edffd8c599615>@@@?$__crt_seh_guarded_call@X@@QAEX$$QAV<lambda_e5124f882df8998aaf41531e079ba474>@@AAV<lambda_3e16ef9562a7dcce91392c22ab16ea36>@@$$QAV<lambda_e25ca0880e6ef98be67edffd8c599615>@@@Z 00462960     libucrt:wsetlocale.obj
 0002:0000d980       __sehtable$??$?RV<lambda_82aef432098b982f9ede325b418aa67a>@@AAV<lambda_862e9a3f04921db6ca1ce3faa2bf3edf>@@V<lambda_ffabc152e504b53d7492b9889b10c020>@@@?$__crt_seh_guarded_call@X@@QAEX$$QAV<lambda_82aef432098b982f9ede325b418aa67a>@@AAV<lambda_862e9a3f04921db6ca1ce3faa2bf3edf>@@$$QAV<lambda_ffabc152e504b53d7492b9889b10c020>@@@Z 00462980     libucrt:wsetlocale.obj
 0002:0000d9a0       __sehtable$??$?RV<lambda_6673f7c4c09a5d469d0c27ae364621ce>@@AAV<lambda_ebab98244f73a74f49db879bf13fa982>@@V<lambda_be20789b7a146653eab82509ec35b419>@@@?$__crt_seh_guarded_call@X@@QAEX$$QAV<lambda_6673f7c4c09a5d469d0c27ae364621ce>@@AAV<lambda_ebab98244f73a74f49db879bf13fa982>@@$$QAV<lambda_be20789b7a146653eab82509ec35b419>@@@Z 004629a0     libucrt:wsetlocale.obj
 0002:0000d9c0       __sehtable$??$?RV<lambda_303d0ad9bde654cb3f803a73716ce7a4>@@AAV<lambda_92fe181106aff629c9a2e25713a64969>@@V<lambda_184325e10b6cff6f771390cbceab281b>@@@?$__crt_seh_guarded_call@X@@QAEX$$QAV<lambda_303d0ad9bde654cb3f803a73716ce7a4>@@AAV<lambda_92fe181106aff629c9a2e25713a64969>@@$$QAV<lambda_184325e10b6cff6f771390cbceab281b>@@@Z 004629c0     libucrt:wsetlocale.obj
 0002:0000d9e0       __sehtable$??$?RV<lambda_38c1253c7a74f5d2d430989951395d98>@@AAV<lambda_b163b37eafe0a13f2c371fafeb0365c9>@@AAV<lambda_8dff2cf36a5417162780cd64fa2883ef>@@@?$__crt_seh_guarded_call@X@@QAEX$$QAV<lambda_38c1253c7a74f5d2d430989951395d98>@@AAV<lambda_b163b37eafe0a13f2c371fafeb0365c9>@@AAV<lambda_8dff2cf36a5417162780cd64fa2883ef>@@@Z 004629e0     libucrt:wsetlocale.obj
 0002:0000da00       __sehtable$??$?RV<lambda_80d7abc6eae2375db70be92ccaaf9b57>@@AAV<lambda_df52180bf14694d51fdefd82613e8f07>@@V<lambda_4fa1155033dff2042363dba4e2dc3802>@@@?$__crt_seh_guarded_call@H@@QAEH$$QAV<lambda_80d7abc6eae2375db70be92ccaaf9b57>@@AAV<lambda_df52180bf14694d51fdefd82613e8f07>@@$$QAV<lambda_4fa1155033dff2042363dba4e2dc3802>@@@Z 00462a00     libucrt:output.obj
 0002:0000da20       __sehtable$??$?RV<lambda_75d23329f2fb3d02b2e1cf5509bb1caf>@@AAV<lambda_c4f131f91cb4ec00a5b0a26aa161b8b4>@@V<lambda_114dc79c86b00c313cb0b6b3b001aaf8>@@@?$__crt_seh_guarded_call@H@@QAEH$$QAV<lambda_75d23329f2fb3d02b2e1cf5509bb1caf>@@AAV<lambda_c4f131f91cb4ec00a5b0a26aa161b8b4>@@$$QAV<lambda_114dc79c86b00c313cb0b6b3b001aaf8>@@@Z 00462a20     libucrt:output.obj
 0002:0000da40       __sehtable$??$?RV<lambda_cc35d49d909def412005bd38ddc96b77>@@AAV<lambda_d6a382b8dd98a6801a8abd6c28bdff2d>@@V<lambda_148068cfb9786d9714740654406e93d5>@@@?$__crt_seh_guarded_call@H@@QAEH$$QAV<lambda_cc35d49d909def412005bd38ddc96b77>@@AAV<lambda_d6a382b8dd98a6801a8abd6c28bdff2d>@@$$QAV<lambda_148068cfb9786d9714740654406e93d5>@@@Z 00462a40     libucrt:output.obj
 0002:0000da60       __sehtable$??$?RV<lambda_b7f50223258ab9fcc98080d45d02b1a4>@@AAV<lambda_42506531d319a600ce771deb5a236a10>@@V<lambda_31f843250ba6188c6e1f35d2bec6db0e>@@@?$__crt_seh_guarded_call@H@@QAEH$$QAV<lambda_b7f50223258ab9fcc98080d45d02b1a4>@@AAV<lambda_42506531d319a600ce771deb5a236a10>@@$$QAV<lambda_31f843250ba6188c6e1f35d2bec6db0e>@@@Z 00462a60     libucrt:output.obj
 0002:0000da80       __sehtable$??$?RV<lambda_3a2a6cca1b0f7007a3db339dcecd1562>@@AAV<lambda_e38011a3ba6e07c7dbcef4d549f26102>@@V<lambda_b2332a2b562101f3c3c34baab19e0511>@@@?$__crt_seh_guarded_call@H@@QAEH$$QAV<lambda_3a2a6cca1b0f7007a3db339dcecd1562>@@AAV<lambda_e38011a3ba6e07c7dbcef4d549f26102>@@$$QAV<lambda_b2332a2b562101f3c3c34baab19e0511>@@@Z 00462a80     libucrt:output.obj
 0002:0000daa0       __sehtable$??$?RV<lambda_b4329732a1a72698597872ef534ad66d>@@AAV<lambda_96392db5b14a27f72535a2156da24b09>@@V<lambda_0f47277b42e3e84c3311fed419af0b3c>@@@?$__crt_seh_guarded_call@H@@QAEH$$QAV<lambda_b4329732a1a72698597872ef534ad66d>@@AAV<lambda_96392db5b14a27f72535a2156da24b09>@@$$QAV<lambda_0f47277b42e3e84c3311fed419af0b3c>@@@Z 00462aa0     libucrt:output.obj
 0002:0000dac0       __sehtable$??$?RV<lambda_15ade71b0218206bbe3333a0c9b79046>@@AAV<lambda_da44e0f8b0f19ba52fefafb335991732>@@V<lambda_207f2d024fc103971653565357d6cd41>@@@?$__crt_seh_guarded_call@X@@QAEX$$QAV<lambda_15ade71b0218206bbe3333a0c9b79046>@@AAV<lambda_da44e0f8b0f19ba52fefafb335991732>@@$$QAV<lambda_207f2d024fc103971653565357d6cd41>@@@Z 00462ac0     libucrt:per_thread_data.obj
 0002:0000dae0       __sehtable$??$?RV<lambda_a7e850c220f1c8d1e6efeecdedd162c6>@@AAV<lambda_46720907175c18b6c9d2717bc0d2d362>@@V<lambda_9048902d66e8d99359bc9897bbb930a8>@@@?$__crt_seh_guarded_call@X@@QAEX$$QAV<lambda_a7e850c220f1c8d1e6efeecdedd162c6>@@AAV<lambda_46720907175c18b6c9d2717bc0d2d362>@@$$QAV<lambda_9048902d66e8d99359bc9897bbb930a8>@@@Z 00462ae0     libucrt:per_thread_data.obj
 0002:0000db00       __sehtable$??$?RV<lambda_38edbb1296d33220d7e4dd0ed76b244a>@@AAV<lambda_5ce1d447e08cb34b2473517608e21441>@@V<lambda_fb385d3da700c9147fc39e65dd577a8c>@@@?$__crt_seh_guarded_call@X@@QAEX$$QAV<lambda_38edbb1296d33220d7e4dd0ed76b244a>@@AAV<lambda_5ce1d447e08cb34b2473517608e21441>@@$$QAV<lambda_fb385d3da700c9147fc39e65dd577a8c>@@@Z 00462b00     libucrt:per_thread_data.obj
 0002:0000db20       __sehtable$??$?RV<lambda_6affb1475c98b40b75cdec977db92e3c>@@AAV<lambda_b8d4b9c228a6ecc3f80208dbb4b4a104>@@V<lambda_608742c3c92a14382c1684fc64f96c88>@@@?$__crt_seh_guarded_call@X@@QAEX$$QAV<lambda_6affb1475c98b40b75cdec977db92e3c>@@AAV<lambda_b8d4b9c228a6ecc3f80208dbb4b4a104>@@$$QAV<lambda_608742c3c92a14382c1684fc64f96c88>@@@Z 00462b20     libucrt:per_thread_data.obj
 0002:0000db40       __sehtable$?update_thread_multibyte_data_internal@@YAPAU__crt_multibyte_data@@QAU__acrt_ptd@@QAPAU1@@Z 00462b40     libucrt:mbctype.obj
 0002:0000db60       __sehtable$??$?RV<lambda_ceb1ee4838e85a9d631eb091e2fbe199>@@AAV<lambda_ae742caa10f662c28703da3d2ea5e57e>@@V<lambda_cd08b5d6af4937fe54fc07d0c9bf6b37>@@@?$__crt_seh_guarded_call@X@@QAEX$$QAV<lambda_ceb1ee4838e85a9d631eb091e2fbe199>@@AAV<lambda_ae742caa10f662c28703da3d2ea5e57e>@@$$QAV<lambda_cd08b5d6af4937fe54fc07d0c9bf6b37>@@@Z 00462b60     libucrt:mbctype.obj
 0002:0000db80       __sehtable$??$?RV<lambda_93797fb4802c957ba6a7f08e1250235b>@@AAV<lambda_1f3ce6bd48e0aa2e72a71c02eee379d3>@@V<lambda_56cae30c9364c9b6c15aeaac05d0418e>@@@?$__crt_seh_guarded_call@H@@QAEH$$QAV<lambda_93797fb4802c957ba6a7f08e1250235b>@@AAV<lambda_1f3ce6bd48e0aa2e72a71c02eee379d3>@@$$QAV<lambda_56cae30c9364c9b6c15aeaac05d0418e>@@@Z 00462b80     libucrt:winapi_thunks.obj
 0002:0000dba0       __sehtable$___acrt_initialize_lowio 00462ba0     libucrt:ioinit.obj
 0002:0000dbc0       __sehtable$_signal         00462bc0     libucrt:signal.obj
 0002:0000dbe0       __sehtable$_raise          00462be0     libucrt:signal.obj
 0002:0000dc00       __sehtable$?ctrlevent_capture@@YGHK@Z 00462c00     libucrt:signal.obj
 0002:0000dc20       __sehtable$??$?RV<lambda_cbab9ec6f41b0180b23cc171c22676b0>@@AAV<lambda_44731a7d0e6d81c3e6aa82d741081786>@@V<lambda_4b292cb8dd18144e164572427af410ab>@@@?$__crt_seh_guarded_call@P6AXH@Z@@QAEP6AXH@Z$$QAV<lambda_cbab9ec6f41b0180b23cc171c22676b0>@@AAV<lambda_44731a7d0e6d81c3e6aa82d741081786>@@$$QAV<lambda_4b292cb8dd18144e164572427af410ab>@@@Z 00462c20     libucrt:signal.obj
 0002:0000dc40       __sehtable$??$?RV<lambda_2866be3712abc81a800a822484c830d8>@@AAV<lambda_39ca0ed439415581b5b15c265174cece>@@V<lambda_2b24c74d71094a6cd0cb82e44167d71b>@@@?$__crt_seh_guarded_call@X@@QAEX$$QAV<lambda_2866be3712abc81a800a822484c830d8>@@AAV<lambda_39ca0ed439415581b5b15c265174cece>@@$$QAV<lambda_2b24c74d71094a6cd0cb82e44167d71b>@@@Z 00462c40     libucrt:fflush.obj
 0002:0000dc60       __sehtable$??$?RV<lambda_2cc53f568c5a2bb6f192f930a45d44ea>@@AAV<lambda_ab61a845afdef5b7c387490eaf3616ee>@@V<lambda_c2ffc0b7726aa6be21d5f0026187e748>@@@?$__crt_seh_guarded_call@X@@QAEX$$QAV<lambda_2cc53f568c5a2bb6f192f930a45d44ea>@@AAV<lambda_ab61a845afdef5b7c387490eaf3616ee>@@$$QAV<lambda_c2ffc0b7726aa6be21d5f0026187e748>@@@Z 00462c60     libucrt:fflush.obj
 0002:0000dc80       __sehtable$??$?RV<lambda_6d20deecaf4856105ebacbad442d1079>@@AAV<lambda_9a32fed5bf61b6b509b2d3f6003082a1>@@V<lambda_63ea2239ed67c638ddbae41947fdf875>@@@?$__crt_seh_guarded_call@H@@QAEH$$QAV<lambda_6d20deecaf4856105ebacbad442d1079>@@AAV<lambda_9a32fed5bf61b6b509b2d3f6003082a1>@@$$QAV<lambda_63ea2239ed67c638ddbae41947fdf875>@@@Z 00462c80     libucrt:fflush.obj
 0002:0000dca0       __sehtable$__open_osfhandle 00462ca0     libucrt:osfinfo.obj
 0002:0000dcc0       __sehtable$__alloc_osfhnd  00462cc0     libucrt:osfinfo.obj
 0002:0000dce0       __sehtable$___acrt_lowio_ensure_fh_exists 00462ce0     libucrt:osfinfo.obj
 0002:0000dd00       __sehtable$___acrt_update_thread_locale_data 00462d00     libucrt:locale_refcounting.obj
 0002:0000dd20       __sehtable$_fputwc         00462d20     libucrt:fputwc.obj
 0002:0000dd40       __sehtable$_fputc          00462d40     libucrt:fputc.obj
 0002:0000dd60       __sehtable$??$?RV<lambda_9e9de3de5fa147e2223d7db92bc10aa6>@@AAV<lambda_38ce7e780aa69e748d6df282ebc68efe>@@V<lambda_8ca6da459f0f6780f1cff60fdc3d00e5>@@@?$__crt_seh_guarded_call@H@@QAEH$$QAV<lambda_9e9de3de5fa147e2223d7db92bc10aa6>@@AAV<lambda_38ce7e780aa69e748d6df282ebc68efe>@@$$QAV<lambda_8ca6da459f0f6780f1cff60fdc3d00e5>@@@Z 00462d60     libucrt:commit.obj
 0002:0000dd80       __sehtable$__write         00462d80     libucrt:write.obj
 0002:0000dda0       __sehtable$__fcloseall     00462da0     libucrt:closeall.obj
 0002:0000ddc0       __sehtable$___set_fpsr_sse2 00462dc0     libucrt:fpctrl.obj
 0002:0000dde0       __sehtable$??$common_lseek@J@@YAJHJH@Z 00462de0     libucrt:lseek.obj
 0002:0000de00       __sehtable$??$common_lseek@_J@@YA_JH_JH@Z 00462e00     libucrt:lseek.obj
 0002:0000de20       __sehtable$??$?RV<lambda_f828341fbe69b7c0d4c527b01f22877f>@@AAV<lambda_9e0b6ab72a5b3ae37ad997d08b519f50>@@V<lambda_f01deac0a8d65d6e0411edf7e0af5775>@@@?$__crt_seh_guarded_call@G@@QAEG$$QAV<lambda_f828341fbe69b7c0d4c527b01f22877f>@@AAV<lambda_9e0b6ab72a5b3ae37ad997d08b519f50>@@$$QAV<lambda_f01deac0a8d65d6e0411edf7e0af5775>@@@Z 00462e20     libucrt:putwch.obj
 0002:0000de40       __sehtable$_fclose         00462e40     libucrt:fclose.obj
 0002:0000de60       __sehtable$??$?RV<lambda_218ce3db14220d0be481dae8ef3383b6>@@AAV<lambda_628dfdc04ba53c8bfc02c9951375f3f5>@@V<lambda_57dc472bd5c9d5f3b2cbca59b8a843ae>@@@?$__crt_seh_guarded_call@H@@QAEH$$QAV<lambda_218ce3db14220d0be481dae8ef3383b6>@@AAV<lambda_628dfdc04ba53c8bfc02c9951375f3f5>@@$$QAV<lambda_57dc472bd5c9d5f3b2cbca59b8a843ae>@@@Z 00462e60     libucrt:close.obj
 0002:0000de80       __sehtable$?__acrt_stdio_allocate_stream@@YA?AV__crt_stdio_stream@@XZ 00462e80     libucrt:stream.obj
 0002:0000dea0       __sehtable$__IsNonwritableInCurrentImage 00462ea0     LIBCMT:pesect.obj
 0002:0000e896       .idata$6                   00463896     kernel32:KERNEL32.dll
 0002:0000e9b8       .idata$6                   004639b8     user32:USER32.dll
 0002:0000e9e8       .idata$6                   004639e8     shell32:SHELL32.dll
 0002:0000ea38       .idata$6                   00463a38     ole32:ole32.dll
 0002:0000ea42       .idata$6                   00463a42     oleaut32:OLEAUT32.dll
 0002:00013ba0       .idata$6                   00468ba0     DuiLib:DuiLib.dll
 0002:00013c8a       .idata$6                   00468c8a     GdiPlus:gdiplus.dll
 0003:00000000       ?bkColor@?1??DoPaintPie@CChartViewUI@@UAEXPAUHDC__@@ABUtagRECT@@@Z@4PAKA 0046a000     ControlEx.obj
 0003:00000070       ?__vcrt_flsindex@@3KA      0046a070     libvcruntime:per_thread_data.obj
 0003:00000090       __ctype_loc_style          0046a090     libucrt:wsetlocale.obj
 0003:00000098       ?__acrt_flsindex@@3KA      0046a098     libucrt:per_thread_data.obj
 0003:0000009c       ?errno_no_memory@@3HA      0046a09c     libucrt:errno.obj
 0003:000000a0       ?doserrno_no_memory@@3KA   0046a0a0     libucrt:errno.obj
 0003:00000178       __mbctypes                 0046a178     libucrt:mbctype.obj
 0003:00000280       __mbcasemaps               0046a280     libucrt:mbctype.obj
 0003:00000380       ?__rgctypeflag@@3PADA      0046a380     libucrt:mbctype.obj
 0003:00000388       ?__rgcode_page_info@@3PAUcode_page_info@@A 0046a388     libucrt:mbctype.obj
 0003:000007d0       ?__DAZ_ENABLED@?1??__set_fpsr_sse2@@9@9 0046a7d0     libucrt:fpctrl.obj
 0003:000007e0       ?__dcrt_lowio_console_output_handle@@3PAXA 0046a7e0     libucrt:initcon.obj
 0003:000015e8       ?bEn@?BL@??HandleCustomMessage@CMainWnd@@UAEJIIJAAH@Z@4_NA 0046b5e8     MainWnd.obj
 0003:00001cbc       ?module_local_atexit_table@@3U_onexit_table_t@@A 0046bcbc     LIBCMT:utility.obj
 0003:00001cc8       ?module_local_at_quick_exit_table@@3U_onexit_table_t@@A 0046bcc8     LIBCMT:utility.obj
 0003:00001cd4       ?module_local_atexit_table_initialized@@3_NA 0046bcd4     LIBCMT:utility.obj
 0003:00001cd5       ?is_initialized_as_dll@@3_NA 0046bcd5     LIBCMT:utility.obj
 0003:00001cd8       _GS_ExceptionRecord        0046bcd8     LIBCMT:gs_report.obj
 0003:00001d28       _GS_ContextRecord          0046bd28     LIBCMT:gs_report.obj
 0003:0000201c       ?__vcrt_startup_thread_ptd@@3U__vcrt_ptd@@A 0046c01c     libvcruntime:per_thread_data.obj
 0003:00002048       ___vcrt_lock_table         0046c048     libvcruntime:locks.obj
 0003:00002060       ___vcrt_locks_initialized  0046c060     libvcruntime:locks.obj
 0003:00002064       ?module_handles@@3PAPAUHINSTANCE__@@A 0046c064     libvcruntime:winapi_downlevel.obj
 0003:00002070       ?encoded_function_pointers@@3PAPAXA 0046c070     libvcruntime:winapi_downlevel.obj
 0003:000020ac       ?heap@@3V_HeapManager@@A   0046c0ac     libvcruntime:undname.obj
 0003:000020f4       ?__acrt_invalid_parameter_handler@@3V?$dual_state_global@P6AXPB_W00II@Z@__crt_state_management@@A 0046c0f4     libucrt:invalid_parameter.obj
 0003:000020f8       ?__acrt_new_handler@@3V?$dual_state_global@P6AHI@Z@__crt_state_management@@A 0046c0f8     libucrt:new_handler.obj
 0003:000020fc       ?c_termination_complete@@3JA 0046c0fc     libucrt:exit.obj
 0003:00002100       ?thread_local_exit_callback_func@@3P6GXPAXK0@ZA 0046c100     libucrt:exit.obj
 0003:00002108       ?program_name@?1???$common_configure_argv@D@@YAHW4_crt_argv_mode@@@Z@4PADA 0046c108     libucrt:argv_parsing.obj
 0003:00002210       ?program_name@?1???$common_configure_argv@_W@@YAHW4_crt_argv_mode@@@Z@4PA_WA 0046c210     libucrt:argv_parsing.obj
 0003:00002444       ?__acrt_app_type@@3W4_crt_app_type@@A 0046c444     libucrt:report_runtime_error.obj
 0003:00002448       ?outmsg@?9??__acrt_report_runtime_error@@9@4PA_WA 0046c448     libucrt:report_runtime_error.obj
 0003:00002a70       ?user_matherr@@3V?$dual_state_global@P6AHPAU_exception@@@Z@__crt_state_management@@A 0046ca70     libucrt:matherr.obj
 0003:00002a74       ?empty_string@?1???$common_wincmdln@E@@YAPAEXZ@4PAEA 0046ca74     libucrt:argv_winmain.obj
 0003:00002a78       ?empty_string@?1???$common_wincmdln@_W@@YAPA_WXZ@4PA_WA 0046ca78     libucrt:argv_winmain.obj
 0003:00002a80       ?__acrt_global_new_mode@@3V?$dual_state_global@J@__crt_state_management@@A 0046ca80     libucrt:new_mode.obj
 0003:00002a90       ?__acrt_lock_table@@3PAU_RTL_CRITICAL_SECTION@@A 0046ca90     libucrt:locks.obj
 0003:00002be0       ?__acrt_locks_initialized@@3IA 0046cbe0     libucrt:locks.obj
 0003:00002be4       ?state_cache@?1???$get_cached_win_policy@Ubegin_thread_init_policy_properties@?1??__acrt_get_begin_thread_init_policy@@YA?AW4begin_thread_init_policy@@XZ@@@YA?AW4begin_thread_init_policy@@W4AppPolicyThreadInitializationType@@@Z@4JA 0046cbe4     libucrt:win_policies.obj
 0003:00002be8       ?state_cache@?1???$get_cached_win_policy@Udeveloper_information_policy_properties@?1??__acrt_get_developer_information_policy@@YA?AW4developer_information_policy@@XZ@@@YA?AW4developer_information_policy@@W4AppPolicyShowDeveloperDiagnostic@@@Z@4JA 0046cbe8     libucrt:win_policies.obj
 0003:00002bec       ?state_cache@?1???$get_cached_win_policy@Uwindowing_model_policy_properties@?1??__acrt_get_windowing_model_policy@@YA?AW4windowing_model_policy@@XZ@@@YA?AW4windowing_model_policy@@W4AppPolicyWindowingModel@@@Z@4JA 0046cbec     libucrt:win_policies.obj
 0003:00002bfc       ?fSystemSet@@3HA           0046cbfc     libucrt:mbctype.obj
 0003:00002c00       ?initialized@?1??__acrt_initialize_multibyte@@9@4_NA 0046cc00     libucrt:mbctype.obj
 0003:00002c20       ?module_handles@@3PAPAUHINSTANCE__@@A 0046cc20     libucrt:winapi_thunks.obj
 0003:00002c70       ?encoded_function_pointers@@3PAPAXA 0046cc70     libucrt:winapi_thunks.obj
 0003:00002cf8       ?static_enum_proc@?1??enum_system_locales_ex_nolock@@YAHQ6GHPA_WKJ@Z@Z@4P6GH0KJ@ZA 0046ccf8     libucrt:winapi_thunks.obj
 0003:00002f04       ?console_ctrl_handler_installed@@3_NA 0046cf04     libucrt:signal.obj
 0003:00002f08       ?ctrlc_action@@3V?$dual_state_global@P6AXH@Z@__crt_state_management@@A 0046cf08     libucrt:signal.obj
 0003:00002f0c       ?ctrlbreak_action@@3V?$dual_state_global@P6AXH@Z@__crt_state_management@@A 0046cf0c     libucrt:signal.obj
 0003:00002f10       ?abort_action@@3V?$dual_state_global@P6AXH@Z@__crt_state_management@@A 0046cf10     libucrt:signal.obj
 0003:00002f14       ?term_action@@3V?$dual_state_global@P6AXH@Z@__crt_state_management@@A 0046cf14     libucrt:signal.obj
 0003:00002f2c       ___acrt_error_mode         0046cf2c     libucrt:set_error_mode.obj
 0003:00002f3c       ?enable_percent_n@@3IA     0046cf3c     libucrt:printf_count_output.obj
 0003:00002f44       __pmatherr_set             0046cf44     libucrt:libm_error.obj
 0004:000002e0       $R000000                   0046d2e0     duidemo.res
 0004:00042308       $R042028                   004af308     duidemo.res
 0004:00052b30       $R052850                   004bfb30     duidemo.res
 0004:0005bfd8       $R05BCF8                   004c8fd8     duidemo.res
 0004:00061460       $R061180                   004ce460     duidemo.res
 0004:00065688       $R0653A8                   004d2688     duidemo.res
 0004:00067c30       $R067950                   004d4c30     duidemo.res
 0004:00068cd8       $R0689F8                   004d5cd8     duidemo.res
 0004:00069660       $R069380                   004d6660     duidemo.res
 0004:00069ac8       $R0697E8                   004d6ac8     duidemo.res
 0004:00069b50       $R069870                   004d6b50     duidemo.res
 0004:002bd1e0       $R2BCF00                   0072a1e0     duidemo.res
