 transwnd_d

 Timestamp is 5a2a0ae6 (Fri Dec  8 11:45:42 2017)

 Preferred load address is 00400000

 Start         Length     Name                   Class
 0001:00000000 00008a00H .text$di                CODE
 0001:00008a00 000926d0H .text$mn                CODE
 0001:0009b0d0 00001330H .text$x                 CODE
 0001:0009c400 0000102aH .text$yd                CODE
 0002:00000000 00000104H .CRT$XCA                DATA
 0002:00000104 00000104H .CRT$XCAA               DATA
 0002:00000208 00000104H .CRT$XCU                DATA
 0002:0000030c 00000104H .CRT$XCZ                DATA
 0002:00000410 00000104H .CRT$XIA                DATA
 0002:00000514 00000104H .CRT$XIAA               DATA
 0002:00000618 00000104H .CRT$XIAC               DATA
 0002:0000071c 00000110H .CRT$XIC                DATA
 0002:0000082c 00000104H .CRT$XIZ                DATA
 0002:00000930 00000104H .CRT$XPA                DATA
 0002:00000a34 0000010cH .CRT$XPX                DATA
 0002:00000b40 00000104H .CRT$XPXA               DATA
 0002:00000c44 00000104H .CRT$XPZ                DATA
 0002:00000d48 00000104H .CRT$XTA                DATA
 0002:00000e4c 00000104H .CRT$XTZ                DATA
 0002:00000f50 00020e3cH .rdata                  DATA
 0002:00021d8c 000008a4H .rdata$r                DATA
 0002:00022630 00000148H .rdata$sxdata           DATA
 0002:00022778 00000178H .rdata$zzzdbg           DATA
 0002:000228f0 00000104H .rtc$IAA                DATA
 0002:000229f4 00000110H .rtc$IMZ                DATA
 0002:00022b04 00000104H .rtc$IZZ                DATA
 0002:00022c08 00000104H .rtc$TAA                DATA
 0002:00022d0c 00000110H .rtc$TMZ                DATA
 0002:00022e1c 00000104H .rtc$TZZ                DATA
 0002:00022f20 000010a0H .xdata$x                DATA
 0002:00023fc0 00000000H .edata                  DATA
 0003:00000000 00000ab0H .data                   DATA
 0003:00000ab0 000003d8H .data$r                 DATA
 0003:00000e88 00001ce8H .bss                    DATA
 0004:00000000 000003bcH .idata$5                DATA
 0004:000003bc 00000064H .idata$2                DATA
 0004:00000420 00000014H .idata$3                DATA
 0004:00000434 000003bcH .idata$4                DATA
 0004:000007f0 000015d2H .idata$6                DATA
 0005:00000000 00000104H .00cfg                  DATA
 0006:00000000 000003f0H .rsrc$01                DATA
 0006:000003f0 0007ee20H .rsrc$02                DATA

  Address         Publics by Value              Rva+Base       Lib:Object

 0000:00000000       ___guard_iat_count         00000000     <absolute>
 0000:00000000       ___guard_fids_count        00000000     <absolute>
 0000:00000000       ___guard_longjmp_table     00000000     <absolute>
 0000:00000000       __except_list              00000000     <absolute>
 0000:00000000       ___dynamic_value_reloc_table 00000000     <absolute>
 0000:00000000       ___hybrid_code_map         00000000     <absolute>
 0000:00000000       ___enclave_config          00000000     <absolute>
 0000:00000000       ___guard_longjmp_count     00000000     <absolute>
 0000:00000000       ___hybrid_auxiliary_iat    00000000     <absolute>
 0000:00000000       ___guard_fids_table        00000000     <absolute>
 0000:00000000       ___guard_iat_table         00000000     <absolute>
 0000:00000000       ___hybrid_code_map_count   00000000     <absolute>
 0000:0000000f       ___safe_se_handler_count   0000000f     <absolute>
 0000:00000100       ___guard_flags             00000100     <absolute>
 0000:00000000       ___ImageBase               00400000     <linker-defined>
 0001:00008a00       ??0CMainWnd@@QAE@XZ        00409a00 f   MainWnd.obj
 0001:00008a70       ??1CMainWnd@@UAE@XZ        00409a70 f   MainWnd.obj
 0001:00008ae0       ?OnFinalMessage@CMainWnd@@UAEXPAUHWND__@@@Z 00409ae0 f   MainWnd.obj
 0001:00008b60       ?GetSkinFile@CMainWnd@@UAE?AVCDuiString@DuiLib@@XZ 00409b60 f   MainWnd.obj
 0001:00008bc0       ?GetWindowClassName@CMainWnd@@UBEPB_WXZ 00409bc0 f   MainWnd.obj
 0001:00008be0       ?Notify@CMainWnd@@UAEXAAUtagTNotifyUI@DuiLib@@@Z 00409be0 f   MainWnd.obj
 0001:00008c20       ?InitWindow@CMainWnd@@UAEXXZ 00409c20 f   MainWnd.obj
 0001:00008cf0       ?_GetBaseMessageMap@CMainWnd@@KGPBUDUI_MSGMAP@DuiLib@@XZ 00409cf0 f   MainWnd.obj
 0001:00008d00       ?GetMessageMap@CMainWnd@@MBEPBUDUI_MSGMAP@DuiLib@@XZ 00409d00 f   MainWnd.obj
 0001:00008d20       ?OnClick@CMainWnd@@MAEXAAUtagTNotifyUI@DuiLib@@@Z 00409d20 f   MainWnd.obj
 0001:00008fc0       ?OnSelectChanged@CMainWnd@@MAEXAAUtagTNotifyUI@DuiLib@@@Z 00409fc0 f   MainWnd.obj
 0001:000090c0       ?OnItemSelect@CMainWnd@@MAEXAAUtagTNotifyUI@DuiLib@@@Z 0040a0c0 f   MainWnd.obj
 0001:000091c0       ?OnSysCommand@CMainWnd@@MAEJIIJAAH@Z 0040a1c0 f   MainWnd.obj
 0001:00009390       ?HandleCustomMessage@CMainWnd@@MAEJIIJAAH@Z 0040a390 f   MainWnd.obj
 0001:00009660       ??1DUI_MSGMAP_ENTRY@DuiLib@@QAE@XZ 0040a660 f i MainWnd.obj
 0001:000096ba       ??_9CMainWnd@@$BCA@AE      0040a6ba f i MainWnd.obj
 0001:000096bf       ??_9CMainWnd@@$BII@AE      0040a6bf f i MainWnd.obj
 0001:000096c9       ??_9CMainWnd@@$BIM@AE      0040a6c9 f i MainWnd.obj
 0001:000096e0       ??_GCMainWnd@@UAEPAXI@Z    0040a6e0 f i MainWnd.obj
 0001:000096e0       ??_ECMainWnd@@UAEPAXI@Z    0040a6e0 f i MainWnd.obj
 0001:00009740       ?__empty_global_delete@@YAXPAX@Z 0040a740 f i MainWnd.obj
 0001:00009750       ?__empty_global_delete@@YAXPAXI@Z 0040a750 f i MainWnd.obj
 0001:00009760       _WinMain@16                0040a760 f   transwnd.obj
 0001:00009880       ?InitResource@@YAXXZ       0040a880 f   transwnd.obj
 0001:00009e20       ??_H@YGXPAXIIP6EPAX0@Z@Z   0040ae20 f i StdAfx.obj
 0001:00009ea5       _FreeResource@4            0040aea5 f   kernel32:KERNEL32.dll
 0001:00009eab       _LoadResource@8            0040aeab f   kernel32:KERNEL32.dll
 0001:00009eb1       _LockResource@4            0040aeb1 f   kernel32:KERNEL32.dll
 0001:00009eb7       _SizeofResource@8          0040aeb7 f   kernel32:KERNEL32.dll
 0001:00009ebd       _FindResourceW@12          0040aebd f   kernel32:KERNEL32.dll
 0001:00009ec3       _PostQuitMessage@4         0040aec3 f   user32:USER32.dll
 0001:00009ec9       _IsZoomed@4                0040aec9 f   user32:USER32.dll
 0001:00009ecf       _ShellExecuteW@24          0040aecf f   shell32:SHELL32.dll
 0001:00009ed5       _CoUninitialize@0          0040aed5 f   ole32:ole32.dll
 0001:00009edb       _CoInitialize@4            0040aedb f   ole32:ole32.dll
 0001:00009ee1       ??0CDuiString@DuiLib@@QAE@PB_WH@Z 0040aee1 f   DuiLib_d:DuiLib_d.dll
 0001:00009ee7       ??1CDuiString@DuiLib@@QAE@XZ 0040aee7 f   DuiLib_d:DuiLib_d.dll
 0001:00009eed       ?CompareNoCase@CDuiString@DuiLib@@QBEHPB_W@Z 0040aeed f   DuiLib_d:DuiLib_d.dll
 0001:00009ef3       ?MakeLower@CDuiString@DuiLib@@QAEXXZ 0040aef3 f   DuiLib_d:DuiLib_d.dll
 0001:00009ef9       ?FindControl@CPaintManagerUI@DuiLib@@QBEPAVCControlUI@2@PB_W@Z 0040aef9 f   DuiLib_d:DuiLib_d.dll
 0001:00009eff       ??BCWindowWnd@DuiLib@@QBEPAUHWND__@@XZ 0040aeff f   DuiLib_d:DuiLib_d.dll
 0001:00009f05       ?SendMessageW@CWindowWnd@DuiLib@@QAEJIIJ@Z 0040af05 f   DuiLib_d:DuiLib_d.dll
 0001:00009f0b       ?HandleMessage@CWindowWnd@DuiLib@@MAEJIIJ@Z 0040af0b f   DuiLib_d:DuiLib_d.dll
 0001:00009f11       ??0WindowImplBase@DuiLib@@QAE@XZ 0040af11 f   DuiLib_d:DuiLib_d.dll
 0001:00009f17       ??1WindowImplBase@DuiLib@@UAE@XZ 0040af17 f   DuiLib_d:DuiLib_d.dll
 0001:00009f1d       ?OnFinalMessage@WindowImplBase@DuiLib@@UAEXPAUHWND__@@@Z 0040af1d f   DuiLib_d:DuiLib_d.dll
 0001:00009f23       ?Notify@WindowImplBase@DuiLib@@UAEXAAUtagTNotifyUI@2@@Z 0040af23 f   DuiLib_d:DuiLib_d.dll
 0001:00009f29       ?CreateControl@WindowImplBase@DuiLib@@UAEPAVCControlUI@2@PB_W@Z 0040af29 f   DuiLib_d:DuiLib_d.dll
 0001:00009f2f       ?GetClassStyle@WindowImplBase@DuiLib@@UBEIXZ 0040af2f f   DuiLib_d:DuiLib_d.dll
 0001:00009f35       ?GetManagerName@WindowImplBase@DuiLib@@MAEPB_WXZ 0040af35 f   DuiLib_d:DuiLib_d.dll
 0001:00009f3b       ?GetSkinType@WindowImplBase@DuiLib@@MAE?AVCDuiString@2@XZ 0040af3b f   DuiLib_d:DuiLib_d.dll
 0001:00009f41       ?GetStyle@WindowImplBase@DuiLib@@UAEJXZ 0040af41 f   DuiLib_d:DuiLib_d.dll
 0001:00009f47       ?GetSuperClassName@CWindowWnd@DuiLib@@MBEPB_WXZ 0040af47 f   DuiLib_d:DuiLib_d.dll
 0001:00009f4d       ?HandleMessage@WindowImplBase@DuiLib@@UAEJIIJ@Z 0040af4d f   DuiLib_d:DuiLib_d.dll
 0001:00009f53       ?InitResource@WindowImplBase@DuiLib@@UAEXXZ 0040af53 f   DuiLib_d:DuiLib_d.dll
 0001:00009f59       ?MessageHandler@WindowImplBase@DuiLib@@UAEJIIJAA_N@Z 0040af59 f   DuiLib_d:DuiLib_d.dll
 0001:00009f5f       ?OnChar@WindowImplBase@DuiLib@@UAEJIIJAAH@Z 0040af5f f   DuiLib_d:DuiLib_d.dll
 0001:00009f65       ?OnClose@WindowImplBase@DuiLib@@UAEJIIJAAH@Z 0040af65 f   DuiLib_d:DuiLib_d.dll
 0001:00009f6b       ?OnCreate@WindowImplBase@DuiLib@@UAEJIIJAAH@Z 0040af6b f   DuiLib_d:DuiLib_d.dll
 0001:00009f71       ?OnDestroy@WindowImplBase@DuiLib@@UAEJIIJAAH@Z 0040af71 f   DuiLib_d:DuiLib_d.dll
 0001:00009f77       ?OnGetMinMaxInfo@WindowImplBase@DuiLib@@UAEJIIJAAH@Z 0040af77 f   DuiLib_d:DuiLib_d.dll
 0001:00009f7d       ?OnKeyDown@WindowImplBase@DuiLib@@UAEJIIJAAH@Z 0040af7d f   DuiLib_d:DuiLib_d.dll
 0001:00009f83       ?OnKillFocus@WindowImplBase@DuiLib@@UAEJIIJAAH@Z 0040af83 f   DuiLib_d:DuiLib_d.dll
 0001:00009f89       ?OnLButtonDown@WindowImplBase@DuiLib@@UAEJIIJAAH@Z 0040af89 f   DuiLib_d:DuiLib_d.dll
 0001:00009f8f       ?OnLButtonUp@WindowImplBase@DuiLib@@UAEJIIJAAH@Z 0040af8f f   DuiLib_d:DuiLib_d.dll
 0001:00009f95       ?OnMouseHover@WindowImplBase@DuiLib@@UAEJIIJAAH@Z 0040af95 f   DuiLib_d:DuiLib_d.dll
 0001:00009f9b       ?OnMouseMove@WindowImplBase@DuiLib@@UAEJIIJAAH@Z 0040af9b f   DuiLib_d:DuiLib_d.dll
 0001:00009fa1       ?OnMouseWheel@WindowImplBase@DuiLib@@UAEJIIJAAH@Z 0040afa1 f   DuiLib_d:DuiLib_d.dll
 0001:00009fa7       ?OnNcActivate@WindowImplBase@DuiLib@@UAEJIIJAAH@Z 0040afa7 f   DuiLib_d:DuiLib_d.dll
 0001:00009fad       ?OnNcCalcSize@WindowImplBase@DuiLib@@UAEJIIJAAH@Z 0040afad f   DuiLib_d:DuiLib_d.dll
 0001:00009fb3       ?OnNcHitTest@WindowImplBase@DuiLib@@UAEJIIJAAH@Z 0040afb3 f   DuiLib_d:DuiLib_d.dll
 0001:00009fb9       ?OnNcPaint@WindowImplBase@DuiLib@@UAEJIIJAAH@Z 0040afb9 f   DuiLib_d:DuiLib_d.dll
 0001:00009fbf       ?OnSetFocus@WindowImplBase@DuiLib@@UAEJIIJAAH@Z 0040afbf f   DuiLib_d:DuiLib_d.dll
 0001:00009fc5       ?OnSize@WindowImplBase@DuiLib@@UAEJIIJAAH@Z 0040afc5 f   DuiLib_d:DuiLib_d.dll
 0001:00009fcb       ?QueryControlText@WindowImplBase@DuiLib@@UAEPB_WPB_W0@Z 0040afcb f   DuiLib_d:DuiLib_d.dll
 0001:00009fd1       ?ResponseDefaultKeyEvent@WindowImplBase@DuiLib@@MAEJI@Z 0040afd1 f   DuiLib_d:DuiLib_d.dll
 0001:00009fd7       ??0STRINGorID@DuiLib@@QAE@PB_W@Z 0040afd7 f   DuiLib_d:DuiLib_d.dll
 0001:00009fdd       ?GetData@CDuiString@DuiLib@@QBEPB_WXZ 0040afdd f   DuiLib_d:DuiLib_d.dll
 0001:00009fe3       ??YCDuiString@DuiLib@@QAEABV01@PB_W@Z 0040afe3 f   DuiLib_d:DuiLib_d.dll
 0001:00009fe9       ?GetInstance@CResourceManager@DuiLib@@SAPAV12@XZ 0040afe9 f   DuiLib_d:DuiLib_d.dll
 0001:00009fef       ?LoadResource@CResourceManager@DuiLib@@QAEHVSTRINGorID@2@PB_W@Z 0040afef f   DuiLib_d:DuiLib_d.dll
 0001:00009ff5       ?GetInstancePath@CPaintManagerUI@DuiLib@@SA?AVCDuiString@2@XZ 0040aff5 f   DuiLib_d:DuiLib_d.dll
 0001:00009ffb       ?GetResourceDll@CPaintManagerUI@DuiLib@@SAPAUHINSTANCE__@@XZ 0040affb f   DuiLib_d:DuiLib_d.dll
 0001:0000a001       ?SetInstance@CPaintManagerUI@DuiLib@@SAXPAUHINSTANCE__@@@Z 0040b001 f   DuiLib_d:DuiLib_d.dll
 0001:0000a007       ?SetResourcePath@CPaintManagerUI@DuiLib@@SAXPB_W@Z 0040b007 f   DuiLib_d:DuiLib_d.dll
 0001:0000a00d       ?SetResourceZip@CPaintManagerUI@DuiLib@@SAXPAXIPB_W@Z 0040b00d f   DuiLib_d:DuiLib_d.dll
 0001:0000a013       ?SetResourceZip@CPaintManagerUI@DuiLib@@SAXPB_W_N0@Z 0040b013 f   DuiLib_d:DuiLib_d.dll
 0001:0000a019       ?SetResourceType@CPaintManagerUI@DuiLib@@SAXH@Z 0040b019 f   DuiLib_d:DuiLib_d.dll
 0001:0000a01f       ?GetResourceType@CPaintManagerUI@DuiLib@@SAHXZ 0040b01f f   DuiLib_d:DuiLib_d.dll
 0001:0000a025       ?MessageLoop@CPaintManagerUI@DuiLib@@SAXXZ 0040b025 f   DuiLib_d:DuiLib_d.dll
 0001:0000a02b       ?Create@CWindowWnd@DuiLib@@QAEPAUHWND__@@PAU3@PB_WKKHHHHPAUHMENU__@@@Z 0040b02b f   DuiLib_d:DuiLib_d.dll
 0001:0000a031       ?ShowModal@CWindowWnd@DuiLib@@QAEIXZ 0040b031 f   DuiLib_d:DuiLib_d.dll
 0001:0000a037       ?CenterWindow@CWindowWnd@DuiLib@@QAEXXZ 0040b037 f   DuiLib_d:DuiLib_d.dll
 0001:0000a040       ??_M@YGXPAXIHP6EX0@Z@Z     0040b040 f   LIBCMTD:ehvecdtr.obj
 0001:0000a070       ??_M@YGXPAXIIP6EX0@Z@Z     0040b070 f   LIBCMTD:ehvecdtr.obj
 0001:0000a1a0       ?__ArrayUnwind@@YGXPAXIIP6EX0@Z@Z 0040b1a0 f   LIBCMTD:ehvecdtr.obj
 0001:0000a270       ??3@YAXPAXI@Z              0040b270 f   LIBCMTD:delete_scalar_size.obj
 0001:0000a290       ??$__crt_fast_decode_pointer@PAP6AXXZ@@YAPAP6AXXZQAP6AXXZ@Z 0040b290 f i LIBCMTD:utility.obj
 0001:0000a2c0       ??$__crt_fast_encode_pointer@PAP6AXXZ@@YAPAP6AXXZQAP6AXXZ@Z 0040b2c0 f i LIBCMTD:utility.obj
 0001:0000a300       ?__crt_rotate_pointer_value@@YAIIH@Z 0040b300 f i LIBCMTD:utility.obj
 0001:0000a310       ?configure_argv@__scrt_narrow_argv_policy@@SAHXZ 0040b310 f i LIBCMTD:utility.obj
 0001:0000a3e0       ?initialize_environment@__scrt_narrow_environment_policy@@SAHXZ 0040b3e0 f i LIBCMTD:utility.obj
 0001:0000a480       _NtCurrentTeb              0040b480 f i LIBCMTD:utility.obj
 0001:0000a490       ___scrt_acquire_startup_lock 0040b490 f   LIBCMTD:utility.obj
 0001:0000a4f0       ___scrt_dllmain_after_initialize_c 0040b4f0 f   LIBCMTD:utility.obj
 0001:0000a530       ___scrt_dllmain_before_initialize_c 0040b530 f   LIBCMTD:utility.obj
 0001:0000a560       ___scrt_dllmain_crt_thread_attach 0040b560 f   LIBCMTD:utility.obj
 0001:0000a5a0       ___scrt_dllmain_crt_thread_detach 0040b5a0 f   LIBCMTD:utility.obj
 0001:0000a5c0       ___scrt_dllmain_exception_filter 0040b5c0 f   LIBCMTD:utility.obj
 0001:0000a620       ___scrt_dllmain_uninitialize_c 0040b620 f   LIBCMTD:utility.obj
 0001:0000a660       ___scrt_dllmain_uninitialize_critical 0040b660 f   LIBCMTD:utility.obj
 0001:0000a680       ___scrt_initialize_crt     0040b680 f   LIBCMTD:utility.obj
 0001:0000a6e0       ___scrt_initialize_onexit_tables 0040b6e0 f   LIBCMTD:utility.obj
 0001:0000a800       ___scrt_is_nonwritable_in_current_image 0040b800 f   LIBCMTD:utility.obj
 0001:0000a980       ___scrt_release_startup_lock 0040b980 f   LIBCMTD:utility.obj
 0001:0000a9b0       ___scrt_uninitialize_crt   0040b9b0 f   LIBCMTD:utility.obj
 0001:0000aa00       __onexit                   0040ba00 f   LIBCMTD:utility.obj
 0001:0000aa90       _at_quick_exit             0040ba90 f   LIBCMTD:utility.obj
 0001:0000aaf0       _atexit                    0040baf0 f   LIBCMTD:utility.obj
 0001:0000ab30       @_RTC_AllocaHelper@12      0040bb30 f   LIBCMTD:_stack_.obj
 0001:0000ab70       @_RTC_CheckStackVars2@12   0040bb70 f   LIBCMTD:_stack_.obj
 0001:0000ac80       @_RTC_CheckStackVars@8     0040bc80 f   LIBCMTD:_stack_.obj
 0001:0000acf0       __RTC_CheckEsp             0040bcf0 f   LIBCMTD:_stack_.obj
 0001:0000ad30       @__security_check_cookie@4 0040bd30 f   LIBCMTD:_secchk_.obj
 0001:0000ad50       __CRT_RTC_INIT             0040bd50 f   LIBCMTD:_init_.obj
 0001:0000ad60       __CRT_RTC_INITW            0040bd60 f   LIBCMTD:_init_.obj
 0001:0000ad70       __RTC_InitBase             0040bd70 f   LIBCMTD:_init_.obj
 0001:0000adb0       __RTC_Shutdown             0040bdb0 f   LIBCMTD:_init_.obj
 0001:0000add0       ??1type_info@@UAE@XZ       0040bdd0 f   LIBCMTD:std_type_info_static.obj
 0001:0000adf0       ??_Gtype_info@@UAEPAXI@Z   0040bdf0 f i LIBCMTD:std_type_info_static.obj
 0001:0000adf0       ??_Etype_info@@UAEPAXI@Z   0040bdf0 f i LIBCMTD:std_type_info_static.obj
 0001:0000ae30       ??2@YAPAXI@Z               0040be30 f   LIBCMTD:new_scalar.obj
 0001:0000b270       ?set_app_type@__scrt_winmain_policy@@SAXXZ 0040c270 f i LIBCMTD:exe_winmain.obj
 0001:0000b290       ?set_commode@__scrt_file_policy@@SAXXZ 0040c290 f i LIBCMTD:exe_winmain.obj
 0001:0000b2b0       ?set_fmode@__scrt_file_policy@@SAXXZ 0040c2b0 f i LIBCMTD:exe_winmain.obj
 0001:0000b2d0       _WinMainCRTStartup         0040c2d0 f   LIBCMTD:exe_winmain.obj
 0001:0000b2e0       @_guard_check_icall@4      0040c2e0 f i LIBCMTD:checkcfg.obj
 0001:0000b300       ??3@YAXPAX@Z               0040c300 f   LIBCMTD:delete_scalar.obj
 0001:0000b320       ___isa_available_init      0040c320 f   LIBCMTD:_cpu_disp_.obj
 0001:0000b6b0       __get_startup_argv_mode    0040c6b0 f   LIBCMTD:argv_mode.obj
 0001:0000b6c0       ___scrt_is_ucrt_dll_in_use 0040c6c0 f   LIBCMTD:ucrt_detection.obj
 0001:0000b6f0       ___scrt_fastfail           0040c6f0 f   LIBCMTD:utility_desktop.obj
 0001:0000b880       ___scrt_get_show_window_mode 0040c880 f   LIBCMTD:utility_desktop.obj
 0001:0000b8d0       ___scrt_initialize_winrt   0040c8d0 f   LIBCMTD:utility_desktop.obj
 0001:0000b8e0       ___scrt_is_managed_app     0040c8e0 f   LIBCMTD:utility_desktop.obj
 0001:0000b990       ___scrt_set_unhandled_exception_filter 0040c990 f   LIBCMTD:utility_desktop.obj
 0001:0000b9b0       ___scrt_unhandled_exception_filter@4 0040c9b0 f   LIBCMTD:utility_desktop.obj
 0001:0000ba30       __crt_debugger_hook        0040ca30 f   LIBCMTD:utility_desktop.obj
 0001:0000ba50       ??$__vcrt_va_start_verify_argument_type@QBD@@YAXXZ 0040ca50 f i LIBCMTD:_error_.obj
 0001:0000bc00       ?_RTC_AllocaFailure@@YAXPAXPAU_RTC_ALLOCA_NODE@@H@Z 0040cc00 f   LIBCMTD:_error_.obj
 0001:0000bd20       ?_RTC_Failure@@YAXPAXH@Z   0040cd20 f   LIBCMTD:_error_.obj
 0001:0000bd90       ?_RTC_StackFailure@@YAXPAXPBD@Z 0040cd90 f   LIBCMTD:_error_.obj
 0001:0000c1b0       __RTC_UninitUse            0040d1b0 f   LIBCMTD:_error_.obj
 0001:0000c290       ___local_stdio_printf_options 0040d290 f i LIBCMTD:_error_.obj
 0001:0000c2a0       __vsprintf_s_l             0040d2a0 f i LIBCMTD:_error_.obj
 0001:0000c2e0       _sprintf_s                 0040d2e0 f i LIBCMTD:_error_.obj
 0001:0000c310       ___raise_securityfailure   0040d310 f   LIBCMTD:gs_report.obj
 0001:0000c350       ___report_gsfailure        0040d350 f   LIBCMTD:gs_report.obj
 0001:0000c4a0       ___report_rangecheckfailure 0040d4a0 f   LIBCMTD:gs_report.obj
 0001:0000c4b0       ___report_securityfailure  0040d4b0 f   LIBCMTD:gs_report.obj
 0001:0000c5c0       ___report_securityfailureEx 0040d5c0 f   LIBCMTD:gs_report.obj
 0001:0000c730       ?_RTC_GetErrorFunc@@YAP6AHHPBDH00ZZPBX@Z 0040d730 f   LIBCMTD:_userapi_.obj
 0001:0000c740       ?_RTC_GetErrorFuncW@@YAP6AHHPB_WH00ZZPBX@Z 0040d740 f   LIBCMTD:_userapi_.obj
 0001:0000c750       __RTC_GetErrDesc           0040d750 f   LIBCMTD:_userapi_.obj
 0001:0000c770       __RTC_NumErrors            0040d770 f   LIBCMTD:_userapi_.obj
 0001:0000c780       __RTC_SetErrorFunc         0040d780 f   LIBCMTD:_userapi_.obj
 0001:0000c7b0       __RTC_SetErrorFuncW        0040d7b0 f   LIBCMTD:_userapi_.obj
 0001:0000c7e0       __RTC_SetErrorType         0040d7e0 f   LIBCMTD:_userapi_.obj
 0001:0000c810       ??0bad_alloc@std@@AAE@QBD@Z 0040d810 f i LIBCMTD:throw_bad_alloc.obj
 0001:0000c840       ??0bad_alloc@std@@QAE@ABV01@@Z 0040d840 f i LIBCMTD:throw_bad_alloc.obj
 0001:0000c870       ??0bad_alloc@std@@QAE@XZ   0040d870 f i LIBCMTD:throw_bad_alloc.obj
 0001:0000c8a0       ??0bad_array_new_length@std@@QAE@ABV01@@Z 0040d8a0 f i LIBCMTD:throw_bad_alloc.obj
 0001:0000c8d0       ??0bad_array_new_length@std@@QAE@XZ 0040d8d0 f i LIBCMTD:throw_bad_alloc.obj
 0001:0000c900       ??0exception@std@@QAE@ABV01@@Z 0040d900 f i LIBCMTD:throw_bad_alloc.obj
 0001:0000c950       ??0exception@std@@QAE@QBDH@Z 0040d950 f i LIBCMTD:throw_bad_alloc.obj
 0001:0000c990       ??1bad_alloc@std@@UAE@XZ   0040d990 f i LIBCMTD:throw_bad_alloc.obj
 0001:0000c9b0       ??1bad_array_new_length@std@@UAE@XZ 0040d9b0 f i LIBCMTD:throw_bad_alloc.obj
 0001:0000c9d0       ??1exception@std@@UAE@XZ   0040d9d0 f i LIBCMTD:throw_bad_alloc.obj
 0001:0000ca00       ??_Gbad_alloc@std@@UAEPAXI@Z 0040da00 f i LIBCMTD:throw_bad_alloc.obj
 0001:0000ca00       ??_Ebad_alloc@std@@UAEPAXI@Z 0040da00 f i LIBCMTD:throw_bad_alloc.obj
 0001:0000ca40       ??_Gbad_array_new_length@std@@UAEPAXI@Z 0040da40 f i LIBCMTD:throw_bad_alloc.obj
 0001:0000ca40       ??_Ebad_array_new_length@std@@UAEPAXI@Z 0040da40 f i LIBCMTD:throw_bad_alloc.obj
 0001:0000ca80       ??_Eexception@std@@UAEPAXI@Z 0040da80 f i LIBCMTD:throw_bad_alloc.obj
 0001:0000ca80       ??_Gexception@std@@UAEPAXI@Z 0040da80 f i LIBCMTD:throw_bad_alloc.obj
 0001:0000cac0       ?__scrt_throw_std_bad_alloc@@YAXXZ 0040dac0 f   LIBCMTD:throw_bad_alloc.obj
 0001:0000caf0       ?__scrt_throw_std_bad_array_new_length@@YAXXZ 0040daf0 f   LIBCMTD:throw_bad_alloc.obj
 0001:0000cb20       ?what@exception@std@@UBEPBDXZ 0040db20 f i LIBCMTD:throw_bad_alloc.obj
 0001:0000cbf0       ___security_init_cookie    0040dbf0 f   LIBCMTD:gs_support.obj
 0001:0000cc90       __matherr                  0040dc90 f   LIBCMTD:matherr.obj
 0001:0000cca0       __get_startup_commit_mode  0040dca0 f   LIBCMTD:commit_mode.obj
 0001:0000ccb0       __get_startup_file_mode    0040dcb0 f   LIBCMTD:file_mode.obj
 0001:0000ccc0       __get_startup_new_mode     0040dcc0 f   LIBCMTD:new_mode.obj
 0001:0000ccd0       __get_startup_thread_locale_mode 0040dcd0 f   LIBCMTD:thread_locale.obj
 0001:0000cce0       ?__scrt_initialize_type_info@@YAXXZ 0040dce0 f   LIBCMTD:tncleanup.obj
 0001:0000cd00       ?__scrt_uninitialize_type_info@@YAXXZ 0040dd00 f   LIBCMTD:tncleanup.obj
 0001:0000cd20       __should_initialize_environment 0040dd20 f   LIBCMTD:env_mode.obj
 0001:0000cd30       __initialize_default_precision 0040dd30 f   LIBCMTD:default_precision.obj
 0001:0000cd60       __initialize_invalid_parameter_handler 0040dd60 f   LIBCMTD:invalid_parameter_handler.obj
 0001:0000cd70       __initialize_denormal_control 0040dd70 f   LIBCMTD:denormal_control.obj
 0001:0000cd80       ___local_stdio_scanf_options 0040dd80 f i LIBCMTD:default_local_stdio_options.obj
 0001:0000cd90       ___scrt_initialize_default_local_stdio_options 0040dd90 f   LIBCMTD:default_local_stdio_options.obj
 0001:0000cde0       ___scrt_is_user_matherr_present 0040dde0 f   LIBCMTD:matherr_detection.obj
 0001:0000ce10       ___scrt_get_dyn_tls_init_callback 0040de10 f   LIBCMTD:dyn_tls_init.obj
 0001:0000ce20       ___scrt_get_dyn_tls_dtor_callback 0040de20 f   LIBCMTD:dyn_tls_dtor.obj
 0001:0000ce30       __RTC_Initialize           0040de30 f   LIBCMTD:_initsect_.obj
 0001:0000ce70       __RTC_Terminate            0040de70 f   LIBCMTD:_initsect_.obj
 0001:0000ceb0       @_guard_check_icall_nop@4  0040deb0 f i LIBCMTD:guard_support.obj
 0001:0000cec0       _ReadNoFence               0040dec0 f i LIBCMTD:guard_support.obj
 0001:0000cee0       _ReadPointerNoFence        0040dee0 f i LIBCMTD:guard_support.obj
 0001:0000cf00       __guard_icall_checks_enforced 0040df00 f i LIBCMTD:guard_support.obj
 0001:0000d500       ?_RTC_GetSrcLine@@YAHPAEPA_WKPAH1K@Z 0040e500 f   LIBCMTD:_pdblkup_.obj
 0001:0000d920       ?_CallCatchBlock2@@YAPAXPAUEHRegistrationNode@@PBU_s_FuncInfo@@PAXHK@Z 0040e920 f   libvcruntimed:trnsctrl.obj
 0001:0000d9b0       ?_CallSETranslator@@YAHPAUEHExceptionRecord@@PAUEHRegistrationNode@@PAX2PBU_s_FuncInfo@@H1@Z 0040e9b0 f   libvcruntimed:trnsctrl.obj
 0001:0000dae0       ?_GetRangeOfTrysToCheck@@YAPBU_s_TryBlockMapEntry@@PBU_s_FuncInfo@@HHPAI1@Z 0040eae0 f   libvcruntimed:trnsctrl.obj
 0001:0000dbe0       ?_JumpToContinuation@@YGXPAXPAUEHRegistrationNode@@@Z 0040ebe0 f   libvcruntimed:trnsctrl.obj
 0001:0000dc20       ?_UnwindNestedFrames@@YGXPAUEHRegistrationNode@@PAUEHExceptionRecord@@@Z 0040ec20 f   libvcruntimed:trnsctrl.obj
 0001:0000dc90       __CatchGuardHandler        0040ec90 f   libvcruntimed:trnsctrl.obj
 0001:0000dcf0       __CreateFrameInfo          0040ecf0 f   libvcruntimed:trnsctrl.obj
 0001:0000dd30       __FindAndUnlinkFrame       0040ed30 f   libvcruntimed:trnsctrl.obj
 0001:0000ddc0       __TranslatorGuardHandler   0040edc0 f   libvcruntimed:trnsctrl.obj
 0001:0000dea0       ___CxxFrameHandler         0040eea0 f   libvcruntimed:trnsctrl.obj
 0001:0000def0       ___CxxFrameHandler2        0040eef0 f   libvcruntimed:trnsctrl.obj
 0001:0000df40       ___CxxFrameHandler3        0040ef40 f   libvcruntimed:trnsctrl.obj
 0001:0000df90       ___CxxLongjmpUnwind@4      0040ef90 f   libvcruntimed:trnsctrl.obj
 0001:0000e060       __except_handler4          0040f060 f   libvcruntimed:_chandler4_.obj
 0001:0000e2b0       ___vcrt_initialize         0040f2b0 f   libvcruntimed:initialization.obj
 0001:0000e300       ___vcrt_thread_attach      0040f300 f   libvcruntimed:initialization.obj
 0001:0000e320       ___vcrt_thread_detach      0040f320 f   libvcruntimed:initialization.obj
 0001:0000e340       ___vcrt_uninitialize       0040f340 f   libvcruntimed:initialization.obj
 0001:0000e370       ___vcrt_uninitialize_critical 0040f370 f   libvcruntimed:initialization.obj
 0001:0000e390       _memset                    0040f390 f   libvcruntimed:memset.obj
 0001:0000e540       ??$?RD@__crt_public_free_policy@@QBEXQBD@Z 0040f540 f i libvcruntimed:std_exception.obj
 0001:0000e560       ??0?$__crt_unique_heap_ptr@DU__crt_public_free_policy@@@@QAE@QAD@Z 0040f560 f i libvcruntimed:std_exception.obj
 0001:0000e580       ??1?$__crt_unique_heap_ptr@DU__crt_public_free_policy@@@@QAE@XZ 0040f580 f i libvcruntimed:std_exception.obj
 0001:0000e5a0       ??B?$__crt_unique_heap_ptr@DU__crt_public_free_policy@@@@QBE_NXZ 0040f5a0 f i libvcruntimed:std_exception.obj
 0001:0000e5c0       ?detach@?$__crt_unique_heap_ptr@DU__crt_public_free_policy@@@@QAEPADXZ 0040f5c0 f i libvcruntimed:std_exception.obj
 0001:0000e5f0       ?get@?$__crt_unique_heap_ptr@DU__crt_public_free_policy@@@@QBEPADXZ 0040f5f0 f i libvcruntimed:std_exception.obj
 0001:0000e610       ?is_valid@?$__crt_unique_heap_ptr@DU__crt_public_free_policy@@@@QBE_NXZ 0040f610 f i libvcruntimed:std_exception.obj
 0001:0000e650       ?release@?$__crt_unique_heap_ptr@DU__crt_public_free_policy@@@@QAEXXZ 0040f650 f i libvcruntimed:std_exception.obj
 0001:0000e680       ___std_exception_copy      0040f680 f   libvcruntimed:std_exception.obj
 0001:0000e7a0       ___std_exception_destroy   0040f7a0 f   libvcruntimed:std_exception.obj
 0001:0000e7e0       __CxxThrowException@8      0040f7e0 f   libvcruntimed:throw.obj
 0001:0000e900       ??$?RD@__crt_internal_free_policy@@QBEXQBD@Z 0040f900 f i libvcruntimed:std_type_info.obj
 0001:0000e930       ??$?RX@__crt_internal_free_policy@@QBEXQBX@Z 0040f930 f i libvcruntimed:std_type_info.obj
 0001:0000e960       ??$__crt_interlocked_compare_exchange_pointer@$$CBDPAD$$T@@YAPBDPDSBDQAD$$T@Z 0040f960 f i libvcruntimed:std_type_info.obj
 0001:0000e980       ??$__crt_interlocked_read_pointer@$$CBD@@YAPBDPDSBD@Z 0040f980 f i libvcruntimed:std_type_info.obj
 0001:0000e9a0       ??0?$__crt_unique_heap_ptr@DU__crt_internal_free_policy@@@@QAE@QAD@Z 0040f9a0 f i libvcruntimed:std_type_info.obj
 0001:0000e9c0       ??0?$__crt_unique_heap_ptr@XU__crt_internal_free_policy@@@@QAE@QAX@Z 0040f9c0 f i libvcruntimed:std_type_info.obj
 0001:0000e9e0       ??1?$__crt_unique_heap_ptr@DU__crt_internal_free_policy@@@@QAE@XZ 0040f9e0 f i libvcruntimed:std_type_info.obj
 0001:0000ea00       ??1?$__crt_unique_heap_ptr@XU__crt_internal_free_policy@@@@QAE@XZ 0040fa00 f i libvcruntimed:std_type_info.obj
 0001:0000ea60       ??B?$__crt_unique_heap_ptr@DU__crt_internal_free_policy@@@@QBE_NXZ 0040fa60 f i libvcruntimed:std_type_info.obj
 0001:0000ea80       ??B?$__crt_unique_heap_ptr@XU__crt_internal_free_policy@@@@QBE_NXZ 0040fa80 f i libvcruntimed:std_type_info.obj
 0001:0000eb00       ?__crt_interlocked_read_32@@YAHPDH@Z 0040fb00 f i libvcruntimed:std_type_info.obj
 0001:0000eb20       ?detach@?$__crt_unique_heap_ptr@XU__crt_internal_free_policy@@@@QAEPAXXZ 0040fb20 f i libvcruntimed:std_type_info.obj
 0001:0000eb50       ?get@?$__crt_unique_heap_ptr@DU__crt_internal_free_policy@@@@QBEPADXZ 0040fb50 f i libvcruntimed:std_type_info.obj
 0001:0000eb70       ?get@?$__crt_unique_heap_ptr@XU__crt_internal_free_policy@@@@QBEPAXXZ 0040fb70 f i libvcruntimed:std_type_info.obj
 0001:0000eb90       ?is_valid@?$__crt_unique_heap_ptr@DU__crt_internal_free_policy@@@@QBE_NXZ 0040fb90 f i libvcruntimed:std_type_info.obj
 0001:0000ebd0       ?is_valid@?$__crt_unique_heap_ptr@XU__crt_internal_free_policy@@@@QBE_NXZ 0040fbd0 f i libvcruntimed:std_type_info.obj
 0001:0000ec10       ?release@?$__crt_unique_heap_ptr@DU__crt_internal_free_policy@@@@QAEXXZ 0040fc10 f i libvcruntimed:std_type_info.obj
 0001:0000ec40       ?release@?$__crt_unique_heap_ptr@XU__crt_internal_free_policy@@@@QAEXXZ 0040fc40 f i libvcruntimed:std_type_info.obj
 0001:0000ec70       ___std_type_info_compare   0040fc70 f   libvcruntimed:std_type_info.obj
 0001:0000eca0       ___std_type_info_destroy_list 0040fca0 f   libvcruntimed:std_type_info.obj
 0001:0000ecf0       ___std_type_info_hash      0040fcf0 f   libvcruntimed:std_type_info.obj
 0001:0000ed60       ___std_type_info_name      0040fd60 f   libvcruntimed:std_type_info.obj
 0001:0000efb0       ___vcrt_GetModuleFileNameW 0040ffb0 f   libvcruntimed:winapi_thunks.obj
 0001:0000efd0       ___vcrt_GetModuleHandleW   0040ffd0 f   libvcruntimed:winapi_thunks.obj
 0001:0000eff0       ___vcrt_LoadLibraryExW     0040fff0 f   libvcruntimed:winapi_thunks.obj
 0001:0000f010       ??$?RU__vcrt_ptd@@@__crt_internal_free_policy@@QBEXQBU__vcrt_ptd@@@Z 00410010 f i libvcruntimed:per_thread_data.obj
 0001:0000f040       ??0?$__crt_unique_heap_ptr@U__vcrt_ptd@@U__crt_internal_free_policy@@@@QAE@QAU__vcrt_ptd@@@Z 00410040 f i libvcruntimed:per_thread_data.obj
 0001:0000f080       ??1?$__crt_unique_heap_ptr@U__vcrt_ptd@@U__crt_internal_free_policy@@@@QAE@XZ 00410080 f i libvcruntimed:per_thread_data.obj
 0001:0000f0c0       ??B?$__crt_unique_heap_ptr@U__vcrt_ptd@@U__crt_internal_free_policy@@@@QBE_NXZ 004100c0 f i libvcruntimed:per_thread_data.obj
 0001:0000f0e0       ?detach@?$__crt_unique_heap_ptr@U__vcrt_ptd@@U__crt_internal_free_policy@@@@QAEPAU__vcrt_ptd@@XZ 004100e0 f i libvcruntimed:per_thread_data.obj
 0001:0000f110       ?get@?$__crt_unique_heap_ptr@U__vcrt_ptd@@U__crt_internal_free_policy@@@@QBEPAU__vcrt_ptd@@XZ 00410110 f i libvcruntimed:per_thread_data.obj
 0001:0000f130       ?is_valid@?$__crt_unique_heap_ptr@U__vcrt_ptd@@U__crt_internal_free_policy@@@@QBE_NXZ 00410130 f i libvcruntimed:per_thread_data.obj
 0001:0000f170       ?release@?$__crt_unique_heap_ptr@U__vcrt_ptd@@U__crt_internal_free_policy@@@@QAEXXZ 00410170 f i libvcruntimed:per_thread_data.obj
 0001:0000f1d0       ___vcrt_freefls@4          004101d0 f   libvcruntimed:per_thread_data.obj
 0001:0000f200       ___vcrt_freeptd            00410200 f   libvcruntimed:per_thread_data.obj
 0001:0000f270       ___vcrt_getptd             00410270 f   libvcruntimed:per_thread_data.obj
 0001:0000f2a0       ___vcrt_getptd_noexit      004102a0 f   libvcruntimed:per_thread_data.obj
 0001:0000f450       ___vcrt_getptd_noinit      00410450 f   libvcruntimed:per_thread_data.obj
 0001:0000f4c0       ___vcrt_initialize_ptd     004104c0 f   libvcruntimed:per_thread_data.obj
 0001:0000f520       ___vcrt_uninitialize_ptd   00410520 f   libvcruntimed:per_thread_data.obj
 0001:0000f560       __CallSettingFrame@12      00410560 f   libvcruntimed:lowhelpr.obj
 0001:0000f587       __NLG_Return               00410587     libvcruntimed:lowhelpr.obj
 0001:0000f5c0       ??0bad_exception@std@@QAE@ABV01@@Z 004105c0 f i libvcruntimed:frame.obj
 0001:0000f5f0       ??0bad_exception@std@@QAE@XZ 004105f0 f i libvcruntimed:frame.obj
 0001:0000f620       ??1bad_exception@std@@UAE@XZ 00410620 f i libvcruntimed:frame.obj
 0001:0000f640       ??8type_info@@QBE_NABV0@@Z 00410640 f i libvcruntimed:frame.obj
 0001:0000f690       ??_Gbad_exception@std@@UAEPAXI@Z 00410690 f i libvcruntimed:frame.obj
 0001:0000f690       ??_Ebad_exception@std@@UAEPAXI@Z 00410690 f i libvcruntimed:frame.obj
 0001:00010560       ?_CallMemberFunction1@@YGXQAX00@Z 00411560 f i libvcruntimed:frame.obj
 0001:00010580       ?_CallMemberFunction2@@YGXQAX00H@Z 00411580 f i libvcruntimed:frame.obj
 0001:000105b0       ?_ValidateExecute@@YA_NP6GHXZ@Z 004115b0 f i libvcruntimed:frame.obj
 0001:000105d0       ?_ValidateRead@@YA_NPBXI@Z 004115d0 f i libvcruntimed:frame.obj
 0001:000105f0       ?_ValidateWrite@@YA_NPAXI@Z 004115f0 f i libvcruntimed:frame.obj
 0001:00010610       ___BuildCatchObject        00411610 f   libvcruntimed:frame.obj
 0001:00010760       ___BuildCatchObjectHelper  00411760 f   libvcruntimed:frame.obj
 0001:00010b50       ___FrameUnwindToState      00411b50 f   libvcruntimed:frame.obj
 0001:00010d30       ___InternalCxxFrameHandler 00411d30 f   libvcruntimed:frame.obj
 0001:00010f40       ___TypeMatch               00411f40 f   libvcruntimed:frame.obj
 0001:00011050       ___vcrt_EncodePointer      00412050 f i libvcruntimed:frame.obj
 0001:00011070       ___except_validate_context_record 00412070 f   libvcruntimed:jbcxrval.obj
 0001:000110d0       ___except_validate_jump_buffer 004120d0 f   libvcruntimed:jbcxrval.obj
 0001:00011130       __local_unwind4            00412130 f   libvcruntimed:_exsup4_.obj
 0001:00011208       __seh_longjmp_unwind4@4    00412208 f   libvcruntimed:_exsup4_.obj
 0001:00011230       @_EH4_CallFilterFunc@8     00412230 f   libvcruntimed:_exsup4_.obj
 0001:00011248       @_EH4_TransferToHandler@8  00412248 f   libvcruntimed:_exsup4_.obj
 0001:00011264       @_EH4_GlobalUnwind2@8      00412264 f   libvcruntimed:_exsup4_.obj
 0001:00011280       @_EH4_LocalUnwind@16       00412280 f   libvcruntimed:_exsup4_.obj
 0001:000112f0       ___vcrt_initialize_locks   004122f0 f   libvcruntimed:locks.obj
 0001:00011360       ___vcrt_lock               00412360 f   libvcruntimed:locks.obj
 0001:00011380       ___vcrt_uninitialize_locks 00412380 f   libvcruntimed:locks.obj
 0001:000113e0       ___vcrt_unlock             004123e0 f   libvcruntimed:locks.obj
 0001:00011400       ??$?BX@__crt_fast_encoded_nullptr_t@@QBEPAXXZ 00412400 f i libvcruntimed:winapi_downlevel.obj
 0001:00011420       ??$__crt_fast_decode_pointer@PAX@@YAPAXQAX@Z 00412420 f i libvcruntimed:winapi_downlevel.obj
 0001:00011450       ??$__crt_fast_encode_pointer@PAX@@YAPAXQAX@Z 00412450 f i libvcruntimed:winapi_downlevel.obj
 0001:00011490       ??$__crt_interlocked_exchange_pointer@UHINSTANCE__@@PAU1@@@YAPAUHINSTANCE__@@PDSAU0@QAU0@@Z 00412490 f i libvcruntimed:winapi_downlevel.obj
 0001:000114a0       ??$__crt_interlocked_exchange_pointer@UHINSTANCE__@@PAX@@YAPAUHINSTANCE__@@PDSAU0@QAX@Z 004124a0 f i libvcruntimed:winapi_downlevel.obj
 0001:000114b0       ??$__crt_interlocked_exchange_pointer@XPAX@@YAPAXPDSAXQAX@Z 004124b0 f i libvcruntimed:winapi_downlevel.obj
 0001:000114c0       ??$__crt_interlocked_read_pointer@UHINSTANCE__@@@@YAPAUHINSTANCE__@@PDSAU0@@Z 004124c0 f i libvcruntimed:winapi_downlevel.obj
 0001:000114e0       ??$__crt_interlocked_read_pointer@X@@YAPAXPDSAX@Z 004124e0 f i libvcruntimed:winapi_downlevel.obj
 0001:00011500       ?__crt_fast_encode_pointer@@YA?AU__crt_fast_encoded_nullptr_t@@$$T@Z 00412500 f i libvcruntimed:winapi_downlevel.obj
 0001:00011a00       ___vcrt_FlsAlloc           00412a00 f   libvcruntimed:winapi_downlevel.obj
 0001:00011a50       ___vcrt_FlsFree            00412a50 f   libvcruntimed:winapi_downlevel.obj
 0001:00011aa0       ___vcrt_FlsGetValue        00412aa0 f   libvcruntimed:winapi_downlevel.obj
 0001:00011af0       ___vcrt_FlsSetValue        00412af0 f   libvcruntimed:winapi_downlevel.obj
 0001:00011b50       ___vcrt_InitializeCriticalSectionEx 00412b50 f   libvcruntimed:winapi_downlevel.obj
 0001:00011bb0       ___vcrt_initialize_winapi_thunks 00412bb0 f   libvcruntimed:winapi_downlevel.obj
 0001:00011c30       ___vcrt_uninitialize_winapi_thunks 00412c30 f   libvcruntimed:winapi_downlevel.obj
 0001:00011cc0       ??$?B$$A6AXXZ@__crt_fast_encoded_nullptr_t@@QBEP6AXXZXZ 00412cc0 f i libvcruntimed:purevirt_data.obj
 0001:00011ce0       ??$__crt_fast_encode_pointer@P6AXXZ@@YAP6AXXZQ6AXXZ@Z 00412ce0 f i libvcruntimed:purevirt_data.obj
 0001:00011d20       ___vcrt_initialize_pure_virtual_call_handler 00412d20 f   libvcruntimed:purevirt_data.obj
 0001:00011d50       ??0Block@_HeapManager@@QAE@XZ 00412d50 f i libvcruntimed:undname.obj
 0001:00011d70       ??0DName@@QAE@AAPBDD@Z     00412d70 f   libvcruntimed:undname.obj
 0001:00012020       ??0DName@@QAE@ABV0@@Z      00413020 f i libvcruntimed:undname.obj
 0001:00012050       ??0DName@@QAE@D@Z          00413050 f   libvcruntimed:undname.obj
 0001:000120a0       ??0DName@@QAE@PAV0@@Z      004130a0 f   libvcruntimed:undname.obj
 0001:00012180       ??0DName@@QAE@PBD@Z        00413180 f   libvcruntimed:undname.obj
 0001:000121f0       ??0DName@@QAE@W4DNameStatus@@@Z 004131f0 f   libvcruntimed:undname.obj
 0001:000122b0       ??0DName@@QAE@XZ           004132b0 f i libvcruntimed:undname.obj
 0001:000122e0       ??0DName@@QAE@_J@Z         004132e0 f   libvcruntimed:undname.obj
 0001:00012400       ??0DName@@QAE@_K@Z         00413400 f   libvcruntimed:undname.obj
 0001:000124d0       ??0DNameNode@@IAE@XZ       004134d0 f   libvcruntimed:undname.obj
 0001:000124f0       ??0DNameStatusNode@@AAE@W4DNameStatus@@@Z 004134f0 f   libvcruntimed:undname.obj
 0001:00012560       ??0Replicator@@QAE@XZ      00413560 f i libvcruntimed:undname.obj
 0001:00012580       ??0UnDecorator@@QAE@PADPBDHP6APADJ@ZK@Z 00413580 f i libvcruntimed:undname.obj
 0001:00012640       ??0charNode@@QAE@D@Z       00413640 f   libvcruntimed:undname.obj
 0001:00012680       ??0pDNameNode@@QAE@PAVDName@@@Z 00413680 f   libvcruntimed:undname.obj
 0001:00012700       ??0pairNode@@QAE@PAVDNameNode@@0@Z 00413700 f   libvcruntimed:undname.obj
 0001:00012750       ??0pcharNode@@QAE@PBDH@Z   00413750 f   libvcruntimed:undname.obj
 0001:00012810       ??2@YAPAXIAAV_HeapManager@@H@Z 00413810 f i libvcruntimed:undname.obj
 0001:00012830       ??4DName@@QAEAAV0@ABV0@@Z  00413830 f   libvcruntimed:undname.obj
 0001:00012860       ??4DName@@QAEAAV0@D@Z      00413860 f i libvcruntimed:undname.obj
 0001:000128b0       ??4DName@@QAEAAV0@PAV0@@Z  004138b0 f   libvcruntimed:undname.obj
 0001:00012970       ??4DName@@QAEAAV0@PBD@Z    00413970 f   libvcruntimed:undname.obj
 0001:000129c0       ??4DName@@QAEAAV0@W4DNameStatus@@@Z 004139c0 f   libvcruntimed:undname.obj
 0001:00012a60       ??AReplicator@@QBE?AVDName@@H@Z 00413a60 f   libvcruntimed:undname.obj
 0001:00012ae0       ??BUnDecorator@@QAEPADXZ   00413ae0 f i libvcruntimed:undname.obj
 0001:00012e30       ??H@YA?AVDName@@DABV0@@Z   00413e30 f i libvcruntimed:undname.obj
 0001:00012e70       ??H@YA?AVDName@@PBDABV0@@Z 00413e70 f i libvcruntimed:undname.obj
 0001:00012eb0       ??H@YA?AVDName@@W4DNameStatus@@ABV0@@Z 00413eb0 f i libvcruntimed:undname.obj
 0001:00012ef0       ??HDName@@QBE?AV0@ABV0@@Z  00413ef0 f   libvcruntimed:undname.obj
 0001:00012f40       ??HDName@@QBE?AV0@D@Z      00413f40 f   libvcruntimed:undname.obj
 0001:00012f90       ??HDName@@QBE?AV0@PAV0@@Z  00413f90 f   libvcruntimed:undname.obj
 0001:00012fe0       ??HDName@@QBE?AV0@PBD@Z    00413fe0 f   libvcruntimed:undname.obj
 0001:00013030       ??HDName@@QBE?AV0@W4DNameStatus@@@Z 00414030 f   libvcruntimed:undname.obj
 0001:00013080       ??YDName@@QAEAAV0@ABV0@@Z  00414080 f   libvcruntimed:undname.obj
 0001:00013100       ??YDName@@QAEAAV0@D@Z      00414100 f   libvcruntimed:undname.obj
 0001:000131a0       ??YDName@@QAEAAV0@PAV0@@Z  004141a0 f   libvcruntimed:undname.obj
 0001:00013280       ??YDName@@QAEAAV0@PBD@Z    00414280 f   libvcruntimed:undname.obj
 0001:00013340       ??YDName@@QAEAAV0@W4DNameStatus@@@Z 00414340 f   libvcruntimed:undname.obj
 0001:000133c0       ??YReplicator@@QAEAAV0@ABVDName@@@Z 004143c0 f   libvcruntimed:undname.obj
 0001:00013470       ??_5DName@@QAEAAV0@ABV0@@Z 00414470 f   libvcruntimed:undname.obj
 0001:000134e0       ?Constructor@_HeapManager@@QAEXP6APAXI@ZP6AXPAX@Z@Z 004144e0 f i libvcruntimed:undname.obj
 0001:00013530       ?Destructor@_HeapManager@@QAEXXZ 00414530 f i libvcruntimed:undname.obj
 0001:000135a0       ?UScore@UnDecorator@@SAPBDW4Tokens@@@Z 004145a0 f   libvcruntimed:undname.obj
 0001:000135e0       ?append@DName@@AAEXPAVDNameNode@@@Z 004145e0 f   libvcruntimed:undname.obj
 0001:00013690       ?composeDeclaration@UnDecorator@@CA?AVDName@@ABV2@@Z 00414690 f i libvcruntimed:undname.obj
 0001:00015a40       ?dbGetString@DName@@QBEPADXZ 00416a40 f   libvcruntimed:undname.obj
 0001:00015a70       ?doAccessSpecifiers@UnDecorator@@SAHXZ 00416a70 f i libvcruntimed:undname.obj
 0001:00015aa0       ?doAllocationLanguage@UnDecorator@@SAHXZ 00416aa0 f i libvcruntimed:undname.obj
 0001:00015ad0       ?doAllocationModel@UnDecorator@@SAHXZ 00416ad0 f i libvcruntimed:undname.obj
 0001:00015b00       ?doEcsu@UnDecorator@@SAHXZ 00416b00 f i libvcruntimed:undname.obj
 0001:00015b30       ?doEllipsis@UnDecorator@@SAHXZ 00416b30 f i libvcruntimed:undname.obj
 0001:00015b60       ?doFunctionReturns@UnDecorator@@SAHXZ 00416b60 f i libvcruntimed:undname.obj
 0001:00015b90       ?doMSKeywords@UnDecorator@@SAHXZ 00416b90 f i libvcruntimed:undname.obj
 0001:00015bc0       ?doMemberTypes@UnDecorator@@SAHXZ 00416bc0 f i libvcruntimed:undname.obj
 0001:00015bf0       ?doNameOnly@UnDecorator@@SAHXZ 00416bf0 f i libvcruntimed:undname.obj
 0001:00015c10       ?doNoIdentCharCheck@UnDecorator@@SAHXZ 00416c10 f i libvcruntimed:undname.obj
 0001:00015c30       ?doPchar@DName@@AAEXPBDH@Z 00416c30 f   libvcruntimed:undname.obj
 0001:00015dc0       ?doPtr64@UnDecorator@@SAHXZ 00416dc0 f i libvcruntimed:undname.obj
 0001:00015df0       ?doRestrictionSpec@UnDecorator@@SAHXZ 00416df0 f i libvcruntimed:undname.obj
 0001:00015e20       ?doThisTypes@UnDecorator@@SAHXZ 00416e20 f i libvcruntimed:undname.obj
 0001:00015e60       ?doThrowTypes@UnDecorator@@SAHXZ 00416e60 f i libvcruntimed:undname.obj
 0001:00015e90       ?doTypeOnly@UnDecorator@@SAHXZ 00416e90 f i libvcruntimed:undname.obj
 0001:00015eb0       ?doUnderScore@UnDecorator@@SAHXZ 00416eb0 f i libvcruntimed:undname.obj
 0001:00015ee0       ?getArgumentList@UnDecorator@@CA?AVDName@@XZ 00416ee0 f   libvcruntimed:undname.obj
 0001:00016080       ?getArgumentTypes@UnDecorator@@CA?AVDName@@XZ 00417080 f   libvcruntimed:undname.obj
 0001:00016230       ?getArrayType@UnDecorator@@CA?AVDName@@ABV2@@Z 00417230 f i libvcruntimed:undname.obj
 0001:000164f0       ?getBasedType@UnDecorator@@CA?AVDName@@XZ 004174f0 f   libvcruntimed:undname.obj
 0001:000165e0       ?getBasicDataType@UnDecorator@@CA?AVDName@@ABV2@@Z 004175e0 f   libvcruntimed:undname.obj
 0001:00016d40       ?getCallIndex@UnDecorator@@CA?AVDName@@XZ 00417d40 f i libvcruntimed:undname.obj
 0001:00016d60       ?getCallingConvention@UnDecorator@@CA?AVDName@@XZ 00417d60 f   libvcruntimed:undname.obj
 0001:00016f50       ?getDataIndirectType@UnDecorator@@CA?AVDName@@ABV2@PBD0H@Z 00417f50 f   libvcruntimed:undname.obj
 0001:00017900       ?getDataIndirectType@UnDecorator@@CA?AVDName@@XZ 00418900 f i libvcruntimed:undname.obj
 0001:00017950       ?getDataType@UnDecorator@@CA?AVDName@@PAV2@@Z 00418950 f   libvcruntimed:undname.obj
 0001:00017ab0       ?getDecoratedName@UnDecorator@@CA?AVDName@@XZ 00418ab0 f   libvcruntimed:undname.obj
 0001:00017ea0       ?getDimension@UnDecorator@@CA?AVDName@@_N@Z 00418ea0 f   libvcruntimed:undname.obj
 0001:00018200       ?getDispatchTarget@UnDecorator@@CA?AVDName@@XZ 00419200 f   libvcruntimed:undname.obj
 0001:000182c0       ?getDisplacement@UnDecorator@@CA?AVDName@@XZ 004192c0 f i libvcruntimed:undname.obj
 0001:000182e0       ?getECSUDataType@UnDecorator@@CA?AVDName@@XZ 004192e0 f   libvcruntimed:undname.obj
 0001:00018520       ?getECSUName@UnDecorator@@CA?AVDName@@XZ 00419520 f i libvcruntimed:undname.obj
 0001:00018540       ?getEnumType@UnDecorator@@CA?AVDName@@XZ 00419540 f i libvcruntimed:undname.obj
 0001:000186e0       ?getExtendedDataIndirectType@UnDecorator@@CA?AVDName@@AAPBDAA_NH@Z 004196e0 f   libvcruntimed:undname.obj
 0001:000189c0       ?getExternalDataType@UnDecorator@@CA?AVDName@@ABV2@@Z 004199c0 f i libvcruntimed:undname.obj
 0001:00018a80       ?getFunctionIndirectType@UnDecorator@@CA?AVDName@@ABV2@@Z 00419a80 f   libvcruntimed:undname.obj
 0001:00019030       ?getGuardNumber@UnDecorator@@CA?AVDName@@XZ 0041a030 f i libvcruntimed:undname.obj
 0001:00019050       ?getLastChar@DName@@QBEDXZ 0041a050 f i libvcruntimed:undname.obj
 0001:000190a0       ?getLastChar@DNameStatusNode@@UBEDXZ 0041a0a0 f i libvcruntimed:undname.obj
 0001:000190e0       ?getLastChar@charNode@@UBEDXZ 0041a0e0 f i libvcruntimed:undname.obj
 0001:00019100       ?getLastChar@pDNameNode@@UBEDXZ 0041a100 f i libvcruntimed:undname.obj
 0001:00019140       ?getLastChar@pairNode@@UBEDXZ 0041a140 f i libvcruntimed:undname.obj
 0001:000191c0       ?getLastChar@pcharNode@@UBEDXZ 0041a1c0 f i libvcruntimed:undname.obj
 0001:00019200       ?getLexicalFrame@UnDecorator@@CA?AVDName@@XZ 0041a200 f i libvcruntimed:undname.obj
 0001:00019250       ?getMemory@_HeapManager@@QAEPAXIH@Z 0041a250 f   libvcruntimed:undname.obj
 0001:000193b0       ?getNumberOfDimensions@UnDecorator@@CAHXZ 0041a3b0 f   libvcruntimed:undname.obj
 0001:000194f0       ?getOperatorName@UnDecorator@@CA?AVDName@@_NPA_N@Z 0041a4f0 f i libvcruntimed:undname.obj
 0001:0001a1b0       ?getPointerType@UnDecorator@@CA?AVDName@@ABV2@0@Z 0041b1b0 f i libvcruntimed:undname.obj
 0001:0001a1f0       ?getPointerTypeArray@UnDecorator@@CA?AVDName@@ABV2@0@Z 0041b1f0 f i libvcruntimed:undname.obj
 0001:0001a230       ?getPrimaryDataType@UnDecorator@@CA?AVDName@@ABV2@@Z 0041b230 f   libvcruntimed:undname.obj
 0001:0001a720       ?getPtrRefDataType@UnDecorator@@CA?AVDName@@ABV2@H@Z 0041b720 f   libvcruntimed:undname.obj
 0001:0001a9d0       ?getPtrRefType@UnDecorator@@CA?AVDName@@ABV2@0PBD@Z 0041b9d0 f   libvcruntimed:undname.obj
 0001:0001aba0       ?getReferenceType@UnDecorator@@CA?AVDName@@ABV2@0PBD@Z 0041bba0 f i libvcruntimed:undname.obj
 0001:0001abd0       ?getRestrictionSpec@UnDecorator@@CA?AVDName@@XZ 0041bbd0 f   libvcruntimed:undname.obj
 0001:0001ad70       ?getReturnType@UnDecorator@@CA?AVDName@@PAV2@@Z 0041bd70 f   libvcruntimed:undname.obj
 0001:0001add0       ?getScope@UnDecorator@@CA?AVDName@@XZ 0041bdd0 f   libvcruntimed:undname.obj
 0001:0001b400       ?getScopedName@UnDecorator@@CA?AVDName@@XZ 0041c400 f   libvcruntimed:undname.obj
 0001:0001b560       ?getSignedDimension@UnDecorator@@CA?AVDName@@XZ 0041c560 f   libvcruntimed:undname.obj
 0001:0001b600       ?getStorageConvention@UnDecorator@@CA?AVDName@@XZ 0041c600 f i libvcruntimed:undname.obj
 0001:0001b620       ?getString@DName@@QBEPADPAD0@Z 0041c620 f i libvcruntimed:undname.obj
 0001:0001b680       ?getString@DName@@QBEPADPADH@Z 0041c680 f i libvcruntimed:undname.obj
 0001:0001b730       ?getString@DNameStatusNode@@UBEPADPAD0@Z 0041c730 f i libvcruntimed:undname.obj
 0001:0001b770       ?getString@charNode@@UBEPADPAD0@Z 0041c770 f i libvcruntimed:undname.obj
 0001:0001b7b0       ?getString@pDNameNode@@UBEPADPAD0@Z 0041c7b0 f i libvcruntimed:undname.obj
 0001:0001b800       ?getString@pairNode@@UBEPADPAD0@Z 0041c800 f i libvcruntimed:undname.obj
 0001:0001b8a0       ?getString@pcharNode@@UBEPADPAD0@Z 0041c8a0 f i libvcruntimed:undname.obj
 0001:0001b8e0       ?getStringEncoding@UnDecorator@@CA?AVDName@@PBDH@Z 0041c8e0 f   libvcruntimed:undname.obj
 0001:0001ba30       ?getStringHelper@@YAPADPADPBD1H@Z 0041ca30 f i libvcruntimed:undname.obj
 0001:0001ba80       ?getSymbolName@UnDecorator@@CA?AVDName@@XZ 0041ca80 f i libvcruntimed:undname.obj
 0001:0001bb30       ?getTemplateArgumentList@UnDecorator@@CA?AVDName@@XZ 0041cb30 f   libvcruntimed:undname.obj
 0001:0001c010       ?getTemplateConstant@UnDecorator@@CA?AVDName@@XZ 0041d010 f   libvcruntimed:undname.obj
 0001:0001c720       ?getTemplateName@UnDecorator@@CA?AVDName@@_N@Z 0041d720 f   libvcruntimed:undname.obj
 0001:0001c960       ?getThisType@UnDecorator@@CA?AVDName@@XZ 0041d960 f i libvcruntimed:undname.obj
 0001:0001c9b0       ?getThrowTypes@UnDecorator@@CA?AVDName@@XZ 0041d9b0 f   libvcruntimed:undname.obj
 0001:0001ca80       ?getTypeEncoding@UnDecorator@@CAHXZ 0041da80 f i libvcruntimed:undname.obj
 0001:0001d790       ?getVCallThunkType@UnDecorator@@CA?AVDName@@XZ 0041e790 f i libvcruntimed:undname.obj
 0001:0001d810       ?getVbTableType@UnDecorator@@CA?AVDName@@ABV2@@Z 0041e810 f i libvcruntimed:undname.obj
 0001:0001d830       ?getVdispMapType@UnDecorator@@CA?AVDName@@ABV2@@Z 0041e830 f i libvcruntimed:undname.obj
 0001:0001d8c0       ?getVfTableType@UnDecorator@@CA?AVDName@@ABV2@@Z 0041e8c0 f i libvcruntimed:undname.obj
 0001:0001daf0       ?getZName@UnDecorator@@CA?AVDName@@_N0@Z 0041eaf0 f   libvcruntimed:undname.obj
 0001:0001de70       ?haveTemplateParameters@UnDecorator@@SAHXZ 0041ee70 f i libvcruntimed:undname.obj
 0001:0001de90       ?isArray@DName@@QBEHXZ     0041ee90 f i libvcruntimed:undname.obj
 0001:0001deb0       ?isComArray@DName@@QBEHXZ  0041eeb0 f i libvcruntimed:undname.obj
 0001:0001ded0       ?isEmpty@DName@@QBEHXZ     0041eed0 f i libvcruntimed:undname.obj
 0001:0001df10       ?isFull@Replicator@@QBEHXZ 0041ef10 f i libvcruntimed:undname.obj
 0001:0001df50       ?isNoTE@DName@@QBEHXZ      0041ef50 f i libvcruntimed:undname.obj
 0001:0001df70       ?isPinPtr@DName@@QBEHXZ    0041ef70 f i libvcruntimed:undname.obj
 0001:0001df90       ?isPtrRef@DName@@QBEHXZ    0041ef90 f i libvcruntimed:undname.obj
 0001:0001dfb0       ?isUDC@DName@@QBEHXZ       0041efb0 f i libvcruntimed:undname.obj
 0001:0001e000       ?isUDTThunk@DName@@QBEHXZ  0041f000 f i libvcruntimed:undname.obj
 0001:0001e050       ?isVCallThunk@DName@@QBEHXZ 0041f050 f i libvcruntimed:undname.obj
 0001:0001e070       ?isValid@DName@@QBEHXZ     0041f070 f i libvcruntimed:undname.obj
 0001:0001e0b0       ?length@DName@@QBEHXZ      0041f0b0 f i libvcruntimed:undname.obj
 0001:0001e100       ?length@DNameStatusNode@@UBEHXZ 0041f100 f i libvcruntimed:undname.obj
 0001:0001e120       ?length@charNode@@UBEHXZ   0041f120 f i libvcruntimed:undname.obj
 0001:0001e140       ?length@pDNameNode@@UBEHXZ 0041f140 f i libvcruntimed:undname.obj
 0001:0001e180       ?length@pairNode@@UBEHXZ   0041f180 f i libvcruntimed:undname.obj
 0001:0001e210       ?length@pcharNode@@UBEHXZ  0041f210 f i libvcruntimed:undname.obj
 0001:0001e230       ?make@DNameStatusNode@@SAPAV1@W4DNameStatus@@@Z 0041f230 f i libvcruntimed:undname.obj
 0001:0001e2c0       ?setIsArray@DName@@QAEXXZ  0041f2c0 f i libvcruntimed:undname.obj
 0001:0001e2f0       ?setIsComArray@DName@@QAEXXZ 0041f2f0 f i libvcruntimed:undname.obj
 0001:0001e320       ?setIsNoTE@DName@@QAEXXZ   0041f320 f i libvcruntimed:undname.obj
 0001:0001e350       ?setIsPinPtr@DName@@QAEXXZ 0041f350 f i libvcruntimed:undname.obj
 0001:0001e380       ?setIsUDC@DName@@QAEXXZ    0041f380 f i libvcruntimed:undname.obj
 0001:0001e3c0       ?setIsVCallThunk@DName@@QAEXXZ 0041f3c0 f i libvcruntimed:undname.obj
 0001:0001e3f0       ?setPtrRef@DName@@QAEAAV1@XZ 0041f3f0 f i libvcruntimed:undname.obj
 0001:0001e420       ?status@DName@@QBE?AW4DNameStatus@@XZ 0041f420 f i libvcruntimed:undname.obj
 0001:0001e540       ___unDName                 0041f540 f   libvcruntimed:undname.obj
 0001:0001e640       ___unDNameEx               0041f640 f   libvcruntimed:undname.obj
 0001:0001e740       __global_unwind2           0041f740 f   libvcruntimed:_exsup_.obj
 0001:0001e7a6       __local_unwind2            0041f7a6 f   libvcruntimed:_exsup_.obj
 0001:0001e82a       __abnormal_termination     0041f82a f   libvcruntimed:_exsup_.obj
 0001:0001e850       __NLG_Notify1              0041f850 f   libvcruntimed:_exsup_.obj
 0001:0001e85c       __NLG_Notify               0041f85c f   libvcruntimed:_exsup_.obj
 0001:0001e873       __NLG_Dispatch             0041f873     libvcruntimed:_exsup_.obj
 0001:0001e873       __NLG_Dispatch2            0041f873     libvcruntimed:_exsup_.obj
 0001:0001e87b       __NLG_Call                 0041f87b f   libvcruntimed:_exsup_.obj
 0001:0001e87d       __NLG_Return2              0041f87d     libvcruntimed:_exsup_.obj
 0001:0001e900       __get_unexpected           0041f900 f   libvcruntimed:unexpected.obj
 0001:0001e920       _set_unexpected            0041f920 f   libvcruntimed:unexpected.obj
 0001:0001e960       _unexpected                0041f960 f   libvcruntimed:unexpected.obj
 0001:0001e9a0       _memmove                   0041f9a0 f   libvcruntimed:memmove.obj
 0001:0001f080       ___DestructExceptionObject 00420080 f   libvcruntimed:ehhelpers.obj
 0001:0001f200       ?_CallMemberFunction0@@YGXQAX0@Z 00420200 f i libvcruntimed:ehhelpers.obj
 0001:0001f220       ?raw_name@type_info@@QBEPBDXZ 00420220 f i libvcruntimed:ehhelpers.obj
 0001:0001f240       __IsExceptionObjectToBeDestroyed 00420240 f   libvcruntimed:ehhelpers.obj
 0001:0001f290       __SetWinRTOutOfMemoryExceptionCallback 00420290 f   libvcruntimed:ehhelpers.obj
 0001:0001f2a0       ___AdjustPointer           004202a0 f   libvcruntimed:ehhelpers.obj
 0001:0001f300       ___FrameUnwindFilter       00420300 f   libvcruntimed:ehhelpers.obj
 0001:0001f390       ___GetPlatformExceptionInfo 00420390 f   libvcruntimed:ehhelpers.obj
 0001:0001f430       ___current_exception       00420430 f   libvcruntimed:ehhelpers.obj
 0001:0001f440       ___current_exception_context 00420440 f   libvcruntimed:ehhelpers.obj
 0001:0001f450       ___processing_throw        00420450 f   libvcruntimed:ehhelpers.obj
 0001:0001f460       ___std_terminate           00420460 f   libvcruntimed:ehhelpers.obj
 0001:0001f470       ___uncaught_exception      00420470 f   libvcruntimed:ehhelpers.obj
 0001:0001f4a0       ___uncaught_exceptions     004204a0 f   libvcruntimed:ehhelpers.obj
 0001:0001f4e0       __is_exception_typeof      004204e0 f   libvcruntimed:ehhelpers.obj
 0001:0001f5f0       ??$__crt_fast_decode_pointer@P6AXXZ@@YAP6AXXZQ6AXXZ@Z 004205f0 f i libvcruntimed:purevirt.obj
 0001:0001f620       ??$__crt_interlocked_exchange_pointer@$$A6AXXZP6AXXZ@@YAP6AXXZPDS6AXXZQ6AXXZ@Z 00420620 f i libvcruntimed:purevirt.obj
 0001:0001f630       ??$__crt_interlocked_read_pointer@$$A6AXXZ@@YAP6AXXZPDS6AXXZ@Z 00420630 f i libvcruntimed:purevirt.obj
 0001:0001f650       __get_purecall_handler     00420650 f   libvcruntimed:purevirt.obj
 0001:0001f680       __purecall                 00420680 f   libvcruntimed:purevirt.obj
 0001:0001f6c0       __set_purecall_handler     004206c0 f   libvcruntimed:purevirt.obj
 0001:0001f740       __get_terminate            00420740 f   libucrtd:terminate.obj
 0001:0001f760       _set_terminate             00420760 f   libucrtd:terminate.obj
 0001:0001f7a0       _terminate                 004207a0 f   libucrtd:terminate.obj
 0001:0001f8d0       __seh_filter_dll           004208d0 f   libucrtd:exception_filter.obj
 0001:0001f900       __seh_filter_exe           00420900 f   libucrtd:exception_filter.obj
 0001:0001fbb0       ??$?B$$A6GXPAXK0@Z@__crt_fast_encoded_nullptr_t@@QBEP6GXPAXK0@ZXZ 00420bb0 f i libucrtd:exit.obj
 0001:0001fcb0       ??$__crt_fast_decode_pointer@P6GXPAXK0@Z@@YAP6GXPAXK0@ZQ6GX0K0@Z@Z 00420cb0 f i libucrtd:exit.obj
 0001:0001fcf0       ??$__crt_fast_encode_pointer@P6GXPAXK0@Z@@YAP6GXPAXK0@ZQ6GX0K0@Z@Z 00420cf0 f i libucrtd:exit.obj
 0001:0001fd30       ??$__crt_get_proc_address@P6GXI@Z@@YAP6GXI@ZQAUHINSTANCE__@@QBD@Z 00420d30 f i libucrtd:exit.obj
 0001:0001fd50       ??$__crt_interlocked_read@J@@YAJPDJ@Z 00420d50 f i libucrtd:exit.obj
 0001:0001fe10       ??0?$__crt_unique_handle_t@U__crt_hmodule_traits@@@@QAE@QAUHINSTANCE__@@@Z 00420e10 f i libucrtd:exit.obj
 0001:0001fe30       ??1?$__crt_unique_handle_t@U__crt_hmodule_traits@@@@QAE@XZ 00420e30 f i libucrtd:exit.obj
 0001:00020070       ?__acrt_select_exit_lock@@YA?AW4__acrt_lock_id@@XZ 00421070 f i libucrtd:exit.obj
 0001:000200a0       ?close@?$__crt_unique_handle_t@U__crt_hmodule_traits@@@@QAEXXZ 004210a0 f i libucrtd:exit.obj
 0001:000200e0       ?close@__crt_hmodule_traits@@SA_NPAUHINSTANCE__@@@Z 004210e0 f i libucrtd:exit.obj
 0001:00020210       ?get@?$__crt_unique_handle_t@U__crt_hmodule_traits@@@@QBEPAUHINSTANCE__@@XZ 00421210 f i libucrtd:exit.obj
 0001:00020230       ?get_address_of@?$__crt_unique_handle_t@U__crt_hmodule_traits@@@@QAEPAPAUHINSTANCE__@@XZ 00421230 f i libucrtd:exit.obj
 0001:00020250       ?get_invalid_value@__crt_hmodule_traits@@SAPAUHINSTANCE__@@XZ 00421250 f i libucrtd:exit.obj
 0001:00020430       __Exit                     00421430 f   libucrtd:exit.obj
 0001:00020450       ___acrt_initialize_thread_local_exit_callback 00421450 f   libucrtd:exit.obj
 0001:00020470       __c_exit                   00421470 f   libucrtd:exit.obj
 0001:00020490       __cexit                    00421490 f   libucrtd:exit.obj
 0001:000204b0       __exit                     004214b0 f   libucrtd:exit.obj
 0001:000204d0       __is_c_termination_complete 004214d0 f   libucrtd:exit.obj
 0001:000204f0       __register_thread_local_exe_atexit_callback 004214f0 f   libucrtd:exit.obj
 0001:00020540       _exit                      00421540 f   libucrtd:exit.obj
 0001:00020560       _quick_exit                00421560 f   libucrtd:exit.obj
 0001:00020580       ??$?RE@__crt_internal_free_policy@@QBEXQBE@Z 00421580 f i libucrtd:argv_parsing.obj
 0001:000205b0       ??$?RPAD@__crt_internal_free_policy@@QBEXQBQAD@Z 004215b0 f i libucrtd:argv_parsing.obj
 0001:000205e0       ??$?RPA_W@__crt_internal_free_policy@@QBEXQBQA_W@Z 004215e0 f i libucrtd:argv_parsing.obj
 0001:00020cb0       ??$get_module_file_name@$$TAAY0BAF@DH@?$__crt_char_traits@D@@SAK$$QA$$TAAY0BAF@D$$QAH@Z 00421cb0 f i libucrtd:argv_parsing.obj
 0001:00020ce0       ??$get_module_file_name@$$TAAY0BAF@_WH@?$__crt_char_traits@_W@@SAK$$QA$$TAAY0BAF@_W$$QAH@Z 00421ce0 f i libucrtd:argv_parsing.obj
 0001:000215d0       ??$set_program_name@PAD@?$__crt_char_traits@D@@SAX$$QAPAD@Z 004225d0 f i libucrtd:argv_parsing.obj
 0001:000215f0       ??$set_program_name@PA_W@?$__crt_char_traits@_W@@SAX$$QAPA_W@Z 004225f0 f i libucrtd:argv_parsing.obj
 0001:00021650       ??0?$__crt_unique_heap_ptr@EU__crt_internal_free_policy@@@@QAE@QAE@Z 00422650 f i libucrtd:argv_parsing.obj
 0001:00021670       ??0?$__crt_unique_heap_ptr@PADU__crt_internal_free_policy@@@@QAE@QAPAD@Z 00422670 f i libucrtd:argv_parsing.obj
 0001:00021690       ??0?$__crt_unique_heap_ptr@PA_WU__crt_internal_free_policy@@@@QAE@QAPA_W@Z 00422690 f i libucrtd:argv_parsing.obj
 0001:000216b0       ??1?$__crt_unique_heap_ptr@EU__crt_internal_free_policy@@@@QAE@XZ 004226b0 f i libucrtd:argv_parsing.obj
 0001:000216d0       ??1?$__crt_unique_heap_ptr@PADU__crt_internal_free_policy@@@@QAE@XZ 004226d0 f i libucrtd:argv_parsing.obj
 0001:000216f0       ??1?$__crt_unique_heap_ptr@PA_WU__crt_internal_free_policy@@@@QAE@XZ 004226f0 f i libucrtd:argv_parsing.obj
 0001:00021710       ??B?$__crt_unique_heap_ptr@EU__crt_internal_free_policy@@@@QBE_NXZ 00422710 f i libucrtd:argv_parsing.obj
 0001:000217f0       ?detach@?$__crt_unique_heap_ptr@EU__crt_internal_free_policy@@@@QAEPAEXZ 004227f0 f i libucrtd:argv_parsing.obj
 0001:00021820       ?detach@?$__crt_unique_heap_ptr@PADU__crt_internal_free_policy@@@@QAEPAPADXZ 00422820 f i libucrtd:argv_parsing.obj
 0001:00021850       ?detach@?$__crt_unique_heap_ptr@PA_WU__crt_internal_free_policy@@@@QAEPAPA_WXZ 00422850 f i libucrtd:argv_parsing.obj
 0001:000218e0       ?get@?$__crt_unique_heap_ptr@EU__crt_internal_free_policy@@@@QBEPAEXZ 004228e0 f i libucrtd:argv_parsing.obj
 0001:00021900       ?get@?$__crt_unique_heap_ptr@PADU__crt_internal_free_policy@@@@QBEPAPADXZ 00422900 f i libucrtd:argv_parsing.obj
 0001:00021920       ?get@?$__crt_unique_heap_ptr@PA_WU__crt_internal_free_policy@@@@QBEPAPA_WXZ 00422920 f i libucrtd:argv_parsing.obj
 0001:00021940       ?get_address_of@?$__crt_unique_heap_ptr@PADU__crt_internal_free_policy@@@@QAEPAPAPADXZ 00422940 f i libucrtd:argv_parsing.obj
 0001:00021960       ?get_address_of@?$__crt_unique_heap_ptr@PA_WU__crt_internal_free_policy@@@@QAEPAPAPA_WXZ 00422960 f i libucrtd:argv_parsing.obj
 0001:000219c0       ?is_valid@?$__crt_unique_heap_ptr@EU__crt_internal_free_policy@@@@QBE_NXZ 004229c0 f i libucrtd:argv_parsing.obj
 0001:00021a00       ?release@?$__crt_unique_heap_ptr@EU__crt_internal_free_policy@@@@QAEXXZ 00422a00 f i libucrtd:argv_parsing.obj
 0001:00021a30       ?release@?$__crt_unique_heap_ptr@PADU__crt_internal_free_policy@@@@QAEXXZ 00422a30 f i libucrtd:argv_parsing.obj
 0001:00021a60       ?release@?$__crt_unique_heap_ptr@PA_WU__crt_internal_free_policy@@@@QAEXXZ 00422a60 f i libucrtd:argv_parsing.obj
 0001:00021ae0       ___acrt_allocate_buffer_for_argv 00422ae0 f   libucrtd:argv_parsing.obj
 0001:00021bd0       __configure_narrow_argv    00422bd0 f   libucrtd:argv_parsing.obj
 0001:00021bf0       __configure_wide_argv      00422bf0 f   libucrtd:argv_parsing.obj
 0001:00021c10       __set_pgmptr               00422c10 f i libucrtd:argv_parsing.obj
 0001:00021c30       __set_wpgmptr              00422c30 f i libucrtd:argv_parsing.obj
 0001:00021c42       ??$?R_W@__crt_internal_free_policy@@QBEXQB_W@Z 00422c42 f i libucrtd:environment_initialization.obj
 0001:000221a9       ??$get_environment_from_os@$$V@?$__crt_char_traits@D@@SAPADXZ 004231a9 f i libucrtd:environment_initialization.obj
 0001:000221ae       ??$get_environment_from_os@$$V@?$__crt_char_traits@_W@@SAPA_WXZ 004231ae f i libucrtd:environment_initialization.obj
 0001:00022315       ??$set_variable_in_environment_nolock@PADH@?$__crt_char_traits@D@@SAH$$QAPAD$$QAH@Z 00423315 f i libucrtd:environment_initialization.obj
 0001:00022333       ??$set_variable_in_environment_nolock@PA_WH@?$__crt_char_traits@_W@@SAH$$QAPA_W$$QAH@Z 00423333 f i libucrtd:environment_initialization.obj
 0001:00022351       ??$tcscpy_s@PADABIAAPAD@?$__crt_char_traits@D@@SAH$$QAPADABIAAPAD@Z 00423351 f i libucrtd:environment_initialization.obj
 0001:00022376       ??$tcscpy_s@PA_WABIAAPA_W@?$__crt_char_traits@_W@@SAH$$QAPA_WABIAAPA_W@Z 00423376 f i libucrtd:environment_initialization.obj
 0001:0002239b       ??$tcslen@AAPAD@?$__crt_char_traits@D@@SAIAAPAD@Z 0042339b f i libucrtd:environment_initialization.obj
 0001:000223b9       ??$tcslen@AAPA_W@?$__crt_char_traits@_W@@SAIAAPA_W@Z 004233b9 f i libucrtd:environment_initialization.obj
 0001:000223de       ??$uninitialize@A6AXAAPAPAD@Z@?$dual_state_global@PAPAD@__crt_state_management@@QAEXA6AXAAPAPAD@Z@Z 004233de f i libucrtd:environment_initialization.obj
 0001:0002242e       ??$uninitialize@A6AXAAPAPA_W@Z@?$dual_state_global@PAPA_W@__crt_state_management@@QAEXA6AXAAPAPA_W@Z@Z 0042342e f i libucrtd:environment_initialization.obj
 0001:000224c0       ??0?$__crt_unique_heap_ptr@_WU__crt_internal_free_policy@@@@QAE@QA_W@Z 004234c0 f i libucrtd:environment_initialization.obj
 0001:000224d4       ??1?$__crt_unique_heap_ptr@_WU__crt_internal_free_policy@@@@QAE@XZ 004234d4 f i libucrtd:environment_initialization.obj
 0001:000224ee       ??B?$__crt_unique_heap_ptr@PADU__crt_internal_free_policy@@@@QBE_NXZ 004234ee f i libucrtd:environment_initialization.obj
 0001:000224f5       ??B?$__crt_unique_heap_ptr@PA_WU__crt_internal_free_policy@@@@QBE_NXZ 004234f5 f i libucrtd:environment_initialization.obj
 0001:000224fc       ??B?$__crt_unique_heap_ptr@_WU__crt_internal_free_policy@@@@QBE_NXZ 004234fc f i libucrtd:environment_initialization.obj
 0001:00022503       ?__crt_compute_required_transform_buffer_count@@YAIIQBD@Z 00423503 f i libucrtd:environment_initialization.obj
 0001:00022523       ?__crt_compute_required_transform_buffer_count@@YAIIQB_W@Z 00423523 f i libucrtd:environment_initialization.obj
 0001:00022546       ?__crt_transform_string@@YAIIQBDQA_WI@Z 00423546 f i libucrtd:environment_initialization.obj
 0001:0002256a       ?__crt_transform_string@@YAIIQB_WQADI@Z 0042356a f i libucrtd:environment_initialization.obj
 0001:00022592       ?detach@?$__crt_unique_heap_ptr@DU__crt_internal_free_policy@@@@QAEPADXZ 00423592 f i libucrtd:environment_initialization.obj
 0001:00022598       ?detach@?$__crt_unique_heap_ptr@_WU__crt_internal_free_policy@@@@QAEPA_WXZ 00423598 f i libucrtd:environment_initialization.obj
 0001:0002259e       ?get@?$__crt_unique_heap_ptr@_WU__crt_internal_free_policy@@@@QBEPA_WXZ 0042359e f i libucrtd:environment_initialization.obj
 0001:000225a1       ?get_current_state_index@__crt_state_management@@YAIXZ 004235a1 f i libucrtd:environment_initialization.obj
 0001:000225c8       ?initialize@?$dual_state_global@PAPAD@__crt_state_management@@QAEXQAPAD@Z 004235c8 f i libucrtd:environment_initialization.obj
 0001:000225f7       ?initialize@?$dual_state_global@PAPA_W@__crt_state_management@@QAEXQAPA_W@Z 004235f7 f i libucrtd:environment_initialization.obj
 0001:00022626       ?is_valid@?$__crt_unique_heap_ptr@PADU__crt_internal_free_policy@@@@QBE_NXZ 00423626 f i libucrtd:environment_initialization.obj
 0001:0002262d       ?is_valid@?$__crt_unique_heap_ptr@PA_WU__crt_internal_free_policy@@@@QBE_NXZ 0042362d f i libucrtd:environment_initialization.obj
 0001:00022634       ?is_valid@?$__crt_unique_heap_ptr@_WU__crt_internal_free_policy@@@@QBE_NXZ 00423634 f i libucrtd:environment_initialization.obj
 0001:00022641       ?release@?$__crt_unique_heap_ptr@_WU__crt_internal_free_policy@@@@QAEXXZ 00423641 f i libucrtd:environment_initialization.obj
 0001:0002265b       ?value@?$dual_state_global@PAPAD@__crt_state_management@@QAEAAPAPADXZ 0042365b f i libucrtd:environment_initialization.obj
 0001:0002265e       ?value@?$dual_state_global@PAPA_W@__crt_state_management@@QAEAAPAPA_WXZ 0042365e f i libucrtd:environment_initialization.obj
 0001:00022661       ___dcrt_get_or_create_narrow_environment_nolock 00423661 f   libucrtd:environment_initialization.obj
 0001:00022666       ___dcrt_get_or_create_wide_environment_nolock 00423666 f   libucrtd:environment_initialization.obj
 0001:0002266b       ___dcrt_uninitialize_environments_nolock 0042366b f   libucrtd:environment_initialization.obj
 0001:000226af       ___p__environ              004236af f   libucrtd:environment_initialization.obj
 0001:000226b5       ___p__wenviron             004236b5 f   libucrtd:environment_initialization.obj
 0001:000226bb       __get_initial_narrow_environment 004236bb f   libucrtd:environment_initialization.obj
 0001:000226d4       __get_initial_wide_environment 004236d4 f   libucrtd:environment_initialization.obj
 0001:000226ed       __initialize_narrow_environment 004236ed f   libucrtd:environment_initialization.obj
 0001:000226f2       __initialize_wide_environment 004236f2 f   libucrtd:environment_initialization.obj
 0001:000226f7       __invoke_watson_if_error   004236f7 f i libucrtd:environment_initialization.obj
 0001:00022730       ??$?BP6AXXZ@__crt_fast_encoded_nullptr_t@@QBEPAP6AXXZXZ 00423730 f i libucrtd:onexit.obj
 0001:00022750       ??$?RP6AXXZ@__crt_internal_free_policy@@QBEXQBQ6AXXZ@Z 00423750 f i libucrtd:onexit.obj
 0001:00022960       ??$__crt_fast_encode_pointer@P6AHXZ@@YAP6AHXZQ6AHXZ@Z 00423960 f i libucrtd:onexit.obj
 0001:00022ab0       ??0?$__crt_unique_heap_ptr@P6AXXZU__crt_internal_free_policy@@@@QAE@QAP6AXXZ@Z 00423ab0 f i libucrtd:onexit.obj
 0001:00022ad0       ??1?$__crt_unique_heap_ptr@P6AXXZU__crt_internal_free_policy@@@@QAE@XZ 00423ad0 f i libucrtd:onexit.obj
 0001:00022af0       ??1scoped_global_state_reset@__crt_state_management@@QAE@XZ 00423af0 f i libucrtd:onexit.obj
 0001:000230a0       ?detach@?$__crt_unique_heap_ptr@P6AXXZU__crt_internal_free_policy@@@@QAEPAP6AXXZXZ 004240a0 f i libucrtd:onexit.obj
 0001:000230d0       ?release@?$__crt_unique_heap_ptr@P6AXXZU__crt_internal_free_policy@@@@QAEXXZ 004240d0 f i libucrtd:onexit.obj
 0001:00023100       __crt_at_quick_exit        00424100 f   libucrtd:onexit.obj
 0001:00023120       __crt_atexit               00424120 f   libucrtd:onexit.obj
 0001:00023140       __execute_onexit_table     00424140 f   libucrtd:onexit.obj
 0001:00023170       __initialize_onexit_table  00424170 f   libucrtd:onexit.obj
 0001:000231f0       __register_onexit_function 004241f0 f   libucrtd:onexit.obj
 0001:00023520       ?initialize@?$dual_state_global@PAU__crt_locale_data@@@__crt_state_management@@QAEXQAU__crt_locale_data@@@Z 00424520 f i libucrtd:initialization.obj
 0001:00023570       ___acrt_initialize         00424570 f   libucrtd:initialization.obj
 0001:00023590       ___acrt_thread_attach      00424590 f   libucrtd:initialization.obj
 0001:000235b0       ___acrt_thread_detach      004245b0 f   libucrtd:initialization.obj
 0001:000235d0       ___acrt_uninitialize       004245d0 f   libucrtd:initialization.obj
 0001:000235f0       ___acrt_uninitialize_critical 004245f0 f   libucrtd:initialization.obj
 0001:00023610       ??$?RU?$__crt_report_hook_node@D@@@__crt_internal_free_policy@@QBEXQBU?$__crt_report_hook_node@D@@@Z 00424610 f i libucrtd:dbgrpt.obj
 0001:00023640       ??$?RU?$__crt_report_hook_node@_W@@@__crt_internal_free_policy@@QBEXQBU?$__crt_report_hook_node@_W@@@Z 00424640 f i libucrtd:dbgrpt.obj
 0001:00023850       ??$__vcrt_va_start_verify_argument_type@QB_W@@YAXXZ 00424850 f i libucrtd:dbgrpt.obj
 0001:000247a0       ??$get_module_file_name@AAPAUHINSTANCE__@@AAY0BAF@DK@?$__crt_char_traits@D@@SAKAAPAUHINSTANCE__@@AAY0BAF@D$$QAK@Z 004257a0 f i libucrtd:dbgrpt.obj
 0001:000247d0       ??$get_module_file_name@AAPAUHINSTANCE__@@AAY0BAF@_WK@?$__crt_char_traits@_W@@SAKAAPAUHINSTANCE__@@AAY0BAF@_W$$QAK@Z 004257d0 f i libucrtd:dbgrpt.obj
 0001:00024800       ??$tcscpy_s@AAY0BAF@DIPBD@?$__crt_char_traits@D@@SAHAAY0BAF@D$$QAI$$QAPBD@Z 00425800 f i libucrtd:dbgrpt.obj
 0001:00024830       ??$tcscpy_s@AAY0BAF@_WIPB_W@?$__crt_char_traits@_W@@SAHAAY0BAF@_W$$QAI$$QAPB_W@Z 00425830 f i libucrtd:dbgrpt.obj
 0001:00024860       ??$tcslen@AAY0BAF@D@?$__crt_char_traits@D@@SAIAAY0BAF@D@Z 00425860 f i libucrtd:dbgrpt.obj
 0001:00024880       ??$tcslen@AAY0BAF@_W@?$__crt_char_traits@_W@@SAIAAY0BAF@_W@Z 00425880 f i libucrtd:dbgrpt.obj
 0001:000248a0       ??$tcslen@ABQBD@?$__crt_char_traits@D@@SAIABQBD@Z 004258a0 f i libucrtd:dbgrpt.obj
 0001:000248c0       ??$tcslen@ABQB_W@?$__crt_char_traits@_W@@SAIABQB_W@Z 004258c0 f i libucrtd:dbgrpt.obj
 0001:00024a00       ??0?$__crt_unique_heap_ptr@U?$__crt_report_hook_node@D@@U__crt_internal_free_policy@@@@QAE@QAU?$__crt_report_hook_node@D@@@Z 00425a00 f i libucrtd:dbgrpt.obj
 0001:00024a20       ??0?$__crt_unique_heap_ptr@U?$__crt_report_hook_node@_W@@U__crt_internal_free_policy@@@@QAE@QAU?$__crt_report_hook_node@_W@@@Z 00425a20 f i libucrtd:dbgrpt.obj
 0001:00024a40       ??1?$__crt_unique_heap_ptr@U?$__crt_report_hook_node@D@@U__crt_internal_free_policy@@@@QAE@XZ 00425a40 f i libucrtd:dbgrpt.obj
 0001:00024a60       ??1?$__crt_unique_heap_ptr@U?$__crt_report_hook_node@_W@@U__crt_internal_free_policy@@@@QAE@XZ 00425a60 f i libucrtd:dbgrpt.obj
 0001:00024a80       ??B?$__crt_unique_heap_ptr@U?$__crt_report_hook_node@D@@U__crt_internal_free_policy@@@@QBE_NXZ 00425a80 f i libucrtd:dbgrpt.obj
 0001:00024aa0       ??B?$__crt_unique_heap_ptr@U?$__crt_report_hook_node@_W@@U__crt_internal_free_policy@@@@QBE_NXZ 00425aa0 f i libucrtd:dbgrpt.obj
 0001:00025140       ?detach@?$__crt_unique_heap_ptr@U?$__crt_report_hook_node@D@@U__crt_internal_free_policy@@@@QAEPAU?$__crt_report_hook_node@D@@XZ 00426140 f i libucrtd:dbgrpt.obj
 0001:00025170       ?detach@?$__crt_unique_heap_ptr@U?$__crt_report_hook_node@_W@@U__crt_internal_free_policy@@@@QAEPAU?$__crt_report_hook_node@_W@@XZ 00426170 f i libucrtd:dbgrpt.obj
 0001:000251a0       ?get@?$__crt_unique_heap_ptr@U?$__crt_report_hook_node@D@@U__crt_internal_free_policy@@@@QBEPAU?$__crt_report_hook_node@D@@XZ 004261a0 f i libucrtd:dbgrpt.obj
 0001:000251c0       ?get@?$__crt_unique_heap_ptr@U?$__crt_report_hook_node@_W@@U__crt_internal_free_policy@@@@QBEPAU?$__crt_report_hook_node@_W@@XZ 004261c0 f i libucrtd:dbgrpt.obj
 0001:00025240       ?is_valid@?$__crt_unique_heap_ptr@U?$__crt_report_hook_node@D@@U__crt_internal_free_policy@@@@QBE_NXZ 00426240 f i libucrtd:dbgrpt.obj
 0001:00025280       ?is_valid@?$__crt_unique_heap_ptr@U?$__crt_report_hook_node@_W@@U__crt_internal_free_policy@@@@QBE_NXZ 00426280 f i libucrtd:dbgrpt.obj
 0001:000252c0       ?release@?$__crt_unique_heap_ptr@U?$__crt_report_hook_node@D@@U__crt_internal_free_policy@@@@QAEXXZ 004262c0 f i libucrtd:dbgrpt.obj
 0001:000252f0       ?release@?$__crt_unique_heap_ptr@U?$__crt_report_hook_node@_W@@U__crt_internal_free_policy@@@@QAEXXZ 004262f0 f i libucrtd:dbgrpt.obj
 0001:00025320       __CrtDbgReport             00426320 f   libucrtd:dbgrpt.obj
 0001:00025380       __CrtDbgReportW            00426380 f   libucrtd:dbgrpt.obj
 0001:000253e0       __CrtSetReportHook2        004263e0 f   libucrtd:dbgrpt.obj
 0001:00025400       __CrtSetReportHookW2       00426400 f   libucrtd:dbgrpt.obj
 0001:00025420       ___acrt_MessageWindowA     00426420 f   libucrtd:dbgrpt.obj
 0001:00025450       ___acrt_MessageWindowW     00426450 f   libucrtd:dbgrpt.obj
 0001:00025480       __invoke_watson_if_oneof   00426480 f i libucrtd:dbgrpt.obj
 0001:000254d0       __snwprintf_s              004264d0 f i libucrtd:dbgrpt.obj
 0001:00025530       __vsnwprintf_s_l           00426530 f i libucrtd:dbgrpt.obj
 0001:000255a0       ??$?B$$A6AHI@Z@__crt_fast_encoded_nullptr_t@@QBEP6AHI@ZXZ 004265a0 f i libucrtd:new_handler.obj
 0001:000255c0       ??$__crt_fast_decode_pointer@P6AHI@Z@@YAP6AHI@ZQ6AHI@Z@Z 004265c0 f i libucrtd:new_handler.obj
 0001:00025600       ??$__crt_fast_encode_pointer@P6AHI@Z@@YAP6AHI@ZQ6AHI@Z@Z 00426600 f i libucrtd:new_handler.obj
 0001:00025640       ?_set_new_handler@@YAP6AHI@ZH@Z 00426640 f   libucrtd:new_handler.obj
 0001:000256b0       ?initialize@?$dual_state_global@P6AHI@Z@__crt_state_management@@QAEXQ6AHI@Z@Z 004266b0 f i libucrtd:new_handler.obj
 0001:00025700       ?value@?$dual_state_global@P6AHI@Z@__crt_state_management@@QAEAAP6AHI@ZXZ 00426700 f i libucrtd:new_handler.obj
 0001:00025720       ___acrt_initialize_new_handler 00426720 f   libucrtd:new_handler.obj
 0001:00025740       __callnewh                 00426740 f   libucrtd:new_handler.obj
 0001:000257b0       __query_new_handler        004267b0 f   libucrtd:new_handler.obj
 0001:00025870       __set_new_handler          00426870 f   libucrtd:new_handler.obj
 0001:00025950       _malloc                    00426950 f   libucrtd:malloc.obj
 0001:00025b80       ___acrt_report_runtime_error 00426b80 f   libucrtd:report_runtime_error.obj
 0001:00025df0       __query_app_type           00426df0 f   libucrtd:report_runtime_error.obj
 0001:00025e00       __set_app_type             00426e00 f   libucrtd:report_runtime_error.obj
 0001:00025e20       ??$__crt_fast_decode_pointer@P6AHPAU_exception@@@Z@@YAP6AHPAU_exception@@@ZQ6AH0@Z@Z 00426e20 f i libucrtd:matherr.obj
 0001:00025e60       ??$__crt_fast_encode_pointer@P6AHPAU_exception@@@Z@@YAP6AHPAU_exception@@@ZQ6AH0@Z@Z 00426e60 f i libucrtd:matherr.obj
 0001:00025ea0       ?initialize@?$dual_state_global@P6AHPAU_exception@@@Z@__crt_state_management@@QAEXQ6AHPAU_exception@@@Z@Z 00426ea0 f i libucrtd:matherr.obj
 0001:00025ef0       ?value@?$dual_state_global@P6AHPAU_exception@@@Z@__crt_state_management@@QAEAAP6AHPAU_exception@@@ZXZ 00426ef0 f i libucrtd:matherr.obj
 0001:00025f10       ___acrt_has_user_matherr   00426f10 f   libucrtd:matherr.obj
 0001:00025f60       ___acrt_initialize_user_matherr 00426f60 f   libucrtd:matherr.obj
 0001:00025f80       ___acrt_invoke_user_matherr 00426f80 f   libucrtd:matherr.obj
 0001:00026000       ___setusermatherr          00427000 f   libucrtd:matherr.obj
 0001:000262e0       __get_narrow_winmain_command_line 004272e0 f   libucrtd:argv_winmain.obj
 0001:000262f0       __get_wide_winmain_command_line 004272f0 f   libucrtd:argv_winmain.obj
 0001:00026300       __initterm                 00427300 f   libucrtd:initterm.obj
 0001:00026370       __initterm_e               00427370 f   libucrtd:initterm.obj
 0001:00026400       ??$__crt_interlocked_read@H@@YAHPDH@Z 00427400 f i libucrtd:setmode.obj
 0001:00026420       ?value@?$dual_state_global@H@__crt_state_management@@QAEAAHXZ 00427420 f i libucrtd:setmode.obj
 0001:00026440       __get_fmode                00427440 f   libucrtd:setmode.obj
 0001:00026510       __set_fmode                00427510 f   libucrtd:setmode.obj
 0001:000265f0       __setmode                  004275f0 f   libucrtd:setmode.obj
 0001:00026950       __setmode_nolock           00427950 f   libucrtd:setmode.obj
 0001:00026c00       ??$?RU__crt_locale_data@@@__crt_internal_free_policy@@QBEXQBU__crt_locale_data@@@Z 00427c00 f i libucrtd:wsetlocale.obj
 0001:00026c30       ??$?RU__crt_locale_pointers@@@__crt_internal_free_policy@@QBEXQBU__crt_locale_pointers@@@Z 00427c30 f i libucrtd:wsetlocale.obj
 0001:00026c60       ??$?RU__crt_multibyte_data@@@__crt_internal_free_policy@@QBEXQBU__crt_multibyte_data@@@Z 00427c60 f i libucrtd:wsetlocale.obj
 0001:000270e0       ??$__vcrt_va_start_verify_argument_type@H@@YAXXZ 004280e0 f i libucrtd:wsetlocale.obj
 0001:000273c0       ??0?$__crt_unique_heap_ptr@U__crt_locale_data@@U__crt_internal_free_policy@@@@QAE@QAU__crt_locale_data@@@Z 004283c0 f i libucrtd:wsetlocale.obj
 0001:000273e0       ??0?$__crt_unique_heap_ptr@U__crt_locale_pointers@@U__crt_internal_free_policy@@@@QAE@QAU__crt_locale_pointers@@@Z 004283e0 f i libucrtd:wsetlocale.obj
 0001:00027400       ??0?$__crt_unique_heap_ptr@U__crt_multibyte_data@@U__crt_internal_free_policy@@@@QAE@QAU__crt_multibyte_data@@@Z 00428400 f i libucrtd:wsetlocale.obj
 0001:00027420       ??1?$__crt_unique_heap_ptr@U__crt_locale_data@@U__crt_internal_free_policy@@@@QAE@XZ 00428420 f i libucrtd:wsetlocale.obj
 0001:00027440       ??1?$__crt_unique_heap_ptr@U__crt_locale_pointers@@U__crt_internal_free_policy@@@@QAE@XZ 00428440 f i libucrtd:wsetlocale.obj
 0001:00027460       ??1?$__crt_unique_heap_ptr@U__crt_multibyte_data@@U__crt_internal_free_policy@@@@QAE@XZ 00428460 f i libucrtd:wsetlocale.obj
 0001:00027480       ??B?$__crt_unique_heap_ptr@U__crt_locale_data@@U__crt_internal_free_policy@@@@QBE_NXZ 00428480 f i libucrtd:wsetlocale.obj
 0001:000274a0       ??B?$__crt_unique_heap_ptr@U__crt_locale_pointers@@U__crt_internal_free_policy@@@@QBE_NXZ 004284a0 f i libucrtd:wsetlocale.obj
 0001:000274c0       ??B?$__crt_unique_heap_ptr@U__crt_multibyte_data@@U__crt_internal_free_policy@@@@QBE_NXZ 004284c0 f i libucrtd:wsetlocale.obj
 0001:000279d0       ?detach@?$__crt_unique_heap_ptr@U__crt_locale_data@@U__crt_internal_free_policy@@@@QAEPAU__crt_locale_data@@XZ 004289d0 f i libucrtd:wsetlocale.obj
 0001:00027a00       ?detach@?$__crt_unique_heap_ptr@U__crt_locale_pointers@@U__crt_internal_free_policy@@@@QAEPAU__crt_locale_pointers@@XZ 00428a00 f i libucrtd:wsetlocale.obj
 0001:00027a30       ?detach@?$__crt_unique_heap_ptr@U__crt_multibyte_data@@U__crt_internal_free_policy@@@@QAEPAU__crt_multibyte_data@@XZ 00428a30 f i libucrtd:wsetlocale.obj
 0001:00027a60       ?get@?$__crt_unique_heap_ptr@U__crt_locale_data@@U__crt_internal_free_policy@@@@QBEPAU__crt_locale_data@@XZ 00428a60 f i libucrtd:wsetlocale.obj
 0001:00027a80       ?get@?$__crt_unique_heap_ptr@U__crt_locale_pointers@@U__crt_internal_free_policy@@@@QBEPAU__crt_locale_pointers@@XZ 00428a80 f i libucrtd:wsetlocale.obj
 0001:00027aa0       ?get@?$__crt_unique_heap_ptr@U__crt_multibyte_data@@U__crt_internal_free_policy@@@@QBEPAU__crt_multibyte_data@@XZ 00428aa0 f i libucrtd:wsetlocale.obj
 0001:00027ac0       ?is_valid@?$__crt_unique_heap_ptr@U__crt_locale_data@@U__crt_internal_free_policy@@@@QBE_NXZ 00428ac0 f i libucrtd:wsetlocale.obj
 0001:00027b00       ?is_valid@?$__crt_unique_heap_ptr@U__crt_locale_pointers@@U__crt_internal_free_policy@@@@QBE_NXZ 00428b00 f i libucrtd:wsetlocale.obj
 0001:00027b40       ?is_valid@?$__crt_unique_heap_ptr@U__crt_multibyte_data@@U__crt_internal_free_policy@@@@QBE_NXZ 00428b40 f i libucrtd:wsetlocale.obj
[...]
 0003:00001908       ?outputString@UnDecorator@@0PADA 004c4908     libvcruntimed:undname.obj
 0003:0000190c       ?maxStringLength@UnDecorator@@0HA 004c490c     libvcruntimed:undname.obj
 0003:00001910       ?disableFlags@UnDecorator@@0KA 004c4910     libvcruntimed:undname.obj
 0003:00001914       ?fExplicitTemplateParams@UnDecorator@@0_NA 004c4914     libvcruntimed:undname.obj
 0003:00001915       ?fGetTemplateArgumentList@UnDecorator@@0_NA 004c4915     libvcruntimed:undname.obj
 0003:00001918       ?m_pGetParameter@UnDecorator@@0P6APADJ@ZA 004c4918     libvcruntimed:undname.obj
 0003:000019a0       ?nodes@?1??make@DNameStatusNode@@SAPAV2@W4DNameStatus@@@Z@4PAV2@A 004c49a0     libvcruntimed:undname.obj
 0003:000019dc       ??_B?1??make@DNameStatusNode@@SAPAV1@W4DNameStatus@@@Z@51 004c49dc     libvcruntimed:undname.obj
 0003:000019e0       ?__WinRTOutOfMemoryExceptionCallback@@3P6GPAXXZA 004c49e0     libvcruntimed:ehhelpers.obj
 0003:000019ec       ?c_exit_complete@?1???R<lambda_6e4b09c48022b2350581041d5f6b0c4c>@@QBE@XZ@4_NA 004c49ec     libucrtd:exit.obj
 0003:00001da4       __environ_table            004c4da4     libucrtd:environment_initialization.obj
 0003:00001da8       __wenviron_table           004c4da8     libucrtd:environment_initialization.obj
 0003:00001db0       ___dcrt_initial_wide_environment 004c4db0     libucrtd:environment_initialization.obj
 0003:00001db4       ___dcrt_initial_narrow_environment 004c4db4     libucrtd:environment_initialization.obj
 0003:00001db8       ___acrt_atexit_table       004c4db8     libucrtd:onexit.obj
 0003:00001dc8       ___acrt_at_quick_exit_table 004c4dc8     libucrtd:onexit.obj
 0003:00002550       ___acrt_locale_changed_data 004c5550     libucrtd:wsetlocale.obj
 0003:00002558       __commode                  004c5558     libucrtd:ncommode.obj
 0003:00002578       __pfnDumpClient            004c5578     libucrtd:debug_heap.obj
 0003:00002728       ___acrt_current_multibyte_data 004c5728     libucrtd:mbctype.obj
 0003:0000272c       __mbctype                  004c572c     libucrtd:mbctype.obj
 0003:00002730       __mbcasemap                004c5730     libucrtd:mbctype.obj
 0003:0000273c       __pgmptr                   004c573c     libucrtd:argv_data.obj
 0003:00002740       __wpgmptr                  004c5740     libucrtd:argv_data.obj
 0003:00002744       ___argc                    004c5744     libucrtd:argv_data.obj
 0003:00002748       ___argv                    004c5748     libucrtd:argv_data.obj
 0003:0000274c       ___wargv                   004c574c     libucrtd:argv_data.obj
 0003:00002750       __acmdln                   004c5750     libucrtd:argv_data.obj
 0003:00002754       __wcmdln                   004c5754     libucrtd:argv_data.obj
 0003:00002860       ___acrt_heap               004c5860     libucrtd:heap_handle.obj
 0003:00002868       ___pioinfo                 004c5868     libucrtd:ioinit.obj
 0003:00002ad0       __nhandle                  004c5ad0     libucrtd:ioinit.obj
 0003:00002aec       ___acrt_current_locale_data 004c5aec     libucrtd:nlsdata.obj
 0003:00002af0       ___acrt_stdout_buffer      004c5af0     libucrtd:_sftbuf.obj
 0003:00002af4       ___acrt_stderr_buffer      004c5af4     libucrtd:_sftbuf.obj
 0003:00002af8       __pfnReportHook            004c5af8     libucrtd:dbgrptt.obj
 0003:00002afc       __pReportHookList          004c5afc     libucrtd:dbgrptt.obj
 0003:00002b00       __pReportHookListW         004c5b00     libucrtd:dbgrptt.obj
 0003:00002b0c       __fmode                    004c5b0c     libucrtd:txtmode.obj
 0003:00002b10       ___acrt_lconv_static_null  004c5b10     libucrtd:localeconv.obj
 0003:00002b14       ___acrt_lconv_static_W_null 004c5b14     libucrtd:localeconv.obj
 0003:00002b18       __nstream                  004c5b18     libucrtd:_file.obj
 0003:00002b1c       ___piob                    004c5b1c     libucrtd:_file.obj
 0003:00002b24       __cflush                   004c5b24     libucrtd:_file.obj
 0003:00002b30       ___fastflag                004c5b30     libucrtd:fp_flags.obj
 0003:00002b34       ___dyn_tls_dtor_callback   004c5b34     <common>
 0003:00002b40       ___dyn_tls_init_callback   004c5b40     <common>
 0003:00002b4c       ___scrt_ucrt_dll_is_in_use 004c5b4c     <common>
 0003:00002b58       __pmatherr                 004c5b58     <common>
 0003:00002b64       ___use_sse2_mathfcns       004c5b64     <common>
 0004:00000000       __imp_?OnCreate@WindowImplBase@DuiLib@@UAEJIIJAAH@Z 004c6000     DuiLib_d:DuiLib_d.dll
 0004:00000004       __imp_?CenterWindow@CWindowWnd@DuiLib@@QAEXXZ 004c6004     DuiLib_d:DuiLib_d.dll
 0004:00000008       __imp_?ShowModal@CWindowWnd@DuiLib@@QAEIXZ 004c6008     DuiLib_d:DuiLib_d.dll
 0004:0000000c       __imp_?Create@CWindowWnd@DuiLib@@QAEPAUHWND__@@PAU3@PB_WKKHHHHPAUHMENU__@@@Z 004c600c     DuiLib_d:DuiLib_d.dll
 0004:00000010       __imp_?MessageLoop@CPaintManagerUI@DuiLib@@SAXXZ 004c6010     DuiLib_d:DuiLib_d.dll
 0004:00000014       __imp_?GetResourceType@CPaintManagerUI@DuiLib@@SAHXZ 004c6014     DuiLib_d:DuiLib_d.dll
 0004:00000018       __imp_?SetResourceType@CPaintManagerUI@DuiLib@@SAXH@Z 004c6018     DuiLib_d:DuiLib_d.dll
 0004:0000001c       __imp_?SetResourceZip@CPaintManagerUI@DuiLib@@SAXPB_W_N0@Z 004c601c     DuiLib_d:DuiLib_d.dll
 0004:00000020       __imp_?SetResourceZip@CPaintManagerUI@DuiLib@@SAXPAXIPB_W@Z 004c6020     DuiLib_d:DuiLib_d.dll
 0004:00000024       __imp_?SetResourcePath@CPaintManagerUI@DuiLib@@SAXPB_W@Z 004c6024     DuiLib_d:DuiLib_d.dll
 0004:00000028       __imp_?SetInstance@CPaintManagerUI@DuiLib@@SAXPAUHINSTANCE__@@@Z 004c6028     DuiLib_d:DuiLib_d.dll
 0004:0000002c       __imp_?GetResourceDll@CPaintManagerUI@DuiLib@@SAPAUHINSTANCE__@@XZ 004c602c     DuiLib_d:DuiLib_d.dll
 0004:00000030       __imp_?GetInstancePath@CPaintManagerUI@DuiLib@@SA?AVCDuiString@2@XZ 004c6030     DuiLib_d:DuiLib_d.dll
 0004:00000034       __imp_?LoadResource@CResourceManager@DuiLib@@QAEHVSTRINGorID@2@PB_W@Z 004c6034     DuiLib_d:DuiLib_d.dll
 0004:00000038       __imp_??0CDuiString@DuiLib@@QAE@PB_WH@Z 004c6038     DuiLib_d:DuiLib_d.dll
 0004:0000003c       __imp_??1CDuiString@DuiLib@@QAE@XZ 004c603c     DuiLib_d:DuiLib_d.dll
 0004:00000040       __imp_?CompareNoCase@CDuiString@DuiLib@@QBEHPB_W@Z 004c6040     DuiLib_d:DuiLib_d.dll
 0004:00000044       __imp_?MakeLower@CDuiString@DuiLib@@QAEXXZ 004c6044     DuiLib_d:DuiLib_d.dll
 0004:00000048       __imp_?FindControl@CPaintManagerUI@DuiLib@@QBEPAVCControlUI@2@PB_W@Z 004c6048     DuiLib_d:DuiLib_d.dll
 0004:0000004c       __imp_??BCWindowWnd@DuiLib@@QBEPAUHWND__@@XZ 004c604c     DuiLib_d:DuiLib_d.dll
 0004:00000050       __imp_?SendMessageW@CWindowWnd@DuiLib@@QAEJIIJ@Z 004c6050     DuiLib_d:DuiLib_d.dll
 0004:00000054       __imp_?HandleMessage@CWindowWnd@DuiLib@@MAEJIIJ@Z 004c6054     DuiLib_d:DuiLib_d.dll
 0004:00000058       __imp_??0WindowImplBase@DuiLib@@QAE@XZ 004c6058     DuiLib_d:DuiLib_d.dll
 0004:0000005c       __imp_??1WindowImplBase@DuiLib@@UAE@XZ 004c605c     DuiLib_d:DuiLib_d.dll
 0004:00000060       __imp_?OnFinalMessage@WindowImplBase@DuiLib@@UAEXPAUHWND__@@@Z 004c6060     DuiLib_d:DuiLib_d.dll
 0004:00000064       __imp_?Notify@WindowImplBase@DuiLib@@UAEXAAUtagTNotifyUI@2@@Z 004c6064     DuiLib_d:DuiLib_d.dll
 0004:00000068       __imp_?CreateControl@WindowImplBase@DuiLib@@UAEPAVCControlUI@2@PB_W@Z 004c6068     DuiLib_d:DuiLib_d.dll
 0004:0000006c       __imp_?GetClassStyle@WindowImplBase@DuiLib@@UBEIXZ 004c606c     DuiLib_d:DuiLib_d.dll
 0004:00000070       __imp_?GetManagerName@WindowImplBase@DuiLib@@MAEPB_WXZ 004c6070     DuiLib_d:DuiLib_d.dll
 0004:00000074       __imp_?GetSkinType@WindowImplBase@DuiLib@@MAE?AVCDuiString@2@XZ 004c6074     DuiLib_d:DuiLib_d.dll
 0004:00000078       __imp_?GetStyle@WindowImplBase@DuiLib@@UAEJXZ 004c6078     DuiLib_d:DuiLib_d.dll
 0004:0000007c       __imp_?GetSuperClassName@CWindowWnd@DuiLib@@MBEPB_WXZ 004c607c     DuiLib_d:DuiLib_d.dll
 0004:00000080       __imp_?HandleMessage@WindowImplBase@DuiLib@@UAEJIIJ@Z 004c6080     DuiLib_d:DuiLib_d.dll
 0004:00000084       __imp_?InitResource@WindowImplBase@DuiLib@@UAEXXZ 004c6084     DuiLib_d:DuiLib_d.dll
 0004:00000088       __imp_?MessageHandler@WindowImplBase@DuiLib@@UAEJIIJAA_N@Z 004c6088     DuiLib_d:DuiLib_d.dll
 0004:0000008c       __imp_?OnChar@WindowImplBase@DuiLib@@UAEJIIJAAH@Z 004c608c     DuiLib_d:DuiLib_d.dll
 0004:00000090       __imp_?OnClose@WindowImplBase@DuiLib@@UAEJIIJAAH@Z 004c6090     DuiLib_d:DuiLib_d.dll
 0004:00000094       __imp_??YCDuiString@DuiLib@@QAEABV01@PB_W@Z 004c6094     DuiLib_d:DuiLib_d.dll
 0004:00000098       __imp_?OnDestroy@WindowImplBase@DuiLib@@UAEJIIJAAH@Z 004c6098     DuiLib_d:DuiLib_d.dll
 0004:0000009c       __imp_?OnGetMinMaxInfo@WindowImplBase@DuiLib@@UAEJIIJAAH@Z 004c609c     DuiLib_d:DuiLib_d.dll
 0004:000000a0       __imp_?OnKeyDown@WindowImplBase@DuiLib@@UAEJIIJAAH@Z 004c60a0     DuiLib_d:DuiLib_d.dll
 0004:000000a4       __imp_?OnKillFocus@WindowImplBase@DuiLib@@UAEJIIJAAH@Z 004c60a4     DuiLib_d:DuiLib_d.dll
 0004:000000a8       __imp_?OnLButtonDown@WindowImplBase@DuiLib@@UAEJIIJAAH@Z 004c60a8     DuiLib_d:DuiLib_d.dll
 0004:000000ac       __imp_?OnLButtonUp@WindowImplBase@DuiLib@@UAEJIIJAAH@Z 004c60ac     DuiLib_d:DuiLib_d.dll
 0004:000000b0       __imp_?OnMouseHover@WindowImplBase@DuiLib@@UAEJIIJAAH@Z 004c60b0     DuiLib_d:DuiLib_d.dll
 0004:000000b4       __imp_?OnMouseMove@WindowImplBase@DuiLib@@UAEJIIJAAH@Z 004c60b4     DuiLib_d:DuiLib_d.dll
 0004:000000b8       __imp_?OnMouseWheel@WindowImplBase@DuiLib@@UAEJIIJAAH@Z 004c60b8     DuiLib_d:DuiLib_d.dll
 0004:000000bc       __imp_?OnNcActivate@WindowImplBase@DuiLib@@UAEJIIJAAH@Z 004c60bc     DuiLib_d:DuiLib_d.dll
 0004:000000c0       __imp_?OnNcCalcSize@WindowImplBase@DuiLib@@UAEJIIJAAH@Z 004c60c0     DuiLib_d:DuiLib_d.dll
 0004:000000c4       __imp_?OnNcHitTest@WindowImplBase@DuiLib@@UAEJIIJAAH@Z 004c60c4     DuiLib_d:DuiLib_d.dll
 0004:000000c8       __imp_?OnNcPaint@WindowImplBase@DuiLib@@UAEJIIJAAH@Z 004c60c8     DuiLib_d:DuiLib_d.dll
 0004:000000cc       __imp_?OnSetFocus@WindowImplBase@DuiLib@@UAEJIIJAAH@Z 004c60cc     DuiLib_d:DuiLib_d.dll
 0004:000000d0       __imp_?OnSize@WindowImplBase@DuiLib@@UAEJIIJAAH@Z 004c60d0     DuiLib_d:DuiLib_d.dll
 0004:000000d4       __imp_?QueryControlText@WindowImplBase@DuiLib@@UAEPB_WPB_W0@Z 004c60d4     DuiLib_d:DuiLib_d.dll
 0004:000000d8       __imp_?ResponseDefaultKeyEvent@WindowImplBase@DuiLib@@MAEJI@Z 004c60d8     DuiLib_d:DuiLib_d.dll
 0004:000000dc       __imp_?messageMap@WindowImplBase@DuiLib@@1UDUI_MSGMAP@2@B 004c60dc     DuiLib_d:DuiLib_d.dll
 0004:000000e0       __imp_??0STRINGorID@DuiLib@@QAE@PB_W@Z 004c60e0     DuiLib_d:DuiLib_d.dll
 0004:000000e4       __imp_?GetData@CDuiString@DuiLib@@QBEPB_WXZ 004c60e4     DuiLib_d:DuiLib_d.dll
 0004:000000e8       __imp_?GetInstance@CResourceManager@DuiLib@@SAPAV12@XZ 004c60e8     DuiLib_d:DuiLib_d.dll
 0004:000000ec       \177DuiLib_d_NULL_THUNK_DATA 004c60ec     DuiLib_d:DuiLib_d.dll
 0004:00000144       __imp__HeapSize@12         004c6144     kernel32:KERNEL32.dll
 0004:00000148       __imp__HeapReAlloc@16      004c6148     kernel32:KERNEL32.dll
 0004:0000014c       __imp__HeapQueryInformation@20 004c614c     kernel32:KERNEL32.dll
 0004:00000150       __imp__FlushFileBuffers@4  004c6150     kernel32:KERNEL32.dll
 0004:00000154       __imp__GetConsoleCP@0      004c6154     kernel32:KERNEL32.dll
 0004:00000158       __imp__GetConsoleMode@8    004c6158     kernel32:KERNEL32.dll
 0004:0000015c       __imp__SetFilePointerEx@20 004c615c     kernel32:KERNEL32.dll
 0004:00000160       __imp__DecodePointer@4     004c6160     kernel32:KERNEL32.dll
 0004:00000164       __imp__CloseHandle@4       004c6164     kernel32:KERNEL32.dll
 0004:00000168       __imp__FindResourceW@12    004c6168     kernel32:KERNEL32.dll
 0004:0000016c       __imp__SizeofResource@8    004c616c     kernel32:KERNEL32.dll
 0004:00000170       __imp__LockResource@4      004c6170     kernel32:KERNEL32.dll
 0004:00000174       __imp__LoadResource@8      004c6174     kernel32:KERNEL32.dll
 0004:00000178       __imp__FreeResource@4      004c6178     kernel32:KERNEL32.dll
 0004:0000017c       __imp__IsProcessorFeaturePresent@4 004c617c     kernel32:KERNEL32.dll
 0004:00000180       __imp__IsDebuggerPresent@0 004c6180     kernel32:KERNEL32.dll
 0004:00000184       __imp__UnhandledExceptionFilter@4 004c6184     kernel32:KERNEL32.dll
 0004:00000188       __imp__SetUnhandledExceptionFilter@4 004c6188     kernel32:KERNEL32.dll
 0004:0000018c       __imp__GetStartupInfoW@4   004c618c     kernel32:KERNEL32.dll
 0004:00000190       __imp__GetModuleHandleW@4  004c6190     kernel32:KERNEL32.dll
 0004:00000194       __imp__RaiseException@16   004c6194     kernel32:KERNEL32.dll
 0004:00000198       __imp__MultiByteToWideChar@24 004c6198     kernel32:KERNEL32.dll
 0004:0000019c       __imp__WideCharToMultiByte@32 004c619c     kernel32:KERNEL32.dll
 0004:000001a0       __imp__GetCurrentProcess@0 004c61a0     kernel32:KERNEL32.dll
 0004:000001a4       __imp__TerminateProcess@8  004c61a4     kernel32:KERNEL32.dll
 0004:000001a8       __imp__QueryPerformanceCounter@4 004c61a8     kernel32:KERNEL32.dll
 0004:000001ac       __imp__GetCurrentProcessId@0 004c61ac     kernel32:KERNEL32.dll
 0004:000001b0       __imp__GetCurrentThreadId@0 004c61b0     kernel32:KERNEL32.dll
 0004:000001b4       __imp__GetSystemTimeAsFileTime@4 004c61b4     kernel32:KERNEL32.dll
 0004:000001b8       __imp__InitializeSListHead@4 004c61b8     kernel32:KERNEL32.dll
 0004:000001bc       __imp__GetLastError@0      004c61bc     kernel32:KERNEL32.dll
 0004:000001c0       __imp__HeapAlloc@12        004c61c0     kernel32:KERNEL32.dll
 0004:000001c4       __imp__HeapFree@12         004c61c4     kernel32:KERNEL32.dll
 0004:000001c8       __imp__GetProcessHeap@0    004c61c8     kernel32:KERNEL32.dll
 0004:000001cc       __imp__VirtualQuery@12     004c61cc     kernel32:KERNEL32.dll
 0004:000001d0       __imp__FreeLibrary@4       004c61d0     kernel32:KERNEL32.dll
 0004:000001d4       __imp__GetProcAddress@8    004c61d4     kernel32:KERNEL32.dll
 0004:000001d8       __imp__RtlUnwind@16        004c61d8     kernel32:KERNEL32.dll
 0004:000001dc       __imp__InterlockedPushEntrySList@8 004c61dc     kernel32:KERNEL32.dll
 0004:000001e0       __imp__InterlockedFlushSList@4 004c61e0     kernel32:KERNEL32.dll
 0004:000001e4       __imp__GetModuleFileNameW@12 004c61e4     kernel32:KERNEL32.dll
 0004:000001e8       __imp__LoadLibraryExW@12   004c61e8     kernel32:KERNEL32.dll
 0004:000001ec       __imp__SetLastError@4      004c61ec     kernel32:KERNEL32.dll
 0004:000001f0       __imp__EncodePointer@4     004c61f0     kernel32:KERNEL32.dll
 0004:000001f4       __imp__EnterCriticalSection@4 004c61f4     kernel32:KERNEL32.dll
 0004:000001f8       __imp__LeaveCriticalSection@4 004c61f8     kernel32:KERNEL32.dll
 0004:000001fc       __imp__DeleteCriticalSection@4 004c61fc     kernel32:KERNEL32.dll
 0004:00000200       __imp__InitializeCriticalSectionAndSpinCount@8 004c6200     kernel32:KERNEL32.dll
 0004:00000204       __imp__TlsAlloc@0          004c6204     kernel32:KERNEL32.dll
 0004:00000208       __imp__TlsGetValue@4       004c6208     kernel32:KERNEL32.dll
 0004:0000020c       __imp__TlsSetValue@8       004c620c     kernel32:KERNEL32.dll
 0004:00000210       __imp__TlsFree@4           004c6210     kernel32:KERNEL32.dll
 0004:00000214       __imp__ExitProcess@4       004c6214     kernel32:KERNEL32.dll
 0004:00000218       __imp__GetModuleHandleExW@12 004c6218     kernel32:KERNEL32.dll
 0004:0000021c       __imp__GetModuleFileNameA@12 004c621c     kernel32:KERNEL32.dll
 0004:00000220       __imp__GetStdHandle@4      004c6220     kernel32:KERNEL32.dll
 0004:00000224       __imp__WriteFile@20        004c6224     kernel32:KERNEL32.dll
 0004:00000228       __imp__GetACP@0            004c6228     kernel32:KERNEL32.dll
 0004:0000022c       __imp__HeapValidate@12     004c622c     kernel32:KERNEL32.dll
 0004:00000230       __imp__GetSystemInfo@4     004c6230     kernel32:KERNEL32.dll
 0004:00000234       __imp__GetCurrentThread@0  004c6234     kernel32:KERNEL32.dll
 0004:00000238       __imp__FindClose@4         004c6238     kernel32:KERNEL32.dll
 0004:0000023c       __imp__FindFirstFileExA@24 004c623c     kernel32:KERNEL32.dll
 0004:00000240       __imp__FindFirstFileExW@24 004c6240     kernel32:KERNEL32.dll
 0004:00000244       __imp__FindNextFileA@8     004c6244     kernel32:KERNEL32.dll
 0004:00000248       __imp__FindNextFileW@8     004c6248     kernel32:KERNEL32.dll
 0004:0000024c       __imp__IsValidCodePage@4   004c624c     kernel32:KERNEL32.dll
 0004:00000250       __imp__GetOEMCP@0          004c6250     kernel32:KERNEL32.dll
 0004:00000254       __imp__GetCPInfo@8         004c6254     kernel32:KERNEL32.dll
 0004:00000258       __imp__GetCommandLineA@0   004c6258     kernel32:KERNEL32.dll
 0004:0000025c       __imp__GetCommandLineW@0   004c625c     kernel32:KERNEL32.dll
 0004:00000260       __imp__GetEnvironmentStringsW@0 004c6260     kernel32:KERNEL32.dll
 0004:00000264       __imp__FreeEnvironmentStringsW@4 004c6264     kernel32:KERNEL32.dll
 0004:00000268       __imp__SetEnvironmentVariableA@8 004c6268     kernel32:KERNEL32.dll
 0004:0000026c       __imp__SetEnvironmentVariableW@8 004c626c     kernel32:KERNEL32.dll
 0004:00000270       __imp__OutputDebugStringA@4 004c6270     kernel32:KERNEL32.dll
 0004:00000274       __imp__OutputDebugStringW@4 004c6274     kernel32:KERNEL32.dll
 0004:00000278       __imp__GetDateFormatW@24   004c6278     kernel32:KERNEL32.dll
 0004:0000027c       __imp__GetTimeFormatW@24   004c627c     kernel32:KERNEL32.dll
 0004:00000280       __imp__CompareStringW@24   004c6280     kernel32:KERNEL32.dll
 0004:00000284       __imp__LCMapStringW@24     004c6284     kernel32:KERNEL32.dll
 0004:00000288       __imp__GetLocaleInfoW@16   004c6288     kernel32:KERNEL32.dll
 0004:0000028c       __imp__IsValidLocale@8     004c628c     kernel32:KERNEL32.dll
 0004:00000290       __imp__GetUserDefaultLCID@0 004c6290     kernel32:KERNEL32.dll
 0004:00000294       __imp__EnumSystemLocalesW@8 004c6294     kernel32:KERNEL32.dll
 0004:00000298       __imp__GetFileType@4       004c6298     kernel32:KERNEL32.dll
 0004:0000029c       __imp__SetConsoleCtrlHandler@8 004c629c     kernel32:KERNEL32.dll
 0004:000002a0       __imp__WriteConsoleW@20    004c62a0     kernel32:KERNEL32.dll
 0004:000002a4       __imp__SetStdHandle@8      004c62a4     kernel32:KERNEL32.dll
 0004:000002a8       __imp__GetStringTypeW@16   004c62a8     kernel32:KERNEL32.dll
 0004:000002ac       __imp__CreateFileW@28      004c62ac     kernel32:KERNEL32.dll
 0004:000002b0       \177KERNEL32_NULL_THUNK_DATA 004c62b0     kernel32:KERNEL32.dll
 0004:00000324       __imp__ShellExecuteW@24    004c6324     shell32:SHELL32.dll
 0004:00000328       \177SHELL32_NULL_THUNK_DATA 004c6328     shell32:SHELL32.dll
 0004:00000354       __imp__IsZoomed@4          004c6354     user32:USER32.dll
 0004:00000358       __imp__PostQuitMessage@4   004c6358     user32:USER32.dll
 0004:0000035c       \177USER32_NULL_THUNK_DATA 004c635c     user32:USER32.dll
 0004:00000388       __imp__CoInitialize@4      004c6388     ole32:ole32.dll
 0004:0000038c       __imp__CoUninitialize@0    004c638c     ole32:ole32.dll
 0004:00000390       \177ole32_NULL_THUNK_DATA  004c6390     ole32:ole32.dll
 0004:000003bc       __IMPORT_DESCRIPTOR_KERNEL32 004c63bc     kernel32:KERNEL32.dll
 0004:000003d0       __IMPORT_DESCRIPTOR_USER32 004c63d0     user32:USER32.dll
 0004:000003e4       __IMPORT_DESCRIPTOR_SHELL32 004c63e4     shell32:SHELL32.dll
 0004:000003f8       __IMPORT_DESCRIPTOR_ole32  004c63f8     ole32:ole32.dll
 0004:0000040c       __IMPORT_DESCRIPTOR_DuiLib_d 004c640c     DuiLib_d:DuiLib_d.dll
 0004:00000420       __NULL_IMPORT_DESCRIPTOR   004c6420     kernel32:KERNEL32.dll
 0005:00000000       ___guard_check_icall_fptr  004c8000     LIBCMTD:guard_support.obj
