 TroyBrowser_d

 Timestamp is 5a2a0ae6 (Fri Dec  8 11:45:42 2017)

 Preferred load address is 00400000

 Start         Length     Name                   Class
 0001:00000000 00009940H .text$di                CODE
 0001:00009940 0009a2b0H .text$mn                CODE
 0001:000a3bf0 000019d0H .text$x                 CODE
 0001:000a55c0 00001076H .text$yd                CODE
 0002:00000000 00000104H .CRT$XCA                DATA
 0002:00000104 00000104H .CRT$XCAA               DATA
 0002:00000208 00000104H .CRT$XCC                DATA
 0002:0000030c 0000010cH .CRT$XCU                DATA
 0002:00000418 00000104H .CRT$XCZ                DATA
 0002:0000051c 00000104H .CRT$XIA                DATA
 0002:00000620 00000104H .CRT$XIAA               DATA
 0002:00000724 00000104H .CRT$XIAC               DATA
 0002:00000828 00000114H .CRT$XIC                DATA
 0002:0000093c 00000104H .CRT$XIZ                DATA
 0002:00000a40 00000104H .CRT$XPA                DATA
 0002:00000b44 0000010cH .CRT$XPX                DATA
 0002:00000c50 00000104H .CRT$XPXA               DATA
 0002:00000d54 00000104H .CRT$XPZ                DATA
 0002:00000e58 00000104H .CRT$XTA                DATA
 0002:00000f5c 00000104H .CRT$XTZ                DATA
 0002:00001060 00022d0cH .rdata                  DATA
 0002:00023d6c 000011c4H .rdata$r                DATA
 0002:00024f30 000001c4H .rdata$sxdata           DATA
 0002:000250f4 00000178H .rdata$zzzdbg           DATA
 0002:0002526c 00000104H .rtc$IAA                DATA
 0002:00025370 00000110H .rtc$IMZ                DATA
 0002:00025480 00000104H .rtc$IZZ                DATA
 0002:00025584 00000104H .rtc$TAA                DATA
 0002:00025688 00000110H .rtc$TMZ                DATA
 0002:00025798 00000108H .rtc$TZZ                DATA
 0002:000258a0 000018cdH .xdata$x                DATA
 0002:0002716d 00000000H .edata                  DATA
 0003:00000000 00000ac4H .data                   DATA
 0003:00000ac4 0000074cH .data$r                 DATA
 0003:00001210 000021f4H .bss                    DATA
 0004:00000000 000006c8H .idata$5                DATA
 0004:000006c8 00000064H .idata$2                DATA
 0004:0000072c 00000014H .idata$3                DATA
 0004:00000740 000006c8H .idata$4                DATA
 0004:00000e08 0000357fH .idata$6                DATA
 0005:00000000 00000104H .00cfg                  DATA
 0006:00000000 00000470H .rsrc$01                DATA
 0006:00000470 000ab066H .rsrc$02                DATA

  Address         Publics by Value              Rva+Base       Lib:Object

 0000:00000000       ___guard_fids_table        00000000     <absolute>
 0000:00000000       ___hybrid_code_map         00000000     <absolute>
 0000:00000000       __except_list              00000000     <absolute>
 0000:00000000       ___guard_iat_count         00000000     <absolute>
 0000:00000000       ___guard_longjmp_table     00000000     <absolute>
 0000:00000000       ___guard_fids_count        00000000     <absolute>
 0000:00000000       ___guard_iat_table         00000000     <absolute>
 0000:00000000       ___dynamic_value_reloc_table 00000000     <absolute>
 0000:00000000       ___hybrid_auxiliary_iat    00000000     <absolute>
 0000:00000000       ___hybrid_code_map_count   00000000     <absolute>
 0000:00000000       ___guard_longjmp_count     00000000     <absolute>
 0000:00000000       ___enclave_config          00000000     <absolute>
 0000:00000029       ___safe_se_handler_count   00000029     <absolute>
 0000:00000100       ___guard_flags             00000100     <absolute>
 0000:00000000       ___ImageBase               00400000     <linker-defined>
 0001:00009940       ??0CMainWnd@@QAE@XZ        0040a940 f   MainWnd.obj
 0001:00009a10       ??1CMainWnd@@UAE@XZ        0040aa10 f   MainWnd.obj
 0001:00009ab0       ?InitWindow@CMainWnd@@UAEXXZ 0040aab0 f   MainWnd.obj
 0001:00009c30       ?OnFinalMessage@CMainWnd@@UAEXPAUHWND__@@@Z 0040ac30 f   MainWnd.obj
 0001:00009cb0       ?GetSkinFile@CMainWnd@@UAE?AVCDuiString@DuiLib@@XZ 0040acb0 f   MainWnd.obj
 0001:00009d10       ?GetWindowClassName@CMainWnd@@UBEPB_WXZ 0040ad10 f   MainWnd.obj
 0001:00009d30       ?_GetBaseMessageMap@CMainWnd@@KGPBUDUI_MSGMAP@DuiLib@@XZ 0040ad30 f   MainWnd.obj
 0001:00009d40       ?GetMessageMap@CMainWnd@@MBEPBUDUI_MSGMAP@DuiLib@@XZ 0040ad40 f   MainWnd.obj
 0001:00009d60       ?OnClick@CMainWnd@@MAEXAAUtagTNotifyUI@DuiLib@@@Z 0040ad60 f   MainWnd.obj
 0001:0000a120       ?OnSelectChanged@CMainWnd@@MAEXAAUtagTNotifyUI@DuiLib@@@Z 0040b120 f   MainWnd.obj
 0001:0000a3e0       ?OnTabIndexChanged@CMainWnd@@MAEXAAUtagTNotifyUI@DuiLib@@@Z 0040b3e0 f   MainWnd.obj
 0001:0000a660       ?OnTabClosed@CMainWnd@@MAEXAAUtagTNotifyUI@DuiLib@@@Z 0040b660 f   MainWnd.obj
 0001:0000aa00       ?OnReturn@CMainWnd@@MAEXAAUtagTNotifyUI@DuiLib@@@Z 0040ba00 f   MainWnd.obj
 0001:0000ab50       ?OnSysCommand@CMainWnd@@MAEJIIJAAH@Z 0040bb50 f   MainWnd.obj
 0001:0000ad20       ?HandleCustomMessage@CMainWnd@@MAEJIIJAAH@Z 0040bd20 f   MainWnd.obj
 0001:0000adc0       ?CreateNewTab@CMainWnd@@QAEHHPB_W@Z 0040bdc0 f   MainWnd.obj
 0001:0000b170       ?CreateNewTabAndGo@CMainWnd@@QAEHPB_W@Z 0040c170 f   MainWnd.obj
 0001:0000b210       ?GetCurWeb@CMainWnd@@QAEPAVCWebBrowserUI@DuiLib@@XZ 0040c210 f   MainWnd.obj
 0001:0000b290       ?AddressGo@CMainWnd@@QAEXXZ 0040c290 f   MainWnd.obj
 0001:0000b3b0       ?SearchGo@CMainWnd@@QAEXXZ 0040c3b0 f   MainWnd.obj
 0001:0000b550       ?Back@CMainWnd@@QAEXXZ     0040c550 f   MainWnd.obj
 0001:0000b5a0       ?Forward@CMainWnd@@QAEXXZ  0040c5a0 f   MainWnd.obj
 0001:0000b5f0       ?Home@CMainWnd@@QAEXXZ     0040c5f0 f   MainWnd.obj
 0001:0000b650       ?Refresh@CMainWnd@@QAEXXZ  0040c650 f   MainWnd.obj
 0001:0000b6a0       ?ShowContextMenu@CMainWnd@@UAGJPAVCWebBrowserUI@DuiLib@@KPAUtagPOINT@@PAUIUnknown@@PAUIDispatch@@@Z 0040c6a0 f   MainWnd.obj
 0001:0000b6b0       ?GetHostInfo@CMainWnd@@UAGJPAVCWebBrowserUI@DuiLib@@PAU_DOCHOSTUIINFO@@@Z 0040c6b0 f   MainWnd.obj
 0001:0000b6e0       ?BeforeNavigate2@CMainWnd@@UAEXPAVCWebBrowserUI@DuiLib@@PAUIDispatch@@AAPAUtagVARIANT@@2222AAPAF@Z 0040c6e0 f   MainWnd.obj
 0001:0000b700       ?NavigateError@CMainWnd@@UAEXPAVCWebBrowserUI@DuiLib@@PAUIDispatch@@AAPAUtagVARIANT@@22AAPAF@Z 0040c700 f   MainWnd.obj
 0001:0000b720       ?NavigateComplete2@CMainWnd@@UAEXPAVCWebBrowserUI@DuiLib@@PAUIDispatch@@AAPAUtagVARIANT@@@Z 0040c720 f   MainWnd.obj
 0001:0000b8d0       ?ProgressChange@CMainWnd@@UAEXPAVCWebBrowserUI@DuiLib@@JJ@Z 0040c8d0 f   MainWnd.obj
 0001:0000b8f0       ?NewWindow3@CMainWnd@@UAEXPAVCWebBrowserUI@DuiLib@@PAPAUIDispatch@@AAPAFKPA_W3@Z 0040c8f0 f   MainWnd.obj
 0001:0000b970       ?CommandStateChange@CMainWnd@@UAEXPAVCWebBrowserUI@DuiLib@@JF@Z 0040c970 f   MainWnd.obj
 0001:0000b990       ?TitleChange@CMainWnd@@UAEXPAVCWebBrowserUI@DuiLib@@PA_W@Z 0040c990 f   MainWnd.obj
 0001:0000bb30       ?DocumentComplete@CMainWnd@@UAEXPAVCWebBrowserUI@DuiLib@@PAUIDispatch@@AAPAUtagVARIANT@@@Z 0040cb30 f   MainWnd.obj
 0001:0000c3d0       ??$?0$$V@?$_Compressed_pair@V?$allocator@PAU_tagTabInfo@@@std@@V?$_Vector_val@U?$_Simple_types@PAU_tagTabInfo@@@std@@@2@$00@std@@QAE@U_Zero_then_variadic_args_t@1@@Z 0040d3d0 f i MainWnd.obj
 0001:0000c410       ??$?0PAU_tagTabInfo@@@?$allocator@U_Container_proxy@std@@@std@@QAE@ABV?$allocator@PAU_tagTabInfo@@@1@@Z 0040d410 f i MainWnd.obj
 0001:0000c430       ??$_Copy_memmove@PAPAU_tagTabInfo@@PAPAU1@@std@@YAPAPAU_tagTabInfo@@PAPAU1@00@Z 0040d430 f i MainWnd.obj
 0001:0000c4a0       ??$_Deallocate_plain@V?$allocator@U_Container_proxy@std@@@std@@$0A@@std@@YAXAAV?$allocator@U_Container_proxy@std@@@0@QAU_Container_proxy@0@@Z 0040d4a0 f i MainWnd.obj
 0001:0000c4d0       ??$_Debug_range2@V?$_Vector_iterator@V?$_Vector_val@U?$_Simple_types@PAU_tagTabInfo@@@std@@@std@@@std@@@std@@YAXV?$_Vector_iterator@V?$_Vector_val@U?$_Simple_types@PAU_tagTabInfo@@@std@@@std@@@0@0PB_WIUrandom_access_iterator_tag@0@@Z 0040d4d0 f i MainWnd.obj
 0001:0000c5a0       ??$_Debug_range@V?$_Vector_iterator@V?$_Vector_val@U?$_Simple_types@PAU_tagTabInfo@@@std@@@std@@@std@@@std@@YAXV?$_Vector_iterator@V?$_Vector_val@U?$_Simple_types@PAU_tagTabInfo@@@std@@@std@@@0@0PB_WI@Z 0040d5a0 f i MainWnd.obj
 0001:0000c680       ??$_Destroy_range1@V?$allocator@PAU_tagTabInfo@@@std@@@std@@YAXPAPAU_tagTabInfo@@0AAV?$allocator@PAU_tagTabInfo@@@0@U?$integral_constant@_N$00@0@@Z 0040d680 f i MainWnd.obj
 0001:0000c690       ??$_Destroy_range@V?$allocator@PAU_tagTabInfo@@@std@@@std@@YAXPAPAU_tagTabInfo@@0AAV?$allocator@PAU_tagTabInfo@@@0@@Z 0040d690 f i MainWnd.obj
 0001:0000c6d0       ??$_Emplace_back_with_unused_capacity@ABQAU_tagTabInfo@@@?$vector@PAU_tagTabInfo@@V?$allocator@PAU_tagTabInfo@@@std@@@std@@AAEXABQAU_tagTabInfo@@@Z 0040d6d0 f i MainWnd.obj
 0001:0000c790       ??$_Find_if_unchecked@PAPAU_tagTabInfo@@Vtab_finder@@@std@@YAPAPAU_tagTabInfo@@PAPAU1@0AAVtab_finder@@@Z 0040d790 f i MainWnd.obj
 0001:0000c7e0       ??$_Find_if_unchecked@PAPAU_tagTabInfo@@Vweb_finder@@@std@@YAPAPAU_tagTabInfo@@PAPAU1@0AAVweb_finder@@@Z 0040d7e0 f i MainWnd.obj
 0001:0000c830       ??$_Min_value@I@std@@YAABIABI0@Z 0040d830 f i MainWnd.obj
 0001:0000c880       ??$_Move_unchecked1@PAPAU_tagTabInfo@@PAPAU1@@std@@YAPAPAU_tagTabInfo@@PAPAU1@00U_Trivially_copyable_ptr_iterator_tag@0@@Z 0040d880 f i MainWnd.obj
 0001:0000c8b0       ??$_Move_unchecked@PAPAU_tagTabInfo@@PAPAU1@@std@@YAPAPAU_tagTabInfo@@PAPAU1@00@Z 0040d8b0 f i MainWnd.obj
 0001:0000c910       ??$_Ptr_move_cat@PAU_tagTabInfo@@PAU1@@std@@YA?AU_Really_trivial_ptr_iterator_tag@0@ABQAPAU_tagTabInfo@@0@Z 0040d910 f i MainWnd.obj
 0001:0000c920       ??$_Rechecked@PAPAU_tagTabInfo@@PAPAU1@@std@@YAAAPAPAU_tagTabInfo@@AAPAPAU1@PAPAU1@@Z 0040d920 f i MainWnd.obj
 0001:0000c940       ??$_Rechecked@V?$_Vector_val@U?$_Simple_types@PAU_tagTabInfo@@@std@@@std@@@std@@YAAAV?$_Vector_iterator@V?$_Vector_val@U?$_Simple_types@PAU_tagTabInfo@@@std@@@std@@@0@AAV10@QAPAU_tagTabInfo@@@Z 0040d940 f i MainWnd.obj
 0001:0000c960       ??$_Unchecked@PAPAU_tagTabInfo@@@std@@YAPAPAU_tagTabInfo@@PAPAU1@@Z 0040d960 f i MainWnd.obj
 0001:0000c970       ??$_Unchecked@V?$_Vector_val@U?$_Simple_types@PAU_tagTabInfo@@@std@@@std@@@std@@YAPAPAU_tagTabInfo@@ABV?$_Vector_iterator@V?$_Vector_val@U?$_Simple_types@PAU_tagTabInfo@@@std@@@std@@@0@@Z 0040d970 f i MainWnd.obj
 0001:0000c980       ??$_Unfancy@PAU_tagTabInfo@@@std@@YAPAPAU_tagTabInfo@@PAPAU1@@Z 0040d980 f i MainWnd.obj
 0001:0000c990       ??$_Unfancy@U_Container_proxy@std@@@std@@YAPAU_Container_proxy@0@PAU10@@Z 0040d990 f i MainWnd.obj
 0001:0000c9a0       ??$_Uninitialized_move@PAPAU_tagTabInfo@@PAPAU1@V?$allocator@PAU_tagTabInfo@@@std@@@std@@YAPAPAU_tagTabInfo@@PAPAU1@00AAV?$allocator@PAU_tagTabInfo@@@0@@Z 0040d9a0 f i MainWnd.obj
 0001:0000cac0       ??$_Uninitialized_move_al_unchecked@PAU_tagTabInfo@@PAU1@V?$allocator@PAU_tagTabInfo@@@std@@@std@@YAPAPAU_tagTabInfo@@PAPAU1@00AAV?$allocator@PAU_tagTabInfo@@@0@U_Really_trivial_ptr_iterator_tag@0@U?$integral_constant@_N$00@0@@Z 0040dac0 f i MainWnd.obj
 0001:0000caf0       ??$addressof@V?$_Vector_val@U?$_Simple_types@PAU_tagTabInfo@@@std@@@std@@@std@@YAPAV?$_Vector_val@U?$_Simple_types@PAU_tagTabInfo@@@std@@@0@AAV10@@Z 0040daf0 f i MainWnd.obj
 0001:0000cb00       ??$construct@PAU_tagTabInfo@@ABQAU1@@?$_Default_allocator_traits@V?$allocator@PAU_tagTabInfo@@@std@@@std@@SAXAAV?$allocator@PAU_tagTabInfo@@@1@QAPAU_tagTabInfo@@ABQAU3@@Z 0040db00 f i MainWnd.obj
 0001:0000cb50       ??$construct@U_Container_proxy@std@@U12@@?$_Default_allocator_traits@V?$allocator@U_Container_proxy@std@@@std@@@std@@SAXAAV?$allocator@U_Container_proxy@std@@@1@QAU_Container_proxy@1@$$QAU31@@Z 0040db50 f i MainWnd.obj
 0001:0000cbb0       ??$destroy@PAU_tagTabInfo@@@?$_Default_allocator_traits@V?$allocator@PAU_tagTabInfo@@@std@@@std@@SAXAAV?$allocator@PAU_tagTabInfo@@@1@QAPAU_tagTabInfo@@@Z 0040dbb0 f i MainWnd.obj
 0001:0000cbc0       ??$destroy@U_Container_proxy@std@@@?$_Default_allocator_traits@V?$allocator@U_Container_proxy@std@@@std@@@std@@SAXAAV?$allocator@U_Container_proxy@std@@@1@QAU_Container_proxy@1@@Z 0040dbc0 f i MainWnd.obj
 0001:0000cbd0       ??$emplace_back@ABQAU_tagTabInfo@@@?$vector@PAU_tagTabInfo@@V?$allocator@PAU_tagTabInfo@@@std@@@std@@QAE@ABQAU_tagTabInfo@@@Z 0040dbd0 f i MainWnd.obj
 0001:0000ce00       ??$find_if@V?$_Vector_iterator@V?$_Vector_val@U?$_Simple_types@PAU_tagTabInfo@@@std@@@std@@@std@@Vtab_finder@@@std@@YA?AV?$_Vector_iterator@V?$_Vector_val@U?$_Simple_types@PAU_tagTabInfo@@@std@@@std@@@0@V10@0Vtab_finder@@@Z 0040de00 f i MainWnd.obj
 0001:0000cf40       ??$find_if@V?$_Vector_iterator@V?$_Vector_val@U?$_Simple_types@PAU_tagTabInfo@@@std@@@std@@@std@@Vweb_finder@@@std@@YA?AV?$_Vector_iterator@V?$_Vector_val@U?$_Simple_types@PAU_tagTabInfo@@@std@@@std@@@0@V10@0Vweb_finder@@@Z 0040df40 f i MainWnd.obj
 0001:0000d080       ??$forward@ABQAU_tagTabInfo@@@std@@YAABQAU_tagTabInfo@@ABQAU1@@Z 0040e080 f i MainWnd.obj
 0001:0000d090       ??$forward@U_Container_proxy@std@@@std@@YA$$QAU_Container_proxy@0@AAU10@@Z 0040e090 f i MainWnd.obj
 0001:0000d0a0       ??0?$_Vector_alloc@U?$_Vec_base_types@PAU_tagTabInfo@@V?$allocator@PAU_tagTabInfo@@@std@@@std@@@std@@QAE@XZ 0040e0a0 f i MainWnd.obj
 0001:0000d140       ??0?$_Vector_const_iterator@V?$_Vector_val@U?$_Simple_types@PAU_tagTabInfo@@@std@@@std@@@std@@QAE@ABV01@@Z 0040e140 f i MainWnd.obj
 0001:0000d190       ??0?$_Vector_const_iterator@V?$_Vector_val@U?$_Simple_types@PAU_tagTabInfo@@@std@@@std@@@std@@QAE@PAPAU_tagTabInfo@@PBU_Container_base12@1@@Z 0040e190 f i MainWnd.obj
 0001:0000d1e0       ??0?$_Vector_iterator@V?$_Vector_val@U?$_Simple_types@PAU_tagTabInfo@@@std@@@std@@@std@@QAE@ABV01@@Z 0040e1e0 f i MainWnd.obj
 0001:0000d220       ??0?$_Vector_iterator@V?$_Vector_val@U?$_Simple_types@PAU_tagTabInfo@@@std@@@std@@@std@@QAE@PAPAU_tagTabInfo@@PBU_Container_base12@1@@Z 0040e220 f i MainWnd.obj
 0001:0000d260       ??0?$_Vector_val@U?$_Simple_types@PAU_tagTabInfo@@@std@@@std@@QAE@XZ 0040e260 f i MainWnd.obj
 0001:0000d2c0       ??0?$allocator@PAU_tagTabInfo@@@std@@QAE@XZ 0040e2c0 f i MainWnd.obj
 0001:0000d2e0       ??0?$vector@PAU_tagTabInfo@@V?$allocator@PAU_tagTabInfo@@@std@@@std@@QAE@XZ 0040e2e0 f i MainWnd.obj
 0001:0000d350       ??0CWebBrowserEventHandler@DuiLib@@QAE@XZ 0040e350 f i MainWnd.obj
 0001:0000d380       ??0_Container_base12@std@@QAE@XZ 0040e380 f i MainWnd.obj
 0001:0000d3b0       ??0_Container_proxy@std@@QAE@XZ 0040e3b0 f i MainWnd.obj
 0001:0000d3f0       ??0_Iterator_base12@std@@QAE@ABU01@@Z 0040e3f0 f i MainWnd.obj
 0001:0000d440       ??0_Iterator_base12@std@@QAE@XZ 0040e440 f i MainWnd.obj
 0001:0000d480       ??0tab_finder@@QAE@PAVCBrowserTab@@@Z 0040e480 f i MainWnd.obj
 0001:0000d4b0       ??0web_finder@@QAE@PAVCWebBrowserUI@DuiLib@@@Z 0040e4b0 f i MainWnd.obj
 0001:0000d4e0       ??1?$_Compressed_pair@V?$allocator@PAU_tagTabInfo@@@std@@V?$_Vector_val@U?$_Simple_types@PAU_tagTabInfo@@@std@@@2@$00@std@@QAE@XZ 0040e4e0 f i MainWnd.obj
 0001:0000d510       ??1?$_Vector_alloc@U?$_Vec_base_types@PAU_tagTabInfo@@V?$allocator@PAU_tagTabInfo@@@std@@@std@@@std@@QAE@XZ 0040e510 f i MainWnd.obj
 0001:0000d580       ??1?$_Vector_const_iterator@V?$_Vector_val@U?$_Simple_types@PAU_tagTabInfo@@@std@@@std@@@std@@QAE@XZ 0040e580 f i MainWnd.obj
 0001:0000d5b0       ??1?$_Vector_iterator@V?$_Vector_val@U?$_Simple_types@PAU_tagTabInfo@@@std@@@std@@@std@@QAE@XZ 0040e5b0 f i MainWnd.obj
 0001:0000d5e0       ??1?$_Vector_val@U?$_Simple_types@PAU_tagTabInfo@@@std@@@std@@QAE@XZ 0040e5e0 f i MainWnd.obj
 0001:0000d610       ??1?$vector@PAU_tagTabInfo@@V?$allocator@PAU_tagTabInfo@@@std@@@std@@QAE@XZ 0040e610 f i MainWnd.obj
 0001:0000d680       ??1CWebBrowserEventHandler@DuiLib@@QAE@XZ 0040e680 f i MainWnd.obj
 0001:0000d6b0       ??1DUI_MSGMAP_ENTRY@DuiLib@@QAE@XZ 0040e6b0 f i MainWnd.obj
 0001:0000d710       ??1_Container_base12@std@@QAE@XZ 0040e710 f i MainWnd.obj
 0001:0000d740       ??1_Iterator_base12@std@@QAE@XZ 0040e740 f i MainWnd.obj
 0001:0000d800       ??2@YAPAXIPAX@Z            0040e800 f i MainWnd.obj
 0001:0000d810       ??4_Iterator_base12@std@@QAEAAU01@ABU01@@Z 0040e810 f i MainWnd.obj
 0001:0000d910       ??8?$_Vector_const_iterator@V?$_Vector_val@U?$_Simple_types@PAU_tagTabInfo@@@std@@@std@@@std@@QBE_NABV01@@Z 0040e910 f i MainWnd.obj
 0001:0000d980       ??9?$_Vector_const_iterator@V?$_Vector_val@U?$_Simple_types@PAU_tagTabInfo@@@std@@@std@@@std@@QBE_NABV01@@Z 0040e980 f i MainWnd.obj
 0001:0000d9e0       ??D?$_Vector_const_iterator@V?$_Vector_val@U?$_Simple_types@PAU_tagTabInfo@@@std@@@std@@@std@@QBEABQAU_tagTabInfo@@XZ 0040e9e0 f i MainWnd.obj
 0001:0000daa0       ??D?$_Vector_iterator@V?$_Vector_val@U?$_Simple_types@PAU_tagTabInfo@@@std@@@std@@@std@@QBEAAPAU_tagTabInfo@@XZ 0040eaa0 f i MainWnd.obj
 0001:0000dad0       ??M?$_Vector_const_iterator@V?$_Vector_val@U?$_Simple_types@PAU_tagTabInfo@@@std@@@std@@@std@@QBE_NABV01@@Z 0040ead0 f i MainWnd.obj
 0001:0000db40       ??Rtab_finder@@QAE_NAAPAU_tagTabInfo@@@Z 0040eb40 f i MainWnd.obj
 0001:0000dba0       ??Rweb_finder@@QAE_NAAPAU_tagTabInfo@@@Z 0040eba0 f i MainWnd.obj
 0001:0000dbf2       ??_9CMainWnd@@$BCA@AE      0040ebf2 f i MainWnd.obj
 0001:0000dbf7       ??_9CMainWnd@@$BII@AE      0040ebf7 f i MainWnd.obj
 0001:0000dc01       ??_9CMainWnd@@$BIM@AE      0040ec01 f i MainWnd.obj
 0001:0000dc0b       ??_9CMainWnd@@$BJA@AE      0040ec0b f i MainWnd.obj
 0001:0000dc15       ??_9CMainWnd@@$BJE@AE      0040ec15 f i MainWnd.obj
 0001:0000dc20       ??_GCBrowserTab@@UAEPAXI@Z 0040ec20 f i MainWnd.obj
 0001:0000dc20       ??_ECBrowserTab@@UAEPAXI@Z 0040ec20 f i MainWnd.obj
 0001:0000dc90       ??_ECMainWnd@@UAEPAXI@Z    0040ec90 f i MainWnd.obj
 0001:0000dc90       ??_GCMainWnd@@UAEPAXI@Z    0040ec90 f i MainWnd.obj
 0001:0000dcf0       ??_GCWebBrowserUI@DuiLib@@UAEPAXI@Z 0040ecf0 f i MainWnd.obj
 0001:0000dcf0       ??_ECWebBrowserUI@DuiLib@@UAEPAXI@Z 0040ecf0 f i MainWnd.obj
 0001:0000dd60       ?BeforeNavigate2@CWebBrowserEventHandler@DuiLib@@UAEXPAVCWebBrowserUI@2@PAUIDispatch@@AAPAUtagVARIANT@@2222AAPAF@Z 0040ed60 f i MainWnd.obj
 0001:0000dd80       ?CommandStateChange@CWebBrowserEventHandler@DuiLib@@UAEXPAVCWebBrowserUI@2@JF@Z 0040ed80 f i MainWnd.obj
 0001:0000dda0       ?DocumentComplete@CWebBrowserEventHandler@DuiLib@@UAEXPAVCWebBrowserUI@2@PAUIDispatch@@AAPAUtagVARIANT@@@Z 0040eda0 f i MainWnd.obj
 0001:0000ddc0       ?Download@CWebBrowserEventHandler@DuiLib@@UAGJPAVCWebBrowserUI@2@PAUIMoniker@@PAUIBindCtx@@KJPAU_tagBINDINFO@@PB_W4I@Z 0040edc0 f i MainWnd.obj
 0001:0000ddd0       ?EnableModeless@CWebBrowserEventHandler@DuiLib@@UAGJPAVCWebBrowserUI@2@H@Z 0040edd0 f i MainWnd.obj
 0001:0000dde0       ?FilterDataObject@CWebBrowserEventHandler@DuiLib@@UAGJPAVCWebBrowserUI@2@PAUIDataObject@@PAPAU4@@Z 0040ede0 f i MainWnd.obj
 0001:0000ddf0       ?GetDropTarget@CWebBrowserEventHandler@DuiLib@@UAGJPAVCWebBrowserUI@2@PAUIDropTarget@@PAPAU4@@Z 0040edf0 f i MainWnd.obj
 0001:0000de00       ?GetExternal@CWebBrowserEventHandler@DuiLib@@UAGJPAVCWebBrowserUI@2@PAPAUIDispatch@@@Z 0040ee00 f i MainWnd.obj
 0001:0000de10       ?GetHostInfo@CWebBrowserEventHandler@DuiLib@@UAGJPAVCWebBrowserUI@2@PAU_DOCHOSTUIINFO@@@Z 0040ee10 f i MainWnd.obj
 0001:0000de20       ?GetOptionKeyPath@CWebBrowserEventHandler@DuiLib@@UAGJPAVCWebBrowserUI@2@PAPA_WK@Z 0040ee20 f i MainWnd.obj
 0001:0000de30       ?HideUI@CWebBrowserEventHandler@DuiLib@@UAGJPAVCWebBrowserUI@2@@Z 0040ee30 f i MainWnd.obj
 0001:0000de40       ?NavigateComplete2@CWebBrowserEventHandler@DuiLib@@UAEXPAVCWebBrowserUI@2@PAUIDispatch@@AAPAUtagVARIANT@@@Z 0040ee40 f i MainWnd.obj
 0001:0000de60       ?NavigateError@CWebBrowserEventHandler@DuiLib@@UAEXPAVCWebBrowserUI@2@PAUIDispatch@@AAPAUtagVARIANT@@22AAPAF@Z 0040ee60 f i MainWnd.obj
 0001:0000de80       ?NewWindow3@CWebBrowserEventHandler@DuiLib@@UAEXPAVCWebBrowserUI@2@PAPAUIDispatch@@AAPAFKPA_W3@Z 0040ee80 f i MainWnd.obj
 0001:0000dea0       ?OnDocWindowActivate@CWebBrowserEventHandler@DuiLib@@UAGJPAVCWebBrowserUI@2@H@Z 0040eea0 f i MainWnd.obj
 0001:0000deb0       ?OnFrameWindowActivate@CWebBrowserEventHandler@DuiLib@@UAGJPAVCWebBrowserUI@2@H@Z 0040eeb0 f i MainWnd.obj
 0001:0000dec0       ?ProgressChange@CWebBrowserEventHandler@DuiLib@@UAEXPAVCWebBrowserUI@2@JJ@Z 0040eec0 f i MainWnd.obj
 0001:0000dee0       ?ResizeBorder@CWebBrowserEventHandler@DuiLib@@UAGJPAVCWebBrowserUI@2@PBUtagRECT@@PAUIOleInPlaceUIWindow@@H@Z 0040eee0 f i MainWnd.obj
 0001:0000def0       ?ShowContextMenu@CWebBrowserEventHandler@DuiLib@@UAGJPAVCWebBrowserUI@2@KPAUtagPOINT@@PAUIUnknown@@PAUIDispatch@@@Z 0040eef0 f i MainWnd.obj
 0001:0000df00       ?ShowUI@CWebBrowserEventHandler@DuiLib@@UAGJPAVCWebBrowserUI@2@KPAUIOleInPlaceActiveObject@@PAUIOleCommandTarget@@PAUIOleInPlaceFrame@@PAUIOleInPlaceUIWindow@@@Z 0040ef00 f i MainWnd.obj
 0001:0000df10       ?TitleChange@CWebBrowserEventHandler@DuiLib@@UAEXPAVCWebBrowserUI@2@PA_W@Z 0040ef10 f i MainWnd.obj
 0001:0000df30       ?TranslateAcceleratorW@CWebBrowserEventHandler@DuiLib@@UAGJPAVCWebBrowserUI@2@PAUtagMSG@@PBU_GUID@@K@Z 0040ef30 f i MainWnd.obj
 0001:0000df40       ?TranslateUrl@CWebBrowserEventHandler@DuiLib@@UAGJPAVCWebBrowserUI@2@KPA_WPAPA_W@Z 0040ef40 f i MainWnd.obj
 0001:0000df50       ?UpdateUI@CWebBrowserEventHandler@DuiLib@@UAGJPAVCWebBrowserUI@2@@Z 0040ef50 f i MainWnd.obj
 0001:0000df60       ?_Adopt@_Iterator_base12@std@@QAEXPBU_Container_base12@2@@Z 0040ef60 f i MainWnd.obj
 0001:0000e0b0       ?_Alloc_proxy@?$_Vector_alloc@U?$_Vec_base_types@PAU_tagTabInfo@@V?$allocator@PAU_tagTabInfo@@@std@@@std@@@std@@QAEXXZ 0040f0b0 f i MainWnd.obj
 0001:0000e1c0       ?_Allocate@std@@YAPAXII_N@Z 0040f1c0 f i MainWnd.obj
 0001:0000e3a0       ?_Calculate_growth@?$vector@PAU_tagTabInfo@@V?$allocator@PAU_tagTabInfo@@@std@@@std@@ABEII@Z 0040f3a0 f i MainWnd.obj
 0001:0000e430       ?_Change_array@?$vector@PAU_tagTabInfo@@V?$allocator@PAU_tagTabInfo@@@std@@@std@@AAEXQAPAU_tagTabInfo@@II@Z 0040f430 f i MainWnd.obj
 0001:0000e510       ?_Clrcont@_Iterator_base12@std@@QAEXXZ 0040f510 f i MainWnd.obj
 0001:0000e540       ?_Compat@?$_Vector_const_iterator@V?$_Vector_val@U?$_Simple_types@PAU_tagTabInfo@@@std@@@std@@@std@@QBEXABV12@@Z 0040f540 f i MainWnd.obj
 0001:0000e5d0       ?_Deallocate@std@@YAXPAXII@Z 0040f5d0 f i MainWnd.obj
 0001:0000e6f0       ?_Destroy@?$vector@PAU_tagTabInfo@@V?$allocator@PAU_tagTabInfo@@@std@@@std@@AAEXPAPAU_tagTabInfo@@0@Z 0040f6f0 f i MainWnd.obj
 0001:0000e740       ?_Free_proxy@?$_Vector_alloc@U?$_Vec_base_types@PAU_tagTabInfo@@V?$allocator@PAU_tagTabInfo@@@std@@@std@@@std@@QAEXXZ 0040f740 f i MainWnd.obj
 0001:0000e830       ?_Get_data@?$_Vector_alloc@U?$_Vec_base_types@PAU_tagTabInfo@@V?$allocator@PAU_tagTabInfo@@@std@@@std@@@std@@QAEAAV?$_Vector_val@U?$_Simple_types@PAU_tagTabInfo@@@std@@@2@XZ 0040f830 f i MainWnd.obj
 0001:0000e860       ?_Get_data@?$_Vector_alloc@U?$_Vec_base_types@PAU_tagTabInfo@@V?$allocator@PAU_tagTabInfo@@@std@@@std@@@std@@QBEABV?$_Vector_val@U?$_Simple_types@PAU_tagTabInfo@@@std@@@2@XZ 0040f860 f i MainWnd.obj
 0001:0000e890       ?_Get_first@?$_Compressed_pair@V?$allocator@PAU_tagTabInfo@@@std@@V?$_Vector_val@U?$_Simple_types@PAU_tagTabInfo@@@std@@@2@$00@std@@QAEAAV?$allocator@PAU_tagTabInfo@@@2@XZ 0040f890 f i MainWnd.obj
 0001:0000e8b0       ?_Get_first@?$_Compressed_pair@V?$allocator@PAU_tagTabInfo@@@std@@V?$_Vector_val@U?$_Simple_types@PAU_tagTabInfo@@@std@@@2@$00@std@@QBEABV?$allocator@PAU_tagTabInfo@@@2@XZ 0040f8b0 f i MainWnd.obj
 0001:0000e8d0       ?_Get_second@?$_Compressed_pair@V?$allocator@PAU_tagTabInfo@@@std@@V?$_Vector_val@U?$_Simple_types@PAU_tagTabInfo@@@std@@@2@$00@std@@QAEAAV?$_Vector_val@U?$_Simple_types@PAU_tagTabInfo@@@std@@@2@XZ 0040f8d0 f i MainWnd.obj
 0001:0000e8f0       ?_Get_second@?$_Compressed_pair@V?$allocator@PAU_tagTabInfo@@@std@@V?$_Vector_val@U?$_Simple_types@PAU_tagTabInfo@@@std@@@2@$00@std@@QBEABV?$_Vector_val@U?$_Simple_types@PAU_tagTabInfo@@@std@@@2@XZ 0040f8f0 f i MainWnd.obj
 0001:0000e910       ?_Getal@?$_Vector_alloc@U?$_Vec_base_types@PAU_tagTabInfo@@V?$allocator@PAU_tagTabInfo@@@std@@@std@@@std@@QAEAAV?$allocator@PAU_tagTabInfo@@@2@XZ 0040f910 f i MainWnd.obj
 0001:0000e940       ?_Getal@?$_Vector_alloc@U?$_Vec_base_types@PAU_tagTabInfo@@V?$allocator@PAU_tagTabInfo@@@std@@@std@@@std@@QBEABV?$allocator@PAU_tagTabInfo@@@2@XZ 0040f940 f i MainWnd.obj
 0001:0000e970       ?_Getcont@_Iterator_base12@std@@QBEPBU_Container_base12@2@XZ 0040f970 f i MainWnd.obj
 0001:0000e9c0       ?_Getpfirst@?$_Vector_alloc@U?$_Vec_base_types@PAU_tagTabInfo@@V?$allocator@PAU_tagTabInfo@@@std@@@std@@@std@@QBEPAPAU_Iterator_base12@2@XZ 0040f9c0 f i MainWnd.obj
 0001:0000ea00       ?_Getpfirst@_Container_base12@std@@QBEPAPAU_Iterator_base12@2@XZ 0040fa00 f i MainWnd.obj
 0001:0000ea50       ?_Getpnext@_Iterator_base12@std@@QAEPAPAU12@XZ 0040fa50 f i MainWnd.obj
 0001:0000ea70       ?_Has_unused_capacity@?$vector@PAU_tagTabInfo@@V?$allocator@PAU_tagTabInfo@@@std@@@std@@ABE_NXZ 0040fa70 f i MainWnd.obj
 0001:0000eae0       ?_Myend@?$_Vector_alloc@U?$_Vec_base_types@PAU_tagTabInfo@@V?$allocator@PAU_tagTabInfo@@@std@@@std@@@std@@QAEAAPAPAU_tagTabInfo@@XZ 0040fae0 f i MainWnd.obj
 0001:0000eb10       ?_Myend@?$_Vector_alloc@U?$_Vec_base_types@PAU_tagTabInfo@@V?$allocator@PAU_tagTabInfo@@@std@@@std@@@std@@QBEABQAPAU_tagTabInfo@@XZ 0040fb10 f i MainWnd.obj
 0001:0000eb40       ?_Myfirst@?$_Vector_alloc@U?$_Vec_base_types@PAU_tagTabInfo@@V?$allocator@PAU_tagTabInfo@@@std@@@std@@@std@@QAEAAPAPAU_tagTabInfo@@XZ 0040fb40 f i MainWnd.obj
 0001:0000eb70       ?_Myfirst@?$_Vector_alloc@U?$_Vec_base_types@PAU_tagTabInfo@@V?$allocator@PAU_tagTabInfo@@@std@@@std@@@std@@QBEABQAPAU_tagTabInfo@@XZ 0040fb70 f i MainWnd.obj
 0001:0000eba0       ?_Mylast@?$_Vector_alloc@U?$_Vec_base_types@PAU_tagTabInfo@@V?$allocator@PAU_tagTabInfo@@@std@@@std@@@std@@QAEAAPAPAU_tagTabInfo@@XZ 0040fba0 f i MainWnd.obj
 0001:0000ebd0       ?_Mylast@?$_Vector_alloc@U?$_Vec_base_types@PAU_tagTabInfo@@V?$allocator@PAU_tagTabInfo@@@std@@@std@@@std@@QBEABQAPAU_tagTabInfo@@XZ 0040fbd0 f i MainWnd.obj
 0001:0000ec00       ?_Myproxy@?$_Vector_alloc@U?$_Vec_base_types@PAU_tagTabInfo@@V?$allocator@PAU_tagTabInfo@@@std@@@std@@@std@@QAEAAPAU_Container_proxy@2@XZ 0040fc00 f i MainWnd.obj
 0001:0000ec30       ?_Orphan_all@?$_Vector_alloc@U?$_Vec_base_types@PAU_tagTabInfo@@V?$allocator@PAU_tagTabInfo@@@std@@@std@@@std@@QAEXXZ 0040fc30 f i MainWnd.obj
 0001:0000ec70       ?_Orphan_all@_Container_base12@std@@QAEXXZ 0040fc70 f i MainWnd.obj
 0001:0000ed80       ?_Orphan_me@_Iterator_base12@std@@QAEXXZ 0040fd80 f i MainWnd.obj
 0001:0000ee90       ?_Orphan_range@?$vector@PAU_tagTabInfo@@V?$allocator@PAU_tagTabInfo@@@std@@@std@@ABEXPAPAU_tagTabInfo@@0@Z 0040fe90 f i MainWnd.obj
 0001:0000efe0       ?_Tidy@?$vector@PAU_tagTabInfo@@V?$allocator@PAU_tagTabInfo@@@std@@@std@@AAEXXZ 0040ffe0 f i MainWnd.obj
 0001:0000f0b0       ?_Umove_if_noexcept1@?$vector@PAU_tagTabInfo@@V?$allocator@PAU_tagTabInfo@@@std@@@std@@AAEXPAPAU_tagTabInfo@@00U?$integral_constant@_N$00@2@@Z 004100b0 f i MainWnd.obj
 0001:0000f100       ?_Umove_if_noexcept@?$vector@PAU_tagTabInfo@@V?$allocator@PAU_tagTabInfo@@@std@@@std@@AAEXPAPAU_tagTabInfo@@00@Z 00410100 f i MainWnd.obj
 0001:0000f160       ?_Xlength@?$vector@PAU_tagTabInfo@@V?$allocator@PAU_tagTabInfo@@@std@@@std@@CAXXZ 00410160 f i MainWnd.obj
 0001:0000f180       ?__empty_global_delete@@YAXPAX@Z 00410180 f i MainWnd.obj
 0001:0000f190       ?__empty_global_delete@@YAXPAXI@Z 00410190 f i MainWnd.obj
 0001:0000f1a0       ?allocate@?$allocator@PAU_tagTabInfo@@@std@@QAEPAPAU_tagTabInfo@@I@Z 004101a0 f i MainWnd.obj
 0001:0000f1e0       ?allocate@?$allocator@U_Container_proxy@std@@@std@@QAEPAU_Container_proxy@2@I@Z 004101e0 f i MainWnd.obj
 0001:0000f220       ?begin@?$vector@PAU_tagTabInfo@@V?$allocator@PAU_tagTabInfo@@@std@@@std@@QAE?AV?$_Vector_iterator@V?$_Vector_val@U?$_Simple_types@PAU_tagTabInfo@@@std@@@std@@@2@XZ 00410220 f i MainWnd.obj
 0001:0000f2b0       ?capacity@?$vector@PAU_tagTabInfo@@V?$allocator@PAU_tagTabInfo@@@std@@@std@@QBEIXZ 004102b0 f i MainWnd.obj
 0001:0000f300       ?deallocate@?$_Default_allocator_traits@V?$allocator@U_Container_proxy@std@@@std@@@std@@SAXAAV?$allocator@U_Container_proxy@std@@@2@QAU_Container_proxy@2@I@Z 00410300 f i MainWnd.obj
 0001:0000f330       ?deallocate@?$allocator@PAU_tagTabInfo@@@std@@QAEXQAPAU_tagTabInfo@@I@Z 00410330 f i MainWnd.obj
 0001:0000f370       ?end@?$vector@PAU_tagTabInfo@@V?$allocator@PAU_tagTabInfo@@@std@@@std@@QAE?AV?$_Vector_iterator@V?$_Vector_val@U?$_Simple_types@PAU_tagTabInfo@@@std@@@std@@@2@XZ 00410370 f i MainWnd.obj
 0001:0000f400       ?erase@?$vector@PAU_tagTabInfo@@V?$allocator@PAU_tagTabInfo@@@std@@@std@@QAE?AV?$_Vector_iterator@V?$_Vector_val@U?$_Simple_types@PAU_tagTabInfo@@@std@@@std@@@2@V?$_Vector_const_iterator@V?$_Vector_val@U?$_Simple_types@PAU_tagTabInfo@@@std@@@std@@@2@@Z 00410400 f i MainWnd.obj
 0001:0000f5f0       ?max@?$numeric_limits@H@std@@SAHXZ 004105f0 f i MainWnd.obj
 0001:0000f600       ?max_size@?$_Default_allocator_traits@V?$allocator@PAU_tagTabInfo@@@std@@@std@@SAIABV?$allocator@PAU_tagTabInfo@@@2@@Z 00410600 f i MainWnd.obj
 0001:0000f610       ?max_size@?$vector@PAU_tagTabInfo@@V?$allocator@PAU_tagTabInfo@@@std@@@std@@QBEIXZ 00410610 f i MainWnd.obj
 0001:0000f680       ?push_back@?$vector@PAU_tagTabInfo@@V?$allocator@PAU_tagTabInfo@@@std@@@std@@QAEXABQAU_tagTabInfo@@@Z 00410680 f i MainWnd.obj
 0001:0000f6c0       ?size@?$vector@PAU_tagTabInfo@@V?$allocator@PAU_tagTabInfo@@@std@@@std@@QBEIXZ 004106c0 f i MainWnd.obj
 0001:0000f710       _WinMain@16                00410710 f   TroyBrowser.obj
 0001:0000f900       ?InitResource@@YAXXZ       00410900 f   TroyBrowser.obj
 0001:0000fee0       ??_H@YGXPAXIIP6EPAX0@Z@Z   00410ee0 f i StdAfx.obj
 0001:0000ff65       _lstrcpyW@8                00410f65 f   kernel32:KERNEL32.dll
 0001:0000ff6b       _SetCurrentDirectoryW@4    00410f6b f   kernel32:KERNEL32.dll
 0001:0000ff71       _FreeResource@4            00410f71 f   kernel32:KERNEL32.dll
 0001:0000ff77       _LoadResource@8            00410f77 f   kernel32:KERNEL32.dll
 0001:0000ff7d       _LockResource@4            00410f7d f   kernel32:KERNEL32.dll
 0001:0000ff83       _SizeofResource@8          00410f83 f   kernel32:KERNEL32.dll
 0001:0000ff89       _FindResourceW@12          00410f89 f   kernel32:KERNEL32.dll
 0001:0000ff8f       _PostQuitMessage@4         00410f8f f   user32:USER32.dll
 0001:0000ff95       _IsZoomed@4                00410f95 f   user32:USER32.dll
 0001:0000ff9b       _SetTimer@16               00410f9b f   user32:USER32.dll
 0001:0000ffa1       _KillTimer@8               00410fa1 f   user32:USER32.dll
 0001:0000ffa7       _OleInitialize@4           00410fa7 f   ole32:ole32.dll
 0001:0000ffad       _OleUninitialize@0         00410fad f   ole32:ole32.dll
 0001:0000ffb3       _CoUninitialize@0          00410fb3 f   ole32:ole32.dll
 0001:0000ffb9       _CoInitialize@4            00410fb9 f   ole32:ole32.dll
 0001:0000ffbf       ??0CDuiString@DuiLib@@QAE@XZ 00410fbf f   DuiLib_d:DuiLib_d.dll
 0001:0000ffc5       ??0CDuiString@DuiLib@@QAE@PB_WH@Z 00410fc5 f   DuiLib_d:DuiLib_d.dll
 0001:0000ffcb       ??1CDuiString@DuiLib@@QAE@XZ 00410fcb f   DuiLib_d:DuiLib_d.dll
 0001:0000ffd1       ?IsEmpty@CDuiString@DuiLib@@QBE_NXZ 00410fd1 f   DuiLib_d:DuiLib_d.dll
 0001:0000ffd7       ?GetData@CDuiString@DuiLib@@QBEPB_WXZ 00410fd7 f   DuiLib_d:DuiLib_d.dll
 0001:0000ffdd       ??BCDuiString@DuiLib@@QBEPB_WXZ 00410fdd f   DuiLib_d:DuiLib_d.dll
 0001:0000ffe3       ?CompareNoCase@CDuiString@DuiLib@@QBEHPB_W@Z 00410fe3 f   DuiLib_d:DuiLib_d.dll
 0001:0000ffe9       ?MakeLower@CDuiString@DuiLib@@QAEXXZ 00410fe9 f   DuiLib_d:DuiLib_d.dll
 0001:0000ffef       ?Format@CDuiString@DuiLib@@QAAHPB_WZZ 00410fef f   DuiLib_d:DuiLib_d.dll
 0001:0000fff5       ?FindControl@CPaintManagerUI@DuiLib@@QBEPAVCControlUI@2@PB_W@Z 00410ff5 f   DuiLib_d:DuiLib_d.dll
 0001:0000fffb       ??BCWindowWnd@DuiLib@@QBEPAUHWND__@@XZ 00410ffb f   DuiLib_d:DuiLib_d.dll
 0001:00010001       ?SendMessageW@CWindowWnd@DuiLib@@QAEJIIJ@Z 00411001 f   DuiLib_d:DuiLib_d.dll
 0001:00010007       ?HandleMessage@CWindowWnd@DuiLib@@MAEJIIJ@Z 00411007 f   DuiLib_d:DuiLib_d.dll
 0001:0001000d       ??0WindowImplBase@DuiLib@@QAE@XZ 0041100d f   DuiLib_d:DuiLib_d.dll
 0001:00010013       ??1WindowImplBase@DuiLib@@UAE@XZ 00411013 f   DuiLib_d:DuiLib_d.dll
 0001:00010019       ?OnFinalMessage@WindowImplBase@DuiLib@@UAEXPAUHWND__@@@Z 00411019 f   DuiLib_d:DuiLib_d.dll
 0001:0001001f       ?GetCurSel@CTabLayoutUI@DuiLib@@QBEHXZ 0041101f f   DuiLib_d:DuiLib_d.dll
 0001:00010025       ??0CWebBrowserUI@DuiLib@@QAE@XZ 00411025 f   DuiLib_d:DuiLib_d.dll
 0001:0001002b       ??1CWebBrowserUI@DuiLib@@UAE@XZ 0041102b f   DuiLib_d:DuiLib_d.dll
 0001:00010031       ?SetHomePage@CWebBrowserUI@DuiLib@@QAEXPB_W@Z 00411031 f   DuiLib_d:DuiLib_d.dll
 0001:00010037       ?SetAutoNavigation@CWebBrowserUI@DuiLib@@QAEX_N@Z 00411037 f   DuiLib_d:DuiLib_d.dll
 0001:0001003d       ?SetWebBrowserEventHandler@CWebBrowserUI@DuiLib@@QAEXPAVCWebBrowserEventHandler@2@@Z 0041103d f   DuiLib_d:DuiLib_d.dll
 0001:00010043       ?Navigate2@CWebBrowserUI@DuiLib@@QAEXPB_W@Z 00411043 f   DuiLib_d:DuiLib_d.dll
 0001:00010049       ?Refresh@CWebBrowserUI@DuiLib@@QAEXXZ 00411049 f   DuiLib_d:DuiLib_d.dll
 0001:0001004f       ?GoBack@CWebBrowserUI@DuiLib@@QAEXXZ 0041104f f   DuiLib_d:DuiLib_d.dll
 0001:00010055       ?GoForward@CWebBrowserUI@DuiLib@@QAEXXZ 00411055 f   DuiLib_d:DuiLib_d.dll
 0001:0001005b       ?Activate@CControlUI@DuiLib@@UAE_NXZ 0041105b f   DuiLib_d:DuiLib_d.dll
 0001:00010061       ?Activate@COptionUI@DuiLib@@UAE_NXZ 00411061 f   DuiLib_d:DuiLib_d.dll
 0001:00010067       ?CreateControl@WindowImplBase@DuiLib@@UAEPAVCControlUI@2@PB_W@Z 00411067 f   DuiLib_d:DuiLib_d.dll
 0001:0001006d       ?DoCreateControl@CWebBrowserUI@DuiLib@@UAE_NXZ 0041106d f   DuiLib_d:DuiLib_d.dll
 0001:00010073       ?DoEvent@CControlUI@DuiLib@@UAEXAAUtagTEventUI@2@@Z 00411073 f   DuiLib_d:DuiLib_d.dll
 0001:00010079       ?DoInit@CControlUI@DuiLib@@UAEXXZ 00411079 f   DuiLib_d:DuiLib_d.dll
 0001:0001007f       ?DoPaint@CActiveXUI@DuiLib@@UAEXPAUHDC__@@ABUtagRECT@@@Z 0041107f f   DuiLib_d:DuiLib_d.dll
 0001:00010085       ?DoPostPaint@CControlUI@DuiLib@@UAEXPAUHDC__@@ABUtagRECT@@@Z 00411085 f   DuiLib_d:DuiLib_d.dll
 0001:0001008b       ?Download@CWebBrowserUI@DuiLib@@UAGJPAUIMoniker@@PAUIBindCtx@@KJPAU_tagBINDINFO@@PB_W3I@Z 0041108b f   DuiLib_d:DuiLib_d.dll
 0001:00010091       ?EstimateSize@CControlUI@DuiLib@@UAE?AUtagSIZE@@U3@@Z 00411091 f   DuiLib_d:DuiLib_d.dll
 0001:00010097       ?EstimateSize@CLabelUI@DuiLib@@UAE?AUtagSIZE@@U3@@Z 00411097 f   DuiLib_d:DuiLib_d.dll
 0001:0001009d       ?Event@CControlUI@DuiLib@@UAEXAAUtagTEventUI@2@@Z 0041109d f   DuiLib_d:DuiLib_d.dll
 0001:000100a3       ?FindControl@CControlUI@DuiLib@@UAEPAV12@P6GPAV12@PAV12@PAX@Z1I@Z 004110a3 f   DuiLib_d:DuiLib_d.dll
 0001:000100a9       ?GetAutoCalcWidth@CLabelUI@DuiLib@@UBE_NXZ 004110a9 f   DuiLib_d:DuiLib_d.dll
 0001:000100af       ?GetClass@CWebBrowserUI@DuiLib@@UBEPB_WXZ 004110af f   DuiLib_d:DuiLib_d.dll
 0001:000100b5       ?GetClassStyle@WindowImplBase@DuiLib@@UBEIXZ 004110b5 f   DuiLib_d:DuiLib_d.dll
 0001:000100bb       ?GetClientPos@CControlUI@DuiLib@@UBE?AUtagRECT@@XZ 004110bb f   DuiLib_d:DuiLib_d.dll
 0001:000100c1       ?GetControlFlags@CButtonUI@DuiLib@@UBEIXZ 004110c1 f   DuiLib_d:DuiLib_d.dll
 0001:000100c7       ?GetControlFlags@CControlUI@DuiLib@@UBEIXZ 004110c7 f   DuiLib_d:DuiLib_d.dll
 0001:000100cd       ?GetCursor@CControlUI@DuiLib@@UAEGXZ 004110cd f   DuiLib_d:DuiLib_d.dll
 0001:000100d3       ?GetDisabledImage@CButtonUI@DuiLib@@UAEPB_WXZ 004110d3 f   DuiLib_d:DuiLib_d.dll
 0001:000100d9       ?GetFixedHeight@CControlUI@DuiLib@@UBEHXZ 004110d9 f   DuiLib_d:DuiLib_d.dll
 0001:000100df       ?GetFixedWidth@CControlUI@DuiLib@@UBEHXZ 004110df f   DuiLib_d:DuiLib_d.dll
 0001:000100e5       ?GetFixedXY@CControlUI@DuiLib@@UBE?AUtagSIZE@@XZ 004110e5 f   DuiLib_d:DuiLib_d.dll
 0001:000100eb       ?GetFloatAlign@CControlUI@DuiLib@@UBEIXZ 004110eb f   DuiLib_d:DuiLib_d.dll
 0001:000100f1       ?GetFloatPercent@CControlUI@DuiLib@@UBE?AUtagTPercentInfo@2@XZ 004110f1 f   DuiLib_d:DuiLib_d.dll
 0001:000100f7       ?GetFocusedImage@CButtonUI@DuiLib@@UAEPB_WXZ 004110f7 f   DuiLib_d:DuiLib_d.dll
 0001:000100fd       ?GetHeight@CControlUI@DuiLib@@UBEHXZ 004110fd f   DuiLib_d:DuiLib_d.dll
 0001:00010103       ?GetHotForeImage@CButtonUI@DuiLib@@UAEPB_WXZ 00411103 f   DuiLib_d:DuiLib_d.dll
 0001:00010109       ?GetHotImage@CButtonUI@DuiLib@@UAEPB_WXZ 00411109 f   DuiLib_d:DuiLib_d.dll
 0001:0001010f       ?GetInterface@CWebBrowserUI@DuiLib@@UAEPAXPB_W@Z 0041110f f   DuiLib_d:DuiLib_d.dll
 0001:00010115       ?GetManager@CControlUI@DuiLib@@UBEPAVCPaintManagerUI@2@XZ 00411115 f   DuiLib_d:DuiLib_d.dll
 0001:0001011b       ?GetManagerName@WindowImplBase@DuiLib@@MAEPB_WXZ 0041111b f   DuiLib_d:DuiLib_d.dll
 0001:00010121       ?GetMaxHeight@CControlUI@DuiLib@@UBEHXZ 00411121 f   DuiLib_d:DuiLib_d.dll
 0001:00010127       ?GetMaxWidth@CControlUI@DuiLib@@UBEHXZ 00411127 f   DuiLib_d:DuiLib_d.dll
 0001:0001012d       ?GetMinHeight@CControlUI@DuiLib@@UBEHXZ 0041112d f   DuiLib_d:DuiLib_d.dll
 0001:00010133       ?GetMinWidth@CControlUI@DuiLib@@UBEHXZ 00411133 f   DuiLib_d:DuiLib_d.dll
 0001:00010139       ?GetName@CControlUI@DuiLib@@UBE?AVCDuiString@2@XZ 00411139 f   DuiLib_d:DuiLib_d.dll
 0001:0001013f       ?GetNormalImage@CButtonUI@DuiLib@@UAEPB_WXZ 0041113f f   DuiLib_d:DuiLib_d.dll
 0001:00010145       ?GetPadding@CControlUI@DuiLib@@UBE?AUtagRECT@@XZ 00411145 f   DuiLib_d:DuiLib_d.dll
 0001:0001014b       ?GetParent@CControlUI@DuiLib@@UBEPAV12@XZ 0041114b f   DuiLib_d:DuiLib_d.dll
 0001:00010151       ?GetPos@CControlUI@DuiLib@@UBEABUtagRECT@@XZ 00411151 f   DuiLib_d:DuiLib_d.dll
 0001:00010157       ?GetPushedImage@CButtonUI@DuiLib@@UAEPB_WXZ 00411157 f   DuiLib_d:DuiLib_d.dll
 0001:0001015d       ?GetRelativePos@CControlUI@DuiLib@@UBE?AUtagRECT@@XZ 0041115d f   DuiLib_d:DuiLib_d.dll
 0001:00010163       ?GetSelectedStateImage@COptionUI@DuiLib@@UAEPB_WXZ 00411163 f   DuiLib_d:DuiLib_d.dll
 0001:00010169       ?GetShortcut@CControlUI@DuiLib@@UBE_WXZ 00411169 f   DuiLib_d:DuiLib_d.dll
 0001:0001016f       ?GetSkinType@WindowImplBase@DuiLib@@MAE?AVCDuiString@2@XZ 0041116f f   DuiLib_d:DuiLib_d.dll
 0001:00010175       ?GetStateImage@CButtonUI@DuiLib@@UAEPB_WXZ 00411175 f   DuiLib_d:DuiLib_d.dll
 0001:0001017b       ?GetStyle@WindowImplBase@DuiLib@@UAEJXZ 0041117b f   DuiLib_d:DuiLib_d.dll
 0001:00010181       ?GetSuperClassName@CWindowWnd@DuiLib@@MBEPB_WXZ 00411181 f   DuiLib_d:DuiLib_d.dll
 0001:00010187       ?GetTag@CControlUI@DuiLib@@UBEIXZ 00411187 f   DuiLib_d:DuiLib_d.dll
 0001:0001018d       ?GetText@CControlUI@DuiLib@@UBE?AVCDuiString@2@XZ 0041118d f   DuiLib_d:DuiLib_d.dll
 0001:00010193       ?GetToolTip@CControlUI@DuiLib@@UBE?AVCDuiString@2@XZ 00411193 f   DuiLib_d:DuiLib_d.dll
 0001:00010199       ?GetToolTipWidth@CControlUI@DuiLib@@UAEHXZ 00411199 f   DuiLib_d:DuiLib_d.dll
 0001:0001019f       ?GetUserData@CControlUI@DuiLib@@UAEABVCDuiString@2@XZ 0041119f f   DuiLib_d:DuiLib_d.dll
 0001:000101a5       ?GetWidth@CControlUI@DuiLib@@UBEHXZ 004111a5 f   DuiLib_d:DuiLib_d.dll
 0001:000101ab       ?GetX@CControlUI@DuiLib@@UBEHXZ 004111ab f   DuiLib_d:DuiLib_d.dll
 0001:000101b1       ?GetY@CControlUI@DuiLib@@UBEHXZ 004111b1 f   DuiLib_d:DuiLib_d.dll
 0001:000101b7       ?HandleMessage@WindowImplBase@DuiLib@@UAEJIIJ@Z 004111b7 f   DuiLib_d:DuiLib_d.dll
 0001:000101bd       ?Init@CControlUI@DuiLib@@UAEXXZ 004111bd f   DuiLib_d:DuiLib_d.dll
 0001:000101c3       ?InitResource@WindowImplBase@DuiLib@@UAEXXZ 004111c3 f   DuiLib_d:DuiLib_d.dll
 0001:000101c9       ?IsContextMenuUsed@CControlUI@DuiLib@@UBE_NXZ 004111c9 f   DuiLib_d:DuiLib_d.dll
 0001:000101cf       ?IsDelayCreate@CActiveXUI@DuiLib@@UBE_NXZ 004111cf f   DuiLib_d:DuiLib_d.dll
 0001:000101d5       ?IsDragEnabled@CControlUI@DuiLib@@UBE_NXZ 004111d5 f   DuiLib_d:DuiLib_d.dll
 0001:000101db       ?IsDropEnabled@CControlUI@DuiLib@@UBE_NXZ 004111db f   DuiLib_d:DuiLib_d.dll
 0001:000101e1       ?IsEnabled@CControlUI@DuiLib@@UBE_NXZ 004111e1 f   DuiLib_d:DuiLib_d.dll
 0001:000101e7       ?IsFloat@CControlUI@DuiLib@@UBE_NXZ 004111e7 f   DuiLib_d:DuiLib_d.dll
 0001:000101ed       ?IsFocused@CControlUI@DuiLib@@UBE_NXZ 004111ed f   DuiLib_d:DuiLib_d.dll
 0001:000101f3       ?IsKeyboardEnabled@CControlUI@DuiLib@@UBE_NXZ 004111f3 f   DuiLib_d:DuiLib_d.dll
 0001:000101f9       ?IsMFC@CActiveXUI@DuiLib@@UBE_NXZ 004111f9 f   DuiLib_d:DuiLib_d.dll
 0001:000101ff       ?IsMouseEnabled@CControlUI@DuiLib@@UBE_NXZ 004111ff f   DuiLib_d:DuiLib_d.dll
 0001:00010205       ?IsResourceText@CControlUI@DuiLib@@UBE_NXZ 00411205 f   DuiLib_d:DuiLib_d.dll
 0001:0001020b       ?IsVisible@CControlUI@DuiLib@@UBE_NXZ 0041120b f   DuiLib_d:DuiLib_d.dll
 0001:00010211       ?MessageHandler@WindowImplBase@DuiLib@@UAEJIIJAA_N@Z 00411211 f   DuiLib_d:DuiLib_d.dll
 0001:00010217       ?Move@CActiveXUI@DuiLib@@UAEXUtagSIZE@@_N@Z 00411217 f   DuiLib_d:DuiLib_d.dll
 0001:0001021d       ?Move@CControlUI@DuiLib@@UAEXUtagSIZE@@_N@Z 0041121d f   DuiLib_d:DuiLib_d.dll
 0001:00010223       ?Notify@WindowImplBase@DuiLib@@UAEXAAUtagTNotifyUI@2@@Z 00411223 f   DuiLib_d:DuiLib_d.dll
 0001:00010229       ?OnChar@WindowImplBase@DuiLib@@UAEJIIJAAH@Z 00411229 f   DuiLib_d:DuiLib_d.dll
 0001:0001022f       ?OnClose@WindowImplBase@DuiLib@@UAEJIIJAAH@Z 0041122f f   DuiLib_d:DuiLib_d.dll
 0001:00010235       ?OnCreate@WindowImplBase@DuiLib@@UAEJIIJAAH@Z 00411235 f   DuiLib_d:DuiLib_d.dll
 0001:0001023b       ?OnDestroy@WindowImplBase@DuiLib@@UAEJIIJAAH@Z 0041123b f   DuiLib_d:DuiLib_d.dll
 0001:00010241       ?OnGetMinMaxInfo@WindowImplBase@DuiLib@@UAEJIIJAAH@Z 00411241 f   DuiLib_d:DuiLib_d.dll
 0001:00010247       ?OnKeyDown@WindowImplBase@DuiLib@@UAEJIIJAAH@Z 00411247 f   DuiLib_d:DuiLib_d.dll
 0001:0001024d       ?OnKillFocus@WindowImplBase@DuiLib@@UAEJIIJAAH@Z 0041124d f   DuiLib_d:DuiLib_d.dll
 0001:00010253       ?OnLButtonDown@WindowImplBase@DuiLib@@UAEJIIJAAH@Z 00411253 f   DuiLib_d:DuiLib_d.dll
 0001:00010259       ?OnLButtonUp@WindowImplBase@DuiLib@@UAEJIIJAAH@Z 00411259 f   DuiLib_d:DuiLib_d.dll
 0001:0001025f       ?OnMouseHover@WindowImplBase@DuiLib@@UAEJIIJAAH@Z 0041125f f   DuiLib_d:DuiLib_d.dll
 0001:00010265       ?OnMouseMove@WindowImplBase@DuiLib@@UAEJIIJAAH@Z 00411265 f   DuiLib_d:DuiLib_d.dll
 0001:0001026b       ?OnMouseWheel@WindowImplBase@DuiLib@@UAEJIIJAAH@Z 0041126b f   DuiLib_d:DuiLib_d.dll
 0001:00010271       ?OnNcActivate@WindowImplBase@DuiLib@@UAEJIIJAAH@Z 00411271 f   DuiLib_d:DuiLib_d.dll
 0001:00010277       ?OnNcCalcSize@WindowImplBase@DuiLib@@UAEJIIJAAH@Z 00411277 f   DuiLib_d:DuiLib_d.dll
 0001:0001027d       ?OnNcHitTest@WindowImplBase@DuiLib@@UAEJIIJAAH@Z 0041127d f   DuiLib_d:DuiLib_d.dll
 0001:00010283       ?OnNcPaint@WindowImplBase@DuiLib@@UAEJIIJAAH@Z 00411283 f   DuiLib_d:DuiLib_d.dll
 0001:00010289       ?OnSetFocus@WindowImplBase@DuiLib@@UAEJIIJAAH@Z 00411289 f   DuiLib_d:DuiLib_d.dll
 0001:0001028f       ?OnSize@WindowImplBase@DuiLib@@UAEJIIJAAH@Z 0041128f f   DuiLib_d:DuiLib_d.dll
 0001:00010295       ?PaintBkColor@CControlUI@DuiLib@@UAEXPAUHDC__@@@Z 00411295 f   DuiLib_d:DuiLib_d.dll
 0001:0001029b       ?PaintBkColor@COptionUI@DuiLib@@UAEXPAUHDC__@@@Z 0041129b f   DuiLib_d:DuiLib_d.dll
 0001:000102a1       ?PaintBkImage@CControlUI@DuiLib@@UAEXPAUHDC__@@@Z 004112a1 f   DuiLib_d:DuiLib_d.dll
 0001:000102a7       ?PaintBorder@CControlUI@DuiLib@@UAEXPAUHDC__@@@Z 004112a7 f   DuiLib_d:DuiLib_d.dll
 0001:000102ad       ?PaintForeColor@CControlUI@DuiLib@@UAEXPAUHDC__@@@Z 004112ad f   DuiLib_d:DuiLib_d.dll
 0001:000102b3       ?PaintForeImage@CControlUI@DuiLib@@UAEXPAUHDC__@@@Z 004112b3 f   DuiLib_d:DuiLib_d.dll
 0001:000102b9       ?PaintForeImage@COptionUI@DuiLib@@UAEXPAUHDC__@@@Z 004112b9 f   DuiLib_d:DuiLib_d.dll
 0001:000102bf       ?PaintStatusImage@CControlUI@DuiLib@@UAEXPAUHDC__@@@Z 004112bf f   DuiLib_d:DuiLib_d.dll
 0001:000102c5       ?PaintText@CControlUI@DuiLib@@UAEXPAUHDC__@@@Z 004112c5 f   DuiLib_d:DuiLib_d.dll
 0001:000102cb       ?PaintText@COptionUI@DuiLib@@UAEXPAUHDC__@@@Z 004112cb f   DuiLib_d:DuiLib_d.dll
 0001:000102d1       ?QueryControlText@WindowImplBase@DuiLib@@UAEPB_WPB_W0@Z 004112d1 f   DuiLib_d:DuiLib_d.dll
 0001:000102d7       ?ReleaseControl@CWebBrowserUI@DuiLib@@MAEXXZ 004112d7 f   DuiLib_d:DuiLib_d.dll
 0001:000102dd       ?ResponseDefaultKeyEvent@WindowImplBase@DuiLib@@MAEJI@Z 004112dd f   DuiLib_d:DuiLib_d.dll
 0001:000102e3       ?Selected@COptionUI@DuiLib@@UAEX_N@Z 004112e3 f   DuiLib_d:DuiLib_d.dll
 0001:000102e9       ?SetAttribute@CWebBrowserUI@DuiLib@@MAEXPB_W0@Z 004112e9 f   DuiLib_d:DuiLib_d.dll
 0001:000102ef       ?SetAutoCalcWidth@CLabelUI@DuiLib@@UAEX_N@Z 004112ef f   DuiLib_d:DuiLib_d.dll
 0001:000102f5       ?SetContextMenuUsed@CControlUI@DuiLib@@UAEX_N@Z 004112f5 f   DuiLib_d:DuiLib_d.dll
 0001:000102fb       ?SetCursor@CControlUI@DuiLib@@UAEXG@Z 004112fb f   DuiLib_d:DuiLib_d.dll
 0001:00010301       ?SetDelayCreate@CActiveXUI@DuiLib@@UAEX_N@Z 00411301 f   DuiLib_d:DuiLib_d.dll
 0001:00010307       ?SetDisabledImage@CButtonUI@DuiLib@@UAEXPB_W@Z 00411307 f   DuiLib_d:DuiLib_d.dll
 0001:0001030d       ?SetDragEnable@CControlUI@DuiLib@@UAEX_N@Z 0041130d f   DuiLib_d:DuiLib_d.dll
 0001:00010313       ?SetDropEnable@CControlUI@DuiLib@@UAEX_N@Z 00411313 f   DuiLib_d:DuiLib_d.dll
 0001:00010319       ?SetEnabled@CControlUI@DuiLib@@UAEX_N@Z 00411319 f   DuiLib_d:DuiLib_d.dll
 0001:0001031f       ?SetEnabled@COptionUI@DuiLib@@UAEX_N@Z 0041131f f   DuiLib_d:DuiLib_d.dll
 0001:00010325       ?SetFixedHeight@CControlUI@DuiLib@@UAEXH@Z 00411325 f   DuiLib_d:DuiLib_d.dll
 0001:0001032b       ?SetFixedWidth@CControlUI@DuiLib@@UAEXH@Z 0041132b f   DuiLib_d:DuiLib_d.dll
 0001:00010331       ?SetFixedXY@CControlUI@DuiLib@@UAEXUtagSIZE@@@Z 00411331 f   DuiLib_d:DuiLib_d.dll
 0001:00010337       ?SetFloat@CControlUI@DuiLib@@UAEX_N@Z 00411337 f   DuiLib_d:DuiLib_d.dll
 0001:0001033d       ?SetFloatAlign@CControlUI@DuiLib@@UAEXI@Z 0041133d f   DuiLib_d:DuiLib_d.dll
 0001:00010343       ?SetFloatPercent@CControlUI@DuiLib@@UAEXUtagTPercentInfo@2@@Z 00411343 f   DuiLib_d:DuiLib_d.dll
 0001:00010349       ?SetFocus@CControlUI@DuiLib@@UAEXXZ 00411349 f   DuiLib_d:DuiLib_d.dll
 0001:0001034f       ?SetFocusedImage@CButtonUI@DuiLib@@UAEXPB_W@Z 0041134f f   DuiLib_d:DuiLib_d.dll
 0001:00010355       ?SetHotForeImage@CButtonUI@DuiLib@@UAEXPB_W@Z 00411355 f   DuiLib_d:DuiLib_d.dll
 0001:0001035b       ?SetHotImage@CButtonUI@DuiLib@@UAEXPB_W@Z 0041135b f   DuiLib_d:DuiLib_d.dll
 0001:00010361       ?SetInternVisible@CActiveXUI@DuiLib@@UAEX_N@Z 00411361 f   DuiLib_d:DuiLib_d.dll
 0001:00010367       ?SetInternVisible@CControlUI@DuiLib@@UAEX_N@Z 00411367 f   DuiLib_d:DuiLib_d.dll
 0001:0001036d       ?SetKeyboardEnabled@CControlUI@DuiLib@@UAEX_N@Z 0041136d f   DuiLib_d:DuiLib_d.dll
 0001:00010373       ?SetMFC@CActiveXUI@DuiLib@@UAEX_N@Z 00411373 f   DuiLib_d:DuiLib_d.dll
 0001:00010379       ?SetManager@CControlUI@DuiLib@@UAEXPAVCPaintManagerUI@2@PAV12@_N@Z 00411379 f   DuiLib_d:DuiLib_d.dll
 0001:0001037f       ?SetManager@COptionUI@DuiLib@@UAEXPAVCPaintManagerUI@2@PAVCControlUI@2@_N@Z 0041137f f   DuiLib_d:DuiLib_d.dll
 0001:00010385       ?SetMaxHeight@CControlUI@DuiLib@@UAEXH@Z 00411385 f   DuiLib_d:DuiLib_d.dll
 0001:0001038b       ?SetMaxWidth@CControlUI@DuiLib@@UAEXH@Z 0041138b f   DuiLib_d:DuiLib_d.dll
 0001:00010391       ?SetMinHeight@CControlUI@DuiLib@@UAEXH@Z 00411391 f   DuiLib_d:DuiLib_d.dll
 0001:00010397       ?SetMinWidth@CControlUI@DuiLib@@UAEXH@Z 00411397 f   DuiLib_d:DuiLib_d.dll
 0001:0001039d       ?SetMouseEnabled@CControlUI@DuiLib@@UAEX_N@Z 0041139d f   DuiLib_d:DuiLib_d.dll
 0001:000103a3       ?SetName@CControlUI@DuiLib@@UAEXPB_W@Z 004113a3 f   DuiLib_d:DuiLib_d.dll
 0001:000103a9       ?SetNormalImage@CButtonUI@DuiLib@@UAEXPB_W@Z 004113a9 f   DuiLib_d:DuiLib_d.dll
 0001:000103af       ?SetPadding@CControlUI@DuiLib@@UAEXUtagRECT@@@Z 004113af f   DuiLib_d:DuiLib_d.dll
 0001:000103b5       ?SetPos@CActiveXUI@DuiLib@@UAEXUtagRECT@@_N@Z 004113b5 f   DuiLib_d:DuiLib_d.dll
 0001:000103bb       ?SetPos@CControlUI@DuiLib@@UAEXUtagRECT@@_N@Z 004113bb f   DuiLib_d:DuiLib_d.dll
 0001:000103c1       ?SetPushedImage@CButtonUI@DuiLib@@UAEXPB_W@Z 004113c1 f   DuiLib_d:DuiLib_d.dll
 0001:000103c7       ?SetResourceText@CControlUI@DuiLib@@UAEX_N@Z 004113c7 f   DuiLib_d:DuiLib_d.dll
 0001:000103cd       ?SetSelectedStateImage@COptionUI@DuiLib@@UAEXPB_W@Z 004113cd f   DuiLib_d:DuiLib_d.dll
 0001:000103d3       ?SetShortcut@CControlUI@DuiLib@@UAEX_W@Z 004113d3 f   DuiLib_d:DuiLib_d.dll
 0001:000103d9       ?SetStateImage@CButtonUI@DuiLib@@UAEXPB_W@Z 004113d9 f   DuiLib_d:DuiLib_d.dll
 0001:000103df       ?SetTag@CControlUI@DuiLib@@UAEXI@Z 004113df f   DuiLib_d:DuiLib_d.dll
 0001:000103e5       ?SetText@CControlUI@DuiLib@@UAEXPB_W@Z 004113e5 f   DuiLib_d:DuiLib_d.dll
 0001:000103eb       ?SetText@CLabelUI@DuiLib@@UAEXPB_W@Z 004113eb f   DuiLib_d:DuiLib_d.dll
 0001:000103f1       ?SetToolTip@CControlUI@DuiLib@@UAEXPB_W@Z 004113f1 f   DuiLib_d:DuiLib_d.dll
 0001:000103f7       ?SetToolTipWidth@CControlUI@DuiLib@@UAEXH@Z 004113f7 f   DuiLib_d:DuiLib_d.dll
 0001:000103fd       ?SetUserData@CControlUI@DuiLib@@UAEXPB_W@Z 004113fd f   DuiLib_d:DuiLib_d.dll
 0001:00010403       ?SetVisible@CActiveXUI@DuiLib@@UAEX_N@Z 00411403 f   DuiLib_d:DuiLib_d.dll
 0001:00010409       ?SetVisible@CControlUI@DuiLib@@UAEX_N@Z 00411409 f   DuiLib_d:DuiLib_d.dll
 0001:0001040f       ??0STRINGorID@DuiLib@@QAE@PB_W@Z 0041140f f   DuiLib_d:DuiLib_d.dll
 0001:00010415       ??YCDuiString@DuiLib@@QAEABV01@PB_W@Z 00411415 f   DuiLib_d:DuiLib_d.dll
 0001:0001041b       ?GetInstance@CResourceManager@DuiLib@@SAPAV12@XZ 0041141b f   DuiLib_d:DuiLib_d.dll
 0001:00010421       ?LoadResource@CResourceManager@DuiLib@@QAEHVSTRINGorID@2@PB_W@Z 00411421 f   DuiLib_d:DuiLib_d.dll
 0001:00010427       ?GetInstancePath@CPaintManagerUI@DuiLib@@SA?AVCDuiString@2@XZ 00411427 f   DuiLib_d:DuiLib_d.dll
 0001:0001042d       ?GetResourceDll@CPaintManagerUI@DuiLib@@SAPAUHINSTANCE__@@XZ 0041142d f   DuiLib_d:DuiLib_d.dll
 0001:00010433       ?SetInstance@CPaintManagerUI@DuiLib@@SAXPAUHINSTANCE__@@@Z 00411433 f   DuiLib_d:DuiLib_d.dll
 0001:00010439       ?SetResourcePath@CPaintManagerUI@DuiLib@@SAXPB_W@Z 00411439 f   DuiLib_d:DuiLib_d.dll
 0001:0001043f       ?SetResourceZip@CPaintManagerUI@DuiLib@@SAXPAXIPB_W@Z 0041143f f   DuiLib_d:DuiLib_d.dll
 0001:00010445       ?SetResourceZip@CPaintManagerUI@DuiLib@@SAXPB_W_N0@Z 00411445 f   DuiLib_d:DuiLib_d.dll
 0001:0001044b       ?SetResourceType@CPaintManagerUI@DuiLib@@SAXH@Z 0041144b f   DuiLib_d:DuiLib_d.dll
 0001:00010451       ?GetResourceType@CPaintManagerUI@DuiLib@@SAHXZ 00411451 f   DuiLib_d:DuiLib_d.dll
 0001:00010457       ?LoadPlugin@CPaintManagerUI@DuiLib@@SA_NPB_W@Z 00411457 f   DuiLib_d:DuiLib_d.dll
 0001:0001045d       ?MessageLoop@CPaintManagerUI@DuiLib@@SAXXZ 0041145d f   DuiLib_d:DuiLib_d.dll
 0001:00010463       ?Create@CWindowWnd@DuiLib@@QAEPAUHWND__@@PAU3@PB_WKKHHHHPAUHMENU__@@@Z 00411463 f   DuiLib_d:DuiLib_d.dll
 0001:00010469       ?ShowModal@CWindowWnd@DuiLib@@QAEIXZ 00411469 f   DuiLib_d:DuiLib_d.dll
 0001:0001046f       ?CenterWindow@CWindowWnd@DuiLib@@QAEXXZ 0041146f f   DuiLib_d:DuiLib_d.dll
 0001:00010480       ??0_Init_locks@std@@QAE@XZ 00411480 f   libcpmtd:xlock.obj
 0001:000104e0       ??0_Lockit@std@@QAE@H@Z    004114e0 f   libcpmtd:xlock.obj
 0001:00010540       ??0_Lockit@std@@QAE@XZ     00411540 f   libcpmtd:xlock.obj
 0001:00010590       ??1_Init_locks@std@@QAE@XZ 00411590 f   libcpmtd:xlock.obj
 0001:000105f0       ??1_Lockit@std@@QAE@XZ     004115f0 f   libcpmtd:xlock.obj
 0001:00010640       ?_Init_locks_ctor@_Init_locks@std@@CAXPAV12@@Z 00411640 f   libcpmtd:xlock.obj
 0001:000106a0       ?_Init_locks_dtor@_Init_locks@std@@CAXPAV12@@Z 004116a0 f   libcpmtd:xlock.obj
 0001:00010700       ?_Lockit_ctor@_Lockit@std@@CAXPAV12@@Z 00411700 f   libcpmtd:xlock.obj
 0001:00010730       ?_Lockit_ctor@_Lockit@std@@CAXPAV12@H@Z 00411730 f   libcpmtd:xlock.obj
 0001:00010770       ?_Lockit_ctor@_Lockit@std@@SAXH@Z 00411770 f   libcpmtd:xlock.obj
 0001:000107b0       ?_Lockit_dtor@_Lockit@std@@CAXPAV12@@Z 004117b0 f   libcpmtd:xlock.obj
 0001:000107d0       ?_Lockit_dtor@_Lockit@std@@SAXH@Z 004117d0 f   libcpmtd:xlock.obj
 0001:00010810       __Lock_at_thread_exit_mutex 00411810 f   libcpmtd:xlock.obj
 0001:00010840       __Unlock_at_thread_exit_mutex 00411840 f   libcpmtd:xlock.obj
 0001:00010870       ?_Debug_message@std@@YAXPBG0I@Z 00411870 f   libcpmtd:stdthrow.obj
 0001:00010890       ?_Debug_message@std@@YAXPB_W0I@Z 00411890 f   libcpmtd:stdthrow.obj
 0001:000108d0       ??0bad_alloc@std@@QAE@ABV01@@Z 004118d0 f i libcpmtd:xthrow.obj
 0001:00010900       ??0bad_alloc@std@@QAE@XZ   00411900 f i libcpmtd:xthrow.obj
 0001:00010930       ??0bad_function_call@std@@QAE@ABV01@@Z 00411930 f i libcpmtd:xthrow.obj
 0001:00010960       ??0bad_function_call@std@@QAE@XZ 00411960 f i libcpmtd:xthrow.obj
 0001:00010990       ??0exception@std@@QAE@ABV01@@Z 00411990 f i libcpmtd:xthrow.obj
 0001:000109e0       ??0exception@std@@QAE@QBD@Z 004119e0 f i libcpmtd:xthrow.obj
 0001:00010a40       ??0exception@std@@QAE@QBDH@Z 00411a40 f i libcpmtd:xthrow.obj
 0001:00010a80       ??0exception@std@@QAE@XZ   00411a80 f i libcpmtd:xthrow.obj
 0001:00010ab0       ??0invalid_argument@std@@QAE@ABV01@@Z 00411ab0 f i libcpmtd:xthrow.obj
 0001:00010ae0       ??0invalid_argument@std@@QAE@PBD@Z 00411ae0 f i libcpmtd:xthrow.obj
 0001:00010b10       ??0length_error@std@@QAE@ABV01@@Z 00411b10 f i libcpmtd:xthrow.obj
 0001:00010b40       ??0length_error@std@@QAE@PBD@Z 00411b40 f i libcpmtd:xthrow.obj
 0001:00010b70       ??0logic_error@std@@QAE@ABV01@@Z 00411b70 f i libcpmtd:xthrow.obj
 0001:00010ba0       ??0logic_error@std@@QAE@PBD@Z 00411ba0 f i libcpmtd:xthrow.obj
 0001:00010bd0       ??0out_of_range@std@@QAE@ABV01@@Z 00411bd0 f i libcpmtd:xthrow.obj
 0001:00010c00       ??0out_of_range@std@@QAE@PBD@Z 00411c00 f i libcpmtd:xthrow.obj
 0001:00010c30       ??0overflow_error@std@@QAE@ABV01@@Z 00411c30 f i libcpmtd:xthrow.obj
 0001:00010c60       ??0overflow_error@std@@QAE@PBD@Z 00411c60 f i libcpmtd:xthrow.obj
 0001:00010c90       ??0regex_error@std@@QAE@ABV01@@Z 00411c90 f i libcpmtd:xthrow.obj
 0001:00010cd0       ??0regex_error@std@@QAE@W4error_type@regex_constants@1@@Z 00411cd0 f i libcpmtd:xthrow.obj
 0001:00010d20       ??0runtime_error@std@@QAE@ABV01@@Z 00411d20 f i libcpmtd:xthrow.obj
 0001:00010d50       ??0runtime_error@std@@QAE@PBD@Z 00411d50 f i libcpmtd:xthrow.obj
 0001:00010d80       ??1bad_alloc@std@@UAE@XZ   00411d80 f i libcpmtd:xthrow.obj
 0001:00010da0       ??1bad_function_call@std@@UAE@XZ 00411da0 f i libcpmtd:xthrow.obj
 0001:00010dc0       ??1exception@std@@UAE@XZ   00411dc0 f i libcpmtd:xthrow.obj
 0001:00010df0       ??1invalid_argument@std@@UAE@XZ 00411df0 f i libcpmtd:xthrow.obj
 0001:00010e10       ??1length_error@std@@UAE@XZ 00411e10 f i libcpmtd:xthrow.obj
 0001:00010e30       ??1logic_error@std@@UAE@XZ 00411e30 f i libcpmtd:xthrow.obj
 0001:00010e50       ??1out_of_range@std@@UAE@XZ 00411e50 f i libcpmtd:xthrow.obj
 0001:00010e70       ??1overflow_error@std@@UAE@XZ 00411e70 f i libcpmtd:xthrow.obj
 0001:00010e90       ??1regex_error@std@@UAE@XZ 00411e90 f i libcpmtd:xthrow.obj
 0001:00010eb0       ??1runtime_error@std@@UAE@XZ 00411eb0 f i libcpmtd:xthrow.obj
 0001:00010ed0       ??_Gbad_alloc@std@@UAEPAXI@Z 00411ed0 f i libcpmtd:xthrow.obj
 0001:00010ed0       ??_Ebad_alloc@std@@UAEPAXI@Z 00411ed0 f i libcpmtd:xthrow.obj
 0001:00010f10       ??_Gbad_function_call@std@@UAEPAXI@Z 00411f10 f i libcpmtd:xthrow.obj
 0001:00010f10       ??_Ebad_function_call@std@@UAEPAXI@Z 00411f10 f i libcpmtd:xthrow.obj
 0001:00010f50       ??_Eexception@std@@UAEPAXI@Z 00411f50 f i libcpmtd:xthrow.obj
 0001:00010f50       ??_Gexception@std@@UAEPAXI@Z 00411f50 f i libcpmtd:xthrow.obj
 0001:00010f90       ??_Einvalid_argument@std@@UAEPAXI@Z 00411f90 f i libcpmtd:xthrow.obj
 0001:00010f90       ??_Ginvalid_argument@std@@UAEPAXI@Z 00411f90 f i libcpmtd:xthrow.obj
 0001:00010fd0       ??_Glength_error@std@@UAEPAXI@Z 00411fd0 f i libcpmtd:xthrow.obj
 0001:00010fd0       ??_Elength_error@std@@UAEPAXI@Z 00411fd0 f i libcpmtd:xthrow.obj
 0001:00011010       ??_Glogic_error@std@@UAEPAXI@Z 00412010 f i libcpmtd:xthrow.obj
 0001:00011010       ??_Elogic_error@std@@UAEPAXI@Z 00412010 f i libcpmtd:xthrow.obj
 0001:00011050       ??_Gout_of_range@std@@UAEPAXI@Z 00412050 f i libcpmtd:xthrow.obj
 0001:00011050       ??_Eout_of_range@std@@UAEPAXI@Z 00412050 f i libcpmtd:xthrow.obj
 0001:00011090       ??_Eoverflow_error@std@@UAEPAXI@Z 00412090 f i libcpmtd:xthrow.obj
 0001:00011090       ??_Goverflow_error@std@@UAEPAXI@Z 00412090 f i libcpmtd:xthrow.obj
 0001:000110d0       ??_Eregex_error@std@@UAEPAXI@Z 004120d0 f i libcpmtd:xthrow.obj
 0001:000110d0       ??_Gregex_error@std@@UAEPAXI@Z 004120d0 f i libcpmtd:xthrow.obj
 0001:00011110       ??_Gruntime_error@std@@UAEPAXI@Z 00412110 f i libcpmtd:xthrow.obj
 0001:00011110       ??_Eruntime_error@std@@UAEPAXI@Z 00412110 f i libcpmtd:xthrow.obj
 0001:00011150       ?_Stringify@regex_error@std@@CAPBDW4error_type@regex_constants@2@@Z 00412150 f i libcpmtd:xthrow.obj
 0001:00011250       ?_Xbad_alloc@std@@YAXXZ    00412250 f   libcpmtd:xthrow.obj
 0001:00011280       ?_Xbad_function_call@std@@YAXXZ 00412280 f   libcpmtd:xthrow.obj
 0001:000112b0       ?_Xinvalid_argument@std@@YAXPBD@Z 004122b0 f   libcpmtd:xthrow.obj
 0001:000112e0       ?_Xlength_error@std@@YAXPBD@Z 004122e0 f   libcpmtd:xthrow.obj
 0001:00011310       ?_Xout_of_range@std@@YAXPBD@Z 00412310 f   libcpmtd:xthrow.obj
 0001:00011340       ?_Xoverflow_error@std@@YAXPBD@Z 00412340 f   libcpmtd:xthrow.obj
 0001:00011370       ?_Xregex_error@std@@YAXW4error_type@regex_constants@1@@Z 00412370 f   libcpmtd:xthrow.obj
 0001:000113a0       ?_Xruntime_error@std@@YAXPBD@Z 004123a0 f   libcpmtd:xthrow.obj
 0001:000113d0       ?what@bad_function_call@std@@UBEPBDXZ 004123d0 f i libcpmtd:xthrow.obj
 0001:000113f0       ?what@exception@std@@UBEPBDXZ 004123f0 f i libcpmtd:xthrow.obj
 0001:00011430       __Mtxdst                   00412430 f   libcpmtd:xmtx.obj
 0001:00011450       __Mtxinit                  00412450 f   libcpmtd:xmtx.obj
 0001:00011470       __Mtxlock                  00412470 f   libcpmtd:xmtx.obj
 0001:00011490       __Mtxunlock                00412490 f   libcpmtd:xmtx.obj
 0001:00011bb0       ___crtAcquireSRWLockExclusive 00412bb0 f   libcpmtd:winapisupp.obj
 0001:00011c00       ___crtCloseThreadpoolTimer 00412c00 f   libcpmtd:winapisupp.obj
 0001:00011c50       ___crtCloseThreadpoolWait  00412c50 f   libcpmtd:winapisupp.obj
 0001:00011ca0       ___crtCloseThreadpoolWork  00412ca0 f   libcpmtd:winapisupp.obj
 0001:00011cf0       ___crtCreateEventExW       00412cf0 f   libcpmtd:winapisupp.obj
 0001:00011d70       ___crtCreateSemaphoreExW   00412d70 f   libcpmtd:winapisupp.obj
 0001:00011e20       ___crtCreateSymbolicLinkW  00412e20 f   libcpmtd:winapisupp.obj
 0001:00011e80       ___crtCreateThreadpoolTimer 00412e80 f   libcpmtd:winapisupp.obj
 0001:00011ee0       ___crtCreateThreadpoolWait 00412ee0 f   libcpmtd:winapisupp.obj
 0001:00011f40       ___crtCreateThreadpoolWork 00412f40 f   libcpmtd:winapisupp.obj
 0001:00011f90       ___crtFlsAlloc             00412f90 f   libcpmtd:winapisupp.obj
 0001:00011fe0       ___crtFlsFree              00412fe0 f   libcpmtd:winapisupp.obj
 0001:00012040       ___crtFlsGetValue          00413040 f   libcpmtd:winapisupp.obj
 0001:000120a0       ___crtFlsSetValue          004130a0 f   libcpmtd:winapisupp.obj
 0001:00012100       ___crtFlushProcessWriteBuffers 00413100 f   libcpmtd:winapisupp.obj
 0001:00012150       ___crtFreeLibraryWhenCallbackReturns 00413150 f   libcpmtd:winapisupp.obj
 0001:000121a0       ___crtGetCurrentProcessorNumber 004131a0 f   libcpmtd:winapisupp.obj
 0001:000121f0       ___crtGetFileInformationByHandleEx 004131f0 f   libcpmtd:winapisupp.obj
 0001:00012260       ___crtGetSystemTimePreciseAsFileTime 00413260 f   libcpmtd:winapisupp.obj
 0001:000122c0       ___crtGetTickCount64       004132c0 f   libcpmtd:winapisupp.obj
 0001:00012310       ___crtInitOnceExecuteOnce  00413310 f   libcpmtd:winapisupp.obj
 0001:00012470       ___crtInitializeConditionVariable 00413470 f   libcpmtd:winapisupp.obj
 0001:000124c0       ___crtInitializeCriticalSectionEx 004134c0 f   libcpmtd:winapisupp.obj
 0001:00012530       ___crtInitializeSRWLock    00413530 f   libcpmtd:winapisupp.obj
 0001:00012580       ___crtIsPackagedApp        00413580 f   libcpmtd:winapisupp.obj
 0001:000125d0       ___crtReleaseSRWLockExclusive 004135d0 f   libcpmtd:winapisupp.obj
 0001:00012620       ___crtSetFileInformationByHandle 00413620 f   libcpmtd:winapisupp.obj
 0001:00012690       ___crtSetThreadpoolTimer   00413690 f   libcpmtd:winapisupp.obj
 0001:000126f0       ___crtSetThreadpoolWait    004136f0 f   libcpmtd:winapisupp.obj
 0001:00012740       ___crtSleepConditionVariableCS 00413740 f   libcpmtd:winapisupp.obj
 0001:00012790       ___crtSleepConditionVariableSRW 00413790 f   libcpmtd:winapisupp.obj
 0001:000127f0       ___crtSubmitThreadpoolWork 004137f0 f   libcpmtd:winapisupp.obj
 0001:00012840       ___crtTryAcquireSRWLockExclusive 00413840 f   libcpmtd:winapisupp.obj
 0001:00012890       ___crtWaitForThreadpoolTimerCallbacks 00413890 f   libcpmtd:winapisupp.obj
 0001:000128e0       ___crtWakeAllConditionVariable 004138e0 f   libcpmtd:winapisupp.obj
 0001:00012930       ___crtWakeConditionVariable 00413930 f   libcpmtd:winapisupp.obj
 0001:00012980       ___crt_IsPackagedAppHelper 00413980 f   libcpmtd:winapisupp.obj
 0001:000129f0       ??0CBrowserTab@@QAE@XZ     004139f0 f   TroyControls_d:TroyControls_d.dll
 0001:000129f6       ??1CBrowserTab@@UAE@XZ     004139f6 f   TroyControls_d:TroyControls_d.dll
 0001:000129fc       ?SelectTab@CBrowserTabBar@@QAEXH@Z 004139fc f   TroyControls_d:TroyControls_d.dll
 0001:00012a02       ?CloseTab@CBrowserTabBar@@QAEXPAVCBrowserTab@@H@Z 00413a02 f   TroyControls_d:TroyControls_d.dll
 0001:00012a08       ?DoEvent@CBrowserTab@@UAEXAAUtagTEventUI@DuiLib@@@Z 00413a08 f   TroyControls_d:TroyControls_d.dll
 0001:00012a0e       ?DoInit@CBrowserTab@@UAEXXZ 00413a0e f   TroyControls_d:TroyControls_d.dll
 0001:00012a14       ?DoPaint@CBrowserTab@@UAEXPAUHDC__@@ABUtagRECT@@@Z 00413a14 f   TroyControls_d:TroyControls_d.dll
 0001:00012a1a       ?DoPostPaint@CBrowserTab@@UAEXPAUHDC__@@ABUtagRECT@@@Z 00413a1a f   TroyControls_d:TroyControls_d.dll
 0001:00012a20       ?GetClass@CBrowserTab@@UBEPB_WXZ 00413a20 f   TroyControls_d:TroyControls_d.dll
 0001:00012a26       ?GetInterface@CBrowserTab@@UAEPAXPB_W@Z 00413a26 f   TroyControls_d:TroyControls_d.dll
 0001:00012a2c       ?PaintStatusImage@CBrowserTab@@UAEXPAUHDC__@@@Z 00413a2c f   TroyControls_d:TroyControls_d.dll
 0001:00012a32       ?SetAttribute@CBrowserTab@@UAEXPB_W0@Z 00413a32 f   TroyControls_d:TroyControls_d.dll
 0001:00012a40       ??_M@YGXPAXIHP6EX0@Z@Z     00413a40 f   LIBCMTD:ehvecdtr.obj
 0001:00012a70       ??_M@YGXPAXIIP6EX0@Z@Z     00413a70 f   LIBCMTD:ehvecdtr.obj
 0001:00012ba0       ?__ArrayUnwind@@YGXPAXIIP6EX0@Z@Z 00413ba0 f   LIBCMTD:ehvecdtr.obj
 0001:00012c70       ??2@YAPAXI@Z               00413c70 f   LIBCMTD:new_scalar.obj
 0001:00012cd0       ??3@YAXPAX@Z               00413cd0 f   LIBCMTD:delete_scalar.obj
 0001:00012cf0       ??3@YAXPAXI@Z              00413cf0 f   LIBCMTD:delete_scalar_size.obj
 0001:00012d10       ??$__crt_fast_decode_pointer@PAP6AXXZ@@YAPAP6AXXZQAP6AXXZ@Z 00413d10 f i LIBCMTD:utility.obj
 0001:00012d40       ??$__crt_fast_encode_pointer@PAP6AXXZ@@YAPAP6AXXZQAP6AXXZ@Z 00413d40 f i LIBCMTD:utility.obj
 0001:00012d80       ?__crt_rotate_pointer_value@@YAIIH@Z 00413d80 f i LIBCMTD:utility.obj
 0001:00012d90       ?configure_argv@__scrt_narrow_argv_policy@@SAHXZ 00413d90 f i LIBCMTD:utility.obj
 0001:00012e60       ?initialize_environment@__scrt_narrow_environment_policy@@SAHXZ 00413e60 f i LIBCMTD:utility.obj
 0001:00012f00       _NtCurrentTeb              00413f00 f i LIBCMTD:utility.obj
 0001:00012f10       ___scrt_acquire_startup_lock 00413f10 f   LIBCMTD:utility.obj
 0001:00012f70       ___scrt_dllmain_after_initialize_c 00413f70 f   LIBCMTD:utility.obj
 0001:00012fb0       ___scrt_dllmain_before_initialize_c 00413fb0 f   LIBCMTD:utility.obj
 0001:00012fe0       ___scrt_dllmain_crt_thread_attach 00413fe0 f   LIBCMTD:utility.obj
 0001:00013020       ___scrt_dllmain_crt_thread_detach 00414020 f   LIBCMTD:utility.obj
 0001:00013040       ___scrt_dllmain_exception_filter 00414040 f   LIBCMTD:utility.obj
 0001:000130a0       ___scrt_dllmain_uninitialize_c 004140a0 f   LIBCMTD:utility.obj
 0001:000130e0       ___scrt_dllmain_uninitialize_critical 004140e0 f   LIBCMTD:utility.obj
 0001:00013100       ___scrt_initialize_crt     00414100 f   LIBCMTD:utility.obj
 0001:00013160       ___scrt_initialize_onexit_tables 00414160 f   LIBCMTD:utility.obj
 0001:00013280       ___scrt_is_nonwritable_in_current_image 00414280 f   LIBCMTD:utility.obj
 0001:00013400       ___scrt_release_startup_lock 00414400 f   LIBCMTD:utility.obj
 0001:00013430       ___scrt_uninitialize_crt   00414430 f   LIBCMTD:utility.obj
 0001:00013480       __onexit                   00414480 f   LIBCMTD:utility.obj
 0001:00013510       _at_quick_exit             00414510 f   LIBCMTD:utility.obj
 0001:00013570       _atexit                    00414570 f   LIBCMTD:utility.obj
 0001:000135b0       @_RTC_AllocaHelper@12      004145b0 f   LIBCMTD:_stack_.obj
 0001:000135f0       @_RTC_CheckStackVars2@12   004145f0 f   LIBCMTD:_stack_.obj
 0001:00013700       @_RTC_CheckStackVars@8     00414700 f   LIBCMTD:_stack_.obj
 0001:00013770       __RTC_CheckEsp             00414770 f   LIBCMTD:_stack_.obj
 0001:000137b0       @__security_check_cookie@4 004147b0 f   LIBCMTD:_secchk_.obj
 0001:000137d0       __CRT_RTC_INIT             004147d0 f   LIBCMTD:_init_.obj
 0001:000137e0       __CRT_RTC_INITW            004147e0 f   LIBCMTD:_init_.obj
 0001:000137f0       __RTC_InitBase             004147f0 f   LIBCMTD:_init_.obj
 0001:00013830       __RTC_Shutdown             00414830 f   LIBCMTD:_init_.obj
 0001:00013850       ??1type_info@@UAE@XZ       00414850 f   LIBCMTD:std_type_info_static.obj
 0001:00013870       ??_Gtype_info@@UAEPAXI@Z   00414870 f i LIBCMTD:std_type_info_static.obj
 0001:00013870       ??_Etype_info@@UAEPAXI@Z   00414870 f i LIBCMTD:std_type_info_static.obj
 0001:00013c90       ?set_app_type@__scrt_winmain_policy@@SAXXZ 00414c90 f i LIBCMTD:exe_winmain.obj
 0001:00013cb0       ?set_commode@__scrt_file_policy@@SAXXZ 00414cb0 f i LIBCMTD:exe_winmain.obj
 0001:00013cd0       ?set_fmode@__scrt_file_policy@@SAXXZ 00414cd0 f i LIBCMTD:exe_winmain.obj
 0001:00013cf0       _WinMainCRTStartup         00414cf0 f   LIBCMTD:exe_winmain.obj
 0001:00013d00       @_guard_check_icall@4      00414d00 f i LIBCMTD:checkcfg.obj
 0001:00013d20       ??0bad_alloc@std@@AAE@QBD@Z 00414d20 f i LIBCMTD:throw_bad_alloc.obj
 0001:00013d50       ??0bad_array_new_length@std@@QAE@ABV01@@Z 00414d50 f i LIBCMTD:throw_bad_alloc.obj
 0001:00013d80       ??0bad_array_new_length@std@@QAE@XZ 00414d80 f i LIBCMTD:throw_bad_alloc.obj
 0001:00013db0       ??1bad_array_new_length@std@@UAE@XZ 00414db0 f i LIBCMTD:throw_bad_alloc.obj
 0001:00013dd0       ??_Gbad_array_new_length@std@@UAEPAXI@Z 00414dd0 f i LIBCMTD:throw_bad_alloc.obj
 0001:00013dd0       ??_Ebad_array_new_length@std@@UAEPAXI@Z 00414dd0 f i LIBCMTD:throw_bad_alloc.obj
 0001:00013e10       ?__scrt_throw_std_bad_alloc@@YAXXZ 00414e10 f   LIBCMTD:throw_bad_alloc.obj
 0001:00013e40       ?__scrt_throw_std_bad_array_new_length@@YAXXZ 00414e40 f   LIBCMTD:throw_bad_alloc.obj
 0001:00013e70       ___isa_available_init      00414e70 f   LIBCMTD:_cpu_disp_.obj
 0001:00014200       __get_startup_argv_mode    00415200 f   LIBCMTD:argv_mode.obj
 0001:00014210       ___scrt_is_ucrt_dll_in_use 00415210 f   LIBCMTD:ucrt_detection.obj
 0001:00014240       ___scrt_fastfail           00415240 f   LIBCMTD:utility_desktop.obj
 0001:000143d0       ___scrt_get_show_window_mode 004153d0 f   LIBCMTD:utility_desktop.obj
 0001:00014420       ___scrt_initialize_winrt   00415420 f   LIBCMTD:utility_desktop.obj
 0001:00014430       ___scrt_is_managed_app     00415430 f   LIBCMTD:utility_desktop.obj
 0001:000144e0       ___scrt_set_unhandled_exception_filter 004154e0 f   LIBCMTD:utility_desktop.obj
 0001:00014500       ___scrt_unhandled_exception_filter@4 00415500 f   LIBCMTD:utility_desktop.obj
 0001:00014580       __crt_debugger_hook        00415580 f   LIBCMTD:utility_desktop.obj
 0001:000145a0       ??$__vcrt_va_start_verify_argument_type@QBD@@YAXXZ 004155a0 f i LIBCMTD:_error_.obj
 0001:00014750       ?_RTC_AllocaFailure@@YAXPAXPAU_RTC_ALLOCA_NODE@@H@Z 00415750 f   LIBCMTD:_error_.obj
 0001:00014870       ?_RTC_Failure@@YAXPAXH@Z   00415870 f   LIBCMTD:_error_.obj
 0001:000148e0       ?_RTC_StackFailure@@YAXPAXPBD@Z 004158e0 f   LIBCMTD:_error_.obj
 0001:00014d00       __RTC_UninitUse            00415d00 f   LIBCMTD:_error_.obj
 0001:00014de0       ___local_stdio_printf_options 00415de0 f i LIBCMTD:_error_.obj
 0001:00014df0       __vsprintf_s_l             00415df0 f i LIBCMTD:_error_.obj
 0001:00014e30       _sprintf_s                 00415e30 f i LIBCMTD:_error_.obj
 0001:00014e60       ___raise_securityfailure   00415e60 f   LIBCMTD:gs_report.obj
 0001:00014ea0       ___report_gsfailure        00415ea0 f   LIBCMTD:gs_report.obj
 0001:00014ff0       ___report_rangecheckfailure 00415ff0 f   LIBCMTD:gs_report.obj
 0001:00015000       ___report_securityfailure  00416000 f   LIBCMTD:gs_report.obj
 0001:00015110       ___report_securityfailureEx 00416110 f   LIBCMTD:gs_report.obj
 0001:00015280       ?_RTC_GetErrorFunc@@YAP6AHHPBDH00ZZPBX@Z 00416280 f   LIBCMTD:_userapi_.obj
 0001:00015290       ?_RTC_GetErrorFuncW@@YAP6AHHPB_WH00ZZPBX@Z 00416290 f   LIBCMTD:_userapi_.obj
 0001:000152a0       __RTC_GetErrDesc           004162a0 f   LIBCMTD:_userapi_.obj
 0001:000152c0       __RTC_NumErrors            004162c0 f   LIBCMTD:_userapi_.obj
 0001:000152d0       __RTC_SetErrorFunc         004162d0 f   LIBCMTD:_userapi_.obj
 0001:00015300       __RTC_SetErrorFuncW        00416300 f   LIBCMTD:_userapi_.obj
 0001:00015330       __RTC_SetErrorType         00416330 f   LIBCMTD:_userapi_.obj
 0001:000153f0       ___security_init_cookie    004163f0 f   LIBCMTD:gs_support.obj
 0001:00015490       __matherr                  00416490 f   LIBCMTD:matherr.obj
 0001:000154a0       __get_startup_commit_mode  004164a0 f   LIBCMTD:commit_mode.obj
 0001:000154b0       __get_startup_file_mode    004164b0 f   LIBCMTD:file_mode.obj
 0001:000154c0       __get_startup_new_mode     004164c0 f   LIBCMTD:new_mode.obj
 0001:000154d0       __get_startup_thread_locale_mode 004164d0 f   LIBCMTD:thread_locale.obj
 0001:000154e0       ?__scrt_initialize_type_info@@YAXXZ 004164e0 f   LIBCMTD:tncleanup.obj
 0001:00015500       ?__scrt_uninitialize_type_info@@YAXXZ 00416500 f   LIBCMTD:tncleanup.obj
 0001:00015520       __should_initialize_environment 00416520 f   LIBCMTD:env_mode.obj
 0001:00015530       __initialize_default_precision 00416530 f   LIBCMTD:default_precision.obj
 0001:00015560       __initialize_invalid_parameter_handler 00416560 f   LIBCMTD:invalid_parameter_handler.obj
 0001:00015570       __initialize_denormal_control 00416570 f   LIBCMTD:denormal_control.obj
 0001:00015580       ___local_stdio_scanf_options 00416580 f i LIBCMTD:default_local_stdio_options.obj
 0001:00015590       ___scrt_initialize_default_local_stdio_options 00416590 f   LIBCMTD:default_local_stdio_options.obj
 0001:000155e0       ___scrt_is_user_matherr_present 004165e0 f   LIBCMTD:matherr_detection.obj
 0001:00015610       ___scrt_get_dyn_tls_init_callback 00416610 f   LIBCMTD:dyn_tls_init.obj
 0001:00015620       ___scrt_get_dyn_tls_dtor_callback 00416620 f   LIBCMTD:dyn_tls_dtor.obj
 0001:00015630       __RTC_Initialize           00416630 f   LIBCMTD:_initsect_.obj
 0001:00015670       __RTC_Terminate            00416670 f   LIBCMTD:_initsect_.obj
 0001:000156b0       @_guard_check_icall_nop@4  004166b0 f i LIBCMTD:guard_support.obj
 0001:000156c0       _ReadNoFence               004166c0 f i LIBCMTD:guard_support.obj
 0001:000156e0       _ReadPointerNoFence        004166e0 f i LIBCMTD:guard_support.obj
 0001:00015700       __guard_icall_checks_enforced 00416700 f i LIBCMTD:guard_support.obj
 0001:00015d00       ?_RTC_GetSrcLine@@YAHPAEPA_WKPAH1K@Z 00416d00 f   LIBCMTD:_pdblkup_.obj
 0001:00016120       _memmove                   00417120 f   libvcruntimed:memmove.obj
 0001:00016800       __CxxThrowException@8      00417800 f   libvcruntimed:throw.obj
 0001:000168e0       ?_CallCatchBlock2@@YAPAXPAUEHRegistrationNode@@PBU_s_FuncInfo@@PAXHK@Z 004178e0 f   libvcruntimed:trnsctrl.obj
 0001:00016970       ?_CallSETranslator@@YAHPAUEHExceptionRecord@@PAUEHRegistrationNode@@PAX2PBU_s_FuncInfo@@H1@Z 00417970 f   libvcruntimed:trnsctrl.obj
 0001:00016aa0       ?_GetRangeOfTrysToCheck@@YAPBU_s_TryBlockMapEntry@@PBU_s_FuncInfo@@HHPAI1@Z 00417aa0 f   libvcruntimed:trnsctrl.obj
 0001:00016ba0       ?_JumpToContinuation@@YGXPAXPAUEHRegistrationNode@@@Z 00417ba0 f   libvcruntimed:trnsctrl.obj
 0001:00016be0       ?_UnwindNestedFrames@@YGXPAUEHRegistrationNode@@PAUEHExceptionRecord@@@Z 00417be0 f   libvcruntimed:trnsctrl.obj
 0001:00016c50       __CatchGuardHandler        00417c50 f   libvcruntimed:trnsctrl.obj
 0001:00016cb0       __CreateFrameInfo          00417cb0 f   libvcruntimed:trnsctrl.obj
 0001:00016cf0       __FindAndUnlinkFrame       00417cf0 f   libvcruntimed:trnsctrl.obj
 0001:00016d80       __TranslatorGuardHandler   00417d80 f   libvcruntimed:trnsctrl.obj
 0001:00016e60       ___CxxFrameHandler         00417e60 f   libvcruntimed:trnsctrl.obj
 0001:00016eb0       ___CxxFrameHandler2        00417eb0 f   libvcruntimed:trnsctrl.obj
 0001:00016f00       ___CxxFrameHandler3        00417f00 f   libvcruntimed:trnsctrl.obj
 0001:00016f50       ___CxxLongjmpUnwind@4      00417f50 f   libvcruntimed:trnsctrl.obj
 0001:00016fa0       _memset                    00417fa0 f   libvcruntimed:memset.obj
 0001:00017150       ??$?RD@__crt_public_free_policy@@QBEXQBD@Z 00418150 f i libvcruntimed:std_exception.obj
 0001:00017170       ??0?$__crt_unique_heap_ptr@DU__crt_public_free_policy@@@@QAE@QAD@Z 00418170 f i libvcruntimed:std_exception.obj
 0001:00017190       ??1?$__crt_unique_heap_ptr@DU__crt_public_free_policy@@@@QAE@XZ 00418190 f i libvcruntimed:std_exception.obj
 0001:000171b0       ??B?$__crt_unique_heap_ptr@DU__crt_public_free_policy@@@@QBE_NXZ 004181b0 f i libvcruntimed:std_exception.obj
 0001:000171d0       ?detach@?$__crt_unique_heap_ptr@DU__crt_public_free_policy@@@@QAEPADXZ 004181d0 f i libvcruntimed:std_exception.obj
 0001:00017200       ?get@?$__crt_unique_heap_ptr@DU__crt_public_free_policy@@@@QBEPADXZ 00418200 f i libvcruntimed:std_exception.obj
 0001:00017220       ?is_valid@?$__crt_unique_heap_ptr@DU__crt_public_free_policy@@@@QBE_NXZ 00418220 f i libvcruntimed:std_exception.obj
 0001:00017260       ?release@?$__crt_unique_heap_ptr@DU__crt_public_free_policy@@@@QAEXXZ 00418260 f i libvcruntimed:std_exception.obj
 0001:00017290       ___std_exception_copy      00418290 f   libvcruntimed:std_exception.obj
 0001:000173b0       ___std_exception_destroy   004183b0 f   libvcruntimed:std_exception.obj
 0001:00017470       __except_handler4          00418470 f   libvcruntimed:_chandler4_.obj
 0001:000176c0       ___vcrt_initialize         004186c0 f   libvcruntimed:initialization.obj
 0001:00017710       ___vcrt_thread_attach      00418710 f   libvcruntimed:initialization.obj
 0001:00017730       ___vcrt_thread_detach      00418730 f   libvcruntimed:initialization.obj
 0001:00017750       ___vcrt_uninitialize       00418750 f   libvcruntimed:initialization.obj
 0001:00017780       ___vcrt_uninitialize_critical 00418780 f   libvcruntimed:initialization.obj
 0001:000177e0       ??$?RD@__crt_internal_free_policy@@QBEXQBD@Z 004187e0 f i libvcruntimed:std_type_info.obj
 0001:00017810       ??$?RX@__crt_internal_free_policy@@QBEXQBX@Z 00418810 f i libvcruntimed:std_type_info.obj
 0001:00017840       ??$__crt_interlocked_compare_exchange_pointer@$$CBDPAD$$T@@YAPBDPDSBDQAD$$T@Z 00418840 f i libvcruntimed:std_type_info.obj
 0001:00017860       ??$__crt_interlocked_read_pointer@$$CBD@@YAPBDPDSBD@Z 00418860 f i libvcruntimed:std_type_info.obj
 0001:00017880       ??0?$__crt_unique_heap_ptr@DU__crt_internal_free_policy@@@@QAE@QAD@Z 00418880 f i libvcruntimed:std_type_info.obj
 0001:000178a0       ??0?$__crt_unique_heap_ptr@XU__crt_internal_free_policy@@@@QAE@QAX@Z 004188a0 f i libvcruntimed:std_type_info.obj
 0001:000178c0       ??1?$__crt_unique_heap_ptr@DU__crt_internal_free_policy@@@@QAE@XZ 004188c0 f i libvcruntimed:std_type_info.obj
 0001:000178e0       ??1?$__crt_unique_heap_ptr@XU__crt_internal_free_policy@@@@QAE@XZ 004188e0 f i libvcruntimed:std_type_info.obj
 0001:00017940       ??B?$__crt_unique_heap_ptr@DU__crt_internal_free_policy@@@@QBE_NXZ 00418940 f i libvcruntimed:std_type_info.obj
 0001:00017960       ??B?$__crt_unique_heap_ptr@XU__crt_internal_free_policy@@@@QBE_NXZ 00418960 f i libvcruntimed:std_type_info.obj
 0001:000179e0       ?__crt_interlocked_read_32@@YAHPDH@Z 004189e0 f i libvcruntimed:std_type_info.obj
 0001:00017a00       ?detach@?$__crt_unique_heap_ptr@XU__crt_internal_free_policy@@@@QAEPAXXZ 00418a00 f i libvcruntimed:std_type_info.obj
 0001:00017a30       ?get@?$__crt_unique_heap_ptr@DU__crt_internal_free_policy@@@@QBEPADXZ 00418a30 f i libvcruntimed:std_type_info.obj
 0001:00017a50       ?get@?$__crt_unique_heap_ptr@XU__crt_internal_free_policy@@@@QBEPAXXZ 00418a50 f i libvcruntimed:std_type_info.obj
 0001:00017a70       ?is_valid@?$__crt_unique_heap_ptr@DU__crt_internal_free_policy@@@@QBE_NXZ 00418a70 f i libvcruntimed:std_type_info.obj
 0001:00017ab0       ?is_valid@?$__crt_unique_heap_ptr@XU__crt_internal_free_policy@@@@QBE_NXZ 00418ab0 f i libvcruntimed:std_type_info.obj
 0001:00017af0       ?release@?$__crt_unique_heap_ptr@DU__crt_internal_free_policy@@@@QAEXXZ 00418af0 f i libvcruntimed:std_type_info.obj
 0001:00017b20       ?release@?$__crt_unique_heap_ptr@XU__crt_internal_free_policy@@@@QAEXXZ 00418b20 f i libvcruntimed:std_type_info.obj
 0001:00017b50       ___std_type_info_compare   00418b50 f   libvcruntimed:std_type_info.obj
 0001:00017b80       ___std_type_info_destroy_list 00418b80 f   libvcruntimed:std_type_info.obj
 0001:00017bd0       ___std_type_info_hash      00418bd0 f   libvcruntimed:std_type_info.obj
 0001:00017c40       ___std_type_info_name      00418c40 f   libvcruntimed:std_type_info.obj
 0001:00017e90       ___vcrt_GetModuleFileNameW 00418e90 f   libvcruntimed:winapi_thunks.obj
 0001:00017eb0       ___vcrt_GetModuleHandleW   00418eb0 f   libvcruntimed:winapi_thunks.obj
 0001:00017ed0       ___vcrt_LoadLibraryExW     00418ed0 f   libvcruntimed:winapi_thunks.obj
 0001:00017ef0       ??$?RU__vcrt_ptd@@@__crt_internal_free_policy@@QBEXQBU__vcrt_ptd@@@Z 00418ef0 f i libvcruntimed:per_thread_data.obj
 0001:00017f20       ??0?$__crt_unique_heap_ptr@U__vcrt_ptd@@U__crt_internal_free_policy@@@@QAE@QAU__vcrt_ptd@@@Z 00418f20 f i libvcruntimed:per_thread_data.obj
 0001:00017f60       ??1?$__crt_unique_heap_ptr@U__vcrt_ptd@@U__crt_internal_free_policy@@@@QAE@XZ 00418f60 f i libvcruntimed:per_thread_data.obj
 0001:00017fa0       ??B?$__crt_unique_heap_ptr@U__vcrt_ptd@@U__crt_internal_free_policy@@@@QBE_NXZ 00418fa0 f i libvcruntimed:per_thread_data.obj
 0001:00017fc0       ?detach@?$__crt_unique_heap_ptr@U__vcrt_ptd@@U__crt_internal_free_policy@@@@QAEPAU__vcrt_ptd@@XZ 00418fc0 f i libvcruntimed:per_thread_data.obj
[...]
 0004:000001e4       __imp_?OnChar@WindowImplBase@DuiLib@@UAEJIIJAAH@Z 004d41e4     DuiLib_d:DuiLib_d.dll
 0004:000001e8       __imp_?OnClose@WindowImplBase@DuiLib@@UAEJIIJAAH@Z 004d41e8     DuiLib_d:DuiLib_d.dll
 0004:000001ec       __imp_?OnCreate@WindowImplBase@DuiLib@@UAEJIIJAAH@Z 004d41ec     DuiLib_d:DuiLib_d.dll
 0004:000001f0       __imp_?OnDestroy@WindowImplBase@DuiLib@@UAEJIIJAAH@Z 004d41f0     DuiLib_d:DuiLib_d.dll
 0004:000001f4       __imp_?OnGetMinMaxInfo@WindowImplBase@DuiLib@@UAEJIIJAAH@Z 004d41f4     DuiLib_d:DuiLib_d.dll
 0004:000001f8       __imp_?OnKeyDown@WindowImplBase@DuiLib@@UAEJIIJAAH@Z 004d41f8     DuiLib_d:DuiLib_d.dll
 0004:000001fc       __imp_?OnKillFocus@WindowImplBase@DuiLib@@UAEJIIJAAH@Z 004d41fc     DuiLib_d:DuiLib_d.dll
 0004:00000200       __imp_?OnLButtonDown@WindowImplBase@DuiLib@@UAEJIIJAAH@Z 004d4200     DuiLib_d:DuiLib_d.dll
 0004:00000204       __imp_?OnLButtonUp@WindowImplBase@DuiLib@@UAEJIIJAAH@Z 004d4204     DuiLib_d:DuiLib_d.dll
 0004:00000208       __imp_?OnMouseHover@WindowImplBase@DuiLib@@UAEJIIJAAH@Z 004d4208     DuiLib_d:DuiLib_d.dll
 0004:0000020c       __imp_?OnMouseMove@WindowImplBase@DuiLib@@UAEJIIJAAH@Z 004d420c     DuiLib_d:DuiLib_d.dll
 0004:00000210       __imp_?OnMouseWheel@WindowImplBase@DuiLib@@UAEJIIJAAH@Z 004d4210     DuiLib_d:DuiLib_d.dll
 0004:00000214       __imp_?OnNcActivate@WindowImplBase@DuiLib@@UAEJIIJAAH@Z 004d4214     DuiLib_d:DuiLib_d.dll
 0004:00000218       __imp_?OnNcCalcSize@WindowImplBase@DuiLib@@UAEJIIJAAH@Z 004d4218     DuiLib_d:DuiLib_d.dll
 0004:0000021c       __imp_?OnNcHitTest@WindowImplBase@DuiLib@@UAEJIIJAAH@Z 004d421c     DuiLib_d:DuiLib_d.dll
 0004:00000220       __imp_?OnNcPaint@WindowImplBase@DuiLib@@UAEJIIJAAH@Z 004d4220     DuiLib_d:DuiLib_d.dll
 0004:00000224       __imp_?OnSetFocus@WindowImplBase@DuiLib@@UAEJIIJAAH@Z 004d4224     DuiLib_d:DuiLib_d.dll
 0004:00000228       __imp_?OnSize@WindowImplBase@DuiLib@@UAEJIIJAAH@Z 004d4228     DuiLib_d:DuiLib_d.dll
 0004:0000022c       __imp_?PaintBkColor@CControlUI@DuiLib@@UAEXPAUHDC__@@@Z 004d422c     DuiLib_d:DuiLib_d.dll
 0004:00000230       __imp_?PaintBkColor@COptionUI@DuiLib@@UAEXPAUHDC__@@@Z 004d4230     DuiLib_d:DuiLib_d.dll
 0004:00000234       __imp_?PaintBkImage@CControlUI@DuiLib@@UAEXPAUHDC__@@@Z 004d4234     DuiLib_d:DuiLib_d.dll
 0004:00000238       __imp_?PaintBorder@CControlUI@DuiLib@@UAEXPAUHDC__@@@Z 004d4238     DuiLib_d:DuiLib_d.dll
 0004:0000023c       __imp_?PaintForeColor@CControlUI@DuiLib@@UAEXPAUHDC__@@@Z 004d423c     DuiLib_d:DuiLib_d.dll
 0004:00000240       __imp_?PaintForeImage@CControlUI@DuiLib@@UAEXPAUHDC__@@@Z 004d4240     DuiLib_d:DuiLib_d.dll
 0004:00000244       __imp_?PaintForeImage@COptionUI@DuiLib@@UAEXPAUHDC__@@@Z 004d4244     DuiLib_d:DuiLib_d.dll
 0004:00000248       __imp_?PaintStatusImage@CControlUI@DuiLib@@UAEXPAUHDC__@@@Z 004d4248     DuiLib_d:DuiLib_d.dll
 0004:0000024c       __imp_?PaintText@CControlUI@DuiLib@@UAEXPAUHDC__@@@Z 004d424c     DuiLib_d:DuiLib_d.dll
 0004:00000250       __imp_?PaintText@COptionUI@DuiLib@@UAEXPAUHDC__@@@Z 004d4250     DuiLib_d:DuiLib_d.dll
 0004:00000254       __imp_?QueryControlText@WindowImplBase@DuiLib@@UAEPB_WPB_W0@Z 004d4254     DuiLib_d:DuiLib_d.dll
 0004:00000258       __imp_?ReleaseControl@CWebBrowserUI@DuiLib@@MAEXXZ 004d4258     DuiLib_d:DuiLib_d.dll
 0004:0000025c       __imp_?ResponseDefaultKeyEvent@WindowImplBase@DuiLib@@MAEJI@Z 004d425c     DuiLib_d:DuiLib_d.dll
 0004:00000260       __imp_?Selected@COptionUI@DuiLib@@UAEX_N@Z 004d4260     DuiLib_d:DuiLib_d.dll
 0004:00000264       __imp_?SetAttribute@CWebBrowserUI@DuiLib@@MAEXPB_W0@Z 004d4264     DuiLib_d:DuiLib_d.dll
 0004:00000268       __imp_?SetAutoCalcWidth@CLabelUI@DuiLib@@UAEX_N@Z 004d4268     DuiLib_d:DuiLib_d.dll
 0004:0000026c       __imp_?SetContextMenuUsed@CControlUI@DuiLib@@UAEX_N@Z 004d426c     DuiLib_d:DuiLib_d.dll
 0004:00000270       __imp_?SetCursor@CControlUI@DuiLib@@UAEXG@Z 004d4270     DuiLib_d:DuiLib_d.dll
 0004:00000274       __imp_?SetDelayCreate@CActiveXUI@DuiLib@@UAEX_N@Z 004d4274     DuiLib_d:DuiLib_d.dll
 0004:00000278       __imp_?SetDisabledImage@CButtonUI@DuiLib@@UAEXPB_W@Z 004d4278     DuiLib_d:DuiLib_d.dll
 0004:0000027c       __imp_?SetDragEnable@CControlUI@DuiLib@@UAEX_N@Z 004d427c     DuiLib_d:DuiLib_d.dll
 0004:00000280       __imp_?SetDropEnable@CControlUI@DuiLib@@UAEX_N@Z 004d4280     DuiLib_d:DuiLib_d.dll
 0004:00000284       __imp_?messageMap@WindowImplBase@DuiLib@@1UDUI_MSGMAP@2@B 004d4284     DuiLib_d:DuiLib_d.dll
 0004:00000288       __imp_?SetEnabled@COptionUI@DuiLib@@UAEX_N@Z 004d4288     DuiLib_d:DuiLib_d.dll
 0004:0000028c       __imp_?SetFixedHeight@CControlUI@DuiLib@@UAEXH@Z 004d428c     DuiLib_d:DuiLib_d.dll
 0004:00000290       __imp_?SetFixedWidth@CControlUI@DuiLib@@UAEXH@Z 004d4290     DuiLib_d:DuiLib_d.dll
 0004:00000294       __imp_?SetFixedXY@CControlUI@DuiLib@@UAEXUtagSIZE@@@Z 004d4294     DuiLib_d:DuiLib_d.dll
 0004:00000298       __imp_?SetFloat@CControlUI@DuiLib@@UAEX_N@Z 004d4298     DuiLib_d:DuiLib_d.dll
 0004:0000029c       __imp_?SetFloatAlign@CControlUI@DuiLib@@UAEXI@Z 004d429c     DuiLib_d:DuiLib_d.dll
 0004:000002a0       __imp_?SetFloatPercent@CControlUI@DuiLib@@UAEXUtagTPercentInfo@2@@Z 004d42a0     DuiLib_d:DuiLib_d.dll
 0004:000002a4       __imp_?SetFocus@CControlUI@DuiLib@@UAEXXZ 004d42a4     DuiLib_d:DuiLib_d.dll
 0004:000002a8       __imp_?SetFocusedImage@CButtonUI@DuiLib@@UAEXPB_W@Z 004d42a8     DuiLib_d:DuiLib_d.dll
 0004:000002ac       __imp_?SetHotForeImage@CButtonUI@DuiLib@@UAEXPB_W@Z 004d42ac     DuiLib_d:DuiLib_d.dll
 0004:000002b0       __imp_?SetHotImage@CButtonUI@DuiLib@@UAEXPB_W@Z 004d42b0     DuiLib_d:DuiLib_d.dll
 0004:000002b4       __imp_?SetInternVisible@CActiveXUI@DuiLib@@UAEX_N@Z 004d42b4     DuiLib_d:DuiLib_d.dll
 0004:000002b8       __imp_?SetInternVisible@CControlUI@DuiLib@@UAEX_N@Z 004d42b8     DuiLib_d:DuiLib_d.dll
 0004:000002bc       __imp_?SetKeyboardEnabled@CControlUI@DuiLib@@UAEX_N@Z 004d42bc     DuiLib_d:DuiLib_d.dll
 0004:000002c0       __imp_?SetMFC@CActiveXUI@DuiLib@@UAEX_N@Z 004d42c0     DuiLib_d:DuiLib_d.dll
 0004:000002c4       __imp_?SetManager@CControlUI@DuiLib@@UAEXPAVCPaintManagerUI@2@PAV12@_N@Z 004d42c4     DuiLib_d:DuiLib_d.dll
 0004:000002c8       __imp_?SetManager@COptionUI@DuiLib@@UAEXPAVCPaintManagerUI@2@PAVCControlUI@2@_N@Z 004d42c8     DuiLib_d:DuiLib_d.dll
 0004:000002cc       __imp_?SetMaxHeight@CControlUI@DuiLib@@UAEXH@Z 004d42cc     DuiLib_d:DuiLib_d.dll
 0004:000002d0       __imp_?SetMaxWidth@CControlUI@DuiLib@@UAEXH@Z 004d42d0     DuiLib_d:DuiLib_d.dll
 0004:000002d4       __imp_?SetMinHeight@CControlUI@DuiLib@@UAEXH@Z 004d42d4     DuiLib_d:DuiLib_d.dll
 0004:000002d8       __imp_?SetMinWidth@CControlUI@DuiLib@@UAEXH@Z 004d42d8     DuiLib_d:DuiLib_d.dll
 0004:000002dc       __imp_?SetMouseEnabled@CControlUI@DuiLib@@UAEX_N@Z 004d42dc     DuiLib_d:DuiLib_d.dll
 0004:000002e0       __imp_?SetName@CControlUI@DuiLib@@UAEXPB_W@Z 004d42e0     DuiLib_d:DuiLib_d.dll
 0004:000002e4       __imp_?SetNormalImage@CButtonUI@DuiLib@@UAEXPB_W@Z 004d42e4     DuiLib_d:DuiLib_d.dll
 0004:000002e8       __imp_?SetPadding@CControlUI@DuiLib@@UAEXUtagRECT@@@Z 004d42e8     DuiLib_d:DuiLib_d.dll
 0004:000002ec       __imp_?SetPos@CActiveXUI@DuiLib@@UAEXUtagRECT@@_N@Z 004d42ec     DuiLib_d:DuiLib_d.dll
 0004:000002f0       __imp_?SetPos@CControlUI@DuiLib@@UAEXUtagRECT@@_N@Z 004d42f0     DuiLib_d:DuiLib_d.dll
 0004:000002f4       __imp_?SetPushedImage@CButtonUI@DuiLib@@UAEXPB_W@Z 004d42f4     DuiLib_d:DuiLib_d.dll
 0004:000002f8       __imp_?SetResourceText@CControlUI@DuiLib@@UAEX_N@Z 004d42f8     DuiLib_d:DuiLib_d.dll
 0004:000002fc       __imp_?SetSelectedStateImage@COptionUI@DuiLib@@UAEXPB_W@Z 004d42fc     DuiLib_d:DuiLib_d.dll
 0004:00000300       __imp_?SetShortcut@CControlUI@DuiLib@@UAEX_W@Z 004d4300     DuiLib_d:DuiLib_d.dll
 0004:00000304       __imp_?SetStateImage@CButtonUI@DuiLib@@UAEXPB_W@Z 004d4304     DuiLib_d:DuiLib_d.dll
 0004:00000308       __imp_?SetTag@CControlUI@DuiLib@@UAEXI@Z 004d4308     DuiLib_d:DuiLib_d.dll
 0004:0000030c       __imp_?SetText@CControlUI@DuiLib@@UAEXPB_W@Z 004d430c     DuiLib_d:DuiLib_d.dll
 0004:00000310       __imp_?SetText@CLabelUI@DuiLib@@UAEXPB_W@Z 004d4310     DuiLib_d:DuiLib_d.dll
 0004:00000314       __imp_?SetToolTip@CControlUI@DuiLib@@UAEXPB_W@Z 004d4314     DuiLib_d:DuiLib_d.dll
 0004:00000318       __imp_?SetToolTipWidth@CControlUI@DuiLib@@UAEXH@Z 004d4318     DuiLib_d:DuiLib_d.dll
 0004:0000031c       __imp_?SetUserData@CControlUI@DuiLib@@UAEXPB_W@Z 004d431c     DuiLib_d:DuiLib_d.dll
 0004:00000320       __imp_?SetVisible@CActiveXUI@DuiLib@@UAEX_N@Z 004d4320     DuiLib_d:DuiLib_d.dll
 0004:00000324       __imp_?SetVisible@CControlUI@DuiLib@@UAEX_N@Z 004d4324     DuiLib_d:DuiLib_d.dll
 0004:00000328       \177DuiLib_d_NULL_THUNK_DATA 004d4328     DuiLib_d:DuiLib_d.dll
 0004:000003f4       __imp__FreeEnvironmentStringsW@4 004d43f4     kernel32:KERNEL32.dll
 0004:000003f8       __imp__SetEnvironmentVariableA@8 004d43f8     kernel32:KERNEL32.dll
 0004:000003fc       __imp__SetEnvironmentVariableW@8 004d43fc     kernel32:KERNEL32.dll
 0004:00000400       __imp__SetStdHandle@8      004d4400     kernel32:KERNEL32.dll
 0004:00000404       __imp__GetStringTypeW@16   004d4404     kernel32:KERNEL32.dll
 0004:00000408       __imp__FlushFileBuffers@4  004d4408     kernel32:KERNEL32.dll
 0004:0000040c       __imp__GetConsoleCP@0      004d440c     kernel32:KERNEL32.dll
 0004:00000410       __imp__GetConsoleMode@8    004d4410     kernel32:KERNEL32.dll
 0004:00000414       __imp__SetFilePointerEx@20 004d4414     kernel32:KERNEL32.dll
 0004:00000418       __imp__DecodePointer@4     004d4418     kernel32:KERNEL32.dll
 0004:0000041c       __imp__CloseHandle@4       004d441c     kernel32:KERNEL32.dll
 0004:00000420       __imp__FindResourceW@12    004d4420     kernel32:KERNEL32.dll
 0004:00000424       __imp__SizeofResource@8    004d4424     kernel32:KERNEL32.dll
 0004:00000428       __imp__LockResource@4      004d4428     kernel32:KERNEL32.dll
 0004:0000042c       __imp__LoadResource@8      004d442c     kernel32:KERNEL32.dll
 0004:00000430       __imp__FreeResource@4      004d4430     kernel32:KERNEL32.dll
 0004:00000434       __imp__SetCurrentDirectoryW@4 004d4434     kernel32:KERNEL32.dll
 0004:00000438       __imp__lstrcpyW@8          004d4438     kernel32:KERNEL32.dll
 0004:0000043c       __imp__GetEnvironmentStringsW@0 004d443c     kernel32:KERNEL32.dll
 0004:00000440       __imp__GetCommandLineW@0   004d4440     kernel32:KERNEL32.dll
 0004:00000444       __imp__GetCommandLineA@0   004d4444     kernel32:KERNEL32.dll
 0004:00000448       __imp__GetCPInfo@8         004d4448     kernel32:KERNEL32.dll
 0004:0000044c       __imp__GetOEMCP@0          004d444c     kernel32:KERNEL32.dll
 0004:00000450       __imp__IsValidCodePage@4   004d4450     kernel32:KERNEL32.dll
 0004:00000454       __imp__FindNextFileW@8     004d4454     kernel32:KERNEL32.dll
 0004:00000458       __imp__FindNextFileA@8     004d4458     kernel32:KERNEL32.dll
 0004:0000045c       __imp__FindFirstFileExW@24 004d445c     kernel32:KERNEL32.dll
 0004:00000460       __imp__FindFirstFileExA@24 004d4460     kernel32:KERNEL32.dll
 0004:00000464       __imp__FindClose@4         004d4464     kernel32:KERNEL32.dll
 0004:00000468       __imp__HeapQueryInformation@20 004d4468     kernel32:KERNEL32.dll
 0004:0000046c       __imp__HeapReAlloc@16      004d446c     kernel32:KERNEL32.dll
 0004:00000470       __imp__EnterCriticalSection@4 004d4470     kernel32:KERNEL32.dll
 0004:00000474       __imp__LeaveCriticalSection@4 004d4474     kernel32:KERNEL32.dll
 0004:00000478       __imp__DeleteCriticalSection@4 004d4478     kernel32:KERNEL32.dll
 0004:0000047c       __imp__SetLastError@4      004d447c     kernel32:KERNEL32.dll
 0004:00000480       __imp__InitializeCriticalSectionAndSpinCount@8 004d4480     kernel32:KERNEL32.dll
 0004:00000484       __imp__CreateEventW@16     004d4484     kernel32:KERNEL32.dll
 0004:00000488       __imp__Sleep@4             004d4488     kernel32:KERNEL32.dll
 0004:0000048c       __imp__TlsAlloc@0          004d448c     kernel32:KERNEL32.dll
 0004:00000490       __imp__TlsGetValue@4       004d4490     kernel32:KERNEL32.dll
 0004:00000494       __imp__TlsSetValue@8       004d4494     kernel32:KERNEL32.dll
 0004:00000498       __imp__TlsFree@4           004d4498     kernel32:KERNEL32.dll
 0004:0000049c       __imp__GetSystemTimeAsFileTime@4 004d449c     kernel32:KERNEL32.dll
 0004:000004a0       __imp__GetTickCount@0      004d44a0     kernel32:KERNEL32.dll
 0004:000004a4       __imp__GetModuleHandleW@4  004d44a4     kernel32:KERNEL32.dll
 0004:000004a8       __imp__GetProcAddress@8    004d44a8     kernel32:KERNEL32.dll
 0004:000004ac       __imp__IsProcessorFeaturePresent@4 004d44ac     kernel32:KERNEL32.dll
 0004:000004b0       __imp__IsDebuggerPresent@0 004d44b0     kernel32:KERNEL32.dll
 0004:000004b4       __imp__UnhandledExceptionFilter@4 004d44b4     kernel32:KERNEL32.dll
 0004:000004b8       __imp__SetUnhandledExceptionFilter@4 004d44b8     kernel32:KERNEL32.dll
 0004:000004bc       __imp__GetStartupInfoW@4   004d44bc     kernel32:KERNEL32.dll
 0004:000004c0       __imp__RaiseException@16   004d44c0     kernel32:KERNEL32.dll
 0004:000004c4       __imp__MultiByteToWideChar@24 004d44c4     kernel32:KERNEL32.dll
 0004:000004c8       __imp__WideCharToMultiByte@32 004d44c8     kernel32:KERNEL32.dll
 0004:000004cc       __imp__GetCurrentProcess@0 004d44cc     kernel32:KERNEL32.dll
 0004:000004d0       __imp__TerminateProcess@8  004d44d0     kernel32:KERNEL32.dll
 0004:000004d4       __imp__QueryPerformanceCounter@4 004d44d4     kernel32:KERNEL32.dll
 0004:000004d8       __imp__GetCurrentProcessId@0 004d44d8     kernel32:KERNEL32.dll
 0004:000004dc       __imp__GetCurrentThreadId@0 004d44dc     kernel32:KERNEL32.dll
 0004:000004e0       __imp__InitializeSListHead@4 004d44e0     kernel32:KERNEL32.dll
 0004:000004e4       __imp__GetLastError@0      004d44e4     kernel32:KERNEL32.dll
 0004:000004e8       __imp__HeapAlloc@12        004d44e8     kernel32:KERNEL32.dll
 0004:000004ec       __imp__HeapFree@12         004d44ec     kernel32:KERNEL32.dll
 0004:000004f0       __imp__GetProcessHeap@0    004d44f0     kernel32:KERNEL32.dll
 0004:000004f4       __imp__VirtualQuery@12     004d44f4     kernel32:KERNEL32.dll
 0004:000004f8       __imp__FreeLibrary@4       004d44f8     kernel32:KERNEL32.dll
 0004:000004fc       __imp__RtlUnwind@16        004d44fc     kernel32:KERNEL32.dll
 0004:00000500       __imp__InterlockedPushEntrySList@8 004d4500     kernel32:KERNEL32.dll
 0004:00000504       __imp__InterlockedFlushSList@4 004d4504     kernel32:KERNEL32.dll
 0004:00000508       __imp__GetModuleFileNameW@12 004d4508     kernel32:KERNEL32.dll
 0004:0000050c       __imp__LoadLibraryExW@12   004d450c     kernel32:KERNEL32.dll
 0004:00000510       __imp__EncodePointer@4     004d4510     kernel32:KERNEL32.dll
 0004:00000514       __imp__GetModuleFileNameA@12 004d4514     kernel32:KERNEL32.dll
 0004:00000518       __imp__GetModuleHandleExW@12 004d4518     kernel32:KERNEL32.dll
 0004:0000051c       __imp__HeapValidate@12     004d451c     kernel32:KERNEL32.dll
 0004:00000520       __imp__GetSystemInfo@4     004d4520     kernel32:KERNEL32.dll
 0004:00000524       __imp__ExitProcess@4       004d4524     kernel32:KERNEL32.dll
 0004:00000528       __imp__GetStdHandle@4      004d4528     kernel32:KERNEL32.dll
 0004:0000052c       __imp__WriteFile@20        004d452c     kernel32:KERNEL32.dll
 0004:00000530       __imp__GetACP@0            004d4530     kernel32:KERNEL32.dll
 0004:00000534       __imp__GetCurrentThread@0  004d4534     kernel32:KERNEL32.dll
 0004:00000538       __imp__GetFileType@4       004d4538     kernel32:KERNEL32.dll
 0004:0000053c       __imp__OutputDebugStringW@4 004d453c     kernel32:KERNEL32.dll
 0004:00000540       __imp__WriteConsoleW@20    004d4540     kernel32:KERNEL32.dll
 0004:00000544       __imp__SetConsoleCtrlHandler@8 004d4544     kernel32:KERNEL32.dll
 0004:00000548       __imp__OutputDebugStringA@4 004d4548     kernel32:KERNEL32.dll
 0004:0000054c       __imp__GetDateFormatW@24   004d454c     kernel32:KERNEL32.dll
 0004:00000550       __imp__GetTimeFormatW@24   004d4550     kernel32:KERNEL32.dll
 0004:00000554       __imp__CompareStringW@24   004d4554     kernel32:KERNEL32.dll
 0004:00000558       __imp__LCMapStringW@24     004d4558     kernel32:KERNEL32.dll
 0004:0000055c       __imp__GetLocaleInfoW@16   004d455c     kernel32:KERNEL32.dll
 0004:00000560       __imp__IsValidLocale@8     004d4560     kernel32:KERNEL32.dll
 0004:00000564       __imp__GetUserDefaultLCID@0 004d4564     kernel32:KERNEL32.dll
 0004:00000568       __imp__EnumSystemLocalesW@8 004d4568     kernel32:KERNEL32.dll
 0004:0000056c       __imp__HeapSize@12         004d456c     kernel32:KERNEL32.dll
 0004:00000570       __imp__CreateFileW@28      004d4570     kernel32:KERNEL32.dll
 0004:00000574       \177KERNEL32_NULL_THUNK_DATA 004d4574     kernel32:KERNEL32.dll
 0004:000005ec       __imp_?PaintStatusImage@CBrowserTab@@UAEXPAUHDC__@@@Z 004d45ec     TroyControls_d:TroyControls_d.dll
 0004:000005f0       __imp_?GetInterface@CBrowserTab@@UAEPAXPB_W@Z 004d45f0     TroyControls_d:TroyControls_d.dll
 0004:000005f4       __imp_?GetClass@CBrowserTab@@UBEPB_WXZ 004d45f4     TroyControls_d:TroyControls_d.dll
 0004:000005f8       __imp_?DoPostPaint@CBrowserTab@@UAEXPAUHDC__@@ABUtagRECT@@@Z 004d45f8     TroyControls_d:TroyControls_d.dll
 0004:000005fc       __imp_?DoPaint@CBrowserTab@@UAEXPAUHDC__@@ABUtagRECT@@@Z 004d45fc     TroyControls_d:TroyControls_d.dll
 0004:00000600       __imp_?SetAttribute@CBrowserTab@@UAEXPB_W0@Z 004d4600     TroyControls_d:TroyControls_d.dll
 0004:00000604       __imp_?DoEvent@CBrowserTab@@UAEXAAUtagTEventUI@DuiLib@@@Z 004d4604     TroyControls_d:TroyControls_d.dll
 0004:00000608       __imp_?CloseTab@CBrowserTabBar@@QAEXPAVCBrowserTab@@H@Z 004d4608     TroyControls_d:TroyControls_d.dll
 0004:0000060c       __imp_?SelectTab@CBrowserTabBar@@QAEXH@Z 004d460c     TroyControls_d:TroyControls_d.dll
 0004:00000610       __imp_??1CBrowserTab@@UAE@XZ 004d4610     TroyControls_d:TroyControls_d.dll
 0004:00000614       __imp_??0CBrowserTab@@QAE@XZ 004d4614     TroyControls_d:TroyControls_d.dll
 0004:00000618       __imp_?DoInit@CBrowserTab@@UAEXXZ 004d4618     TroyControls_d:TroyControls_d.dll
 0004:0000061c       \177TroyControls_d_NULL_THUNK_DATA 004d461c     TroyControls_d:TroyControls_d.dll
 0004:00000650       __imp__PostQuitMessage@4   004d4650     user32:USER32.dll
 0004:00000654       __imp__IsZoomed@4          004d4654     user32:USER32.dll
 0004:00000658       __imp__SetTimer@16         004d4658     user32:USER32.dll
 0004:0000065c       __imp__KillTimer@8         004d465c     user32:USER32.dll
 0004:00000660       \177USER32_NULL_THUNK_DATA 004d4660     user32:USER32.dll
 0004:0000068c       __imp__OleUninitialize@0   004d468c     ole32:ole32.dll
 0004:00000690       __imp__CoUninitialize@0    004d4690     ole32:ole32.dll
 0004:00000694       __imp__CoInitialize@4      004d4694     ole32:ole32.dll
 0004:00000698       __imp__OleInitialize@4     004d4698     ole32:ole32.dll
 0004:0000069c       \177ole32_NULL_THUNK_DATA  004d469c     ole32:ole32.dll
 0004:000006c8       __IMPORT_DESCRIPTOR_KERNEL32 004d46c8     kernel32:KERNEL32.dll
 0004:000006dc       __IMPORT_DESCRIPTOR_USER32 004d46dc     user32:USER32.dll
 0004:000006f0       __IMPORT_DESCRIPTOR_ole32  004d46f0     ole32:ole32.dll
 0004:00000704       __IMPORT_DESCRIPTOR_DuiLib_d 004d4704     DuiLib_d:DuiLib_d.dll
 0004:00000718       __IMPORT_DESCRIPTOR_TroyControls_d 004d4718     TroyControls_d:TroyControls_d.dll
 0004:0000072c       __NULL_IMPORT_DESCRIPTOR   004d472c     kernel32:KERNEL32.dll
 0005:00000000       ___guard_check_icall_fptr  004d9000     LIBCMTD:guard_support.obj
