 WkeBrowser_d

 Timestamp is 5a2a0ae9 (Fri Dec  8 11:45:45 2017)

 Preferred load address is 00400000

 Start         Length     Name                   Class
 0001:00000000 000036e0H .text$di                CODE
 0001:000036e0 000180b0H .text$mn                CODE
 0001:0001b790 00002420H .text$x                 CODE
 0001:0001dbb0 000010b1H .text$yd                CODE
 0002:00000000 00000104H .CRT$XCA                DATA
 0002:00000104 00000104H .CRT$XCAA               DATA
 0002:00000208 00000114H .CRT$XCU                DATA
 0002:0000031c 00000104H .CRT$XCZ                DATA
 0002:00000420 00000104H .CRT$XIA                DATA
 0002:00000524 00000104H .CRT$XIAA               DATA
 0002:00000628 00000104H .CRT$XIAC               DATA
 0002:0000072c 00000104H .CRT$XIC                DATA
 0002:00000830 00000104H .CRT$XIZ                DATA
 0002:00000934 00000004H .CRT$XLA                DATA
 0002:00000938 00000004H .CRT$XLZ                DATA
 0002:0000093c 00000104H .CRT$XPA                DATA
 0002:00000a40 00000104H .CRT$XPZ                DATA
 0002:00000b44 00000104H .CRT$XTA                DATA
 0002:00000c48 00000108H .CRT$XTZ                DATA
 0002:00000d50 00003b20H .rdata                  DATA
 0002:00004870 0000011cH .rdata$T                DATA
 0002:0000498c 00000984H .rdata$r                DATA
 0002:00005310 0000027cH .rdata$sxdata           DATA
 0002:0000558c 00000178H .rdata$zzzdbg           DATA
 0002:00005704 00000104H .rtc$IAA                DATA
 0002:00005808 00000118H .rtc$IMZ                DATA
 0002:00005920 00000104H .rtc$IZZ                DATA
 0002:00005a24 00000104H .rtc$TAA                DATA
 0002:00005b28 00000118H .rtc$TMZ                DATA
 0002:00005c40 00000108H .rtc$TZZ                DATA
 0002:00005d48 000014f9H .xdata$x                DATA
 0002:00007241 00000000H .edata                  DATA
 0003:00000000 0000014cH .data                   DATA
 0003:0000014c 00000414H .data$r                 DATA
 0003:00000560 0000105cH .bss                    DATA
 0004:00000000 0000087cH .idata$5                DATA
 0004:0000087c 000000dcH .idata$2                DATA
 0004:00000958 00000014H .idata$3                DATA
 0004:0000096c 0000087cH .idata$4                DATA
 0004:000011e8 000036abH .idata$6                DATA
 0005:00000000 00000104H .tls                    DATA
 0005:00000104 00000104H .tls$                   DATA
 0005:00000208 00000101H .tls$ZZZ                DATA
 0006:00000000 00000104H .00cfg                  DATA
 0007:00000000 00000470H .rsrc$01                DATA
 0007:00000470 000b7fb3H .rsrc$02                DATA

  Address         Publics by Value              Rva+Base       Lib:Object

 0000:00000000       ___hybrid_code_map_count   00000000     <absolute>
 0000:00000000       ___guard_iat_table         00000000     <absolute>
 0000:00000000       ___guard_iat_count         00000000     <absolute>
 0000:00000000       ___guard_fids_count        00000000     <absolute>
 0000:00000000       ___dynamic_value_reloc_table 00000000     <absolute>
 0000:00000000       ___enclave_config          00000000     <absolute>
 0000:00000000       ___hybrid_code_map         00000000     <absolute>
 0000:00000000       ___hybrid_auxiliary_iat    00000000     <absolute>
 0000:00000000       ___guard_longjmp_table     00000000     <absolute>
 0000:00000000       ___guard_fids_table        00000000     <absolute>
 0000:00000000       ___guard_longjmp_count     00000000     <absolute>
 0000:0000002c       __tls_array                0000002c     <absolute>
 0000:0000004f       ___safe_se_handler_count   0000004f     <absolute>
 0000:00000100       ___guard_flags             00000100     <absolute>
 0000:00000000       ___ImageBase               00400000     <linker-defined>
 0001:000036e0       ??0CMainWnd@@QAE@XZ        004046e0 f   MainWnd.obj
 0001:00003780       ??1CMainWnd@@UAE@XZ        00404780 f   MainWnd.obj
 0001:00003810       ?InitWindow@CMainWnd@@UAEXXZ 00404810 f   MainWnd.obj
 0001:00003990       ?OnFinalMessage@CMainWnd@@UAEXPAUHWND__@@@Z 00404990 f   MainWnd.obj
 0001:00003a10       ?GetSkinFile@CMainWnd@@UAE?AVCDuiString@DuiLib@@XZ 00404a10 f   MainWnd.obj
 0001:00003a70       ?GetWindowClassName@CMainWnd@@UBEPB_WXZ 00404a70 f   MainWnd.obj
 0001:00003a90       ?_GetBaseMessageMap@CMainWnd@@KGPBUDUI_MSGMAP@DuiLib@@XZ 00404a90 f   MainWnd.obj
 0001:00003aa0       ?GetMessageMap@CMainWnd@@MBEPBUDUI_MSGMAP@DuiLib@@XZ 00404aa0 f   MainWnd.obj
 0001:00003ac0       ?OnClick@CMainWnd@@MAEXAAUtagTNotifyUI@DuiLib@@@Z 00404ac0 f   MainWnd.obj
 0001:00003e90       ?OnSelectChanged@CMainWnd@@MAEXAAUtagTNotifyUI@DuiLib@@@Z 00404e90 f   MainWnd.obj
 0001:00004180       ?OnTabIndexChanged@CMainWnd@@MAEXAAUtagTNotifyUI@DuiLib@@@Z 00405180 f   MainWnd.obj
 0001:00004410       ?OnTabClosed@CMainWnd@@MAEXAAUtagTNotifyUI@DuiLib@@@Z 00405410 f   MainWnd.obj
 0001:000047b0       ?OnReturn@CMainWnd@@MAEXAAUtagTNotifyUI@DuiLib@@@Z 004057b0 f   MainWnd.obj
 0001:00004900       ?OnSysCommand@CMainWnd@@MAEJIIJAAH@Z 00405900 f   MainWnd.obj
 0001:00004ad0       ?HandleCustomMessage@CMainWnd@@MAEJIIJAAH@Z 00405ad0 f   MainWnd.obj
 0001:00004b80       ?CreateNewTab@CMainWnd@@QAEHHPB_W@Z 00405b80 f   MainWnd.obj
 0001:00004ed0       ?CreateNewTabAndGo@CMainWnd@@QAEHPB_W@Z 00405ed0 f   MainWnd.obj
 0001:00004f70       ?GetCurWeb@CMainWnd@@QAEPAVCWkeWebkitUI@@XZ 00405f70 f   MainWnd.obj
 0001:00004ff0       ?AddressGo@CMainWnd@@QAEXXZ 00405ff0 f   MainWnd.obj
 0001:00005110       ?SearchGo@CMainWnd@@QAEXXZ 00406110 f   MainWnd.obj
 0001:000052b0       ?Back@CMainWnd@@QAEXXZ     004062b0 f   MainWnd.obj
 0001:000052f0       ?Forward@CMainWnd@@QAEXXZ  004062f0 f   MainWnd.obj
 0001:00005330       ?Home@CMainWnd@@QAEXXZ     00406330 f   MainWnd.obj
 0001:00005370       ?Refresh@CMainWnd@@QAEXXZ  00406370 f   MainWnd.obj
 0001:000053b0       ?OnWkeTitleChanged@CMainWnd@@UAEXPAVCWkeWebkitUI@@PB_W@Z 004063b0 f   MainWnd.obj
 0001:00005550       ?OnWkeURLChanged@CMainWnd@@UAEXPAVCWkeWebkitUI@@PB_W@Z 00406550 f   MainWnd.obj
 0001:00005700       ?OnWkeAlertBox@CMainWnd@@UAEXPAVCWkeWebkitUI@@PB_W@Z 00406700 f   MainWnd.obj
 0001:00005720       ?OnWkeNavigation@CMainWnd@@UAE_NPAVCWkeWebkitUI@@W4wkeNavigationType@@PB_W@Z 00406720 f   MainWnd.obj
 0001:00005740       ?OnWkeCreateView@CMainWnd@@UAEPAVCWebView@wke@@PAVCWkeWebkitUI@@PBUwkeNewViewInfo@@@Z 00406740 f   MainWnd.obj
 0001:00005830       ?OnWkeDocumentReady@CMainWnd@@UAEXPAVCWkeWebkitUI@@PBUwkeDocumentReadyInfo@@@Z 00406830 f   MainWnd.obj
 0001:00005850       ?OnWkeLoadingFinish@CMainWnd@@UAEXPAVCWkeWebkitUI@@QB_WW4wkeLoadingResult@@PB_W@Z 00406850 f   MainWnd.obj
 0001:00005870       ?OnJS2Native@CMainWnd@@UAEPB_WPAVCWkeWebkitUI@@PB_W1PAX@Z 00406870 f   MainWnd.obj
 0001:00006100       ??$?0$$V@?$_Compressed_pair@V?$allocator@PAU_tagTabInfo@@@std@@V?$_Vector_val@U?$_Simple_types@PAU_tagTabInfo@@@std@@@2@$00@std@@QAE@U_Zero_then_variadic_args_t@1@@Z 00407100 f i MainWnd.obj
 0001:00006140       ??$?0PAU_tagTabInfo@@@?$allocator@U_Container_proxy@std@@@std@@QAE@ABV?$allocator@PAU_tagTabInfo@@@1@@Z 00407140 f i MainWnd.obj
 0001:00006160       ??$_Copy_memmove@PAPAU_tagTabInfo@@PAPAU1@@std@@YAPAPAU_tagTabInfo@@PAPAU1@00@Z 00407160 f i MainWnd.obj
 0001:000061d0       ??$_Deallocate_plain@V?$allocator@U_Container_proxy@std@@@std@@$0A@@std@@YAXAAV?$allocator@U_Container_proxy@std@@@0@QAU_Container_proxy@0@@Z 004071d0 f i MainWnd.obj
 0001:00006200       ??$_Debug_range2@V?$_Vector_iterator@V?$_Vector_val@U?$_Simple_types@PAU_tagTabInfo@@@std@@@std@@@std@@@std@@YAXV?$_Vector_iterator@V?$_Vector_val@U?$_Simple_types@PAU_tagTabInfo@@@std@@@std@@@0@0PB_WIUrandom_access_iterator_tag@0@@Z 00407200 f i MainWnd.obj
 0001:000062e0       ??$_Debug_range@V?$_Vector_iterator@V?$_Vector_val@U?$_Simple_types@PAU_tagTabInfo@@@std@@@std@@@std@@@std@@YAXV?$_Vector_iterator@V?$_Vector_val@U?$_Simple_types@PAU_tagTabInfo@@@std@@@std@@@0@0PB_WI@Z 004072e0 f i MainWnd.obj
 0001:000063c0       ??$_Destroy_range1@V?$allocator@PAU_tagTabInfo@@@std@@@std@@YAXPAPAU_tagTabInfo@@0AAV?$allocator@PAU_tagTabInfo@@@0@U?$integral_constant@_N$00@0@@Z 004073c0 f i MainWnd.obj
 0001:000063d0       ??$_Destroy_range@V?$allocator@PAU_tagTabInfo@@@std@@@std@@YAXPAPAU_tagTabInfo@@0AAV?$allocator@PAU_tagTabInfo@@@0@@Z 004073d0 f i MainWnd.obj
 0001:00006410       ??$_Emplace_back_with_unused_capacity@ABQAU_tagTabInfo@@@?$vector@PAU_tagTabInfo@@V?$allocator@PAU_tagTabInfo@@@std@@@std@@AAEXABQAU_tagTabInfo@@@Z 00407410 f i MainWnd.obj
 0001:000064d0       ??$_Find_if_unchecked@PAPAU_tagTabInfo@@Vtab_finder@@@std@@YAPAPAU_tagTabInfo@@PAPAU1@0AAVtab_finder@@@Z 004074d0 f i MainWnd.obj
 0001:00006520       ??$_Find_if_unchecked@PAPAU_tagTabInfo@@Vweb_finder@@@std@@YAPAPAU_tagTabInfo@@PAPAU1@0AAVweb_finder@@@Z 00407520 f i MainWnd.obj
 0001:00006570       ??$_Min_value@I@std@@YAABIABI0@Z 00407570 f i MainWnd.obj
 0001:000065c0       ??$_Move_unchecked1@PAPAU_tagTabInfo@@PAPAU1@@std@@YAPAPAU_tagTabInfo@@PAPAU1@00U_Trivially_copyable_ptr_iterator_tag@0@@Z 004075c0 f i MainWnd.obj
 0001:000065f0       ??$_Move_unchecked@PAPAU_tagTabInfo@@PAPAU1@@std@@YAPAPAU_tagTabInfo@@PAPAU1@00@Z 004075f0 f i MainWnd.obj
 0001:00006650       ??$_Ptr_move_cat@PAU_tagTabInfo@@PAU1@@std@@YA?AU_Really_trivial_ptr_iterator_tag@0@ABQAPAU_tagTabInfo@@0@Z 00407650 f i MainWnd.obj
 0001:00006660       ??$_Rechecked@PAPAU_tagTabInfo@@PAPAU1@@std@@YAAAPAPAU_tagTabInfo@@AAPAPAU1@PAPAU1@@Z 00407660 f i MainWnd.obj
 0001:00006680       ??$_Rechecked@V?$_Vector_val@U?$_Simple_types@PAU_tagTabInfo@@@std@@@std@@@std@@YAAAV?$_Vector_iterator@V?$_Vector_val@U?$_Simple_types@PAU_tagTabInfo@@@std@@@std@@@0@AAV10@QAPAU_tagTabInfo@@@Z 00407680 f i MainWnd.obj
 0001:000066a0       ??$_Unchecked@PAPAU_tagTabInfo@@@std@@YAPAPAU_tagTabInfo@@PAPAU1@@Z 004076a0 f i MainWnd.obj
 0001:000066b0       ??$_Unchecked@V?$_Vector_val@U?$_Simple_types@PAU_tagTabInfo@@@std@@@std@@@std@@YAPAPAU_tagTabInfo@@ABV?$_Vector_iterator@V?$_Vector_val@U?$_Simple_types@PAU_tagTabInfo@@@std@@@std@@@0@@Z 004076b0 f i MainWnd.obj
 0001:000066c0       ??$_Unfancy@PAU_tagTabInfo@@@std@@YAPAPAU_tagTabInfo@@PAPAU1@@Z 004076c0 f i MainWnd.obj
 0001:000066d0       ??$_Unfancy@U_Container_proxy@std@@@std@@YAPAU_Container_proxy@0@PAU10@@Z 004076d0 f i MainWnd.obj
 0001:000066e0       ??$_Uninitialized_move@PAPAU_tagTabInfo@@PAPAU1@V?$allocator@PAU_tagTabInfo@@@std@@@std@@YAPAPAU_tagTabInfo@@PAPAU1@00AAV?$allocator@PAU_tagTabInfo@@@0@@Z 004076e0 f i MainWnd.obj
 0001:00006800       ??$_Uninitialized_move_al_unchecked@PAU_tagTabInfo@@PAU1@V?$allocator@PAU_tagTabInfo@@@std@@@std@@YAPAPAU_tagTabInfo@@PAPAU1@00AAV?$allocator@PAU_tagTabInfo@@@0@U_Really_trivial_ptr_iterator_tag@0@U?$integral_constant@_N$00@0@@Z 00407800 f i MainWnd.obj
 0001:00006830       ??$addressof@V?$_Vector_val@U?$_Simple_types@PAU_tagTabInfo@@@std@@@std@@@std@@YAPAV?$_Vector_val@U?$_Simple_types@PAU_tagTabInfo@@@std@@@0@AAV10@@Z 00407830 f i MainWnd.obj
 0001:00006840       ??$construct@PAU_tagTabInfo@@ABQAU1@@?$_Default_allocator_traits@V?$allocator@PAU_tagTabInfo@@@std@@@std@@SAXAAV?$allocator@PAU_tagTabInfo@@@1@QAPAU_tagTabInfo@@ABQAU3@@Z 00407840 f i MainWnd.obj
 0001:00006890       ??$construct@U_Container_proxy@std@@U12@@?$_Default_allocator_traits@V?$allocator@U_Container_proxy@std@@@std@@@std@@SAXAAV?$allocator@U_Container_proxy@std@@@1@QAU_Container_proxy@1@$$QAU31@@Z 00407890 f i MainWnd.obj
 0001:000068f0       ??$destroy@PAU_tagTabInfo@@@?$_Default_allocator_traits@V?$allocator@PAU_tagTabInfo@@@std@@@std@@SAXAAV?$allocator@PAU_tagTabInfo@@@1@QAPAU_tagTabInfo@@@Z 004078f0 f i MainWnd.obj
 0001:00006900       ??$destroy@U_Container_proxy@std@@@?$_Default_allocator_traits@V?$allocator@U_Container_proxy@std@@@std@@@std@@SAXAAV?$allocator@U_Container_proxy@std@@@1@QAU_Container_proxy@1@@Z 00407900 f i MainWnd.obj
 0001:00006910       ??$emplace_back@ABQAU_tagTabInfo@@@?$vector@PAU_tagTabInfo@@V?$allocator@PAU_tagTabInfo@@@std@@@std@@QAEXABQAU_tagTabInfo@@@Z 00407910 f i MainWnd.obj
 0001:00006b40       ??$find_if@V?$_Vector_iterator@V?$_Vector_val@U?$_Simple_types@PAU_tagTabInfo@@@std@@@std@@@std@@Vtab_finder@@@std@@YA?AV?$_Vector_iterator@V?$_Vector_val@U?$_Simple_types@PAU_tagTabInfo@@@std@@@std@@@0@V10@0Vtab_finder@@@Z 00407b40 f i MainWnd.obj
 0001:00006c80       ??$find_if@V?$_Vector_iterator@V?$_Vector_val@U?$_Simple_types@PAU_tagTabInfo@@@std@@@std@@@std@@Vweb_finder@@@std@@YA?AV?$_Vector_iterator@V?$_Vector_val@U?$_Simple_types@PAU_tagTabInfo@@@std@@@std@@@0@V10@0Vweb_finder@@@Z 00407c80 f i MainWnd.obj
 0001:00006dc0       ??$forward@ABQAU_tagTabInfo@@@std@@YAABQAU_tagTabInfo@@ABQAU1@@Z 00407dc0 f i MainWnd.obj
 0001:00006dd0       ??$forward@U_Container_proxy@std@@@std@@YA$$QAU_Container_proxy@0@AAU10@@Z 00407dd0 f i MainWnd.obj
 0001:00006de0       ??0?$_Vector_alloc@U?$_Vec_base_types@PAU_tagTabInfo@@V?$allocator@PAU_tagTabInfo@@@std@@@std@@@std@@QAE@XZ 00407de0 f i MainWnd.obj
 0001:00006e80       ??0?$_Vector_const_iterator@V?$_Vector_val@U?$_Simple_types@PAU_tagTabInfo@@@std@@@std@@@std@@QAE@ABV01@@Z 00407e80 f i MainWnd.obj
 0001:00006ed0       ??0?$_Vector_const_iterator@V?$_Vector_val@U?$_Simple_types@PAU_tagTabInfo@@@std@@@std@@@std@@QAE@PAPAU_tagTabInfo@@PBU_Container_base12@1@@Z 00407ed0 f i MainWnd.obj
 0001:00006f20       ??0?$_Vector_iterator@V?$_Vector_val@U?$_Simple_types@PAU_tagTabInfo@@@std@@@std@@@std@@QAE@ABV01@@Z 00407f20 f i MainWnd.obj
 0001:00006f60       ??0?$_Vector_iterator@V?$_Vector_val@U?$_Simple_types@PAU_tagTabInfo@@@std@@@std@@@std@@QAE@PAPAU_tagTabInfo@@PBU_Container_base12@1@@Z 00407f60 f i MainWnd.obj
 0001:00006fa0       ??0?$_Vector_val@U?$_Simple_types@PAU_tagTabInfo@@@std@@@std@@QAE@XZ 00407fa0 f i MainWnd.obj
 0001:00007000       ??0?$allocator@PAU_tagTabInfo@@@std@@QAE@XZ 00408000 f i MainWnd.obj
 0001:00007020       ??0?$vector@PAU_tagTabInfo@@V?$allocator@PAU_tagTabInfo@@@std@@@std@@QAE@XZ 00408020 f i MainWnd.obj
 0001:00007090       ??0IWkeCallback@@QAE@XZ    00408090 f i MainWnd.obj
 0001:000070c0       ??0_Container_base12@std@@QAE@XZ 004080c0 f i MainWnd.obj
 0001:000070f0       ??0_Container_proxy@std@@QAE@XZ 004080f0 f i MainWnd.obj
 0001:00007130       ??0_Iterator_base12@std@@QAE@ABU01@@Z 00408130 f i MainWnd.obj
 0001:00007180       ??0_Iterator_base12@std@@QAE@XZ 00408180 f i MainWnd.obj
 0001:000071c0       ??0tab_finder@@QAE@PAVCBrowserTab@@@Z 004081c0 f i MainWnd.obj
 0001:000071f0       ??0web_finder@@QAE@PAVCWkeWebkitUI@@@Z 004081f0 f i MainWnd.obj
 0001:00007220       ??1?$_Compressed_pair@V?$allocator@PAU_tagTabInfo@@@std@@V?$_Vector_val@U?$_Simple_types@PAU_tagTabInfo@@@std@@@2@$00@std@@QAE@XZ 00408220 f i MainWnd.obj
 0001:00007250       ??1?$_Vector_alloc@U?$_Vec_base_types@PAU_tagTabInfo@@V?$allocator@PAU_tagTabInfo@@@std@@@std@@@std@@QAE@XZ 00408250 f i MainWnd.obj
 0001:000072c0       ??1?$_Vector_const_iterator@V?$_Vector_val@U?$_Simple_types@PAU_tagTabInfo@@@std@@@std@@@std@@QAE@XZ 004082c0 f i MainWnd.obj
 0001:000072f0       ??1?$_Vector_iterator@V?$_Vector_val@U?$_Simple_types@PAU_tagTabInfo@@@std@@@std@@@std@@QAE@XZ 004082f0 f i MainWnd.obj
 0001:00007320       ??1?$_Vector_val@U?$_Simple_types@PAU_tagTabInfo@@@std@@@std@@QAE@XZ 00408320 f i MainWnd.obj
 0001:00007350       ??1?$vector@PAU_tagTabInfo@@V?$allocator@PAU_tagTabInfo@@@std@@@std@@QAE@XZ 00408350 f i MainWnd.obj
 0001:000073c0       ??1DUI_MSGMAP_ENTRY@DuiLib@@QAE@XZ 004083c0 f i MainWnd.obj
 0001:00007420       ??1_Container_base12@std@@QAE@XZ 00408420 f i MainWnd.obj
 0001:00007450       ??1_Iterator_base12@std@@QAE@XZ 00408450 f i MainWnd.obj
 0001:00007530       ??2@YAPAXIPAX@Z            00408530 f i MainWnd.obj
 0001:00007540       ??4_Iterator_base12@std@@QAEAAU01@ABU01@@Z 00408540 f i MainWnd.obj
 0001:00007650       ??8?$_Vector_const_iterator@V?$_Vector_val@U?$_Simple_types@PAU_tagTabInfo@@@std@@@std@@@std@@QBE_NABV01@@Z 00408650 f i MainWnd.obj
 0001:000076c0       ??9?$_Vector_const_iterator@V?$_Vector_val@U?$_Simple_types@PAU_tagTabInfo@@@std@@@std@@@std@@QBE_NABV01@@Z 004086c0 f i MainWnd.obj
 0001:00007720       ??D?$_Vector_const_iterator@V?$_Vector_val@U?$_Simple_types@PAU_tagTabInfo@@@std@@@std@@@std@@QBEABQAU_tagTabInfo@@XZ 00408720 f i MainWnd.obj
 0001:000077f0       ??D?$_Vector_iterator@V?$_Vector_val@U?$_Simple_types@PAU_tagTabInfo@@@std@@@std@@@std@@QBEAAPAU_tagTabInfo@@XZ 004087f0 f i MainWnd.obj
 0001:00007820       ??M?$_Vector_const_iterator@V?$_Vector_val@U?$_Simple_types@PAU_tagTabInfo@@@std@@@std@@@std@@QBE_NABV01@@Z 00408820 f i MainWnd.obj
 0001:00007890       ??Rtab_finder@@QAE_NAAPAU_tagTabInfo@@@Z 00408890 f i MainWnd.obj
 0001:000078f0       ??Rweb_finder@@QAE_NAAPAU_tagTabInfo@@@Z 004088f0 f i MainWnd.obj
 0001:00007942       ??_9CMainWnd@@$BCA@AE      00408942 f i MainWnd.obj
 0001:00007947       ??_9CMainWnd@@$BII@AE      00408947 f i MainWnd.obj
 0001:00007951       ??_9CMainWnd@@$BIM@AE      00408951 f i MainWnd.obj
 0001:0000795b       ??_9CMainWnd@@$BJA@AE      0040895b f i MainWnd.obj
 0001:00007965       ??_9CMainWnd@@$BJE@AE      00408965 f i MainWnd.obj
 0001:00007970       ??_GCBrowserTab@@UAEPAXI@Z 00408970 f i MainWnd.obj
 0001:00007970       ??_ECBrowserTab@@UAEPAXI@Z 00408970 f i MainWnd.obj
 0001:000079e0       ??_GCMainWnd@@UAEPAXI@Z    004089e0 f i MainWnd.obj
 0001:000079e0       ??_ECMainWnd@@UAEPAXI@Z    004089e0 f i MainWnd.obj
 0001:00007a40       ?OnJS2Native@IWkeCallback@@UAEPB_WPAVCWkeWebkitUI@@PB_W1PAX@Z 00408a40 f i MainWnd.obj
 0001:00007a60       ?OnWkeAlertBox@IWkeCallback@@UAEXPAVCWkeWebkitUI@@PB_W@Z 00408a60 f i MainWnd.obj
 0001:00007a80       ?OnWkeCreateView@IWkeCallback@@UAEPAVCWebView@wke@@PAVCWkeWebkitUI@@PBUwkeNewViewInfo@@@Z 00408a80 f i MainWnd.obj
 0001:00007aa0       ?OnWkeDocumentReady@IWkeCallback@@UAEXPAVCWkeWebkitUI@@PBUwkeDocumentReadyInfo@@@Z 00408aa0 f i MainWnd.obj
 0001:00007ac0       ?OnWkeLoadingFinish@IWkeCallback@@UAEXPAVCWkeWebkitUI@@QB_WW4wkeLoadingResult@@PB_W@Z 00408ac0 f i MainWnd.obj
 0001:00007ae0       ?OnWkeNavigation@IWkeCallback@@UAE_NPAVCWkeWebkitUI@@W4wkeNavigationType@@PB_W@Z 00408ae0 f i MainWnd.obj
 0001:00007b00       ?OnWkeTitleChanged@IWkeCallback@@UAEXPAVCWkeWebkitUI@@PB_W@Z 00408b00 f i MainWnd.obj
 0001:00007b20       ?OnWkeURLChanged@IWkeCallback@@UAEXPAVCWkeWebkitUI@@PB_W@Z 00408b20 f i MainWnd.obj
 0001:00007b40       ?_Adopt@_Iterator_base12@std@@QAEXPBU_Container_base12@2@@Z 00408b40 f i MainWnd.obj
 0001:00007cd0       ?_Alloc_proxy@?$_Vector_alloc@U?$_Vec_base_types@PAU_tagTabInfo@@V?$allocator@PAU_tagTabInfo@@@std@@@std@@@std@@QAEXXZ 00408cd0 f i MainWnd.obj
 0001:00007de0       ?_Allocate@std@@YAPAXII_N@Z 00408de0 f i MainWnd.obj
 0001:00007ff0       ?_Calculate_growth@?$vector@PAU_tagTabInfo@@V?$allocator@PAU_tagTabInfo@@@std@@@std@@ABEII@Z 00408ff0 f i MainWnd.obj
 0001:00008080       ?_Change_array@?$vector@PAU_tagTabInfo@@V?$allocator@PAU_tagTabInfo@@@std@@@std@@AAEXQAPAU_tagTabInfo@@II@Z 00409080 f i MainWnd.obj
 0001:00008160       ?_Clrcont@_Iterator_base12@std@@QAEXXZ 00409160 f i MainWnd.obj
 0001:00008190       ?_Compat@?$_Vector_const_iterator@V?$_Vector_val@U?$_Simple_types@PAU_tagTabInfo@@@std@@@std@@@std@@QBEXABV12@@Z 00409190 f i MainWnd.obj
 0001:00008230       ?_Deallocate@std@@YAXPAXII@Z 00409230 f i MainWnd.obj
 0001:00008360       ?_Destroy@?$vector@PAU_tagTabInfo@@V?$allocator@PAU_tagTabInfo@@@std@@@std@@AAEXPAPAU_tagTabInfo@@0@Z 00409360 f i MainWnd.obj
 0001:000083b0       ?_Free_proxy@?$_Vector_alloc@U?$_Vec_base_types@PAU_tagTabInfo@@V?$allocator@PAU_tagTabInfo@@@std@@@std@@@std@@QAEXXZ 004093b0 f i MainWnd.obj
 0001:000084a0       ?_Get_data@?$_Vector_alloc@U?$_Vec_base_types@PAU_tagTabInfo@@V?$allocator@PAU_tagTabInfo@@@std@@@std@@@std@@QAEAAV?$_Vector_val@U?$_Simple_types@PAU_tagTabInfo@@@std@@@2@XZ 004094a0 f i MainWnd.obj
 0001:000084d0       ?_Get_data@?$_Vector_alloc@U?$_Vec_base_types@PAU_tagTabInfo@@V?$allocator@PAU_tagTabInfo@@@std@@@std@@@std@@QBEABV?$_Vector_val@U?$_Simple_types@PAU_tagTabInfo@@@std@@@2@XZ 004094d0 f i MainWnd.obj
 0001:00008500       ?_Get_first@?$_Compressed_pair@V?$allocator@PAU_tagTabInfo@@@std@@V?$_Vector_val@U?$_Simple_types@PAU_tagTabInfo@@@std@@@2@$00@std@@QAEAAV?$allocator@PAU_tagTabInfo@@@2@XZ 00409500 f i MainWnd.obj
 0001:00008520       ?_Get_first@?$_Compressed_pair@V?$allocator@PAU_tagTabInfo@@@std@@V?$_Vector_val@U?$_Simple_types@PAU_tagTabInfo@@@std@@@2@$00@std@@QBEABV?$allocator@PAU_tagTabInfo@@@2@XZ 00409520 f i MainWnd.obj
 0001:00008540       ?_Get_second@?$_Compressed_pair@V?$allocator@PAU_tagTabInfo@@@std@@V?$_Vector_val@U?$_Simple_types@PAU_tagTabInfo@@@std@@@2@$00@std@@QAEAAV?$_Vector_val@U?$_Simple_types@PAU_tagTabInfo@@@std@@@2@XZ 00409540 f i MainWnd.obj
 0001:00008560       ?_Get_second@?$_Compressed_pair@V?$allocator@PAU_tagTabInfo@@@std@@V?$_Vector_val@U?$_Simple_types@PAU_tagTabInfo@@@std@@@2@$00@std@@QBEABV?$_Vector_val@U?$_Simple_types@PAU_tagTabInfo@@@std@@@2@XZ 00409560 f i MainWnd.obj
 0001:00008580       ?_Getal@?$_Vector_alloc@U?$_Vec_base_types@PAU_tagTabInfo@@V?$allocator@PAU_tagTabInfo@@@std@@@std@@@std@@QAEAAV?$allocator@PAU_tagTabInfo@@@2@XZ 00409580 f i MainWnd.obj
 0001:000085b0       ?_Getal@?$_Vector_alloc@U?$_Vec_base_types@PAU_tagTabInfo@@V?$allocator@PAU_tagTabInfo@@@std@@@std@@@std@@QBEABV?$allocator@PAU_tagTabInfo@@@2@XZ 004095b0 f i MainWnd.obj
 0001:000085e0       ?_Getcont@_Iterator_base12@std@@QBEPBU_Container_base12@2@XZ 004095e0 f i MainWnd.obj
 0001:00008630       ?_Getpfirst@?$_Vector_alloc@U?$_Vec_base_types@PAU_tagTabInfo@@V?$allocator@PAU_tagTabInfo@@@std@@@std@@@std@@QBEPAPAU_Iterator_base12@2@XZ 00409630 f i MainWnd.obj
 0001:00008670       ?_Getpfirst@_Container_base12@std@@QBEPAPAU_Iterator_base12@2@XZ 00409670 f i MainWnd.obj
 0001:000086c0       ?_Getpnext@_Iterator_base12@std@@QAEPAPAU12@XZ 004096c0 f i MainWnd.obj
 0001:000086e0       ?_Has_unused_capacity@?$vector@PAU_tagTabInfo@@V?$allocator@PAU_tagTabInfo@@@std@@@std@@ABE_NXZ 004096e0 f i MainWnd.obj
 0001:00008750       ?_Myend@?$_Vector_alloc@U?$_Vec_base_types@PAU_tagTabInfo@@V?$allocator@PAU_tagTabInfo@@@std@@@std@@@std@@QAEAAPAPAU_tagTabInfo@@XZ 00409750 f i MainWnd.obj
 0001:00008780       ?_Myend@?$_Vector_alloc@U?$_Vec_base_types@PAU_tagTabInfo@@V?$allocator@PAU_tagTabInfo@@@std@@@std@@@std@@QBEABQAPAU_tagTabInfo@@XZ 00409780 f i MainWnd.obj
 0001:000087b0       ?_Myfirst@?$_Vector_alloc@U?$_Vec_base_types@PAU_tagTabInfo@@V?$allocator@PAU_tagTabInfo@@@std@@@std@@@std@@QAEAAPAPAU_tagTabInfo@@XZ 004097b0 f i MainWnd.obj
 0001:000087e0       ?_Myfirst@?$_Vector_alloc@U?$_Vec_base_types@PAU_tagTabInfo@@V?$allocator@PAU_tagTabInfo@@@std@@@std@@@std@@QBEABQAPAU_tagTabInfo@@XZ 004097e0 f i MainWnd.obj
 0001:00008810       ?_Mylast@?$_Vector_alloc@U?$_Vec_base_types@PAU_tagTabInfo@@V?$allocator@PAU_tagTabInfo@@@std@@@std@@@std@@QAEAAPAPAU_tagTabInfo@@XZ 00409810 f i MainWnd.obj
 0001:00008840       ?_Mylast@?$_Vector_alloc@U?$_Vec_base_types@PAU_tagTabInfo@@V?$allocator@PAU_tagTabInfo@@@std@@@std@@@std@@QBEABQAPAU_tagTabInfo@@XZ 00409840 f i MainWnd.obj
 0001:00008870       ?_Myproxy@?$_Vector_alloc@U?$_Vec_base_types@PAU_tagTabInfo@@V?$allocator@PAU_tagTabInfo@@@std@@@std@@@std@@QAEAAPAU_Container_proxy@2@XZ 00409870 f i MainWnd.obj
 0001:000088a0       ?_Orphan_all@?$_Vector_alloc@U?$_Vec_base_types@PAU_tagTabInfo@@V?$allocator@PAU_tagTabInfo@@@std@@@std@@@std@@QAEXXZ 004098a0 f i MainWnd.obj
 0001:000088e0       ?_Orphan_all@_Container_base12@std@@QAEXXZ 004098e0 f i MainWnd.obj
 0001:00008a10       ?_Orphan_me@_Iterator_base12@std@@QAEXXZ 00409a10 f i MainWnd.obj
 0001:00008b30       ?_Orphan_range@?$vector@PAU_tagTabInfo@@V?$allocator@PAU_tagTabInfo@@@std@@@std@@ABEXPAPAU_tagTabInfo@@0@Z 00409b30 f i MainWnd.obj
 0001:00008c90       ?_Tidy@?$vector@PAU_tagTabInfo@@V?$allocator@PAU_tagTabInfo@@@std@@@std@@AAEXXZ 00409c90 f i MainWnd.obj
 0001:00008d60       ?_Umove_if_noexcept1@?$vector@PAU_tagTabInfo@@V?$allocator@PAU_tagTabInfo@@@std@@@std@@AAEXPAPAU_tagTabInfo@@00U?$integral_constant@_N$00@2@@Z 00409d60 f i MainWnd.obj
 0001:00008db0       ?_Umove_if_noexcept@?$vector@PAU_tagTabInfo@@V?$allocator@PAU_tagTabInfo@@@std@@@std@@AAEXPAPAU_tagTabInfo@@00@Z 00409db0 f i MainWnd.obj
 0001:00008e10       ?_Xlength@?$vector@PAU_tagTabInfo@@V?$allocator@PAU_tagTabInfo@@@std@@@std@@CAXXZ 00409e10 f i MainWnd.obj
 0001:00008e30       ?__empty_global_delete@@YAXPAX@Z 00409e30 f i MainWnd.obj
 0001:00008e40       ?__empty_global_delete@@YAXPAXI@Z 00409e40 f i MainWnd.obj
 0001:00008e50       ?allocate@?$allocator@PAU_tagTabInfo@@@std@@QAEPAPAU_tagTabInfo@@I@Z 00409e50 f i MainWnd.obj
 0001:00008e90       ?allocate@?$allocator@U_Container_proxy@std@@@std@@QAEPAU_Container_proxy@2@I@Z 00409e90 f i MainWnd.obj
 0001:00008ed0       ?begin@?$vector@PAU_tagTabInfo@@V?$allocator@PAU_tagTabInfo@@@std@@@std@@QAE?AV?$_Vector_iterator@V?$_Vector_val@U?$_Simple_types@PAU_tagTabInfo@@@std@@@std@@@2@XZ 00409ed0 f i MainWnd.obj
 0001:00008f60       ?capacity@?$vector@PAU_tagTabInfo@@V?$allocator@PAU_tagTabInfo@@@std@@@std@@QBEIXZ 00409f60 f i MainWnd.obj
 0001:00008fb0       ?deallocate@?$_Default_allocator_traits@V?$allocator@U_Container_proxy@std@@@std@@@std@@SAXAAV?$allocator@U_Container_proxy@std@@@2@QAU_Container_proxy@2@I@Z 00409fb0 f i MainWnd.obj
 0001:00008fe0       ?deallocate@?$allocator@PAU_tagTabInfo@@@std@@QAEXQAPAU_tagTabInfo@@I@Z 00409fe0 f i MainWnd.obj
 0001:00009020       ?end@?$vector@PAU_tagTabInfo@@V?$allocator@PAU_tagTabInfo@@@std@@@std@@QAE?AV?$_Vector_iterator@V?$_Vector_val@U?$_Simple_types@PAU_tagTabInfo@@@std@@@std@@@2@XZ 0040a020 f i MainWnd.obj
 0001:000090b0       ?erase@?$vector@PAU_tagTabInfo@@V?$allocator@PAU_tagTabInfo@@@std@@@std@@QAE?AV?$_Vector_iterator@V?$_Vector_val@U?$_Simple_types@PAU_tagTabInfo@@@std@@@std@@@2@V?$_Vector_const_iterator@V?$_Vector_val@U?$_Simple_types@PAU_tagTabInfo@@@std@@@std@@@2@@Z 0040a0b0 f i MainWnd.obj
 0001:000092b0       ?max@?$numeric_limits@H@std@@SAHXZ 0040a2b0 f i MainWnd.obj
 0001:000092c0       ?max_size@?$_Default_allocator_traits@V?$allocator@PAU_tagTabInfo@@@std@@@std@@SAIABV?$allocator@PAU_tagTabInfo@@@2@@Z 0040a2c0 f i MainWnd.obj
 0001:000092d0       ?max_size@?$vector@PAU_tagTabInfo@@V?$allocator@PAU_tagTabInfo@@@std@@@std@@QBEIXZ 0040a2d0 f i MainWnd.obj
 0001:00009340       ?push_back@?$vector@PAU_tagTabInfo@@V?$allocator@PAU_tagTabInfo@@@std@@@std@@QAEXABQAU_tagTabInfo@@@Z 0040a340 f i MainWnd.obj
 0001:00009380       ?size@?$vector@PAU_tagTabInfo@@V?$allocator@PAU_tagTabInfo@@@std@@@std@@QBEIXZ 0040a380 f i MainWnd.obj
 0001:000093d0       ??0CMsgWnd@@QAE@XZ         0040a3d0 f   MsgWnd.obj
 0001:00009440       ??1CMsgWnd@@UAE@XZ         0040a440 f   MsgWnd.obj
 0001:000094b0       ?SetMsg@CMsgWnd@@QAEXPB_W@Z 0040a4b0 f   MsgWnd.obj
 0001:00009530       ?SetTitle@CMsgWnd@@QAEXPB_W@Z 0040a530 f   MsgWnd.obj
 0001:000095b0       ?OnFinalMessage@CMsgWnd@@UAEXPAUHWND__@@@Z 0040a5b0 f   MsgWnd.obj
 0001:00009630       ?GetSkinFile@CMsgWnd@@UAE?AVCDuiString@DuiLib@@XZ 0040a630 f   MsgWnd.obj
 0001:00009690       ?GetWindowClassName@CMsgWnd@@UBEPB_WXZ 0040a690 f   MsgWnd.obj
 0001:000096b0       ?Notify@CMsgWnd@@UAEXAAUtagTNotifyUI@DuiLib@@@Z 0040a6b0 f   MsgWnd.obj
 0001:000096f0       ?InitWindow@CMsgWnd@@UAEXXZ 0040a6f0 f   MsgWnd.obj
 0001:00009740       ?_GetBaseMessageMap@CMsgWnd@@KGPBUDUI_MSGMAP@DuiLib@@XZ 0040a740 f   MsgWnd.obj
 0001:00009750       ?GetMessageMap@CMsgWnd@@MBEPBUDUI_MSGMAP@DuiLib@@XZ 0040a750 f   MsgWnd.obj
 0001:00009770       ?OnClick@CMsgWnd@@MAEXAAUtagTNotifyUI@DuiLib@@@Z 0040a770 f   MsgWnd.obj
 0001:00009a40       ?OnSysCommand@CMsgWnd@@MAEJIIJAAH@Z 0040aa40 f   MsgWnd.obj
 0001:00009a60       ?HandleCustomMessage@CMsgWnd@@MAEJIIJAAH@Z 0040aa60 f   MsgWnd.obj
 0001:00009c2a       ??_9CMsgWnd@@$BCA@AE       0040ac2a f i MsgWnd.obj
 0001:00009c30       ??_ECMsgWnd@@UAEPAXI@Z     0040ac30 f i MsgWnd.obj
 0001:00009c30       ??_GCMsgWnd@@UAEPAXI@Z     0040ac30 f i MsgWnd.obj
 0001:00009c90       ??_H@YGXPAXIIP6EPAX0@Z@Z   0040ac90 f i StdAfx.obj
 0001:00009d20       _WinMain@16                0040ad20 f   WkeDemo.obj
 0001:00009e90       ?InitResource@@YAXXZ       0040ae90 f   WkeDemo.obj
 0001:0000a450       ?ANSI2T@@YA?AV?$basic_string@_WU?$char_traits@_W@std@@V?$allocator@_W@2@@std@@PBD@Z 0040b450 f   WkeWebkit.obj
 0001:0000a490       ?T2ANSI@@YA?AV?$basic_string@DU?$char_traits@D@std@@V?$allocator@D@2@@std@@PB_W@Z 0040b490 f   WkeWebkit.obj
 0001:0000a4d0       ??0CWkeWebkitUI@@QAE@XZ    0040b4d0 f   WkeWebkit.obj
 0001:0000a7d0       ??1CWkeWebkitUI@@UAE@XZ    0040b7d0 f   WkeWebkit.obj
 0001:0000a940       ?GetClass@CWkeWebkitUI@@MBEPB_WXZ 0040b940 f   WkeWebkit.obj
 0001:0000a960       ?GetInterface@CWkeWebkitUI@@MAEPAXPB_W@Z 0040b960 f   WkeWebkit.obj
 0001:0000a9c0       ?DoInit@CWkeWebkitUI@@MAEXXZ 0040b9c0 f   WkeWebkit.obj
 0001:0000ac30       ?SetPos@CWkeWebkitUI@@MAEXUtagRECT@@_N@Z 0040bc30 f   WkeWebkit.obj
 0001:0000ace0       ?DoPaint@CWkeWebkitUI@@MAEXPAUHDC__@@ABUtagRECT@@@Z 0040bce0 f   WkeWebkit.obj
 0001:0000af90       ?DoEvent@CWkeWebkitUI@@MAEXAAUtagTEventUI@DuiLib@@@Z 0040bf90 f   WkeWebkit.obj
 0001:0000b400       ?InitializeWebkit@CWkeWebkitUI@@SAXXZ 0040c400 f   WkeWebkit.obj
 0001:0000b440       ?UninitializeWebkit@CWkeWebkitUI@@SAXXZ 0040c440 f   WkeWebkit.obj
 0001:0000b460       ?ExecuteJS@CWkeWebkitUI@@QAEXPB_W@Z 0040c460 f   WkeWebkit.obj
 0001:0000b4f0       ?GetWebView@CWkeWebkitUI@@QAEPAVCWebView@wke@@XZ 0040c4f0 f   WkeWebkit.obj
 0001:0000b510       ?Navigate@CWkeWebkitUI@@QAEXPB_W@Z 0040c510 f   WkeWebkit.obj
 0001:0000b550       ?LoadHtml@CWkeWebkitUI@@QAEXPB_W@Z 0040c550 f   WkeWebkit.obj
 0001:0000b590       ?Close@CWkeWebkitUI@@QAEXXZ 0040c590 f   WkeWebkit.obj
 0001:0000b5d0       ?Back@CWkeWebkitUI@@QAEXXZ 0040c5d0 f   WkeWebkit.obj
 0001:0000b630       ?Forward@CWkeWebkitUI@@QAEXXZ 0040c630 f   WkeWebkit.obj
 0001:0000b690       ?Stop@CWkeWebkitUI@@QAEXXZ 0040c690 f   WkeWebkit.obj
 0001:0000b6d0       ?Reload@CWkeWebkitUI@@QAEXXZ 0040c6d0 f   WkeWebkit.obj
 0001:0000b710       ?SetHomePage@CWkeWebkitUI@@QAEXPB_W@Z 0040c710 f   WkeWebkit.obj
 0001:0000b770       ?NavigateHomePage@CWkeWebkitUI@@QAEXXZ 0040c770 f   WkeWebkit.obj
 0001:0000b7a0       ?SetPageFocus@CWkeWebkitUI@@QAEXXZ 0040c7a0 f   WkeWebkit.obj
 0001:0000b7e0       ?SetListenObj@CWkeWebkitUI@@QAEXPAX@Z 0040c7e0 f   WkeWebkit.obj
 0001:0000b800       ?SetWkeCallback@CWkeWebkitUI@@QAEXPAVIWkeCallback@@@Z 0040c800 f   WkeWebkit.obj
 0001:0000b820       ?SetErrorInfoPageUrl@CWkeWebkitUI@@QAEXPB_W@Z 0040c820 f   WkeWebkit.obj
 0001:0000b860       ?OnWkeTitleChanged@CWkeWebkitUI@@CAXPAVCWebView@wke@@PAXPAVCString@3@@Z 0040c860 f   WkeWebkit.obj
 0001:0000b8d0       ?OnWkeURLChanged@CWkeWebkitUI@@CAXPAVCWebView@wke@@PAXPAVCString@3@@Z 0040c8d0 f   WkeWebkit.obj
 0001:0000b940       ?OnWkeAlertBox@CWkeWebkitUI@@CAXPAVCWebView@wke@@PAXPAVCString@3@@Z 0040c940 f   WkeWebkit.obj
 0001:0000b9b0       ?OnWkeNavigation@CWkeWebkitUI@@CA_NPAVCWebView@wke@@PAXW4wkeNavigationType@@PAVCString@3@@Z 0040c9b0 f   WkeWebkit.obj
 0001:0000ba70       ?OnWkeCreateView@CWkeWebkitUI@@CAPAVCWebView@wke@@PAV23@PAXPBUwkeNewViewInfo@@@Z 0040ca70 f   WkeWebkit.obj
 0001:0000bae0       ?OnWkeDocumentReady@CWkeWebkitUI@@CAXPAVCWebView@wke@@PAXPBUwkeDocumentReadyInfo@@@Z 0040cae0 f   WkeWebkit.obj
 0001:0000bb40       ?OnWkeLoadingFinish@CWkeWebkitUI@@CAXPAVCWebView@wke@@PAXQAVCString@3@W4wkeLoadingResult@@2@Z 0040cb40 f   WkeWebkit.obj
 0001:0000bbe0       ?JsToNative@CWkeWebkitUI@@CI_JPAX@Z 0040cbe0 f   WkeWebkit.obj
 0001:0000bfe0       ?Unicode2ANSI@@YA?AV?$basic_string@DU?$char_traits@D@std@@V?$allocator@D@2@@std@@PB_W@Z 0040cfe0 f   WkeWebkit.obj
 0001:0000c150       ?Unicode2UTF8@@YA?AV?$basic_string@DU?$char_traits@D@std@@V?$allocator@D@2@@std@@PB_W@Z 0040d150 f   WkeWebkit.obj
 0001:0000c2d0       ?ANSI2Unicode@@YA?AV?$basic_string@_WU?$char_traits@_W@std@@V?$allocator@_W@2@@std@@PBD@Z 0040d2d0 f   WkeWebkit.obj
 0001:0000c450       ?T2UTF8@@YA?AV?$basic_string@DU?$char_traits@D@std@@V?$allocator@D@2@@std@@PB_W@Z 0040d450 f   WkeWebkit.obj
 0001:0000c490       ?wkeGetStringT@@YAPB_WPAVCString@wke@@@Z 0040d490 f   WkeWebkit.obj
 0001:0000ccd0       ??$?0$$V@?$_Compressed_pair@V?$allocator@D@std@@V?$_String_val@U?$_Simple_types@D@std@@@2@$00@std@@QAE@U_Zero_then_variadic_args_t@1@@Z 0040dcd0 f i WkeWebkit.obj
 0001:0000cd10       ??$?0$$V@?$_Compressed_pair@V?$allocator@U?$_Tree_node@U?$pair@QAVCWebView@wke@@PAVCWkeWebkitUI@@@std@@PAX@std@@@std@@V?$_Tree_val@U?$_Tree_simple_types@U?$pair@QAVCWebView@wke@@PAVCWkeWebkitUI@@@std@@@std@@@2@$00@std@@QAE@U_Zero_then_variadic_args_t@1@@Z 0040dd10 f i WkeWebkit.obj
 0001:0000cd50       ??$?0$$V@?$_Compressed_pair@V?$allocator@_W@std@@V?$_String_val@U?$_Simple_types@_W@std@@@2@$00@std@@QAE@U_Zero_then_variadic_args_t@1@@Z 0040dd50 f i WkeWebkit.obj
 0001:0000cd90       ??$?0AAV?$_Tree_iterator@V?$_Tree_val@U?$_Tree_simple_types@U?$pair@QAVCWebView@wke@@PAVCWkeWebkitUI@@@std@@@std@@@std@@@std@@_NX$0A@@?$pair@V?$_Tree_iterator@V?$_Tree_val@U?$_Tree_simple_types@U?$pair@QAVCWebView@wke@@PAVCWkeWebkitUI@@@std@@@std@@@std@@@std@@_N@std@@QAE@AAV?$_Tree_iterator@V?$_Tree_val@U?$_Tree_simple_types@U?$pair@QAVCWebView@wke@@PAVCWkeWebkitUI@@@std@@@std@@@std@@@1@$$QA_N@Z 0040dd90 f i WkeWebkit.obj
 0001:0000cdf0       ??$?0ABQAVCWebView@wke@@$$Z$$V@?$pair@QAVCWebView@wke@@PAVCWkeWebkitUI@@@std@@QAE@Upiecewise_construct_t@1@V?$tuple@ABQAVCWebView@wke@@@1@V?$tuple@$$V@1@@Z 0040ddf0 f i WkeWebkit.obj
 0001:0000ce50       ??$?0ABQAVCWebView@wke@@$0A@@?$tuple@ABQAVCWebView@wke@@@std@@QAE@ABQAVCWebView@wke@@@Z 0040de50 f i WkeWebkit.obj
 0001:0000cea0       ??$?0ABQAVCWebView@wke@@@?$_Tuple_val@ABQAVCWebView@wke@@@std@@QAE@ABQAVCWebView@wke@@@Z 0040dea0 f i WkeWebkit.obj
 0001:0000cee0       ??$?0ABU?$less@PAVCWebView@wke@@@std@@U_Zero_then_variadic_args_t@1@@?$_Compressed_pair@U?$less@PAVCWebView@wke@@@std@@V?$_Compressed_pair@V?$allocator@U?$_Tree_node@U?$pair@QAVCWebView@wke@@PAVCWkeWebkitUI@@@std@@PAX@std@@@std@@V?$_Tree_val@U?$_Tree_simple_types@U?$pair@QAVCWebView@wke@@PAVCWkeWebkitUI@@@std@@@std@@@2@$00@2@$00@std@@QAE@U_One_then_variadic_args_t@1@ABU?$less@PAVCWebView@wke@@@1@$$QAU_Zero_then_variadic_args_t@1@@Z 0040dee0 f i WkeWebkit.obj
 0001:0000cf40       ??$?0D@?$allocator@U_Container_proxy@std@@@std@@QAE@ABV?$allocator@D@1@@Z 0040df40 f i WkeWebkit.obj
 0001:0000cf60       ??$?0U?$_Tree_node@U?$pair@QAVCWebView@wke@@PAVCWkeWebkitUI@@@std@@PAX@std@@@?$allocator@U_Container_proxy@std@@@std@@QAE@ABV?$allocator@U?$_Tree_node@U?$pair@QAVCWebView@wke@@PAVCWkeWebkitUI@@@std@@PAX@std@@@1@@Z 0040df60 f i WkeWebkit.obj
 0001:0000cf80       ??$?0U_Exact_args_t@std@@$0A@@?$tuple@$$V@std@@QAE@U_Exact_args_t@1@@Z 0040df80 f i WkeWebkit.obj
 0001:0000cfa0       ??$?0U_Exact_args_t@std@@ABQAVCWebView@wke@@$$V$0A@@?$tuple@ABQAVCWebView@wke@@@std@@QAE@U_Exact_args_t@1@ABQAVCWebView@wke@@@Z 0040dfa0 f i WkeWebkit.obj
 0001:0000d010       ??$?0V?$_Tree_iterator@V?$_Tree_val@U?$_Tree_simple_types@U?$pair@QAVCWebView@wke@@PAVCWkeWebkitUI@@@std@@@std@@@std@@@std@@_NX$0A@@?$pair@V?$_Tree_iterator@V?$_Tree_val@U?$_Tree_simple_types@U?$pair@QAVCWebView@wke@@PAVCWkeWebkitUI@@@std@@@std@@@std@@@std@@_N@std@@QAE@$$QAV?$_Tree_iterator@V?$_Tree_val@U?$_Tree_simple_types@U?$pair@QAVCWebView@wke@@PAVCWkeWebkitUI@@@std@@@std@@@std@@@1@$$QA_N@Z 0040e010 f i WkeWebkit.obj
 0001:0000d070       ??$?0V?$allocator@D@std@@$$V@?$_Compressed_pair@V?$allocator@D@std@@V?$_String_val@U?$_Simple_types@D@std@@@2@$00@std@@QAE@U_One_then_variadic_args_t@1@$$QAV?$allocator@D@1@@Z 0040e070 f i WkeWebkit.obj
 0001:0000d0c0       ??$?0V?$allocator@D@std@@X@?$_String_alloc@U?$_String_base_types@DV?$allocator@D@std@@@std@@@std@@QAE@$$QAV?$allocator@D@1@@Z 0040e0c0 f i WkeWebkit.obj
 0001:0000d170       ??$?0V?$allocator@_W@std@@$$V@?$_Compressed_pair@V?$allocator@_W@std@@V?$_String_val@U?$_Simple_types@_W@std@@@2@$00@std@@QAE@U_One_then_variadic_args_t@1@$$QAV?$allocator@_W@1@@Z 0040e170 f i WkeWebkit.obj
 0001:0000d1c0       ??$?0V?$allocator@_W@std@@X@?$_String_alloc@U?$_String_base_types@_WV?$allocator@_W@std@@@std@@@std@@QAE@$$QAV?$allocator@_W@1@@Z 0040e1c0 f i WkeWebkit.obj
 0001:0000d270       ??$?0V?$tuple@ABQAVCWebView@wke@@@std@@V?$tuple@$$V@1@$0A@$$Z$S@?$pair@QAVCWebView@wke@@PAVCWkeWebkitUI@@@std@@QAE@AAV?$tuple@ABQAVCWebView@wke@@@1@AAV?$tuple@$$V@1@U?$integer_sequence@I$0A@@1@U?$integer_sequence@I$S@1@@Z 0040e270 f i WkeWebkit.obj
 0001:0000d2d0       ??$?0_W@?$allocator@U_Container_proxy@std@@@std@@QAE@ABV?$allocator@_W@1@@Z 0040e2d0 f i WkeWebkit.obj
 0001:0000d2f0       ??$_Buynode@ABUpiecewise_construct_t@std@@V?$tuple@ABQAVCWebView@wke@@@2@V?$tuple@$$V@2@@?$_Tree_comp_alloc@V?$_Tmap_traits@PAVCWebView@wke@@PAVCWkeWebkitUI@@U?$less@PAVCWebView@wke@@@std@@V?$allocator@U?$pair@QAVCWebView@wke@@PAVCWkeWebkitUI@@@std@@@5@$0A@@std@@@std@@QAEPAU?$_Tree_node@U?$pair@QAVCWebView@wke@@PAVCWkeWebkitUI@@@std@@PAX@1@ABUpiecewise_construct_t@1@$$QAV?$tuple@ABQAVCWebView@wke@@@1@$$QAV?$tuple@$$V@1@@Z 0040e2f0 f i WkeWebkit.obj
 0001:0000d420       ??$_Buynode_if_nil@AAU?$pair@QAVCWebView@wke@@PAVCWkeWebkitUI@@@std@@@?$_Tree@V?$_Tmap_traits@PAVCWebView@wke@@PAVCWkeWebkitUI@@U?$less@PAVCWebView@wke@@@std@@V?$allocator@U?$pair@QAVCWebView@wke@@PAVCWkeWebkitUI@@@std@@@5@$0A@@std@@@std@@IAEPAU?$_Tree_node@U?$pair@QAVCWebView@wke@@PAVCWkeWebkitUI@@@std@@PAX@1@PAU21@AAU?$pair@QAVCWebView@wke@@PAVCWkeWebkitUI@@@1@@Z 0040e420 f i WkeWebkit.obj
 0001:0000d440       ??$_Convert_size@I@std@@YAII@Z 0040e440 f i WkeWebkit.obj
 0001:0000d450       ??$_Debug_lt_pred@AAU?$less@PAVCWebView@wke@@@std@@ABQAVCWebView@wke@@ABQAV34@@std@@YA_NAAU?$less@PAVCWebView@wke@@@0@ABQAVCWebView@wke@@1PB_WI@Z 0040e450 f i WkeWebkit.obj
 0001:0000d520       ??$_Debug_lt_pred@ABU?$less@PAVCWebView@wke@@@std@@ABQAVCWebView@wke@@ABQAV34@@std@@YA_NABU?$less@PAVCWebView@wke@@@0@ABQAVCWebView@wke@@1PB_WI@Z 0040e520 f i WkeWebkit.obj
 0001:0000d5f0       ??$_Insert_at@AAU?$pair@QAVCWebView@wke@@PAVCWkeWebkitUI@@@std@@PAU?$_Tree_node@U?$pair@QAVCWebView@wke@@PAVCWkeWebkitUI@@@std@@PAX@2@@?$_Tree@V?$_Tmap_traits@PAVCWebView@wke@@PAVCWkeWebkitUI@@U?$less@PAVCWebView@wke@@@std@@V?$allocator@U?$pair@QAVCWebView@wke@@PAVCWkeWebkitUI@@@std@@@5@$0A@@std@@@std@@IAE?AV?$_Tree_iterator@V?$_Tree_val@U?$_Tree_simple_types@U?$pair@QAVCWebView@wke@@PAVCWkeWebkitUI@@@std@@@std@@@std@@@1@_NPAU?$_Tree_node@U?$pair@QAVCWebView@wke@@PAVCWkeWebkitUI@@@std@@PAX@1@AAU?$pair@QAVCWebView@wke@@PAVCWkeWebkitUI@@@1@1@Z 0040e5f0 f i WkeWebkit.obj
 0001:0000d960       ??$_Insert_hint@AAU?$pair@QAVCWebView@wke@@PAVCWkeWebkitUI@@@std@@PAU?$_Tree_node@U?$pair@QAVCWebView@wke@@PAVCWkeWebkitUI@@@std@@PAX@2@@?$_Tree@V?$_Tmap_traits@PAVCWebView@wke@@PAVCWkeWebkitUI@@U?$less@PAVCWebView@wke@@@std@@V?$allocator@U?$pair@QAVCWebView@wke@@PAVCWkeWebkitUI@@@std@@@5@$0A@@std@@@std@@IAE?AV?$_Tree_iterator@V?$_Tree_val@U?$_Tree_simple_types@U?$pair@QAVCWebView@wke@@PAVCWkeWebkitUI@@@std@@@std@@@std@@@1@V?$_Tree_const_iterator@V?$_Tree_val@U?$_Tree_simple_types@U?$pair@QAVCWebView@wke@@PAVCWkeWebkitUI@@@std@@@std@@@std@@@1@AAU?$pair@QAVCWebView@wke@@PAVCWkeWebkitUI@@@1@PAU?$_Tree_node@U?$pair@QAVCWebView@wke@@PAVCWkeWebkitUI@@@std@@PAX@1@@Z 0040e960 f i WkeWebkit.obj
 0001:0000ed70       ??$_Insert_nohint@AAU?$pair@QAVCWebView@wke@@PAVCWkeWebkitUI@@@std@@PAU?$_Tree_node@U?$pair@QAVCWebView@wke@@PAVCWkeWebkitUI@@@std@@PAX@2@@?$_Tree@V?$_Tmap_traits@PAVCWebView@wke@@PAVCWkeWebkitUI@@U?$less@PAVCWebView@wke@@@std@@V?$allocator@U?$pair@QAVCWebView@wke@@PAVCWkeWebkitUI@@@std@@@5@$0A@@std@@@std@@IAE?AU?$pair@V?$_Tree_iterator@V?$_Tree_val@U?$_Tree_simple_types@U?$pair@QAVCWebView@wke@@PAVCWkeWebkitUI@@@std@@@std@@@std@@@std@@_N@1@_NAAU?$pair@QAVCWebView@wke@@PAVCWkeWebkitUI@@@1@PAU?$_Tree_node@U?$pair@QAVCWebView@wke@@PAVCWkeWebkitUI@@@std@@PAX@1@@Z 0040fd70 f i WkeWebkit.obj
 0001:0000f330       ??$_Kfn@QAVCWebView@wke@@PAVCWkeWebkitUI@@@?$_Tmap_traits@PAVCWebView@wke@@PAVCWkeWebkitUI@@U?$less@PAVCWebView@wke@@@std@@V?$allocator@U?$pair@QAVCWebView@wke@@PAVCWkeWebkitUI@@@std@@@5@$0A@@std@@SAABQAVCWebView@wke@@ABU?$pair@QAVCWebView@wke@@PAVCWkeWebkitUI@@@1@@Z 00410330 f i WkeWebkit.obj
 0001:0000f340       ??$_Lbound@PAVCWebView@wke@@@?$_Tree@V?$_Tmap_traits@PAVCWebView@wke@@PAVCWkeWebkitUI@@U?$less@PAVCWebView@wke@@@std@@V?$allocator@U?$pair@QAVCWebView@wke@@PAVCWkeWebkitUI@@@std@@@5@$0A@@std@@@std@@IBEPAU?$_Tree_node@U?$pair@QAVCWebView@wke@@PAVCWkeWebkitUI@@@std@@PAX@1@ABQAVCWebView@wke@@@Z 00410340 f i WkeWebkit.obj
 0001:0000f400       ??$_Max_value@I@std@@YAABIABI0@Z 00410400 f i WkeWebkit.obj
 0001:0000f770       ??$_Try_emplace@ABQAVCWebView@wke@@$$V@?$map@PAVCWebView@wke@@PAVCWkeWebkitUI@@U?$less@PAVCWebView@wke@@@std@@V?$allocator@U?$pair@QAVCWebView@wke@@PAVCWkeWebkitUI@@@std@@@5@@std@@QAE?AU?$pair@V?$_Tree_iterator@V?$_Tree_val@U?$_Tree_simple_types@U?$pair@QAVCWebView@wke@@PAVCWkeWebkitUI@@@std@@@std@@@std@@@std@@_N@1@ABQAVCWebView@wke@@@Z 00410770 f i WkeWebkit.obj
 0001:0000fa20       ??$_Unfancy@D@std@@YAPADPAD@Z 00410a20 f i WkeWebkit.obj
 0001:0000fa30       ??$_Unfancy@_W@std@@YAPA_WPA_W@Z 00410a30 f i WkeWebkit.obj
 0001:0000fa40       ??$addressof@$$CBU?$pair@QAVCWebView@wke@@PAVCWkeWebkitUI@@@std@@@std@@YAPBU?$pair@QAVCWebView@wke@@PAVCWkeWebkitUI@@@0@ABU10@@Z 00410a40 f i WkeWebkit.obj
 0001:0000fa50       ??$addressof@PAD@std@@YAPAPADAAPAD@Z 00410a50 f i WkeWebkit.obj
 0001:0000fa60       ??$addressof@PAU?$_Tree_node@U?$pair@QAVCWebView@wke@@PAVCWkeWebkitUI@@@std@@PAX@std@@@std@@YAPAPAU?$_Tree_node@U?$pair@QAVCWebView@wke@@PAVCWkeWebkitUI@@@std@@PAX@0@AAPAU10@@Z 00410a60 f i WkeWebkit.obj
 0001:0000fa70       ??$addressof@PA_W@std@@YAPAPA_WAAPA_W@Z 00410a70 f i WkeWebkit.obj
 0001:0000fa80       ??$addressof@U?$pair@QAVCWebView@wke@@PAVCWkeWebkitUI@@@std@@@std@@YAPAU?$pair@QAVCWebView@wke@@PAVCWkeWebkitUI@@@0@AAU10@@Z 00410a80 f i WkeWebkit.obj
 0001:0000fa90       ??$addressof@V?$_String_val@U?$_Simple_types@D@std@@@std@@@std@@YAPAV?$_String_val@U?$_Simple_types@D@std@@@0@AAV10@@Z 00410a90 f i WkeWebkit.obj
 0001:0000faa0       ??$addressof@V?$_String_val@U?$_Simple_types@_W@std@@@std@@@std@@YAPAV?$_String_val@U?$_Simple_types@_W@std@@@0@AAV10@@Z 00410aa0 f i WkeWebkit.obj
 0001:0000fab0       ??$addressof@V?$_Tree_val@U?$_Tree_simple_types@U?$pair@QAVCWebView@wke@@PAVCWkeWebkitUI@@@std@@@std@@@std@@@std@@YAPAV?$_Tree_val@U?$_Tree_simple_types@U?$pair@QAVCWebView@wke@@PAVCWkeWebkitUI@@@std@@@std@@@0@AAV10@@Z 00410ab0 f i WkeWebkit.obj
 0001:0000fac0       ??$construct@PADABQAD@?$_Default_allocator_traits@V?$allocator@D@std@@@std@@SAXAAV?$allocator@D@1@QAPADABQAD@Z 00410ac0 f i WkeWebkit.obj
 0001:0000fb10       ??$construct@PAU?$_Tree_node@U?$pair@QAVCWebView@wke@@PAVCWkeWebkitUI@@@std@@PAX@std@@AAPAU12@@?$_Default_allocator_traits@V?$allocator@U?$_Tree_node@U?$pair@QAVCWebView@wke@@PAVCWkeWebkitUI@@@std@@PAX@std@@@std@@@std@@SAXAAV?$allocator@U?$_Tree_node@U?$pair@QAVCWebView@wke@@PAVCWkeWebkitUI@@@std@@PAX@std@@@1@QAPAU?$_Tree_node@U?$pair@QAVCWebView@wke@@PAVCWkeWebkitUI@@@std@@PAX@1@AAPAU31@@Z 00410b10 f i WkeWebkit.obj
 0001:0000fb60       ??$construct@PA_WABQA_W@?$_Default_allocator_traits@V?$allocator@_W@std@@@std@@SAXAAV?$allocator@_W@1@QAPA_WABQA_W@Z 00410b60 f i WkeWebkit.obj
 0001:0000fbb0       ??$construct@U?$pair@QAVCWebView@wke@@PAVCWkeWebkitUI@@@std@@ABUpiecewise_construct_t@2@V?$tuple@ABQAVCWebView@wke@@@2@V?$tuple@$$V@2@@?$_Default_allocator_traits@V?$allocator@U?$_Tree_node@U?$pair@QAVCWebView@wke@@PAVCWkeWebkitUI@@@std@@PAX@std@@@std@@@std@@SAXAAV?$allocator@U?$_Tree_node@U?$pair@QAVCWebView@wke@@PAVCWkeWebkitUI@@@std@@PAX@std@@@1@QAU?$pair@QAVCWebView@wke@@PAVCWkeWebkitUI@@@1@ABUpiecewise_construct_t@1@$$QAV?$tuple@ABQAVCWebView@wke@@@1@$$QAV?$tuple@$$V@1@@Z 00410bb0 f i WkeWebkit.obj
 0001:0000fcb0       ??$destroy@PAD@?$_Default_allocator_traits@V?$allocator@D@std@@@std@@SAXAAV?$allocator@D@1@QAPAD@Z 00410cb0 f i WkeWebkit.obj
 0001:0000fcc0       ??$destroy@PAU?$_Tree_node@U?$pair@QAVCWebView@wke@@PAVCWkeWebkitUI@@@std@@PAX@std@@@?$_Default_allocator_traits@V?$allocator@U?$_Tree_node@U?$pair@QAVCWebView@wke@@PAVCWkeWebkitUI@@@std@@PAX@std@@@std@@@std@@SAXAAV?$allocator@U?$_Tree_node@U?$pair@QAVCWebView@wke@@PAVCWkeWebkitUI@@@std@@PAX@std@@@1@QAPAU?$_Tree_node@U?$pair@QAVCWebView@wke@@PAVCWkeWebkitUI@@@std@@PAX@1@@Z 00410cc0 f i WkeWebkit.obj
 0001:0000fcd0       ??$destroy@PA_W@?$_Default_allocator_traits@V?$allocator@_W@std@@@std@@SAXAAV?$allocator@_W@1@QAPA_W@Z 00410cd0 f i WkeWebkit.obj
 0001:0000fce0       ??$destroy@U?$pair@QAVCWebView@wke@@PAVCWkeWebkitUI@@@std@@@?$_Default_allocator_traits@V?$allocator@U?$_Tree_node@U?$pair@QAVCWebView@wke@@PAVCWkeWebkitUI@@@std@@PAX@std@@@std@@@std@@SAXAAV?$allocator@U?$_Tree_node@U?$pair@QAVCWebView@wke@@PAVCWkeWebkitUI@@@std@@PAX@std@@@1@QAU?$pair@QAVCWebView@wke@@PAVCWkeWebkitUI@@@1@@Z 00410ce0 f i WkeWebkit.obj
 0001:0000fcf0       ??$emplace_hint@ABUpiecewise_construct_t@std@@V?$tuple@ABQAVCWebView@wke@@@2@V?$tuple@$$V@2@@?$_Tree@V?$_Tmap_traits@PAVCWebView@wke@@PAVCWkeWebkitUI@@U?$less@PAVCWebView@wke@@@std@@V?$allocator@U?$pair@QAVCWebView@wke@@PAVCWkeWebkitUI@@@std@@@5@$0A@@std@@@std@@QAE?AV?$_Tree_iterator@V?$_Tree_val@U?$_Tree_simple_types@U?$pair@QAVCWebView@wke@@PAVCWkeWebkitUI@@@std@@@std@@@std@@@1@V?$_Tree_const_iterator@V?$_Tree_val@U?$_Tree_simple_types@U?$pair@QAVCWebView@wke@@PAVCWkeWebkitUI@@@std@@@std@@@std@@@1@ABUpiecewise_construct_t@1@$$QAV?$tuple@ABQAVCWebView@wke@@@1@$$QAV?$tuple@$$V@1@@Z 00410cf0 f i WkeWebkit.obj
 0001:0000fe10       ??$forward@AAPAU?$_Tree_node@U?$pair@QAVCWebView@wke@@PAVCWkeWebkitUI@@@std@@PAX@std@@@std@@YAAAPAU?$_Tree_node@U?$pair@QAVCWebView@wke@@PAVCWkeWebkitUI@@@std@@PAX@0@AAPAU10@@Z 00410e10 f i WkeWebkit.obj
 0001:0000fe20       ??$forward@AAU?$pair@QAVCWebView@wke@@PAVCWkeWebkitUI@@@std@@@std@@YAAAU?$pair@QAVCWebView@wke@@PAVCWkeWebkitUI@@@0@AAU10@@Z 00410e20 f i WkeWebkit.obj
 0001:0000fe30       ??$forward@AAV?$_Tree_iterator@V?$_Tree_val@U?$_Tree_simple_types@U?$pair@QAVCWebView@wke@@PAVCWkeWebkitUI@@@std@@@std@@@std@@@std@@@std@@YAAAV?$_Tree_iterator@V?$_Tree_val@U?$_Tree_simple_types@U?$pair@QAVCWebView@wke@@PAVCWkeWebkitUI@@@std@@@std@@@std@@@0@AAV10@@Z 00410e30 f i WkeWebkit.obj
 0001:0000fe40       ??$forward@ABQAD@std@@YAABQADABQAD@Z 00410e40 f i WkeWebkit.obj
 0001:0000fe50       ??$forward@ABQAVCWebView@wke@@@std@@YAABQAVCWebView@wke@@ABQAV12@@Z 00410e50 f i WkeWebkit.obj
 0001:0000fe60       ??$forward@ABQA_W@std@@YAABQA_WABQA_W@Z 00410e60 f i WkeWebkit.obj
 0001:0000fe70       ??$forward@ABU?$less@PAVCWebView@wke@@@std@@@std@@YAABU?$less@PAVCWebView@wke@@@0@ABU10@@Z 00410e70 f i WkeWebkit.obj
 0001:0000fe80       ??$forward@ABUpiecewise_construct_t@std@@@std@@YAABUpiecewise_construct_t@0@ABU10@@Z 00410e80 f i WkeWebkit.obj
 0001:0000fe90       ??$forward@U_Zero_then_variadic_args_t@std@@@std@@YA$$QAU_Zero_then_variadic_args_t@0@AAU10@@Z 00410e90 f i WkeWebkit.obj
 0001:0000fea0       ??$forward@V?$_Tree_iterator@V?$_Tree_val@U?$_Tree_simple_types@U?$pair@QAVCWebView@wke@@PAVCWkeWebkitUI@@@std@@@std@@@std@@@std@@@std@@YA$$QAV?$_Tree_iterator@V?$_Tree_val@U?$_Tree_simple_types@U?$pair@QAVCWebView@wke@@PAVCWkeWebkitUI@@@std@@@std@@@std@@@0@AAV10@@Z 00410ea0 f i WkeWebkit.obj
 0001:0000feb0       ??$forward@V?$allocator@D@std@@@std@@YA$$QAV?$allocator@D@0@AAV10@@Z 00410eb0 f i WkeWebkit.obj
 0001:0000fec0       ??$forward@V?$allocator@_W@std@@@std@@YA$$QAV?$allocator@_W@0@AAV10@@Z 00410ec0 f i WkeWebkit.obj
 0001:0000fed0       ??$forward@V?$tuple@$$V@std@@@std@@YA$$QAV?$tuple@$$V@0@AAV10@@Z 00410ed0 f i WkeWebkit.obj
 0001:0000fee0       ??$forward@V?$tuple@ABQAVCWebView@wke@@@std@@@std@@YA$$QAV?$tuple@ABQAVCWebView@wke@@@0@AAV10@@Z 00410ee0 f i WkeWebkit.obj
 0001:0000fef0       ??$forward@_N@std@@YA$$QA_NAA_N@Z 00410ef0 f i WkeWebkit.obj
 0001:0000ff00       ??$forward_as_tuple@$$V@std@@YA?AV?$tuple@$$V@0@XZ 00410f00 f i WkeWebkit.obj
 0001:0000ff20       ??$forward_as_tuple@ABQAVCWebView@wke@@@std@@YA?AV?$tuple@ABQAVCWebView@wke@@@0@ABQAVCWebView@wke@@@Z 00410f20 f i WkeWebkit.obj
 0001:0000ff90       ??$get@$0A@ABQAVCWebView@wke@@@std@@YAABQAVCWebView@wke@@$$QAV?$tuple@ABQAVCWebView@wke@@@0@@Z 00410f90 f i WkeWebkit.obj
 0001:0000ffb0       ??$move@AAD@std@@YA$$QADAAD@Z 00410fb0 f i WkeWebkit.obj
 0001:0000ffc0       ??$move@AAV?$allocator@D@std@@@std@@YA$$QAV?$allocator@D@0@AAV10@@Z 00410fc0 f i WkeWebkit.obj
 0001:0000ffd0       ??$move@AAV?$allocator@_W@std@@@std@@YA$$QAV?$allocator@_W@0@AAV10@@Z 00410fd0 f i WkeWebkit.obj
 0001:0000ffe0       ??$move@AAV?$basic_string@DU?$char_traits@D@std@@V?$allocator@D@2@@std@@@std@@YA$$QAV?$basic_string@DU?$char_traits@D@std@@V?$allocator@D@2@@0@AAV10@@Z 00410fe0 f i WkeWebkit.obj
 0001:0000fff0       ??$move@AAV?$basic_string@_WU?$char_traits@_W@std@@V?$allocator@_W@2@@std@@@std@@YA$$QAV?$basic_string@_WU?$char_traits@_W@std@@V?$allocator@_W@2@@0@AAV10@@Z 00410ff0 f i WkeWebkit.obj
 0001:00010000       ??$move@AAV?$tuple@ABQAVCWebView@wke@@@std@@@std@@YA$$QAV?$tuple@ABQAVCWebView@wke@@@0@AAV10@@Z 00411000 f i WkeWebkit.obj
 0001:00010010       ??$swap@DX@std@@YAXAAD0@Z  00411010 f i WkeWebkit.obj
 0001:000100c0       ??$try_emplace@$$V@?$map@PAVCWebView@wke@@PAVCWkeWebkitUI@@U?$less@PAVCWebView@wke@@@std@@V?$allocator@U?$pair@QAVCWebView@wke@@PAVCWkeWebkitUI@@@std@@@5@@std@@QAE?AU?$pair@V?$_Tree_iterator@V?$_Tree_val@U?$_Tree_simple_types@U?$pair@QAVCWebView@wke@@PAVCWkeWebkitUI@@@std@@@std@@@std@@@std@@_N@1@ABQAVCWebView@wke@@@Z 004110c0 f i WkeWebkit.obj
 0001:00010120       ??0?$_String_alloc@U?$_String_base_types@DV?$allocator@D@std@@@std@@@std@@QAE@XZ 00411120 f i WkeWebkit.obj
 0001:000101c0       ??0?$_String_alloc@U?$_String_base_types@_WV?$allocator@_W@std@@@std@@@std@@QAE@XZ 004111c0 f i WkeWebkit.obj
 0001:00010260       ??0?$_String_val@U?$_Simple_types@D@std@@@std@@QAE@XZ 00411260 f i WkeWebkit.obj
 0001:00010300       ??0?$_String_val@U?$_Simple_types@_W@std@@@std@@QAE@XZ 00411300 f i WkeWebkit.obj
 0001:000103a0       ??0?$_Tree@V?$_Tmap_traits@PAVCWebView@wke@@PAVCWkeWebkitUI@@U?$less@PAVCWebView@wke@@@std@@V?$allocator@U?$pair@QAVCWebView@wke@@PAVCWkeWebkitUI@@@std@@@5@$0A@@std@@@std@@QAE@ABU?$less@PAVCWebView@wke@@@1@@Z 004113a0 f i WkeWebkit.obj
 0001:000103e0       ??0?$_Tree_comp_alloc@V?$_Tmap_traits@PAVCWebView@wke@@PAVCWkeWebkitUI@@U?$less@PAVCWebView@wke@@@std@@V?$allocator@U?$pair@QAVCWebView@wke@@PAVCWkeWebkitUI@@@std@@@5@$0A@@std@@@std@@QAE@ABU?$less@PAVCWebView@wke@@@1@@Z 004113e0 f i WkeWebkit.obj
 0001:00010480       ??0?$_Tree_const_iterator@V?$_Tree_val@U?$_Tree_simple_types@U?$pair@QAVCWebView@wke@@PAVCWkeWebkitUI@@@std@@@std@@@std@@@std@@QAE@$$QAV01@@Z 00411480 f i WkeWebkit.obj
 0001:000104c0       ??0?$_Tree_const_iterator@V?$_Tree_val@U?$_Tree_simple_types@U?$pair@QAVCWebView@wke@@PAVCWkeWebkitUI@@@std@@@std@@@std@@@std@@QAE@ABV01@@Z 004114c0 f i WkeWebkit.obj
 0001:00010500       ??0?$_Tree_const_iterator@V?$_Tree_val@U?$_Tree_simple_types@U?$pair@QAVCWebView@wke@@PAVCWkeWebkitUI@@@std@@@std@@@std@@@std@@QAE@PAU?$_Tree_node@U?$pair@QAVCWebView@wke@@PAVCWkeWebkitUI@@@std@@PAX@1@PBV?$_Tree_val@U?$_Tree_simple_types@U?$pair@QAVCWebView@wke@@PAVCWkeWebkitUI@@@std@@@std@@@1@@Z 00411500 f i WkeWebkit.obj
 0001:00010540       ??0?$_Tree_const_iterator@V?$_Tree_val@U?$_Tree_simple_types@U?$pair@QAVCWebView@wke@@PAVCWkeWebkitUI@@@std@@@std@@@std@@@std@@QAE@XZ 00411540 f i WkeWebkit.obj
 0001:00010570       ??0?$_Tree_iterator@V?$_Tree_val@U?$_Tree_simple_types@U?$pair@QAVCWebView@wke@@PAVCWkeWebkitUI@@@std@@@std@@@std@@@std@@QAE@$$QAV01@@Z 00411570 f i WkeWebkit.obj
 0001:000105b0       ??0?$_Tree_iterator@V?$_Tree_val@U?$_Tree_simple_types@U?$pair@QAVCWebView@wke@@PAVCWkeWebkitUI@@@std@@@std@@@std@@@std@@QAE@ABV01@@Z 004115b0 f i WkeWebkit.obj
 0001:000105f0       ??0?$_Tree_iterator@V?$_Tree_val@U?$_Tree_simple_types@U?$pair@QAVCWebView@wke@@PAVCWkeWebkitUI@@@std@@@std@@@std@@@std@@QAE@PAU?$_Tree_node@U?$pair@QAVCWebView@wke@@PAVCWkeWebkitUI@@@std@@PAX@1@PBV?$_Tree_val@U?$_Tree_simple_types@U?$pair@QAVCWebView@wke@@PAVCWkeWebkitUI@@@std@@@std@@@1@@Z 004115f0 f i WkeWebkit.obj
 0001:00010630       ??0?$_Tree_unchecked_const_iterator@V?$_Tree_val@U?$_Tree_simple_types@U?$pair@QAVCWebView@wke@@PAVCWkeWebkitUI@@@std@@@std@@@std@@U_Iterator_base12@2@@std@@QAE@$$QAV01@@Z 00411630 f i WkeWebkit.obj
 0001:00010680       ??0?$_Tree_unchecked_const_iterator@V?$_Tree_val@U?$_Tree_simple_types@U?$pair@QAVCWebView@wke@@PAVCWkeWebkitUI@@@std@@@std@@@std@@U_Iterator_base12@2@@std@@QAE@ABV01@@Z 00411680 f i WkeWebkit.obj
 0001:000106d0       ??0?$_Tree_unchecked_const_iterator@V?$_Tree_val@U?$_Tree_simple_types@U?$pair@QAVCWebView@wke@@PAVCWkeWebkitUI@@@std@@@std@@@std@@U_Iterator_base12@2@@std@@QAE@PAU?$_Tree_node@U?$pair@QAVCWebView@wke@@PAVCWkeWebkitUI@@@std@@PAX@1@PBV?$_Tree_val@U?$_Tree_simple_types@U?$pair@QAVCWebView@wke@@PAVCWkeWebkitUI@@@std@@@std@@@1@@Z 004116d0 f i WkeWebkit.obj
 0001:00010720       ??0?$_Tree_unchecked_const_iterator@V?$_Tree_val@U?$_Tree_simple_types@U?$pair@QAVCWebView@wke@@PAVCWkeWebkitUI@@@std@@@std@@@std@@U_Iterator_base12@2@@std@@QAE@XZ 00411720 f i WkeWebkit.obj
 0001:00010760       ??0?$_Tree_val@U?$_Tree_simple_types@U?$pair@QAVCWebView@wke@@PAVCWkeWebkitUI@@@std@@@std@@@std@@QAE@XZ 00411760 f i WkeWebkit.obj
 0001:000107b0       ??0?$allocator@D@std@@QAE@XZ 004117b0 f i WkeWebkit.obj
 0001:000107d0       ??0?$allocator@U?$_Tree_node@U?$pair@QAVCWebView@wke@@PAVCWkeWebkitUI@@@std@@PAX@std@@@std@@QAE@XZ 004117d0 f i WkeWebkit.obj
 0001:000107f0       ??0?$allocator@_W@std@@QAE@XZ 004117f0 f i WkeWebkit.obj
 0001:00010810       ??0?$basic_string@DU?$char_traits@D@std@@V?$allocator@D@2@@std@@QAE@$$QAV01@@Z 00411810 f i WkeWebkit.obj
 0001:000108c0       ??0?$basic_string@DU?$char_traits@D@std@@V?$allocator@D@2@@std@@QAE@XZ 004118c0 f i WkeWebkit.obj
 0001:00010930       ??0?$basic_string@_WU?$char_traits@_W@std@@V?$allocator@_W@2@@std@@QAE@$$QAV01@@Z 00411930 f i WkeWebkit.obj
 0001:000109e0       ??0?$basic_string@_WU?$char_traits@_W@std@@V?$allocator@_W@2@@std@@QAE@XZ 004119e0 f i WkeWebkit.obj
 0001:00010a50       ??0?$map@PAVCWebView@wke@@PAVCWkeWebkitUI@@U?$less@PAVCWebView@wke@@@std@@V?$allocator@U?$pair@QAVCWebView@wke@@PAVCWkeWebkitUI@@@std@@@5@@std@@QAE@XZ 00411a50 f i WkeWebkit.obj
 0001:00010aa0       ??0?$tuple@$$V@std@@QAE@ABV01@@Z 00411aa0 f i WkeWebkit.obj
 0001:00010ac0       ??0?$tuple@$$V@std@@QAE@XZ 00411ac0 f i WkeWebkit.obj
 0001:00010ae0       ??0?$tuple@ABQAVCWebView@wke@@@std@@QAE@$$QAV01@@Z 00411ae0 f i WkeWebkit.obj
 0001:00010b30       ??0_Bxty@?$_String_val@U?$_Simple_types@D@std@@@std@@QAE@XZ 00411b30 f i WkeWebkit.obj
 0001:00010b50       ??0_Bxty@?$_String_val@U?$_Simple_types@_W@std@@@std@@QAE@XZ 00411b50 f i WkeWebkit.obj
 0001:00010b70       ??0_rend_data@@QAE@XZ      00411b70 f i WkeWebkit.obj
 0001:00010bf0       ??1?$_Compressed_pair@U?$less@PAVCWebView@wke@@@std@@V?$_Compressed_pair@V?$allocator@U?$_Tree_node@U?$pair@QAVCWebView@wke@@PAVCWkeWebkitUI@@@std@@PAX@std@@@std@@V?$_Tree_val@U?$_Tree_simple_types@U?$pair@QAVCWebView@wke@@PAVCWkeWebkitUI@@@std@@@std@@@2@$00@2@$00@std@@QAE@XZ 00411bf0 f i WkeWebkit.obj
 0001:00010c20       ??1?$_Compressed_pair@V?$allocator@D@std@@V?$_String_val@U?$_Simple_types@D@std@@@2@$00@std@@QAE@XZ 00411c20 f i WkeWebkit.obj
 0001:00010c50       ??1?$_Compressed_pair@V?$allocator@U?$_Tree_node@U?$pair@QAVCWebView@wke@@PAVCWkeWebkitUI@@@std@@PAX@std@@@std@@V?$_Tree_val@U?$_Tree_simple_types@U?$pair@QAVCWebView@wke@@PAVCWkeWebkitUI@@@std@@@std@@@2@$00@std@@QAE@XZ 00411c50 f i WkeWebkit.obj
 0001:00010c80       ??1?$_Compressed_pair@V?$allocator@_W@std@@V?$_String_val@U?$_Simple_types@_W@std@@@2@$00@std@@QAE@XZ 00411c80 f i WkeWebkit.obj
 0001:00010cb0       ??1?$_String_alloc@U?$_String_base_types@DV?$allocator@D@std@@@std@@@std@@QAE@XZ 00411cb0 f i WkeWebkit.obj
 0001:00010d20       ??1?$_String_alloc@U?$_String_base_types@_WV?$allocator@_W@std@@@std@@@std@@QAE@XZ 00411d20 f i WkeWebkit.obj
 0001:00010d90       ??1?$_String_val@U?$_Simple_types@D@std@@@std@@QAE@XZ 00411d90 f i WkeWebkit.obj
 0001:00010dd0       ??1?$_String_val@U?$_Simple_types@_W@std@@@std@@QAE@XZ 00411dd0 f i WkeWebkit.obj
 0001:00010e10       ??1?$_Tree@V?$_Tmap_traits@PAVCWebView@wke@@PAVCWkeWebkitUI@@U?$less@PAVCWebView@wke@@@std@@V?$allocator@U?$pair@QAVCWebView@wke@@PAVCWkeWebkitUI@@@std@@@5@$0A@@std@@@std@@QAE@XZ 00411e10 f i WkeWebkit.obj
 0001:00010e80       ??1?$_Tree_comp_alloc@V?$_Tmap_traits@PAVCWebView@wke@@PAVCWkeWebkitUI@@U?$less@PAVCWebView@wke@@@std@@V?$allocator@U?$pair@QAVCWebView@wke@@PAVCWkeWebkitUI@@@std@@@5@$0A@@std@@@std@@QAE@XZ 00411e80 f i WkeWebkit.obj
 0001:00010f10       ??1?$_Tree_const_iterator@V?$_Tree_val@U?$_Tree_simple_types@U?$pair@QAVCWebView@wke@@PAVCWkeWebkitUI@@@std@@@std@@@std@@@std@@QAE@XZ 00411f10 f i WkeWebkit.obj
 0001:00010f40       ??1?$_Tree_iterator@V?$_Tree_val@U?$_Tree_simple_types@U?$pair@QAVCWebView@wke@@PAVCWkeWebkitUI@@@std@@@std@@@std@@@std@@QAE@XZ 00411f40 f i WkeWebkit.obj
 0001:00010f70       ??1?$_Tree_unchecked_const_iterator@V?$_Tree_val@U?$_Tree_simple_types@U?$pair@QAVCWebView@wke@@PAVCWkeWebkitUI@@@std@@@std@@@std@@U_Iterator_base12@2@@std@@QAE@XZ 00411f70 f i WkeWebkit.obj
 0001:00010fa0       ??1?$_Tree_val@U?$_Tree_simple_types@U?$pair@QAVCWebView@wke@@PAVCWkeWebkitUI@@@std@@@std@@@std@@QAE@XZ 00411fa0 f i WkeWebkit.obj
 0001:00010fd0       ??1?$basic_string@DU?$char_traits@D@std@@V?$allocator@D@2@@std@@QAE@XZ 00411fd0 f i WkeWebkit.obj
 0001:00011040       ??1?$basic_string@_WU?$char_traits@_W@std@@V?$allocator@_W@2@@std@@QAE@XZ 00412040 f i WkeWebkit.obj
 0001:000110b0       ??1?$map@PAVCWebView@wke@@PAVCWkeWebkitUI@@U?$less@PAVCWebView@wke@@@std@@V?$allocator@U?$pair@QAVCWebView@wke@@PAVCWkeWebkitUI@@@std@@@5@@std@@QAE@XZ 004120b0 f i WkeWebkit.obj
 0001:000110e0       ??1?$pair@V?$_Tree_iterator@V?$_Tree_val@U?$_Tree_simple_types@U?$pair@QAVCWebView@wke@@PAVCWkeWebkitUI@@@std@@@std@@@std@@@std@@_N@std@@QAE@XZ 004120e0 f i WkeWebkit.obj
 0001:00011110       ??1_Bxty@?$_String_val@U?$_Simple_types@D@std@@@std@@QAE@XZ 00412110 f i WkeWebkit.obj
 0001:00011130       ??1_Bxty@?$_String_val@U?$_Simple_types@_W@std@@@std@@QAE@XZ 00412130 f i WkeWebkit.obj
 0001:00011150       ??1_rend_data@@QAE@XZ      00412150 f i WkeWebkit.obj
 0001:000111d0       ??3@YAXPAX0@Z              004121d0 f i WkeWebkit.obj
 0001:000111e0       ??4?$_Tree_const_iterator@V?$_Tree_val@U?$_Tree_simple_types@U?$pair@QAVCWebView@wke@@PAVCWkeWebkitUI@@@std@@@std@@@std@@@std@@QAEAAV01@ABV01@@Z 004121e0 f i WkeWebkit.obj
 0001:00011220       ??4?$_Tree_unchecked_const_iterator@V?$_Tree_val@U?$_Tree_simple_types@U?$pair@QAVCWebView@wke@@PAVCWkeWebkitUI@@@std@@@std@@@std@@U_Iterator_base12@2@@std@@QAEAAV01@ABV01@@Z 00412220 f i WkeWebkit.obj
 0001:00011270       ??4?$basic_string@DU?$char_traits@D@std@@V?$allocator@D@2@@std@@QAEAAV01@QBD@Z 00412270 f i WkeWebkit.obj
 0001:000112b0       ??4?$basic_string@_WU?$char_traits@_W@std@@V?$allocator@_W@2@@std@@QAEAAV01@QB_W@Z 004122b0 f i WkeWebkit.obj
 0001:000112f0       ??8?$_Tree_const_iterator@V?$_Tree_val@U?$_Tree_simple_types@U?$pair@QAVCWebView@wke@@PAVCWkeWebkitUI@@@std@@@std@@@std@@@std@@QBE_NABV01@@Z 004122f0 f i WkeWebkit.obj
 0001:000113c0       ??9?$_Tree_const_iterator@V?$_Tree_val@U?$_Tree_simple_types@U?$pair@QAVCWebView@wke@@PAVCWkeWebkitUI@@@std@@@std@@@std@@@std@@QBE_NABV01@@Z 004123c0 f i WkeWebkit.obj
 0001:00011420       ??A?$map@PAVCWebView@wke@@PAVCWkeWebkitUI@@U?$less@PAVCWebView@wke@@@std@@V?$allocator@U?$pair@QAVCWebView@wke@@PAVCWkeWebkitUI@@@std@@@5@@std@@QAEAAPAVCWkeWebkitUI@@ABQAVCWebView@wke@@@Z 00412420 f i WkeWebkit.obj
 0001:000114f0       ??C?$_Tree_const_iterator@V?$_Tree_val@U?$_Tree_simple_types@U?$pair@QAVCWebView@wke@@PAVCWkeWebkitUI@@@std@@@std@@@std@@@std@@QBEPBU?$pair@QAVCWebView@wke@@PAVCWkeWebkitUI@@@1@XZ 004124f0 f i WkeWebkit.obj
 0001:00011530       ??C?$_Tree_iterator@V?$_Tree_val@U?$_Tree_simple_types@U?$pair@QAVCWebView@wke@@PAVCWkeWebkitUI@@@std@@@std@@@std@@@std@@QBEPAU?$pair@QAVCWebView@wke@@PAVCWkeWebkitUI@@@1@XZ 00412530 f i WkeWebkit.obj
 0001:00011570       ??D?$_Tree_const_iterator@V?$_Tree_val@U?$_Tree_simple_types@U?$pair@QAVCWebView@wke@@PAVCWkeWebkitUI@@@std@@@std@@@std@@@std@@QBEABU?$pair@QAVCWebView@wke@@PAVCWkeWebkitUI@@@1@XZ 00412570 f i WkeWebkit.obj
 0001:00011630       ??D?$_Tree_iterator@V?$_Tree_val@U?$_Tree_simple_types@U?$pair@QAVCWebView@wke@@PAVCWkeWebkitUI@@@std@@@std@@@std@@@std@@QBEAAU?$pair@QAVCWebView@wke@@PAVCWkeWebkitUI@@@1@XZ 00412630 f i WkeWebkit.obj
 0001:00011660       ??E?$_Tree_const_iterator@V?$_Tree_val@U?$_Tree_simple_types@U?$pair@QAVCWebView@wke@@PAVCWkeWebkitUI@@@std@@@std@@@std@@@std@@QAE?AV01@H@Z 00412660 f i WkeWebkit.obj
 0001:00011770       ??E?$_Tree_const_iterator@V?$_Tree_val@U?$_Tree_simple_types@U?$pair@QAVCWebView@wke@@PAVCWkeWebkitUI@@@std@@@std@@@std@@@std@@QAEAAV01@XZ 00412770 f i WkeWebkit.obj
 0001:00011820       ??E?$_Tree_unchecked_const_iterator@V?$_Tree_val@U?$_Tree_simple_types@U?$pair@QAVCWebView@wke@@PAVCWkeWebkitUI@@@std@@@std@@@std@@U_Iterator_base12@2@@std@@QAEAAV01@XZ 00412820 f i WkeWebkit.obj
 0001:000118f0       ??F?$_Tree_const_iterator@V?$_Tree_val@U?$_Tree_simple_types@U?$pair@QAVCWebView@wke@@PAVCWkeWebkitUI@@@std@@@std@@@std@@@std@@QAEAAV01@XZ 004128f0 f i WkeWebkit.obj
 0001:00011a00       ??F?$_Tree_iterator@V?$_Tree_val@U?$_Tree_simple_types@U?$pair@QAVCWebView@wke@@PAVCWkeWebkitUI@@@std@@@std@@@std@@@std@@QAEAAV01@XZ 00412a00 f i WkeWebkit.obj
 0001:00011a30       ??F?$_Tree_unchecked_const_iterator@V?$_Tree_val@U?$_Tree_simple_types@U?$pair@QAVCWebView@wke@@PAVCWkeWebkitUI@@@std@@@std@@@std@@U_Iterator_base12@2@@std@@QAEAAV01@XZ 00412a30 f i WkeWebkit.obj
 0001:00011c00       ??R?$less@PAVCWebView@wke@@@std@@QBE_NABQAVCWebView@wke@@0@Z 00412c00 f i WkeWebkit.obj
 0001:00011c50       ??_ECWkeWebkitUI@@UAEPAXI@Z 00412c50 f i WkeWebkit.obj
 0001:00011c50       ??_GCWkeWebkitUI@@UAEPAXI@Z 00412c50 f i WkeWebkit.obj
 0001:00011cb0       ?_Alloc_proxy@?$_String_alloc@U?$_String_base_types@DV?$allocator@D@std@@@std@@@std@@QAEXXZ 00412cb0 f i WkeWebkit.obj
 0001:00011dc0       ?_Alloc_proxy@?$_String_alloc@U?$_String_base_types@_WV?$allocator@_W@std@@@std@@@std@@QAEXXZ 00412dc0 f i WkeWebkit.obj
 0001:00011ed0       ?_Alloc_proxy@?$_Tree_comp_alloc@V?$_Tmap_traits@PAVCWebView@wke@@PAVCWkeWebkitUI@@U?$less@PAVCWebView@wke@@@std@@V?$allocator@U?$pair@QAVCWebView@wke@@PAVCWkeWebkitUI@@@std@@@5@$0A@@std@@@std@@QAEXXZ 00412ed0 f i WkeWebkit.obj
 0001:00011fe0       ?_Assign_rv_contents_with_alloc_always_equal@?$basic_string@DU?$char_traits@D@std@@V?$allocator@D@2@@std@@QAEX$$QAV12@U?$integral_constant@_N$00@2@@Z 00412fe0 f i WkeWebkit.obj
 0001:000120b0       ?_Assign_rv_contents_with_alloc_always_equal@?$basic_string@_WU?$char_traits@_W@std@@V?$allocator@_W@2@@std@@QAEX$$QAV12@U?$integral_constant@_N$00@2@@Z 004130b0 f i WkeWebkit.obj
 0001:00012180       ?_Buyheadnode@?$_Tree_comp_alloc@V?$_Tmap_traits@PAVCWebView@wke@@PAVCWkeWebkitUI@@U?$less@PAVCWebView@wke@@@std@@V?$allocator@U?$pair@QAVCWebView@wke@@PAVCWkeWebkitUI@@@std@@@5@$0A@@std@@@std@@QAEPAU?$_Tree_node@U?$pair@QAVCWebView@wke@@PAVCWkeWebkitUI@@@std@@PAX@2@XZ 00413180 f i WkeWebkit.obj
 0001:00012320       ?_Buynode0@?$_Tree_comp_alloc@V?$_Tmap_traits@PAVCWebView@wke@@PAVCWkeWebkitUI@@U?$less@PAVCWebView@wke@@@std@@V?$allocator@U?$pair@QAVCWebView@wke@@PAVCWkeWebkitUI@@@std@@@5@$0A@@std@@@std@@QAEPAU?$_Tree_node@U?$pair@QAVCWebView@wke@@PAVCWkeWebkitUI@@@std@@PAX@2@XZ 00413320 f i WkeWebkit.obj
 0001:00012490       ?_Calculate_growth@?$basic_string@DU?$char_traits@D@std@@V?$allocator@D@2@@std@@QBEII@Z 00413490 f i WkeWebkit.obj
 0001:00012590       ?_Calculate_growth@?$basic_string@_WU?$char_traits@_W@std@@V?$allocator@_W@2@@std@@QBEII@Z 00413590 f i WkeWebkit.obj
 0001:00012690       ?_Compare@?$_Tree@V?$_Tmap_traits@PAVCWebView@wke@@PAVCWkeWebkitUI@@U?$less@PAVCWebView@wke@@@std@@V?$allocator@U?$pair@QAVCWebView@wke@@PAVCWkeWebkitUI@@@std@@@5@$0A@@std@@@std@@IBE_NABQAVCWebView@wke@@0@Z 00413690 f i WkeWebkit.obj
 0001:000126f0       ?_Construct@?$_Tree_comp_alloc@V?$_Tmap_traits@PAVCWebView@wke@@PAVCWkeWebkitUI@@U?$less@PAVCWebView@wke@@@std@@V?$allocator@U?$pair@QAVCWebView@wke@@PAVCWkeWebkitUI@@@std@@@5@$0A@@std@@@std@@QAEXXZ 004136f0 f i WkeWebkit.obj
 0001:000127c0       ?_Destroy_if_not_nil@?$_Tree@V?$_Tmap_traits@PAVCWebView@wke@@PAVCWkeWebkitUI@@U?$less@PAVCWebView@wke@@@std@@V?$allocator@U?$pair@QAVCWebView@wke@@PAVCWkeWebkitUI@@@std@@@5@$0A@@std@@@std@@IAEXPAU?$_Tree_node@U?$pair@QAVCWebView@wke@@PAVCWkeWebkitUI@@@std@@PAX@2@@Z 004137c0 f i WkeWebkit.obj
 0001:00012840       ?_Erase@?$_Tree@V?$_Tmap_traits@PAVCWebView@wke@@PAVCWkeWebkitUI@@U?$less@PAVCWebView@wke@@@std@@V?$allocator@U?$pair@QAVCWebView@wke@@PAVCWkeWebkitUI@@@std@@@5@$0A@@std@@@std@@IAEXPAU?$_Tree_node@U?$pair@QAVCWebView@wke@@PAVCWkeWebkitUI@@@std@@PAX@2@@Z 00413840 f i WkeWebkit.obj
 0001:00012900       ?_Free_proxy@?$_String_alloc@U?$_String_base_types@DV?$allocator@D@std@@@std@@@std@@QAEXXZ 00413900 f i WkeWebkit.obj
 0001:000129f0       ?_Free_proxy@?$_String_alloc@U?$_String_base_types@_WV?$allocator@_W@std@@@std@@@std@@QAEXXZ 004139f0 f i WkeWebkit.obj
 0001:00012ae0       ?_Free_proxy@?$_Tree_comp_alloc@V?$_Tmap_traits@PAVCWebView@wke@@PAVCWkeWebkitUI@@U?$less@PAVCWebView@wke@@@std@@V?$allocator@U?$pair@QAVCWebView@wke@@PAVCWkeWebkitUI@@@std@@@5@$0A@@std@@@std@@QAEXXZ 00413ae0 f i WkeWebkit.obj
 0001:00012bd0       ?_Freeheadnode@?$_Tree_comp_alloc@V?$_Tmap_traits@PAVCWebView@wke@@PAVCWkeWebkitUI@@U?$less@PAVCWebView@wke@@@std@@V?$allocator@U?$pair@QAVCWebView@wke@@PAVCWkeWebkitUI@@@std@@@5@$0A@@std@@@std@@QAEXPAU?$_Tree_node@U?$pair@QAVCWebView@wke@@PAVCWkeWebkitUI@@@std@@PAX@2@@Z 00413bd0 f i WkeWebkit.obj
 0001:00012c90       ?_Freenode0@?$_Tree_comp_alloc@V?$_Tmap_traits@PAVCWebView@wke@@PAVCWkeWebkitUI@@U?$less@PAVCWebView@wke@@@std@@V?$allocator@U?$pair@QAVCWebView@wke@@PAVCWkeWebkitUI@@@std@@@5@$0A@@std@@@std@@QAEXPAU?$_Tree_node@U?$pair@QAVCWebView@wke@@PAVCWkeWebkitUI@@@std@@PAX@2@@Z 00413c90 f i WkeWebkit.obj
 0001:00012d50       ?_Get_data@?$_String_alloc@U?$_String_base_types@DV?$allocator@D@std@@@std@@@std@@QAEAAV?$_String_val@U?$_Simple_types@D@std@@@2@XZ 00413d50 f i WkeWebkit.obj
 0001:00012d80       ?_Get_data@?$_String_alloc@U?$_String_base_types@DV?$allocator@D@std@@@std@@@std@@QBEABV?$_String_val@U?$_Simple_types@D@std@@@2@XZ 00413d80 f i WkeWebkit.obj
 0001:00012db0       ?_Get_data@?$_String_alloc@U?$_String_base_types@_WV?$allocator@_W@std@@@std@@@std@@QAEAAV?$_String_val@U?$_Simple_types@_W@std@@@2@XZ 00413db0 f i WkeWebkit.obj
 0001:00012de0       ?_Get_data@?$_String_alloc@U?$_String_base_types@_WV?$allocator@_W@std@@@std@@@std@@QBEABV?$_String_val@U?$_Simple_types@_W@std@@@2@XZ 00413de0 f i WkeWebkit.obj
 0001:00012e10       ?_Get_data@?$_Tree_comp_alloc@V?$_Tmap_traits@PAVCWebView@wke@@PAVCWkeWebkitUI@@U?$less@PAVCWebView@wke@@@std@@V?$allocator@U?$pair@QAVCWebView@wke@@PAVCWkeWebkitUI@@@std@@@5@$0A@@std@@@std@@QAEAAV?$_Tree_val@U?$_Tree_simple_types@U?$pair@QAVCWebView@wke@@PAVCWkeWebkitUI@@@std@@@std@@@2@XZ 00413e10 f i WkeWebkit.obj
 0001:00012e50       ?_Get_data@?$_Tree_comp_alloc@V?$_Tmap_traits@PAVCWebView@wke@@PAVCWkeWebkitUI@@U?$less@PAVCWebView@wke@@@std@@V?$allocator@U?$pair@QAVCWebView@wke@@PAVCWkeWebkitUI@@@std@@@5@$0A@@std@@@std@@QBEABV?$_Tree_val@U?$_Tree_simple_types@U?$pair@QAVCWebView@wke@@PAVCWkeWebkitUI@@@std@@@std@@@2@XZ 00413e50 f i WkeWebkit.obj
 0001:00012e90       ?_Get_first@?$_Compressed_pair@U?$less@PAVCWebView@wke@@@std@@V?$_Compressed_pair@V?$allocator@U?$_Tree_node@U?$pair@QAVCWebView@wke@@PAVCWkeWebkitUI@@@std@@PAX@std@@@std@@V?$_Tree_val@U?$_Tree_simple_types@U?$pair@QAVCWebView@wke@@PAVCWkeWebkitUI@@@std@@@std@@@2@$00@2@$00@std@@QAEAAU?$less@PAVCWebView@wke@@@2@XZ 00413e90 f i WkeWebkit.obj
 0001:00012eb0       ?_Get_first@?$_Compressed_pair@U?$less@PAVCWebView@wke@@@std@@V?$_Compressed_pair@V?$allocator@U?$_Tree_node@U?$pair@QAVCWebView@wke@@PAVCWkeWebkitUI@@@std@@PAX@std@@@std@@V?$_Tree_val@U?$_Tree_simple_types@U?$pair@QAVCWebView@wke@@PAVCWkeWebkitUI@@@std@@@std@@@2@$00@2@$00@std@@QBEABU?$less@PAVCWebView@wke@@@2@XZ 00413eb0 f i WkeWebkit.obj
 0001:00012ed0       ?_Get_first@?$_Compressed_pair@V?$allocator@D@std@@V?$_String_val@U?$_Simple_types@D@std@@@2@$00@std@@QAEAAV?$allocator@D@2@XZ 00413ed0 f i WkeWebkit.obj
 0001:00012ef0       ?_Get_first@?$_Compressed_pair@V?$allocator@D@std@@V?$_String_val@U?$_Simple_types@D@std@@@2@$00@std@@QBEABV?$allocator@D@2@XZ 00413ef0 f i WkeWebkit.obj
 0001:00012f10       ?_Get_first@?$_Compressed_pair@V?$allocator@U?$_Tree_node@U?$pair@QAVCWebView@wke@@PAVCWkeWebkitUI@@@std@@PAX@std@@@std@@V?$_Tree_val@U?$_Tree_simple_types@U?$pair@QAVCWebView@wke@@PAVCWkeWebkitUI@@@std@@@std@@@2@$00@std@@QAEAAV?$allocator@U?$_Tree_node@U?$pair@QAVCWebView@wke@@PAVCWkeWebkitUI@@@std@@PAX@std@@@2@XZ 00413f10 f i WkeWebkit.obj
 0001:00012f30       ?_Get_first@?$_Compressed_pair@V?$allocator@U?$_Tree_node@U?$pair@QAVCWebView@wke@@PAVCWkeWebkitUI@@@std@@PAX@std@@@std@@V?$_Tree_val@U?$_Tree_simple_types@U?$pair@QAVCWebView@wke@@PAVCWkeWebkitUI@@@std@@@std@@@2@$00@std@@QBEABV?$allocator@U?$_Tree_node@U?$pair@QAVCWebView@wke@@PAVCWkeWebkitUI@@@std@@PAX@std@@@2@XZ 00413f30 f i WkeWebkit.obj
 0001:00012f50       ?_Get_first@?$_Compressed_pair@V?$allocator@_W@std@@V?$_String_val@U?$_Simple_types@_W@std@@@2@$00@std@@QAEAAV?$allocator@_W@2@XZ 00413f50 f i WkeWebkit.obj
 0001:00012f70       ?_Get_first@?$_Compressed_pair@V?$allocator@_W@std@@V?$_String_val@U?$_Simple_types@_W@std@@@2@$00@std@@QBEABV?$allocator@_W@2@XZ 00413f70 f i WkeWebkit.obj
 0001:00012f90       ?_Get_second@?$_Compressed_pair@U?$less@PAVCWebView@wke@@@std@@V?$_Compressed_pair@V?$allocator@U?$_Tree_node@U?$pair@QAVCWebView@wke@@PAVCWkeWebkitUI@@@std@@PAX@std@@@std@@V?$_Tree_val@U?$_Tree_simple_types@U?$pair@QAVCWebView@wke@@PAVCWkeWebkitUI@@@std@@@std@@@2@$00@2@$00@std@@QAEAAV?$_Compressed_pair@V?$allocator@U?$_Tree_node@U?$pair@QAVCWebView@wke@@PAVCWkeWebkitUI@@@std@@PAX@std@@@std@@V?$_Tree_val@U?$_Tree_simple_types@U?$pair@QAVCWebView@wke@@PAVCWkeWebkitUI@@@std@@@std@@@2@$00@2@XZ 00413f90 f i WkeWebkit.obj
 0001:00012fb0       ?_Get_second@?$_Compressed_pair@U?$less@PAVCWebView@wke@@@std@@V?$_Compressed_pair@V?$allocator@U?$_Tree_node@U?$pair@QAVCWebView@wke@@PAVCWkeWebkitUI@@@std@@PAX@std@@@std@@V?$_Tree_val@U?$_Tree_simple_types@U?$pair@QAVCWebView@wke@@PAVCWkeWebkitUI@@@std@@@std@@@2@$00@2@$00@std@@QBEABV?$_Compressed_pair@V?$allocator@U?$_Tree_node@U?$pair@QAVCWebView@wke@@PAVCWkeWebkitUI@@@std@@PAX@std@@@std@@V?$_Tree_val@U?$_Tree_simple_types@U?$pair@QAVCWebView@wke@@PAVCWkeWebkitUI@@@std@@@std@@@2@$00@2@XZ 00413fb0 f i WkeWebkit.obj
 0001:00012fd0       ?_Get_second@?$_Compressed_pair@V?$allocator@D@std@@V?$_String_val@U?$_Simple_types@D@std@@@2@$00@std@@QAEAAV?$_String_val@U?$_Simple_types@D@std@@@2@XZ 00413fd0 f i WkeWebkit.obj
 0001:00012ff0       ?_Get_second@?$_Compressed_pair@V?$allocator@D@std@@V?$_String_val@U?$_Simple_types@D@std@@@2@$00@std@@QBEABV?$_String_val@U?$_Simple_types@D@std@@@2@XZ 00413ff0 f i WkeWebkit.obj
 0001:00013010       ?_Get_second@?$_Compressed_pair@V?$allocator@U?$_Tree_node@U?$pair@QAVCWebView@wke@@PAVCWkeWebkitUI@@@std@@PAX@std@@@std@@V?$_Tree_val@U?$_Tree_simple_types@U?$pair@QAVCWebView@wke@@PAVCWkeWebkitUI@@@std@@@std@@@2@$00@std@@QAEAAV?$_Tree_val@U?$_Tree_simple_types@U?$pair@QAVCWebView@wke@@PAVCWkeWebkitUI@@@std@@@std@@@2@XZ 00414010 f i WkeWebkit.obj
 0001:00013030       ?_Get_second@?$_Compressed_pair@V?$allocator@U?$_Tree_node@U?$pair@QAVCWebView@wke@@PAVCWkeWebkitUI@@@std@@PAX@std@@@std@@V?$_Tree_val@U?$_Tree_simple_types@U?$pair@QAVCWebView@wke@@PAVCWkeWebkitUI@@@std@@@std@@@2@$00@std@@QBEABV?$_Tree_val@U?$_Tree_simple_types@U?$pair@QAVCWebView@wke@@PAVCWkeWebkitUI@@@std@@@std@@@2@XZ 00414030 f i WkeWebkit.obj
 0001:00013050       ?_Get_second@?$_Compressed_pair@V?$allocator@_W@std@@V?$_String_val@U?$_Simple_types@_W@std@@@2@$00@std@@QAEAAV?$_String_val@U?$_Simple_types@_W@std@@@2@XZ 00414050 f i WkeWebkit.obj
 0001:00013070       ?_Get_second@?$_Compressed_pair@V?$allocator@_W@std@@V?$_String_val@U?$_Simple_types@_W@std@@@2@$00@std@@QBEABV?$_String_val@U?$_Simple_types@_W@std@@@2@XZ 00414070 f i WkeWebkit.obj
 0001:00013090       ?_Getal@?$_String_alloc@U?$_String_base_types@DV?$allocator@D@std@@@std@@@std@@QAEAAV?$allocator@D@2@XZ 00414090 f i WkeWebkit.obj
 0001:000130c0       ?_Getal@?$_String_alloc@U?$_String_base_types@DV?$allocator@D@std@@@std@@@std@@QBEABV?$allocator@D@2@XZ 004140c0 f i WkeWebkit.obj
 0001:000130f0       ?_Getal@?$_String_alloc@U?$_String_base_types@_WV?$allocator@_W@std@@@std@@@std@@QAEAAV?$allocator@_W@2@XZ 004140f0 f i WkeWebkit.obj
 0001:00013120       ?_Getal@?$_String_alloc@U?$_String_base_types@_WV?$allocator@_W@std@@@std@@@std@@QBEABV?$allocator@_W@2@XZ 00414120 f i WkeWebkit.obj
 0001:00013150       ?_Getal@?$_Tree_comp_alloc@V?$_Tmap_traits@PAVCWebView@wke@@PAVCWkeWebkitUI@@U?$less@PAVCWebView@wke@@@std@@V?$allocator@U?$pair@QAVCWebView@wke@@PAVCWkeWebkitUI@@@std@@@5@$0A@@std@@@std@@QAEAAV?$allocator@U?$_Tree_node@U?$pair@QAVCWebView@wke@@PAVCWkeWebkitUI@@@std@@PAX@std@@@2@XZ 00414150 f i WkeWebkit.obj
 0001:00013190       ?_Getal@?$_Tree_comp_alloc@V?$_Tmap_traits@PAVCWebView@wke@@PAVCWkeWebkitUI@@U?$less@PAVCWebView@wke@@@std@@V?$allocator@U?$pair@QAVCWebView@wke@@PAVCWkeWebkitUI@@@std@@@5@$0A@@std@@@std@@QBEABV?$allocator@U?$_Tree_node@U?$pair@QAVCWebView@wke@@PAVCWkeWebkitUI@@@std@@PAX@std@@@2@XZ 00414190 f i WkeWebkit.obj
 0001:000131d0       ?_Getcomp@?$_Tree_comp_alloc@V?$_Tmap_traits@PAVCWebView@wke@@PAVCWkeWebkitUI@@U?$less@PAVCWebView@wke@@@std@@V?$allocator@U?$pair@QAVCWebView@wke@@PAVCWkeWebkitUI@@@std@@@5@$0A@@std@@@std@@QAEAAU?$less@PAVCWebView@wke@@@2@XZ 004141d0 f i WkeWebkit.obj
 0001:00013200       ?_Getcomp@?$_Tree_comp_alloc@V?$_Tmap_traits@PAVCWebView@wke@@PAVCWkeWebkitUI@@U?$less@PAVCWebView@wke@@@std@@V?$allocator@U?$pair@QAVCWebView@wke@@PAVCWkeWebkitUI@@@std@@@5@$0A@@std@@@std@@QBEABU?$less@PAVCWebView@wke@@@2@XZ 00414200 f i WkeWebkit.obj
 0001:00013230       ?_Getpfirst@?$_Tree_comp_alloc@V?$_Tmap_traits@PAVCWebView@wke@@PAVCWkeWebkitUI@@U?$less@PAVCWebView@wke@@@std@@V?$allocator@U?$pair@QAVCWebView@wke@@PAVCWkeWebkitUI@@@std@@@5@$0A@@std@@@std@@QBEPAPAU_Iterator_base12@2@XZ 00414230 f i WkeWebkit.obj
 0001:00013270       ?_Key@?$_Tree@V?$_Tmap_traits@PAVCWebView@wke@@PAVCWkeWebkitUI@@U?$less@PAVCWebView@wke@@@std@@V?$allocator@U?$pair@QAVCWebView@wke@@PAVCWkeWebkitUI@@@std@@@5@$0A@@std@@@std@@IBEABQAVCWebView@wke@@PAU?$_Tree_node@U?$pair@QAVCWebView@wke@@PAVCWkeWebkitUI@@@std@@PAX@2@@Z 00414270 f i WkeWebkit.obj
 0001:000132b0       ?_Kfn@?$_Tree@V?$_Tmap_traits@PAVCWebView@wke@@PAVCWkeWebkitUI@@U?$less@PAVCWebView@wke@@@std@@V?$allocator@U?$pair@QAVCWebView@wke@@PAVCWkeWebkitUI@@@std@@@5@$0A@@std@@@std@@IBEABQAVCWebView@wke@@ABU?$pair@QAVCWebView@wke@@PAVCWkeWebkitUI@@@2@@Z 004142b0 f i WkeWebkit.obj
 0001:000132f0       ?_Large_string_engaged@?$_String_val@U?$_Simple_types@D@std@@@std@@QBE_NXZ 004142f0 f i WkeWebkit.obj
 0001:00013340       ?_Large_string_engaged@?$_String_val@U?$_Simple_types@_W@std@@@std@@QBE_NXZ 00414340 f i WkeWebkit.obj
 0001:00013390       ?_Lmost@?$_Tree@V?$_Tmap_traits@PAVCWebView@wke@@PAVCWkeWebkitUI@@U?$less@PAVCWebView@wke@@@std@@V?$allocator@U?$pair@QAVCWebView@wke@@PAVCWkeWebkitUI@@@std@@@5@$0A@@std@@@std@@IBEAAPAU?$_Tree_node@U?$pair@QAVCWebView@wke@@PAVCWkeWebkitUI@@@std@@PAX@2@XZ 00414390 f i WkeWebkit.obj
 0001:000133c0       ?_Lrotate@?$_Tree@V?$_Tmap_traits@PAVCWebView@wke@@PAVCWkeWebkitUI@@U?$less@PAVCWebView@wke@@@std@@V?$allocator@U?$pair@QAVCWebView@wke@@PAVCWkeWebkitUI@@@std@@@5@$0A@@std@@@std@@IAEXPAU?$_Tree_node@U?$pair@QAVCWebView@wke@@PAVCWkeWebkitUI@@@std@@PAX@2@@Z 004143c0 f i WkeWebkit.obj
 0001:000134b0       ?_Max@?$_Tree_comp_alloc@V?$_Tmap_traits@PAVCWebView@wke@@PAVCWkeWebkitUI@@U?$less@PAVCWebView@wke@@@std@@V?$allocator@U?$pair@QAVCWebView@wke@@PAVCWkeWebkitUI@@@std@@@5@$0A@@std@@@std@@SAPAU?$_Tree_node@U?$pair@QAVCWebView@wke@@PAVCWkeWebkitUI@@@std@@PAX@2@PAU32@@Z 004144b0 f i WkeWebkit.obj
 0001:000134d0       ?_Max@?$_Tree_val@U?$_Tree_simple_types@U?$pair@QAVCWebView@wke@@PAVCWkeWebkitUI@@@std@@@std@@@std@@SAPAU?$_Tree_node@U?$pair@QAVCWebView@wke@@PAVCWkeWebkitUI@@@std@@PAX@2@PAU32@@Z 004144d0 f i WkeWebkit.obj
 0001:00013500       ?_Min@?$_Tree_comp_alloc@V?$_Tmap_traits@PAVCWebView@wke@@PAVCWkeWebkitUI@@U?$less@PAVCWebView@wke@@@std@@V?$allocator@U?$pair@QAVCWebView@wke@@PAVCWkeWebkitUI@@@std@@@5@$0A@@std@@@std@@SAPAU?$_Tree_node@U?$pair@QAVCWebView@wke@@PAVCWkeWebkitUI@@@std@@PAX@2@PAU32@@Z 00414500 f i WkeWebkit.obj
 0001:00013520       ?_Min@?$_Tree_val@U?$_Tree_simple_types@U?$pair@QAVCWebView@wke@@PAVCWkeWebkitUI@@@std@@@std@@@std@@SAPAU?$_Tree_node@U?$pair@QAVCWebView@wke@@PAVCWkeWebkitUI@@@std@@PAX@2@PAU32@@Z 00414520 f i WkeWebkit.obj
 0001:00013550       ?_Myhead@?$_Tree_comp_alloc@V?$_Tmap_traits@PAVCWebView@wke@@PAVCWkeWebkitUI@@U?$less@PAVCWebView@wke@@@std@@V?$allocator@U?$pair@QAVCWebView@wke@@PAVCWkeWebkitUI@@@std@@@5@$0A@@std@@@std@@QAEAAPAU?$_Tree_node@U?$pair@QAVCWebView@wke@@PAVCWkeWebkitUI@@@std@@PAX@2@XZ 00414550 f i WkeWebkit.obj
 0001:00013580       ?_Myhead@?$_Tree_comp_alloc@V?$_Tmap_traits@PAVCWebView@wke@@PAVCWkeWebkitUI@@U?$less@PAVCWebView@wke@@@std@@V?$allocator@U?$pair@QAVCWebView@wke@@PAVCWkeWebkitUI@@@std@@@5@$0A@@std@@@std@@QBEABQAU?$_Tree_node@U?$pair@QAVCWebView@wke@@PAVCWkeWebkitUI@@@std@@PAX@2@XZ 00414580 f i WkeWebkit.obj
 0001:000135b0       ?_Mynode@?$_Tree_unchecked_const_iterator@V?$_Tree_val@U?$_Tree_simple_types@U?$pair@QAVCWebView@wke@@PAVCWkeWebkitUI@@@std@@@std@@@std@@U_Iterator_base12@2@@std@@QBEPAU?$_Tree_node@U?$pair@QAVCWebView@wke@@PAVCWkeWebkitUI@@@std@@PAX@2@XZ 004145b0 f i WkeWebkit.obj
 0001:000135d0       ?_Myproxy@?$_String_alloc@U?$_String_base_types@DV?$allocator@D@std@@@std@@@std@@QAEAAPAU_Container_proxy@2@XZ 004145d0 f i WkeWebkit.obj
 0001:00013600       ?_Myproxy@?$_String_alloc@U?$_String_base_types@_WV?$allocator@_W@std@@@std@@@std@@QAEAAPAU_Container_proxy@2@XZ 00414600 f i WkeWebkit.obj
 0001:00013630       ?_Myproxy@?$_Tree_comp_alloc@V?$_Tmap_traits@PAVCWebView@wke@@PAVCWkeWebkitUI@@U?$less@PAVCWebView@wke@@@std@@V?$allocator@U?$pair@QAVCWebView@wke@@PAVCWkeWebkitUI@@@std@@@5@$0A@@std@@@std@@QAEAAPAU_Container_proxy@2@XZ 00414630 f i WkeWebkit.obj
 0001:00013660       ?_Myptr@?$_String_val@U?$_Simple_types@D@std@@@std@@QAEPADXZ 00414660 f i WkeWebkit.obj
 0001:000136d0       ?_Myptr@?$_String_val@U?$_Simple_types@D@std@@@std@@QBEPBDXZ 004146d0 f i WkeWebkit.obj
 0001:00013740       ?_Myptr@?$_String_val@U?$_Simple_types@_W@std@@@std@@QAEPA_WXZ 00414740 f i WkeWebkit.obj
 0001:000137b0       ?_Mysize@?$_Tree_comp_alloc@V?$_Tmap_traits@PAVCWebView@wke@@PAVCWkeWebkitUI@@U?$less@PAVCWebView@wke@@@std@@V?$allocator@U?$pair@QAVCWebView@wke@@PAVCWkeWebkitUI@@@std@@@5@$0A@@std@@@std@@QAEAAIXZ 004147b0 f i WkeWebkit.obj
 0001:000137e0       ?_Mysize@?$_Tree_comp_alloc@V?$_Tmap_traits@PAVCWebView@wke@@PAVCWkeWebkitUI@@U?$less@PAVCWebView@wke@@@std@@V?$allocator@U?$pair@QAVCWebView@wke@@PAVCWkeWebkitUI@@@std@@@5@$0A@@std@@@std@@QBEABIXZ 004147e0 f i WkeWebkit.obj
 0001:00013810       ?_Orphan_all@?$_String_alloc@U?$_String_base_types@DV?$allocator@D@std@@@std@@@std@@QAEXXZ 00414810 f i WkeWebkit.obj
 0001:00013850       ?_Orphan_all@?$_String_alloc@U?$_String_base_types@_WV?$allocator@_W@std@@@std@@@std@@QAEXXZ 00414850 f i WkeWebkit.obj
 0001:00013890       ?_Orphan_all@?$_Tree_comp_alloc@V?$_Tmap_traits@PAVCWebView@wke@@PAVCWkeWebkitUI@@U?$less@PAVCWebView@wke@@@std@@V?$allocator@U?$pair@QAVCWebView@wke@@PAVCWkeWebkitUI@@@std@@@5@$0A@@std@@@std@@QAEXXZ 00414890 f i WkeWebkit.obj
[...]
 0004:00000268       __imp_?SetHotImage@CButtonUI@DuiLib@@UAEXPB_W@Z 0042a268     DuiLib_d:DuiLib_d.dll
 0004:0000026c       __imp_?SetInternVisible@CControlUI@DuiLib@@UAEX_N@Z 0042a26c     DuiLib_d:DuiLib_d.dll
 0004:00000270       __imp_?SetKeyboardEnabled@CControlUI@DuiLib@@UAEX_N@Z 0042a270     DuiLib_d:DuiLib_d.dll
 0004:00000274       __imp_?SetManager@COptionUI@DuiLib@@UAEXPAVCPaintManagerUI@2@PAVCControlUI@2@_N@Z 0042a274     DuiLib_d:DuiLib_d.dll
 0004:00000278       __imp_?SetMaxHeight@CControlUI@DuiLib@@UAEXH@Z 0042a278     DuiLib_d:DuiLib_d.dll
 0004:0000027c       __imp_?SetMaxWidth@CControlUI@DuiLib@@UAEXH@Z 0042a27c     DuiLib_d:DuiLib_d.dll
 0004:00000280       __imp_?SetMinHeight@CControlUI@DuiLib@@UAEXH@Z 0042a280     DuiLib_d:DuiLib_d.dll
 0004:00000284       __imp_?SetMinWidth@CControlUI@DuiLib@@UAEXH@Z 0042a284     DuiLib_d:DuiLib_d.dll
 0004:00000288       __imp_?SetMouseEnabled@CControlUI@DuiLib@@UAEX_N@Z 0042a288     DuiLib_d:DuiLib_d.dll
 0004:0000028c       __imp_?SetName@CControlUI@DuiLib@@UAEXPB_W@Z 0042a28c     DuiLib_d:DuiLib_d.dll
 0004:00000290       __imp_?SetNormalImage@CButtonUI@DuiLib@@UAEXPB_W@Z 0042a290     DuiLib_d:DuiLib_d.dll
 0004:00000294       __imp_?SetPadding@CControlUI@DuiLib@@UAEXUtagRECT@@@Z 0042a294     DuiLib_d:DuiLib_d.dll
 0004:00000298       __imp_?SetPos@CControlUI@DuiLib@@UAEXUtagRECT@@_N@Z 0042a298     DuiLib_d:DuiLib_d.dll
 0004:0000029c       __imp_?SetPushedImage@CButtonUI@DuiLib@@UAEXPB_W@Z 0042a29c     DuiLib_d:DuiLib_d.dll
 0004:000002a0       __imp_?SetResourceText@CControlUI@DuiLib@@UAEX_N@Z 0042a2a0     DuiLib_d:DuiLib_d.dll
 0004:000002a4       __imp_?SetSelectedStateImage@COptionUI@DuiLib@@UAEXPB_W@Z 0042a2a4     DuiLib_d:DuiLib_d.dll
 0004:000002a8       __imp_?SetShortcut@CControlUI@DuiLib@@UAEX_W@Z 0042a2a8     DuiLib_d:DuiLib_d.dll
 0004:000002ac       __imp_?SetStateImage@CButtonUI@DuiLib@@UAEXPB_W@Z 0042a2ac     DuiLib_d:DuiLib_d.dll
 0004:000002b0       __imp_?SetTag@CControlUI@DuiLib@@UAEXI@Z 0042a2b0     DuiLib_d:DuiLib_d.dll
 0004:000002b4       __imp_?SetText@CLabelUI@DuiLib@@UAEXPB_W@Z 0042a2b4     DuiLib_d:DuiLib_d.dll
 0004:000002b8       __imp_?SetToolTip@CControlUI@DuiLib@@UAEXPB_W@Z 0042a2b8     DuiLib_d:DuiLib_d.dll
 0004:000002bc       __imp_?SetToolTipWidth@CControlUI@DuiLib@@UAEXH@Z 0042a2bc     DuiLib_d:DuiLib_d.dll
 0004:000002c0       __imp_?SetUserData@CControlUI@DuiLib@@UAEXPB_W@Z 0042a2c0     DuiLib_d:DuiLib_d.dll
 0004:000002c4       __imp_?SetVisible@CControlUI@DuiLib@@UAEX_N@Z 0042a2c4     DuiLib_d:DuiLib_d.dll
 0004:000002c8       __imp_?messageMap@WindowImplBase@DuiLib@@1UDUI_MSGMAP@2@B 0042a2c8     DuiLib_d:DuiLib_d.dll
 0004:000002cc       __imp_?Close@CWindowWnd@DuiLib@@QAEXI@Z 0042a2cc     DuiLib_d:DuiLib_d.dll
 0004:000002d0       __imp_??0STRINGorID@DuiLib@@QAE@PB_W@Z 0042a2d0     DuiLib_d:DuiLib_d.dll
 0004:000002d4       __imp_??YCDuiString@DuiLib@@QAEABV01@PB_W@Z 0042a2d4     DuiLib_d:DuiLib_d.dll
 0004:000002d8       __imp_?GetInstance@CResourceManager@DuiLib@@SAPAV12@XZ 0042a2d8     DuiLib_d:DuiLib_d.dll
 0004:000002dc       __imp_?SetInstance@CPaintManagerUI@DuiLib@@SAXPAUHINSTANCE__@@@Z 0042a2dc     DuiLib_d:DuiLib_d.dll
 0004:000002e0       __imp_?LoadResource@CResourceManager@DuiLib@@QAEHVSTRINGorID@2@PB_W@Z 0042a2e0     DuiLib_d:DuiLib_d.dll
 0004:000002e4       __imp_?GetInstancePath@CPaintManagerUI@DuiLib@@SA?AVCDuiString@2@XZ 0042a2e4     DuiLib_d:DuiLib_d.dll
 0004:000002e8       __imp_?GetResourceDll@CPaintManagerUI@DuiLib@@SAPAUHINSTANCE__@@XZ 0042a2e8     DuiLib_d:DuiLib_d.dll
 0004:000002ec       \177DuiLib_d_NULL_THUNK_DATA 0042a2ec     DuiLib_d:DuiLib_d.dll
 0004:000003ac       __imp__DeleteDC@4          0042a3ac     gdi32:GDI32.dll
 0004:000003b0       __imp__DeleteObject@4      0042a3b0     gdi32:GDI32.dll
 0004:000003b4       __imp__SelectObject@8      0042a3b4     gdi32:GDI32.dll
 0004:000003b8       __imp__CreateDIBSection@24 0042a3b8     gdi32:GDI32.dll
 0004:000003bc       __imp__CreateCompatibleDC@4 0042a3bc     gdi32:GDI32.dll
 0004:000003c0       \177GDI32_NULL_THUNK_DATA  0042a3c0     gdi32:GDI32.dll
 0004:000003f0       __imp__GetCurrentProcessId@0 0042a3f0     kernel32:KERNEL32.dll
 0004:000003f4       __imp__QueryPerformanceCounter@4 0042a3f4     kernel32:KERNEL32.dll
 0004:000003f8       __imp__TerminateProcess@8  0042a3f8     kernel32:KERNEL32.dll
 0004:000003fc       __imp__GetCurrentProcess@0 0042a3fc     kernel32:KERNEL32.dll
 0004:00000400       __imp__RaiseException@16   0042a400     kernel32:KERNEL32.dll
 0004:00000404       __imp__GetSystemTimeAsFileTime@4 0042a404     kernel32:KERNEL32.dll
 0004:00000408       __imp__GetCurrentThreadId@0 0042a408     kernel32:KERNEL32.dll
 0004:0000040c       __imp__InitializeSListHead@4 0042a40c     kernel32:KERNEL32.dll
 0004:00000410       __imp__GetLastError@0      0042a410     kernel32:KERNEL32.dll
 0004:00000414       __imp__HeapAlloc@12        0042a414     kernel32:KERNEL32.dll
 0004:00000418       __imp__HeapFree@12         0042a418     kernel32:KERNEL32.dll
 0004:0000041c       __imp__GetProcessHeap@0    0042a41c     kernel32:KERNEL32.dll
 0004:00000420       __imp__VirtualQuery@12     0042a420     kernel32:KERNEL32.dll
 0004:00000424       __imp__WideCharToMultiByte@32 0042a424     kernel32:KERNEL32.dll
 0004:00000428       __imp__MultiByteToWideChar@24 0042a428     kernel32:KERNEL32.dll
 0004:0000042c       __imp__GetProcAddress@8    0042a42c     kernel32:KERNEL32.dll
 0004:00000430       __imp__GetModuleHandleW@4  0042a430     kernel32:KERNEL32.dll
 0004:00000434       __imp__GetModuleFileNameW@12 0042a434     kernel32:KERNEL32.dll
 0004:00000438       __imp__FindResourceW@12    0042a438     kernel32:KERNEL32.dll
 0004:0000043c       __imp__SizeofResource@8    0042a43c     kernel32:KERNEL32.dll
 0004:00000440       __imp__LockResource@4      0042a440     kernel32:KERNEL32.dll
 0004:00000444       __imp__LoadResource@8      0042a444     kernel32:KERNEL32.dll
 0004:00000448       __imp__FreeResource@4      0042a448     kernel32:KERNEL32.dll
 0004:0000044c       __imp__lstrlenW@4          0042a44c     kernel32:KERNEL32.dll
 0004:00000450       __imp__lstrcpyW@8          0042a450     kernel32:KERNEL32.dll
 0004:00000454       __imp__GetStartupInfoW@4   0042a454     kernel32:KERNEL32.dll
 0004:00000458       __imp__SetUnhandledExceptionFilter@4 0042a458     kernel32:KERNEL32.dll
 0004:0000045c       __imp__UnhandledExceptionFilter@4 0042a45c     kernel32:KERNEL32.dll
 0004:00000460       __imp__IsDebuggerPresent@0 0042a460     kernel32:KERNEL32.dll
 0004:00000464       __imp__IsProcessorFeaturePresent@4 0042a464     kernel32:KERNEL32.dll
 0004:00000468       __imp__CreateEventW@16     0042a468     kernel32:KERNEL32.dll
 0004:0000046c       __imp__WaitForSingleObjectEx@12 0042a46c     kernel32:KERNEL32.dll
 0004:00000470       __imp__ResetEvent@4        0042a470     kernel32:KERNEL32.dll
 0004:00000474       __imp__SetEvent@4          0042a474     kernel32:KERNEL32.dll
 0004:00000478       __imp__DeleteCriticalSection@4 0042a478     kernel32:KERNEL32.dll
 0004:0000047c       __imp__LeaveCriticalSection@4 0042a47c     kernel32:KERNEL32.dll
 0004:00000480       __imp__EnterCriticalSection@4 0042a480     kernel32:KERNEL32.dll
 0004:00000484       __imp__CloseHandle@4       0042a484     kernel32:KERNEL32.dll
 0004:00000488       __imp__FreeLibrary@4       0042a488     kernel32:KERNEL32.dll
 0004:0000048c       \177KERNEL32_NULL_THUNK_DATA 0042a48c     kernel32:KERNEL32.dll
 0004:000004d4       __imp_?_Debug_message@std@@YAXPB_W0I@Z 0042a4d4     msvcprtd:MSVCP140D.dll
 0004:000004d8       __imp_??1_Lockit@std@@QAE@XZ 0042a4d8     msvcprtd:MSVCP140D.dll
 0004:000004dc       __imp_?_Xbad_alloc@std@@YAXXZ 0042a4dc     msvcprtd:MSVCP140D.dll
 0004:000004e0       __imp_??0_Lockit@std@@QAE@H@Z 0042a4e0     msvcprtd:MSVCP140D.dll
 0004:000004e4       __imp_?_Xlength_error@std@@YAXPBD@Z 0042a4e4     msvcprtd:MSVCP140D.dll
 0004:000004e8       \177MSVCP140D_NULL_THUNK_DATA 0042a4e8     msvcprtd:MSVCP140D.dll
 0004:00000518       __imp__ShellExecuteW@24    0042a518     shell32:SHELL32.dll
 0004:0000051c       \177SHELL32_NULL_THUNK_DATA 0042a51c     shell32:SHELL32.dll
 0004:00000548       __imp_?GetInterface@CBrowserTab@@UAEPAXPB_W@Z 0042a548     TroyControls_d:TroyControls_d.dll
 0004:0000054c       __imp_?GetClass@CBrowserTab@@UBEPB_WXZ 0042a54c     TroyControls_d:TroyControls_d.dll
 0004:00000550       __imp_?PaintStatusImage@CBrowserTab@@UAEXPAUHDC__@@@Z 0042a550     TroyControls_d:TroyControls_d.dll
 0004:00000554       __imp_?SetAttribute@CBrowserTab@@UAEXPB_W0@Z 0042a554     TroyControls_d:TroyControls_d.dll
 0004:00000558       __imp_??0CBrowserTab@@QAE@XZ 0042a558     TroyControls_d:TroyControls_d.dll
 0004:0000055c       __imp_??1CBrowserTab@@UAE@XZ 0042a55c     TroyControls_d:TroyControls_d.dll
 0004:00000560       __imp_?SelectTab@CBrowserTabBar@@QAEXH@Z 0042a560     TroyControls_d:TroyControls_d.dll
 0004:00000564       __imp_?CloseTab@CBrowserTabBar@@QAEXPAVCBrowserTab@@H@Z 0042a564     TroyControls_d:TroyControls_d.dll
 0004:00000568       __imp_?DoEvent@CBrowserTab@@UAEXAAUtagTEventUI@DuiLib@@@Z 0042a568     TroyControls_d:TroyControls_d.dll
 0004:0000056c       __imp_?DoInit@CBrowserTab@@UAEXXZ 0042a56c     TroyControls_d:TroyControls_d.dll
 0004:00000570       __imp_?DoPaint@CBrowserTab@@UAEXPAUHDC__@@ABUtagRECT@@@Z 0042a570     TroyControls_d:TroyControls_d.dll
 0004:00000574       __imp_?DoPostPaint@CBrowserTab@@UAEXPAUHDC__@@ABUtagRECT@@@Z 0042a574     TroyControls_d:TroyControls_d.dll
 0004:00000578       \177TroyControls_d_NULL_THUNK_DATA 0042a578     TroyControls_d:TroyControls_d.dll
 0004:000005ac       __imp__PostQuitMessage@4   0042a5ac     user32:USER32.dll
 0004:000005b0       __imp__IsZoomed@4          0042a5b0     user32:USER32.dll
 0004:000005b4       __imp__SetTimer@16         0042a5b4     user32:USER32.dll
 0004:000005b8       __imp__KillTimer@8         0042a5b8     user32:USER32.dll
 0004:000005bc       \177USER32_NULL_THUNK_DATA 0042a5bc     user32:USER32.dll
 0004:000005e8       __imp____vcrt_LoadLibraryExW 0042a5e8     vcruntimed:VCRUNTIME140D.dll
 0004:000005ec       __imp____vcrt_GetModuleHandleW 0042a5ec     vcruntimed:VCRUNTIME140D.dll
 0004:000005f0       __imp____vcrt_GetModuleFileNameW 0042a5f0     vcruntimed:VCRUNTIME140D.dll
 0004:000005f4       __imp____std_type_info_destroy_list 0042a5f4     vcruntimed:VCRUNTIME140D.dll
 0004:000005f8       __imp____std_exception_destroy 0042a5f8     vcruntimed:VCRUNTIME140D.dll
 0004:000005fc       __imp____std_exception_copy 0042a5fc     vcruntimed:VCRUNTIME140D.dll
 0004:00000600       __imp___except_handler4_common 0042a600     vcruntimed:VCRUNTIME140D.dll
 0004:00000604       __imp____vcrt_InitializeCriticalSectionEx 0042a604     vcruntimed:VCRUNTIME140D.dll
 0004:00000608       __imp__wcsstr              0042a608     vcruntimed:VCRUNTIME140D.dll
 0004:0000060c       __imp__memcpy              0042a60c     vcruntimed:VCRUNTIME140D.dll
 0004:00000610       __imp__memset              0042a610     vcruntimed:VCRUNTIME140D.dll
 0004:00000614       __imp____CxxFrameHandler3  0042a614     vcruntimed:VCRUNTIME140D.dll
 0004:00000618       __imp___CxxThrowException@8 0042a618     vcruntimed:VCRUNTIME140D.dll
 0004:0000061c       __imp__memmove             0042a61c     vcruntimed:VCRUNTIME140D.dll
 0004:00000620       \177VCRUNTIME140D_NULL_THUNK_DATA 0042a620     vcruntimed:VCRUNTIME140D.dll
 0004:00000654       __imp__OleInitialize@4     0042a654     ole32:ole32.dll
 0004:00000658       __imp__CoUninitialize@0    0042a658     ole32:ole32.dll
 0004:0000065c       __imp__CoInitialize@4      0042a65c     ole32:ole32.dll
 0004:00000660       __imp__OleUninitialize@0   0042a660     ole32:ole32.dll
 0004:00000664       \177ole32_NULL_THUNK_DATA  0042a664     ole32:ole32.dll
 0004:00000690       __imp____p__commode        0042a690     ucrtd:ucrtbased.dll
 0004:00000694       __imp__strcpy_s            0042a694     ucrtd:ucrtbased.dll
 0004:00000698       __imp__strcat_s            0042a698     ucrtd:ucrtbased.dll
 0004:0000069c       __imp___set_fmode          0042a69c     ucrtd:ucrtbased.dll
 0004:000006a0       __imp___controlfp_s        0042a6a0     ucrtd:ucrtbased.dll
 0004:000006a4       __imp___wmakepath_s        0042a6a4     ucrtd:ucrtbased.dll
 0004:000006a8       __imp___wsplitpath_s       0042a6a8     ucrtd:ucrtbased.dll
 0004:000006ac       __imp__wcscpy_s            0042a6ac     ucrtd:ucrtbased.dll
 0004:000006b0       __imp___exit               0042a6b0     ucrtd:ucrtbased.dll
 0004:000006b4       __imp___c_exit             0042a6b4     ucrtd:ucrtbased.dll
 0004:000006b8       __imp___register_thread_local_exe_atexit_callback 0042a6b8     ucrtd:ucrtbased.dll
 0004:000006bc       __imp____stdio_common_vsprintf_s 0042a6bc     ucrtd:ucrtbased.dll
 0004:000006c0       __imp___configthreadlocale 0042a6c0     ucrtd:ucrtbased.dll
 0004:000006c4       __imp___set_new_mode       0042a6c4     ucrtd:ucrtbased.dll
 0004:000006c8       __imp___initialize_narrow_environment 0042a6c8     ucrtd:ucrtbased.dll
 0004:000006cc       __imp___invalid_parameter  0042a6cc     ucrtd:ucrtbased.dll
 0004:000006d0       __imp___CrtDbgReportW      0042a6d0     ucrtd:ucrtbased.dll
 0004:000006d4       __imp__wcscat              0042a6d4     ucrtd:ucrtbased.dll
 0004:000006d8       __imp__wcscmp              0042a6d8     ucrtd:ucrtbased.dll
 0004:000006dc       __imp__exit                0042a6dc     ucrtd:ucrtbased.dll
 0004:000006e0       __imp__wcslen              0042a6e0     ucrtd:ucrtbased.dll
 0004:000006e4       __imp__wcsncpy             0042a6e4     ucrtd:ucrtbased.dll
 0004:000006e8       __imp__strlen              0042a6e8     ucrtd:ucrtbased.dll
 0004:000006ec       __imp___wsplitpath         0042a6ec     ucrtd:ucrtbased.dll
 0004:000006f0       __imp__terminate           0042a6f0     ucrtd:ucrtbased.dll
 0004:000006f4       __imp___callnewh           0042a6f4     ucrtd:ucrtbased.dll
 0004:000006f8       __imp__malloc              0042a6f8     ucrtd:ucrtbased.dll
 0004:000006fc       __imp___free_dbg           0042a6fc     ucrtd:ucrtbased.dll
 0004:00000700       __imp___seh_filter_dll     0042a700     ucrtd:ucrtbased.dll
 0004:00000704       __imp___configure_narrow_argv 0042a704     ucrtd:ucrtbased.dll
 0004:00000708       __imp__wcscpy              0042a708     ucrtd:ucrtbased.dll
 0004:0000070c       __imp___initialize_onexit_table 0042a70c     ucrtd:ucrtbased.dll
 0004:00000710       __imp___register_onexit_function 0042a710     ucrtd:ucrtbased.dll
 0004:00000714       __imp___execute_onexit_table 0042a714     ucrtd:ucrtbased.dll
 0004:00000718       __imp___crt_atexit         0042a718     ucrtd:ucrtbased.dll
 0004:0000071c       __imp___crt_at_quick_exit  0042a71c     ucrtd:ucrtbased.dll
 0004:00000720       __imp___cexit              0042a720     ucrtd:ucrtbased.dll
 0004:00000724       __imp___CrtDbgReport       0042a724     ucrtd:ucrtbased.dll
 0004:00000728       __imp___seh_filter_exe     0042a728     ucrtd:ucrtbased.dll
 0004:0000072c       __imp___set_app_type       0042a72c     ucrtd:ucrtbased.dll
 0004:00000730       __imp____setusermatherr    0042a730     ucrtd:ucrtbased.dll
 0004:00000734       __imp___get_narrow_winmain_command_line 0042a734     ucrtd:ucrtbased.dll
 0004:00000738       __imp___initterm           0042a738     ucrtd:ucrtbased.dll
 0004:0000073c       __imp___initterm_e         0042a73c     ucrtd:ucrtbased.dll
 0004:00000740       \177ucrtbased_NULL_THUNK_DATA 0042a740     ucrtd:ucrtbased.dll
 0004:0000078c       __imp__wkeGoForward        0042a78c     wke:wke.dll
 0004:00000790       __imp__jsGetWebView        0042a790     wke:wke.dll
 0004:00000794       __imp__jsStringW           0042a794     wke:wke.dll
 0004:00000798       __imp__jsUndefined         0042a798     wke:wke.dll
 0004:0000079c       __imp__jsToTempStringW     0042a79c     wke:wke.dll
 0004:000007a0       __imp__jsIsString          0042a7a0     wke:wke.dll
 0004:000007a4       __imp__jsArg               0042a7a4     wke:wke.dll
 0004:000007a8       __imp__jsArgCount          0042a7a8     wke:wke.dll
 0004:000007ac       __imp__jsBindFunction      0042a7ac     wke:wke.dll
 0004:000007b0       __imp__wkeOnLoadingFinish  0042a7b0     wke:wke.dll
 0004:000007b4       __imp__wkeOnDocumentReady  0042a7b4     wke:wke.dll
 0004:000007b8       __imp__wkeOnCreateView     0042a7b8     wke:wke.dll
 0004:000007bc       __imp__wkeOnNavigation     0042a7bc     wke:wke.dll
 0004:000007c0       __imp__wkeOnURLChanged     0042a7c0     wke:wke.dll
 0004:000007c4       __imp__wkeGoBack           0042a7c4     wke:wke.dll
 0004:000007c8       __imp__wkeCanGoBack        0042a7c8     wke:wke.dll
 0004:000007cc       __imp__wkePaint2           0042a7cc     wke:wke.dll
 0004:000007d0       __imp__wkeResize           0042a7d0     wke:wke.dll
 0004:000007d4       __imp__wkeReload           0042a7d4     wke:wke.dll
 0004:000007d8       __imp__wkeStopLoading      0042a7d8     wke:wke.dll
 0004:000007dc       __imp__wkeLoadW            0042a7dc     wke:wke.dll
 0004:000007e0       __imp__wkeLoadHTMLW        0042a7e0     wke:wke.dll
 0004:000007e4       __imp__wkeSetUserAgent     0042a7e4     wke:wke.dll
 0004:000007e8       __imp__wkeSetTransparent   0042a7e8     wke:wke.dll
 0004:000007ec       __imp__wkeSetName          0042a7ec     wke:wke.dll
 0004:000007f0       __imp__wkeDestroyWebView   0042a7f0     wke:wke.dll
 0004:000007f4       __imp__wkeCreateWebView    0042a7f4     wke:wke.dll
 0004:000007f8       __imp__wkeFinalize         0042a7f8     wke:wke.dll
 0004:000007fc       __imp__wkeOnTitleChanged   0042a7fc     wke:wke.dll
 0004:00000800       __imp__wkeRunJS            0042a800     wke:wke.dll
 0004:00000804       __imp__wkeKillFocus        0042a804     wke:wke.dll
 0004:00000808       __imp__wkeSetFocus         0042a808     wke:wke.dll
 0004:0000080c       __imp__wkeFireKeyPressEvent 0042a80c     wke:wke.dll
 0004:00000810       __imp__wkeInitialize       0042a810     wke:wke.dll
 0004:00000814       __imp__wkeGetStringW       0042a814     wke:wke.dll
 0004:00000818       __imp__wkeFireKeyDownEvent 0042a818     wke:wke.dll
 0004:0000081c       __imp__wkeFireKeyUpEvent   0042a81c     wke:wke.dll
 0004:00000820       __imp__wkeFireMouseWheelEvent 0042a820     wke:wke.dll
 0004:00000824       __imp__wkeFireContextMenuEvent 0042a824     wke:wke.dll
 0004:00000828       __imp__wkeFireMouseEvent   0042a828     wke:wke.dll
 0004:0000082c       __imp__wkeCanGoForward     0042a82c     wke:wke.dll
 0004:00000830       \177wke_NULL_THUNK_DATA    0042a830     wke:wke.dll
 0004:0000087c       __IMPORT_DESCRIPTOR_KERNEL32 0042a87c     kernel32:KERNEL32.dll
 0004:00000890       __IMPORT_DESCRIPTOR_USER32 0042a890     user32:USER32.dll
 0004:000008a4       __IMPORT_DESCRIPTOR_GDI32  0042a8a4     gdi32:GDI32.dll
 0004:000008b8       __IMPORT_DESCRIPTOR_SHELL32 0042a8b8     shell32:SHELL32.dll
 0004:000008cc       __IMPORT_DESCRIPTOR_ole32  0042a8cc     ole32:ole32.dll
 0004:000008e0       __IMPORT_DESCRIPTOR_DuiLib_d 0042a8e0     DuiLib_d:DuiLib_d.dll
 0004:000008f4       __IMPORT_DESCRIPTOR_MSVCP140D 0042a8f4     msvcprtd:MSVCP140D.dll
 0004:00000908       __IMPORT_DESCRIPTOR_TroyControls_d 0042a908     TroyControls_d:TroyControls_d.dll
 0004:0000091c       __IMPORT_DESCRIPTOR_wke    0042a91c     wke:wke.dll
 0004:00000930       __IMPORT_DESCRIPTOR_VCRUNTIME140D 0042a930     vcruntimed:VCRUNTIME140D.dll
 0004:00000944       __IMPORT_DESCRIPTOR_ucrtbased 0042a944     ucrtd:ucrtbased.dll
 0004:00000958       __NULL_IMPORT_DESCRIPTOR   0042a958     kernel32:KERNEL32.dll
 0005:00000000       __tls_start                0042f000     MSVCRTD:tlssup.obj
 0005:00000104       __Init_thread_epoch        0042f104     MSVCRTD:thread_safe_statics.obj
 0005:00000208       __tls_end                  0042f208     MSVCRTD:tlssup.obj
 0006:00000000       ___guard_check_icall_fptr  00430000     MSVCRTD:guard_support.obj
